03-31 17:43:59.200 10630 10657 I OpenXR_GPUMemTrace: OpenXR GPU memory tracing is enabled on heap(oculus.OpenXR) with id(2)
03-31 17:43:59.201 10630 10657 I OpenXR_GPUMemTrace: Swapchain creation, id=243, idx=0, MemoryAllocationSize: 40765 KB
03-31 17:43:59.201 10630 10657 I OpenXR_GPUMemTrace: Swapchain creation, id=243, idx=1, MemoryAllocationSize: 40765 KB
03-31 17:43:59.201 10630 10657 I OpenXR_GPUMemTrace: Swapchain creation, id=243, idx=2, MemoryAllocationSize: 40765 KB
03-31 17:43:59.231 10630 10657 I OpenXR_GPUMemTrace: Swapchain creation, id=244, idx=0, MemoryAllocationSize: 40765 KB
03-31 17:43:59.231 10630 10657 I OpenXR_GPUMemTrace: Swapchain creation, id=244, idx=1, MemoryAllocationSize: 40765 KB
03-31 17:43:59.231 10630 10657 I OpenXR_GPUMemTrace: Swapchain creation, id=244, idx=2, MemoryAllocationSize: 40765 KB
03-31 17:43:59.231 10630 10657 D SK_rust_Demos: Set swapchain for PrimaryStereo using multiview render.
03-31 17:43:59.234 10630 10657 I AppLoadTimeTelemetryCommon: App load time recorded [packageName=com.stereokit.rust_binding.demos, time=3.546400, method="BeginFrame (1)", launchType="Launch", launchId=""]
03-31 17:43:59.249 10630 10657 D SK_rust_Demos: Switched left controller profile to ext/hand_interaction_ext
03-31 17:43:59.249 10630 10657 D SK_rust_Demos: Switched right controller profile to ext/hand_interaction_ext
03-31 17:43:59.250 10630 10657 I SK_rust_Demos: Stepper hand_menu_radial_demo_1 is initialized.
03-31 17:43:59.329 10630 10657 W [CT]    : HandPoseSampler: Detected non-incrementing timestamp: 1573.9431254110002. Skip contribution to prediction filter and use previous pose
03-31 17:44:00.000 10630 10785 I VrApi   : FPS=1/72,Prd=0ms,Tear=0,Early=0,Stale=72,Stale2/5/10/max=0/0/0/0,VSnc=1,Lat=-1,Fov=0,CPU4/GPU=5/4,2419/441MHz,OC=FF,TA=0/0/F0,SP=N/N/N,Mem=2092MHz,Free=2747MB,PLS=0,Temp=30.2C/0.0C,TW=3.71ms,App=572.71ms,GD=0.00ms,CPU&GPU=0.00ms,LCnt=4(DR0,LM0),GPU%=0.69,CPU%=0.66(W0.86),DSF=1.00,CFL=13.70/18.79,ICFLp95=17.07,LD=0,SF=0.00,LP=0,DVFS=0
03-31 17:44:00.786 10630 10657 D SK_rust_Demos: UserEvent StepperAction::Remove( id:"HudNotif1" )
03-31 17:44:00.799 10630 10657 I SK_rust_Demos: Stepper HudNotif1 is removed.
03-31 17:44:01.000 10630 10785 I VrApi   : FPS=59/72,Prd=49ms,Tear=0,Early=4,Stale=64,Stale2/5/10/max=0/0/1/392,VSnc=1,Lat=-1,Fov=0,CPU4/GPU=3/4,2419/525MHz,OC=FF,TA=0/0/70,SP=N/N/N,Mem=2092MHz,Free=2747MB,PLS=0,Temp=30.2C/0.0C,TW=2.77ms,App=11.56ms,GD=0.00ms,CPU&GPU=16.65ms,LCnt=5(DR0,LM0),GPU%=0.97,CPU%=0.13(W0.19),DSF=1.00,CFL=13.41/19.29,ICFLp95=17.63,LD=0,SF=1.50,LP=0,DVFS=0
03-31 17:44:02.000 10630 10785 I VrApi   : FPS=66/72,Prd=41ms,Tear=0,Early=11,Stale=11,Stale2/5/10/max=0/0/0/1,VSnc=1,Lat=-1,Fov=0,CPU4/GPU=2/4,1382/525MHz,OC=FF,TA=0/0/70,SP=N/N/N,Mem=1804MHz,Free=2747MB,PLS=0,Temp=30.2C/0.0C,TW=2.72ms,App=11.24ms,GD=0.00ms,CPU&GPU=16.88ms,LCnt=2(DR0,LM0),GPU%=0.99,CPU%=0.26(W0.41),DSF=1.00,CFL=13.28/19.50,ICFLp95=17.78,LD=0,SF=1.50,LP=0,DVFS=0
03-31 17:44:03.000 10630 10785 I VrApi   : FPS=69/72,Prd=40ms,Tear=0,Early=0,Stale=6,Stale2/5/10/max=1/0/0/2,VSnc=1,Lat=-1,Fov=0,CPU4/GPU=2/4,1171/525MHz,OC=FF,TA=0/0/70,SP=N/N/N,Mem=1804MHz,Free=2747MB,PLS=0,Temp=30.2C/0.0C,TW=2.73ms,App=11.40ms,GD=0.00ms,CPU&GPU=17.88ms,LCnt=2(DR0,LM0),GPU%=0.99,CPU%=0.25(W0.45),DSF=1.00,CFL=13.07/18.85,ICFLp95=16.49,LD=0,SF=1.50,LP=0,DVFS=0
03-31 17:44:03.426 10630 10784 I AppLoadTimeTelemetryCommon: App load time recorded [packageName=com.stereokit.rust_binding.demos, time=7.738533, method="Input", launchType="Launch", launchId=""]
03-31 17:44:03.566 10630 10657 I SK_rust_Demos: Starting scene: Biplane1
03-31 17:44:03.593 10630 10657 I SK_rust_Demos: Stepper Biplane1 is initialized.
03-31 17:44:04.000 10630 10785 I VrApi   : FPS=68/72,Prd=40ms,Tear=0,Early=0,Stale=4,Stale2/5/10/max=0/0/0/1,VSnc=1,Lat=-1,Fov=0,CPU4/GPU=2/4,1171/525MHz,OC=FF,TA=0/0/70,SP=N/N/N,Mem=1804MHz,Free=2747MB,PLS=0,Temp=30.2C/0.0C,TW=2.71ms,App=11.45ms,GD=0.00ms,CPU&GPU=16.68ms,LCnt=2(DR0,LM0),GPU%=0.99,CPU%=0.25(W0.42),DSF=1.00,CFL=12.83/18.28,ICFLp95=16.06,LD=0,SF=1.50,LP=0,DVFS=0
03-31 17:44:05.000 10630 10785 I VrApi   : FPS=67/72,Prd=40ms,Tear=0,Early=0,Stale=4,Stale2/5/10/max=0/0/0/1,VSnc=1,Lat=-1,Fov=0,CPU4/GPU=2/4,1171/525MHz,OC=FF,TA=0/0/70,SP=N/N/N,Mem=1804MHz,Free=2747MB,PLS=0,Temp=30.2C/0.0C,TW=2.73ms,App=12.08ms,GD=0.00ms,CPU&GPU=18.00ms,LCnt=2(DR0,LM0),GPU%=0.98,CPU%=0.19(W0.36),DSF=1.00,CFL=12.64/17.80,ICFLp95=15.74,LD=0,SF=1.50,LP=0,DVFS=0
03-31 17:44:06.000 10630 10785 I VrApi   : FPS=66/72,Prd=39ms,Tear=0,Early=0,Stale=6,Stale2/5/10/max=0/0/0/1,VSnc=1,Lat=-1,Fov=0,CPU4/GPU=2/4,1171/525MHz,OC=FF,TA=0/0/70,SP=N/N/N,Mem=1804MHz,Free=2747MB,PLS=0,Temp=30.2C/0.0C,TW=2.73ms,App=11.98ms,GD=0.00ms,CPU&GPU=17.65ms,LCnt=2(DR0,LM0),GPU%=0.98,CPU%=0.22(W0.25),DSF=1.00,CFL=12.46/17.77,ICFLp95=15.65,LD=0,SF=1.50,LP=0,DVFS=0
03-31 17:44:06.902 10630 10657 I AppLoadTimeTelemetryCommon: App load time recorded [packageName=com.stereokit.rust_binding.demos, time=11.214559, method="BeginFrame (500)", launchType="Launch", launchId=""]
03-31 17:44:07.001 10630 10785 I VrApi   : FPS=65/72,Prd=39ms,Tear=0,Early=0,Stale=6,Stale2/5/10/max=0/0/0/1,VSnc=1,Lat=-1,Fov=0,CPU4/GPU=2/4,1171/525MHz,OC=FF,TA=0/0/70,SP=N/N/N,Mem=1804MHz,Free=2747MB,PLS=0,Temp=30.2C/0.0C,TW=2.73ms,App=11.85ms,GD=0.00ms,CPU&GPU=17.73ms,LCnt=2(DR0,LM0),GPU%=0.99,CPU%=0.31(W0.41),DSF=1.00,CFL=12.42/17.64,ICFLp95=15.55,LD=0,SF=1.50,LP=0,DVFS=0
03-31 17:44:08.001 10630 10785 I VrApi   : FPS=65/72,Prd=40ms,Tear=0,Early=0,Stale=8,Stale2/5/10/max=0/0/0/1,VSnc=1,Lat=-1,Fov=0,CPU4/GPU=2/4,1171/525MHz,OC=FF,TA=0/0/70,SP=N/N/N,Mem=1353MHz,Free=2747MB,PLS=0,Temp=30.2C/0.0C,TW=2.69ms,App=12.25ms,GD=0.00ms,CPU&GPU=17.66ms,LCnt=2(DR0,LM0),GPU%=0.98,CPU%=0.16(W0.33),DSF=1.00,CFL=12.44/17.88,ICFLp95=15.56,LD=0,SF=1.50,LP=0,DVFS=0
03-31 17:44:09.001 10630 10785 I VrApi   : FPS=64/72,Prd=40ms,Tear=0,Early=0,Stale=8,Stale2/5/10/max=0/0/0/1,VSnc=1,Lat=-1,Fov=0,CPU4/GPU=2/4,1171/525MHz,OC=FF,TA=0/0/70,SP=N/N/N,Mem=2092MHz,Free=2747MB,PLS=0,Temp=30.2C/0.0C,TW=2.71ms,App=12.25ms,GD=0.00ms,CPU&GPU=17.72ms,LCnt=2(DR0,LM0),GPU%=0.98,CPU%=0.17(W0.28),DSF=1.00,CFL=12.44/17.81,ICFLp95=15.55,LD=0,SF=1.50,LP=0,DVFS=0
03-31 17:44:09.808 10630 10630 I OpenXR  : nativeOnActivityPaused: com.stereokit.rust_binding.demos/android.app.NativeActivity
03-31 17:44:09.808 10630 10630 W t_binding.demo: Attempt to remove non-JNI local reference, dumping thread
03-31 17:44:09.808 10630 10630 D STKit-rs: android_activity::activity_impl::glue: Pause: 0xb400007ac5dc6a00
03-31 17:44:09.813 10630 10657 I OpenXR  : PostSessionStateChange:[pid: 10630] XR_SESSION_STATE_FOCUSED -> XR_SESSION_STATE_VISIBLE
03-31 17:44:09.816 10630 10657 I OpenXR  : PostSessionStateChange:[pid: 10630] XR_SESSION_STATE_VISIBLE -> XR_SESSION_STATE_SYNCHRONIZED
03-31 17:44:09.816 10630 10657 I OpenXR  : PostSessionStateChange:[pid: 10630] XR_SESSION_STATE_SYNCHRONIZED -> XR_SESSION_STATE_STOPPING
03-31 17:44:09.942 10630 10657 D SK_rust_Demos: OpenXR state: focused -> visible
03-31 17:44:09.942 10630 10657 D SK_rust_Demos: OpenXR state: visible -> synchronized
03-31 17:44:09.942 10630 10657 D SK_rust_Demos: OpenXR state: synchronized -> stopping
03-31 17:44:09.942 10630 10657 I OpenXR  : ------------ xrEndSession [start] -----------
03-31 17:44:09.942 10630 10657 I [CT]    : BodyApiPlugin: EndSession called for BodyApi Plugin
03-31 17:44:09.943 10630 10657 I Sensor  : OSSDKTRACKING Shutdown tracking
03-31 17:44:09.943 10630 10657 I LogTimer: CPUTIME: VrRuntimeClient_EndSession took 1.0426 ms
03-31 17:44:09.944 10630 10657 I InputDeviceManager: ovrInputDeviceManager::~ovrInputDeviceManager
03-31 17:44:09.944 10630 10657 I OSHandDataQuerier: OSSDKTRACKING shutting down handsTracker_
03-31 17:44:09.944 10630 10657 I OSHandDataQuerier: OSSDKTRACKING shutting down handsTracker_
03-31 17:44:09.944 10630 10657 I InputHooks_Internal: Disabling Native Input Hooks
03-31 17:44:09.954 10630 10784 I ClientInputThread_Internal: InputThreadRun ShutdownRequest received
03-31 17:44:09.954 10630 10657 I ClientInputTrackedKeyboardManager: TRACKEDKEYBOARD ClearTrackedObjectManager called on client
03-31 17:44:09.970 10630 10788 I FenceChecker: FenceChecker::MainLoop - ended
03-31 17:44:09.971 10630 10657 I VrRuntimeClient: PhaseSync Instance deleted
03-31 17:44:09.971 10630 10657 I OpenXR  : PostSessionStateChange:[pid: 10630] XR_SESSION_STATE_STOPPING -> XR_SESSION_STATE_IDLE
03-31 17:44:09.971 10630 10657 I OpenXR  : ------------ xrEndSession [end] -----------
03-31 17:44:09.971 10630 10657 I VrRuntimeClient: Client has gained focus.
03-31 17:44:09.971 10630 10657 D SK_rust_Demos: OpenXR state: stopping -> idle
03-31 17:44:09.974 10630 10657 I SK_rust_Demos: App focus changed to : Hidden
03-31 17:44:09.976 10630 10657 D SK_rust_Demos: Time to sleep
03-31 17:44:09.982 10630 10630 D STKit-rs: android_activity::activity_impl::glue: NativeWindowDestroyed: 0xb400007ac5dc6a00 -- 0xb400007aa8aaa810
03-31 17:44:10.215 10630 10657 I SK_rust_Demos: SkClosure Suspended !!
03-31 17:44:10.218 10630 10700 I [CT]    : SlamAnchorClientRuntimeIPC: Handling rebase for 16 anchors.
03-31 17:44:10.455 10630 10630 D STKit-rs: android_activity::activity_impl::glue: Stop: 0xb400007ac5dc6a00
03-31 17:44:10.687 10630 10630 D STKit-rs: android_activity::activity_impl::glue: SaveInstanceState: 0xb400007ac5dc6a00
03-31 17:44:11.140 10630 10630 D STKit-rs: android_activity::activity_impl::glue: Saved state = 0x0, len = 0
03-31 17:44:11.142 10630 10630 I Choreographer: Skipped 82 frames!  The application may be doing too much work on its main thread.
03-31 17:44:11.147 10630 10630 D STKit-rs: android_activity::activity_impl::glue: WindowFocusChanged: 0xb400007ac5dc6a00 -- 0
03-31 17:44:11.375 10630 10657 D SK_rust_Demos: !!!Window WindowId focused: false
03-31 17:44:13.435 10630 10657 I SK_rust_Demos: HIDDEN STEP -------> Dreaming 
03-31 17:44:29.602 10630 10657 I SK_rust_Demos: HIDDEN STEP -------> Dreaming 
03-31 17:44:45.605 10630 10657 I SK_rust_Demos: HIDDEN STEP -------> Dreaming 
03-31 17:44:56.313 10630 10630 D STKit-rs: android_activity::activity_impl::glue: Start: 0xb400007ac5dc6a00
03-31 17:44:56.370 10630 10630 D STKit-rs: android_activity::activity_impl::glue: Resume: 0xb400007ac5dc6a00
03-31 17:44:56.370 10630 10777 I OpenXR  : nativeOnActivityReady: com.stereokit.rust_binding.demos/android.app.NativeActivity
03-31 17:44:56.370 10630 10777 W t_binding.demo: Attempt to remove non-JNI local reference, dumping thread
03-31 17:44:57.078 10630 10630 D STKit-rs: android_activity::activity_impl::glue: NativeWindowCreated: 0xb400007ac5dc6a00 -- 0xb400007aa8aaa810
03-31 17:44:57.169 10630 10657 I SK_rust_Demos: Resumed !!
03-31 17:44:57.169 10630 10630 D STKit-rs: android_activity::activity_impl::glue: NativeWindowResized: 0xb400007ac5dc6a00 -- 0xb400007aa8aaa810
03-31 17:44:57.170 10630 10630 D STKit-rs: android_activity::activity_impl::glue: NativeWindowRedrawNeeded: 0xb400007ac5dc6a00 -- 0xb400007aa8aaa810
03-31 17:44:57.209 10630 10630 D STKit-rs: android_activity::activity_impl::glue: WindowFocusChanged: 0xb400007ac5dc6a00 -- 1
03-31 17:44:57.370 10630 10657 D SK_rust_Demos: Resized(PhysicalSize { width: 3664, height: 1920 })
03-31 17:44:57.570 10630 10657 D SK_rust_Demos: RedrawRequested: Time to wake up
03-31 17:44:57.604 10630 10657 D SK_rust_Demos: Sleeping until OpenXR session wakes
03-31 17:44:57.604 10630 10657 W Telemetry: [OpenXR] Unsupported threadType; 2
03-31 17:44:57.704 10630 10657 I VrRuntimeClient: UpdateEvents: Detected LOCAL_FLOOR reference space update. Sending reference space update event
03-31 17:44:57.704 10630 10657 I VrRuntimeClient: UpdateEvents: Detected LOCAL reference space update. Sending reference space update event
03-31 17:44:57.704 10630 10657 I OpenXR  : PostSessionStateChange:[pid: 10630] XR_SESSION_STATE_IDLE -> XR_SESSION_STATE_READY
03-31 17:44:57.704 10630 10657 D SK_rust_Demos: Created local floor app space at an offset of (0,0,0) (0,0,0,1)
03-31 17:44:57.704 10630 10657 D SK_rust_Demos: Bounds updated: 3.2x3.6 at (-1,-2e-07,-0.2) (0,0.55,0,0.84)
03-31 17:44:57.705 10630 10657 D SK_rust_Demos: Created local floor app space at an offset of (0,0,0) (0,0,0,1)
03-31 17:44:57.705 10630 10657 D SK_rust_Demos: Bounds updated: 3.2x3.6 at (-1,-2e-07,-0.2) (0,0.55,0,0.84)
03-31 17:44:57.705 10630 10657 D SK_rust_Demos: OpenXR state: idle -> ready
03-31 17:44:57.705 10630 10657 I OpenXR  : ------------ xrBeginSession [start] -----------
03-31 17:44:57.705 10630 10657 I DRR     : DRR is supported: 1
03-31 17:44:57.705 10630 10657 I DRR     : DRR is enabled: 0
03-31 17:44:57.705 10630 10657 I Sensor  : OSSDKTRACKING Initializing controller tracking
03-31 17:44:57.705 10630 10657 I Sensor  : OSSDKTRACKING Controller tracker != nullpointer 0xb400007a46f44960, 1
03-31 17:44:57.707 10630 10657 I DeviceStatus: nativeHeadsetEvent(0)
03-31 17:44:57.708 10630 10657 I VrRuntimeClient: SetCompositorClientFeatureFlag clientFeatureFlag 2 
03-31 17:44:57.708 10630 10657 I VrRuntimeClient: Mounted state at BeginSession: True
03-31 17:44:57.708 10630 10657 I LogTimer: CPUTIME: VrRuntimeClient_BeginSession took 3.3796 ms
03-31 17:44:57.708 10630 10657 I Distortion: Initializing Mesh Decenter Correction
03-31 17:44:57.710 10630 10657 I Distortion: SetLensPositions - iad=0.0680561, left offset=0.00210693,-0.00139587, right offset=-0.00254829,-0.00141104
03-31 17:44:57.710 10630 10657 I Distortion: persist.debug.oculus.use.persisted.custom.fov = 0
03-31 17:44:57.710 10630 10657 I Distortion: Initializing Mesh Decenter Correction
03-31 17:44:57.711 10630 10657 I Distortion: SetLensPositions - iad=0.0680561, left offset=0.00210693,-0.00139587, right offset=-0.00254829,-0.00141104
03-31 17:44:57.711 10630 10657 I Distortion: persist.debug.oculus.use.persisted.custom.fov = 0
03-31 17:44:57.712 10630 10657 I ClientInputSettings: HANDTRACKING: enabled input settings, setting hand mode control settings to ControllersOnly
03-31 17:44:57.712 10630 10657 I ClientInputSettings: HANDTRACKING package name is com.stereokit.rust_binding.demos
03-31 17:44:57.713 10630 10657 I ClientInputSettings: HANDTRACKING: Manifest Permission request for com.stereokit.rust_binding.demos
03-31 17:44:57.713 10630 10657 I ClientInputSettings: HANDTRACKING:  'com.stereokit.rust_binding.demos' Is hands or controller.
03-31 17:44:57.713 10630 10657 I ClientInputSettings: HANDTRACKING: feature flag set to 2
03-31 17:44:57.713 10630 10657 I ClientInputInterface: HANDTRACKING sethandmanifest 2
03-31 17:44:57.713 10630 10657 I InputHooks_Internal: Enabling Native Input Hooks
03-31 17:44:57.714 10630 10657 I InputDeviceManager: ovrInputDeviceManager::Initialize
03-31 17:44:57.715 10630 10995 I HandTracker: BinderClientNDK: Connected to oculus.internal.tracking.IHandTrackingService/default
03-31 17:44:57.715 10630 10657 I InputDevice_Hand: BodyPoweredHands checkSysPropForBodyAPIOverride 0
03-31 17:44:57.715 10630 10657 I InputDevice_Hand: BodyPoweredHands checkSysPropForBodyAPIOverride 0
03-31 17:44:57.715 10630 10657 I TREX    : Interface 'WristbandClientInterface', version 10 was not found. Check debug build for more information.
03-31 17:44:57.715 10630 10657 I InputDeviceManager: HANDTRACKING Root pose filter profile changed for freq to 23 from 0  inf: 1
03-31 17:44:57.716 10630 10657 I GkHelper: Checking gk 'horizon_phasesync_auto_disabled', default = false
03-31 17:44:57.716 10630 10657 W GkCacheQuerierClient: getGkValue: Query result for 'oculus_xrruntime:horizon_phasesync_auto_disabled' not successful: 4
03-31 17:44:57.716 10630 10657 W GkHelper: GkHelper: query failed, result code: 4
03-31 17:44:57.716 10630 10657 I PhaseSync: PhaseSync::PhaseSync PaddingLowerLimit 0.350000 StandardDeviations 2.000000 PaddingUpperLimit 0.750000 on instance 2
03-31 17:44:57.716 10630 10657 I FrameSync: FrameSync Initialized Instance 3
03-31 17:44:57.716 10630 10657 I VrRuntimeClient: PhaseSync Instance created
03-31 17:44:57.720 10630 10657 I VrRuntimeClientTrexContext: BeginSession
03-31 17:44:57.721 10630 10657 I [CT]    : BodyApiPlugin: BeginSession called for BodyApi Plugin
03-31 17:44:57.721 10630 10657 I OpenXR  : usesManifestForCpuBoost:0
03-31 17:44:57.721 10630 10657 I OpenXR  : ------------ xrBeginSession [end] -----------
03-31 17:44:57.721 10630 10657 D SK_rust_Demos: OpenXR session began.
03-31 17:44:57.721 10630 10657 W OsSdk   : Requested historical tracking state too far in the past; oldest: 1631.997152s, requested: 1584.413560s
03-31 17:44:57.721 10630 10657 D SK_rust_Demos: Resuming from sleep
03-31 17:44:57.723 10630 10997 I JniUtils: ovr_GetCurrentPackageSignature 
03-31 17:44:57.723 10630 10657 D SK_rust_Demos: !!!Window WindowId focused: true
03-31 17:44:57.723 10630 10657 D SK_rust_Demos: GainedFocus: Time to wake up
03-31 17:44:57.723 10630 10997 I Metrics : device model = Quest 2
03-31 17:44:57.724 10630 10997 I Telemetry: Aligning telemetry thread time, will wait for: 276 ms...
03-31 17:44:57.724 10630 10999 I FenceChecker: FenceChecker::MainLoop - started
03-31 17:44:57.727 10630 10657 I OpenXR  : PostSessionStateChange:[pid: 10630] XR_SESSION_STATE_READY -> XR_SESSION_STATE_SYNCHRONIZED
03-31 17:44:57.727 10630 10657 D SK_rust_Demos: OpenXR state: ready -> synchronized
03-31 17:44:57.727 10630 10657 I OpenXR  : PostSessionStateChange:[pid: 10630] XR_SESSION_STATE_SYNCHRONIZED -> XR_SESSION_STATE_VISIBLE
03-31 17:44:57.728 10630 10657 I OpenXR  : PostSessionStateChange:[pid: 10630] XR_SESSION_STATE_VISIBLE -> XR_SESSION_STATE_FOCUSED
03-31 17:44:57.728 10630 10657 D SK_rust_Demos: OpenXR state: synchronized -> visible
03-31 17:44:57.729 10630 10657 D SK_rust_Demos: OpenXR state: visible -> focused
03-31 17:44:57.730 10630 10657 I SK_rust_Demos: App focus changed to : Active
03-31 17:44:57.730 10630 10657 D SK_rust_Demos: WokeUp
03-31 17:44:57.733 10630 10657 I AppLoadTimeTelemetryCommon: App load time recorded [packageName=com.stereokit.rust_binding.demos, time=1.269137, method="BeginFrame (1)", launchType="Resume", launchId=""]
03-31 17:44:58.000 10630 10997 I Telemetry: Time aligned, interrupted: 0
03-31 17:44:58.426 10630 10657 I VrRuntimeClient: UpdateEvents: Detected LOCAL_FLOOR reference space update. Sending reference space update event
03-31 17:44:58.426 10630 10657 I VrRuntimeClient: UpdateEvents: Detected STAGE reference space update. Sending reference space update event
03-31 17:44:58.427 10630 10657 D SK_rust_Demos: Created local floor app space at an offset of (0,0,0) (0,0,0,1)
03-31 17:44:58.427 10630 10657 D SK_rust_Demos: Bounds updated: 3.2x3.6 at (-1,0,-0.2) (0,0.55,0,0.83)
03-31 17:44:58.427 10630 10657 D SK_rust_Demos: Created local floor app space at an offset of (0,0,0) (0,0,0,1)
03-31 17:44:58.427 10630 10657 D SK_rust_Demos: Bounds updated: 3.2x3.6 at (-1,0,-0.2) (0,0.55,0,0.83)
03-31 17:44:58.546 10630 10657 I VrRuntimeClient: UpdateEvents: Detected LOCAL_FLOOR reference space update. Sending reference space update event
03-31 17:44:58.546 10630 10657 I VrRuntimeClient: UpdateEvents: Detected STAGE reference space update. Sending reference space update event
03-31 17:44:58.547 10630 10657 D SK_rust_Demos: Created local floor app space at an offset of (0,0,0) (0,0,0,1)
03-31 17:44:58.547 10630 10657 D SK_rust_Demos: Bounds updated: 3.2x3.6 at (-1,0,-0.2) (0,0.55,0,0.83)
03-31 17:44:58.547 10630 10657 D SK_rust_Demos: Created local floor app space at an offset of (0,0,0) (0,0,0,1)
03-31 17:44:58.547 10630 10657 D SK_rust_Demos: Bounds updated: 3.2x3.6 at (-1,0,-0.2) (0,0.55,0,0.83)
03-31 17:44:59.010 10630 10997 I ClientSharedTelemetryStats: App memory usage: PSS=614 MiB, PrivateDirty=592 MiB, PrivateClean=9 MiB, GPU=389.7/389.9 MiB (100% allocated)
03-31 17:44:59.010 10630 10997 I VrApi   : FPS=33/72,Prd=39ms,Tear=0,Early=0,Stale=7,Stale2/5/10/max=0/0/0/1,VSnc=1,Lat=-1,Fov=0,CPU4/GPU=2/4,1478/441MHz,OC=FF,TA=0/0/70,SP=N/N/N,Mem=2092MHz,Free=2448MB,PLS=0,Temp=30.2C/0.0C,TW=3.45ms,App=7.04ms,GD=0.00ms,CPU&GPU=0.00ms,LCnt=2(DR0,LM0),GPU%=0.97,CPU%=0.17(W0.19),DSF=1.00,CFL=12.65/23.04,ICFLp95=21.00,LD=0,SF=1.50,LP=0,DVFS=0
03-31 17:44:59.010 10630 10997 W Telemetry: [OpenXR] Unsupported threadType; 2
03-31 17:44:59.013 10630 10997 W ClientInputTelemetryXplat: Negative GetDistanceTraveledForVelocityBucket, this should not be happening
03-31 17:44:59.013 10630 10997 W ClientInputTelemetryXplat: Negative GetDistanceTraveledForVelocityBucket, this should not be happening
03-31 17:44:59.013 10630 10997 W ClientInputTelemetryXplat: Negative GetDistanceTraveledForVelocityBucket, this should not be happening
03-31 17:44:59.013 10630 10997 W ClientInputTelemetryXplat: Negative GetDistanceTraveledForVelocityBucket, this should not be happening
03-31 17:44:59.013 10630 10997 W ClientInputTelemetryXplat: Negative GetDistanceTraveledForVelocityBucket, this should not be happening
03-31 17:44:59.013 10630 10997 W ClientInputTelemetryXplat: Negative GetDistanceTraveledForVelocityBucket, this should not be happening
03-31 17:44:59.013 10630 10997 W ClientInputTelemetryXplat: Negative GetDistanceTraveledForVelocityBucket, this should not be happening
03-31 17:44:59.013 10630 10997 W ClientInputTelemetryXplat: Negative GetDistanceTraveledForVelocityBucket, this should not be happening
03-31 17:44:59.013 10630 10997 W ClientInputTelemetryXplat: Negative GetDistanceTraveledForVelocityBucket, this should not be happening
03-31 17:44:59.013 10630 10997 W ClientInputTelemetryXplat: Negative GetDistanceTraveledForVelocityBucket, this should not be happening
03-31 17:45:00.000 10630 10997 I VrApi   : FPS=64/72,Prd=48ms,Tear=0,Early=10,Stale=20,Stale2/5/10/max=0/0/1/25,VSnc=1,Lat=-1,Fov=0,CPU4/GPU=2/4,1478/525MHz,OC=FF,TA=0/0/70,SP=N/N/N,Mem=2092MHz,Free=2448MB,PLS=0,Temp=30.2C/0.0C,TW=3.90ms,App=12.48ms,GD=0.48ms,CPU&GPU=25.82ms,LCnt=3(DR0,LM0),GPU%=0.95,CPU%=0.14(W0.19),DSF=1.00,CFL=12.91/19.70,ICFLp95=17.87,LD=0,SF=1.50,LP=0,DVFS=0
03-31 17:45:01.000 10630 10997 I VrApi   : FPS=54/72,Prd=43ms,Tear=0,Early=3,Stale=18,Stale2/5/10/max=2/0/0/3,VSnc=1,Lat=-1,Fov=0,CPU4/GPU=2/4,1478/525MHz,OC=FF,TA=0/0/70,SP=N/N/N,Mem=2092MHz,Free=2448MB,PLS=0,Temp=30.2C/0.0C,TW=3.94ms,App=10.73ms,GD=0.46ms,CPU&GPU=18.46ms,LCnt=3(DR0,LM0),GPU%=0.97,CPU%=0.17(W0.29),DSF=1.00,CFL=13.61/21.78,ICFLp95=17.77,LD=0,SF=1.50,LP=0,DVFS=0
03-31 17:45:02.000 10630 10997 I VrApi   : FPS=58/72,Prd=41ms,Tear=0,Early=0,Stale=15,Stale2/5/10/max=0/0/0/1,VSnc=1,Lat=-1,Fov=0,CPU4/GPU=2/4,1478/525MHz,OC=FF,TA=0/0/70,SP=N/N/N,Mem=2092MHz,Free=2448MB,PLS=0,Temp=30.2C/0.0C,TW=3.91ms,App=11.24ms,GD=0.46ms,CPU&GPU=18.76ms,LCnt=3(DR0,LM0),GPU%=0.97,CPU%=0.19(W0.35),DSF=1.00,CFL=13.58/18.72,ICFLp95=16.65,LD=0,SF=1.50,LP=0,DVFS=0
03-31 17:45:03.000 10630 10997 I VrApi   : FPS=58/72,Prd=41ms,Tear=0,Early=0,Stale=15,Stale2/5/10/max=0/0/0/1,VSnc=1,Lat=-1,Fov=0,CPU4/GPU=2/4,1171/525MHz,OC=FF,TA=0/0/70,SP=N/N/N,Mem=1555MHz,Free=2448MB,PLS=0,Temp=30.2C/0.0C,TW=3.92ms,App=11.54ms,GD=0.46ms,CPU&GPU=18.87ms,LCnt=3(DR0,LM0),GPU%=0.96,CPU%=0.21(W0.36),DSF=1.00,CFL=13.45/18.44,ICFLp95=16.48,LD=0,SF=1.50,LP=0,DVFS=0
03-31 17:45:04.000 10630 10997 I VrApi   : FPS=61/72,Prd=40ms,Tear=0,Early=1,Stale=16,Stale2/5/10/max=0/0/0/1,VSnc=1,Lat=-1,Fov=0,CPU4/GPU=2/4,1171/525MHz,OC=FF,TA=0/0/70,SP=N/N/N,Mem=1555MHz,Free=2448MB,PLS=0,Temp=30.2C/0.0C,TW=2.75ms,App=10.40ms,GD=0.00ms,CPU&GPU=15.96ms,LCnt=2(DR0,LM0),GPU%=0.99,CPU%=0.23(W0.45),DSF=1.00,CFL=13.35/18.33,ICFLp95=16.82,LD=0,SF=1.50,LP=0,DVFS=0
03-31 17:45:04.105 10630 10996 I AppLoadTimeTelemetryCommon: App load time recorded [packageName=com.stereokit.rust_binding.demos, time=7.641471, method="Input", launchType="Resume", launchId=""]
03-31 17:45:04.265 10630 10657 D SK_rust_Demos: Closure Thread id : None / ThreadId(2) 
03-31 17:45:04.265 10630 10657 D SK_rust_Demos: Closure Process id : None / 10630 
03-31 17:45:04.277 10630 10657 I SK_rust_Demos: Quit sent by main for reason: Main program call quit
03-31 17:45:04.277 10630 10657 D SK_rust_Demos: Closing HandMenuRadial1
03-31 17:45:04.277 10630 10657 D SK_rust_Demos: Closing LogWindow
03-31 17:45:04.277 10630 10657 D SK_rust_Demos: Closing Screenshoot
03-31 17:45:04.277 10630 10657 D SK_rust_Demos: Closing FlyOver
03-31 17:45:04.277 10630 10657 D SK_rust_Demos: Closing PassthroughFbExt
03-31 17:45:04.277 10630 10657 D SK_rust_Demos: Closing hand_menu_radial_demo_1
03-31 17:45:04.278 10630 10657 D SK_rust_Demos: Closing Biplane1
03-31 17:45:04.278 10630 10657 I SK_rust_Demos: Stepper HandMenuRadial1 is removed.
03-31 17:45:04.278 10630 10657 I SK_rust_Demos: Stepper LogWindow is removed.
03-31 17:45:04.278 10630 10657 I SK_rust_Demos: Stepper Screenshoot is removed.
03-31 17:45:04.279 10630 10657 I SK_rust_Demos: Stepper FlyOver is removed.
03-31 17:45:04.279 10630 10657 I SK_rust_Demos: Stepper PassthroughFbExt is removed.
03-31 17:45:04.279 10630 10657 I SK_rust_Demos: Stepper hand_menu_radial_demo_1 is removed.
03-31 17:45:04.279 10630 10657 I SK_rust_Demos: Stepper Biplane1 is removed.
03-31 17:45:04.280 10630 10657 D SK_rust_Demos: The app demand to quit()!!
03-31 17:45:04.281 10630 10657 D SK_rust_Demos: UserEvent StepperAction::Event( id:"hand_menu_radial_demo_1" => hand_menu_radial_focus->false )
03-31 17:45:04.281 10630 10657 D SK_rust_Demos: UserEvent StepperAction::Remove( id:"Screenshoot_file_browser" )
03-31 17:45:04.281 10630 10657 D SK_rust_Demos: UserEvent StepperAction::Remove( id:"hand_menu_radial_demo_1" )
03-31 17:45:04.298 10630 10657 I SK_rust_Demos: SkClosure LoopExiting !!
03-31 17:45:04.298 10630 10657 I SK_rust_Demos: QuitReason is User
03-31 17:45:04.298 10630 10657 D SK_rust_Demos: sk_step() says stop()!!
03-31 17:45:04.299 10630 10657 I SK_rust_Demos: SkClosure Exiting !!
03-31 17:45:04.299 10630 10657 I OpenXR_Hands: ------------ xrDestroyHandTrackerEXT -----------
03-31 17:45:04.299 10630 10657 I OpenXR_Hands: ------------ xrDestroyHandTrackerEXT -----------
03-31 17:45:04.301 10630 10657 D AAudio  : AAudioStream_close(s#1) called ---------------
03-31 17:45:04.301 10630 10657 D AAudioStream: setState(s#1) from 4 to 11
03-31 17:45:04.301 10630 10657 D AudioTrack: stop(58): called with 1198560 frames delivered
03-31 17:45:04.303 10630 10657 D AAudioStream: setState(s#1) from 11 to 12
03-31 17:45:04.303 10630 10657 D AAudioStream: ~AudioStream(s#1) mPlayerBase strongCount = 2
03-31 17:45:04.303 10630 10657 D AAudio  : AAudioStream_close(s#1) returned 0 ---------
03-31 17:45:04.304 10630 10657 I OpenXR_GPUMemTrace: Swapchain deletion destroy id=243, idx=0
03-31 17:45:04.304 10630 10657 I OpenXR_GPUMemTrace: Swapchain deletion destroy id=243, idx=1
03-31 17:45:04.304 10630 10657 I OpenXR_GPUMemTrace: Swapchain deletion destroy id=243, idx=2
03-31 17:45:04.305 10630 10657 I OpenXR_GPUMemTrace: Swapchain deletion destroy id=244, idx=0
03-31 17:45:04.305 10630 10657 I OpenXR_GPUMemTrace: Swapchain deletion destroy id=244, idx=1
03-31 17:45:04.305 10630 10657 I OpenXR_GPUMemTrace: Swapchain deletion destroy id=244, idx=2
03-31 17:45:04.305 10630 10657 V OpenXR-Loader: Verbose [GENERAL | xrDestroyDebugUtilsMessengerEXT | OpenXR-Loader] : Entering loader trampoline
03-31 17:45:04.305 10630 10657 V OpenXR-Loader: Verbose [GENERAL | xrDestroyDebugUtilsMessengerEXT | OpenXR-Loader] : Entering loader terminator
03-31 17:45:04.306 10630 10657 V OpenXR-Loader: Verbose [GENERAL | xrDestroyDebugUtilsMessengerEXT | OpenXR-Loader] : Completed loader terminator
03-31 17:45:04.306 10630 10657 V OpenXR-Loader: Verbose [GENERAL | xrDestroyDebugUtilsMessengerEXT | OpenXR-Loader] : Completed loader trampoline
03-31 17:45:04.306 10630 10657 I OpenXR  : ------------ xrDestroySession [start] -----------
03-31 17:45:04.306 10630 10657 W Telemetry: [OpenXR] xrDestroySession: Session is in running state.; 
03-31 17:45:04.306 10630 10657 I [CT]    : BodyApiPlugin: EndSession called for BodyApi Plugin
03-31 17:45:04.307 10630 10657 I Sensor  : OSSDKTRACKING Shutdown tracking
03-31 17:45:04.307 10630 10657 I LogTimer: CPUTIME: VrRuntimeClient_EndSession took 0.9453 ms
03-31 17:45:04.307 10630 10657 I InputDeviceManager: ovrInputDeviceManager::~ovrInputDeviceManager
03-31 17:45:04.308 10630 10657 I OSHandDataQuerier: OSSDKTRACKING shutting down handsTracker_
03-31 17:45:04.308 10630 10657 I OSHandDataQuerier: OSSDKTRACKING shutting down handsTracker_
03-31 17:45:04.308 10630 10657 I InputHooks_Internal: Disabling Native Input Hooks
03-31 17:45:04.313 10630 10996 I ClientInputThread_Internal: InputThreadRun ShutdownRequest received
03-31 17:45:04.314 10630 10657 I ClientInputTrackedKeyboardManager: TRACKEDKEYBOARD ClearTrackedObjectManager called on client
03-31 17:45:04.330 10630 10999 I FenceChecker: FenceChecker::MainLoop - ended
03-31 17:45:04.330 10630 10657 I VrRuntimeClient: PhaseSync Instance deleted
03-31 17:45:04.330 10630 10657 I OpenXR_Passthrough: Destroying Insight MR feature via parent scope.
03-31 17:45:04.331 10630 10657 I OpenXR_Passthrough: Destroying Insight MR layer via parent scope.
03-31 17:45:04.332 10630 10657 I VulkanLoaderAndroid: ovrVulkanLoader::Unload
03-31 17:45:04.332 10630 10657 I AudioCapture: AudioCapture::Shutdown
03-31 17:45:04.332 10630 10657 I AudioCapture: AudioCapture::StopAudioConsumerThread
03-31 17:45:04.332 10630 10657 I AudioCapture: AudioCapture::StopAudioConsumerThread COMPLETE
03-31 17:45:04.332 10630 10657 I AudioCapture: AudioCapture::Shutdown COMPLETE
03-31 17:45:04.332 10630 10657 I GuardianClientCommon: Shutdown
03-31 17:45:04.332 10630 10657 I RuntimeIPCClient [RUNTIMEIPC]: ReleaseRef: Remaining refs: 0, Client: com.stereokit.rust_binding.demos:com.stereokit.rust_binding.demos:10630, Server: com.oculus.guardian:com.oculus.vrguardianservice (guardianserver)
03-31 17:45:04.332 10630 10657 I RuntimeIPCClient [RUNTIMEIPC]: DisconnectFromServer: 0, Client: com.stereokit.rust_binding.demos:com.stereokit.rust_binding.demos:10630, Server: com.oculus.guardian:com.oculus.vrguardianservice (guardianserver)
03-31 17:45:04.333 10630 10657 I FaceEyeTrackingClientManager: [FaceEyeTrackingManager] FaceEyeTrackingClientManager Shutdown.
03-31 17:45:04.333 10630 10657 I LogTimer: CPUTIME: VrRuntimeClient_Shutdown took 0.9376 ms
03-31 17:45:04.333 10630 10657 I VrRuntimeClient: ServiceDisconnected
03-31 17:45:04.333 10630 10657 I RuntimeIPCClient [RUNTIMEIPC]: ReleaseRef: Remaining refs: 0, Client: com.stereokit.rust_binding.demos:com.stereokit.rust_binding.demos:10630, Server: com.oculus.systemdriver:com.oculus.vrruntimeservice (RuntimeServiceServer)
03-31 17:45:04.333 10630 10657 I RuntimeIPCClient [RUNTIMEIPC]: DisconnectFromServer: 0, Client: com.stereokit.rust_binding.demos:com.stereokit.rust_binding.demos:10630, Server: com.oculus.systemdriver:com.oculus.vrruntimeservice (RuntimeServiceServer)
03-31 17:45:04.334 10630 10657 I VrRuntimeClient: ~VrRuntimeClient(): 0xb400007ac5ca5f80
03-31 17:45:04.334 10630 10657 I OpenXR  : ------------ xrDestroySession [end] -----------
03-31 17:45:04.334 10630 10657 V OpenXR-Loader: Verbose [GENERAL | xrDestroyInstance | OpenXR-Loader] : Entering loader trampoline
03-31 17:45:04.334 10630 10657 V OpenXR-Loader: Verbose [GENERAL | xrDestroyInstance | OpenXR-Loader] : Entering loader terminator
03-31 17:45:04.334 10630 10657 I OpenXR  : ------------ xrDestroyInstance [start] -----------
03-31 17:45:04.335 10630 10657 I TREX    : Shutting down system...
03-31 17:45:04.335 10630 10657 I RuntimeIPCClient [RUNTIMEIPC]: ReleaseRef: Remaining refs: 0, Client: com.stereokit.rust_binding.demos:com.stereokit.rust_binding.demos:10630, Server: com.oculus.vrshell:com.oculus.vrshell (ptkserviceserver)
03-31 17:45:04.335 10630 10657 I RuntimeIPCClient [RUNTIMEIPC]: DisconnectFromServer: 0, Client: com.stereokit.rust_binding.demos:com.stereokit.rust_binding.demos:10630, Server: com.oculus.vrshell:com.oculus.vrshell (ptkserviceserver)
03-31 17:45:04.335 10630 10657 I RuntimeIPCClient [RUNTIMEIPC]: ReleaseRef: Remaining refs: 0, Client: com.stereokit.rust_binding.demos:com.stereokit.rust_binding.demos:10630, Server: com.oculus.systemdriver:com.oculus.vrruntimeservice (RenderModelServer)
03-31 17:45:04.335 10630 10657 I RuntimeIPCClient [RUNTIMEIPC]: DisconnectFromServer: 0, Client: com.stereokit.rust_binding.demos:com.stereokit.rust_binding.demos:10630, Server: com.oculus.systemdriver:com.oculus.vrruntimeservice (RenderModelServer)
03-31 17:45:04.336 10630 10657 I RuntimeIPCClient [RUNTIMEIPC]: ReleaseRef: Remaining refs: 0, Client: com.stereokit.rust_binding.demos:com.stereokit.rust_binding.demos:10630, Server: com.oculus.systemdriver:com.oculus.vrruntimeservice (HapticsServer)
03-31 17:45:04.336 10630 10657 I RuntimeIPCClient [RUNTIMEIPC]: DisconnectFromServer: 0, Client: com.stereokit.rust_binding.demos:com.stereokit.rust_binding.demos:10630, Server: com.oculus.systemdriver:com.oculus.vrruntimeservice (HapticsServer)
03-31 17:45:04.336 10630 10657 I RuntimeIPCClient [RUNTIMEIPC]: ReleaseRef: Remaining refs: 0, Client: com.stereokit.rust_binding.demos:com.stereokit.rust_binding.demos:10630, Server: com.oculus.systemdriver:com.oculus.vrruntimeservice (HandInputDataServer)
03-31 17:45:04.336 10630 10657 I RuntimeIPCClient [RUNTIMEIPC]: DisconnectFromServer: 0, Client: com.stereokit.rust_binding.demos:com.stereokit.rust_binding.demos:10630, Server: com.oculus.systemdriver:com.oculus.vrruntimeservice (HandInputDataServer)
03-31 17:45:04.337 10630 10657 I RuntimeIPCClient [RUNTIMEIPC]: ReleaseRef: Remaining refs: 0, Client: com.stereokit.rust_binding.demos:com.stereokit.rust_binding.demos:10630, Server: com.oculus.systemdriver:com.oculus.vrruntimeservice (ControllerIPCServer)
03-31 17:45:04.337 10630 10657 I RuntimeIPCClient [RUNTIMEIPC]: DisconnectFromServer: 0, Client: com.stereokit.rust_binding.demos:com.stereokit.rust_binding.demos:10630, Server: com.oculus.systemdriver:com.oculus.vrruntimeservice (ControllerIPCServer)
03-31 17:45:04.337 10630 10657 I RuntimeIPCClient [RUNTIMEIPC]: ReleaseRef: Remaining refs: 0, Client: com.stereokit.rust_binding.demos:com.stereokit.rust_binding.demos:10630, Server: com.oculus.bodyapiservice:com.oculus.bodyapiservice (BodyApiServiceServer)
03-31 17:45:04.337 10630 10657 I RuntimeIPCClient [RUNTIMEIPC]: DisconnectFromServer: 0, Client: com.stereokit.rust_binding.demos:com.stereokit.rust_binding.demos:10630, Server: com.oculus.bodyapiservice:com.oculus.bodyapiservice (BodyApiServiceServer)
03-31 17:45:04.338 10630 10657 I [CT]    : SP:TREX:SpatialPersistencePlugin: SpatialPersistencePlugin::trex_Shutdown called for client 9463650651982008658.
03-31 17:45:04.339 10630 10657 I RuntimeIPCClient [RUNTIMEIPC]: ReleaseRef: Remaining refs: 0, Client: com.stereokit.rust_binding.demos:com.stereokit.rust_binding.demos:10630, Server: native_process.system:/system_ext/bin/trackingservice (SlamAnchorServer)
03-31 17:45:04.339 10630 10657 I RuntimeIPCClient [RUNTIMEIPC]: DisconnectFromServer: 0, Client: com.stereokit.rust_binding.demos:com.stereokit.rust_binding.demos:10630, Server: native_process.system:/system_ext/bin/trackingservice (SlamAnchorServer)
03-31 17:45:04.340 10630 10657 I RuntimeIPCClient [RUNTIMEIPC]: ReleaseRef: Remaining refs: 0, Client: com.stereokit.rust_binding.demos:com.stereokit.rust_binding.demos:10630, Server: com.oculus.systemdriver:com.oculus.vrruntimeservice (DynamicObjectTrackingServer)
03-31 17:45:04.340 10630 10657 I RuntimeIPCClient [RUNTIMEIPC]: DisconnectFromServer: 0, Client: com.stereokit.rust_binding.demos:com.stereokit.rust_binding.demos:10630, Server: com.oculus.systemdriver:com.oculus.vrruntimeservice (DynamicObjectTrackingServer)
03-31 17:45:04.340 10630 10657 D MemoryBrokerClient: memorybroker::ClientConnection dtor
03-31 17:45:04.341 10630 10657 E [CT]    : SP:AF:InsightAnchorApi: DestroySession session is invalid.
03-31 17:45:04.341 10630 10657 E [CT]    : SP:AF:InsightAnchorApi: DestroySession session is invalid.
03-31 17:45:04.341 10630 10657 E [CT]    : SP:AF:InsightAnchorApi: DestroySession session is invalid.
03-31 17:45:04.341 10630 10657 I [CT]    : MIXEDREALITY: TREX-MR: Shutting down Insight MR plugin.
03-31 17:45:04.341 10630 10657 I RuntimeIPCClient [RUNTIMEIPC]: ReleaseRef: Remaining refs: 0, Client: com.stereokit.rust_binding.demos:com.stereokit.rust_binding.demos:10630, Server: : (MrServiceIPCServer)
03-31 17:45:04.341 10630 10657 I RuntimeIPCClient [RUNTIMEIPC]: DisconnectFromServer: 0, Client: com.stereokit.rust_binding.demos:com.stereokit.rust_binding.demos:10630, Server: : (MrServiceIPCServer)
03-31 17:45:04.341 10630 10657 I [CT]    : MIXEDREALITY: TREX: Shutting down Insight MR plugin.
03-31 17:45:04.341 10630 10657 I RuntimeIPCClient [RUNTIMEIPC]: ReleaseRef: Remaining refs: 0, Client: com.stereokit.rust_binding.demos:com.stereokit.rust_binding.demos:10630, Server: com.facebook.wearable.system.location.service:com.facebook.wearable.system.location.service (PeerDiscoveryServer)
03-31 17:45:04.342 10630 10657 I RuntimeIPCClient [RUNTIMEIPC]: DisconnectFromServer: 0, Client: com.stereokit.rust_binding.demos:com.stereokit.rust_binding.demos:10630, Server: com.facebook.wearable.system.location.service:com.facebook.wearable.system.location.service (PeerDiscoveryServer)
03-31 17:45:04.344 10630 10657 I TREX    : Shutting down interface manager.
03-31 17:45:04.344 10630 10657 I OpenXR  : [OATS]: Destroying OATS instance
03-31 17:45:04.344 10630 10657 I OpenXR  : ------------ xrDestroyInstance [end]-----------
03-31 17:45:04.344 10630 10657 V OpenXR-Loader: Verbose [GENERAL | xrDestroyInstance | OpenXR-Loader] : Completed loader terminator
03-31 17:45:04.344 10630 10657 I OpenXR-Loader: Info [GENERAL | xrDestroyInstance | OpenXR-Loader] : Destroying LoaderInstance = 0xb400007ac5d99960
03-31 17:45:04.344 10630 10657 V OpenXR-Loader: Verbose [GENERAL | xrDestroyInstance | OpenXR-Loader] : Completed loader trampoline
03-31 17:45:04.344 10630 10657 I OpenXR-Loader: Info [GENERAL | xrDestroyInstance | OpenXR-Loader] : RuntimeInterface::UnloadRuntime - Unloading RuntimeInterface
03-31 17:45:04.344 10630 10657 I OpenXR-Loader: Info [GENERAL |  | OpenXR-Loader] : RuntimeInterface being destroyed.
03-31 17:45:04.388 10630 10657 I SK_rust_Demos: Session Performance Report:
03-31 17:45:04.388 10630 10657 I SK_rust_Demos: ______________________________________________________
03-31 17:45:04.388 10630 10657 I SK_rust_Demos: |         System | Initialize |     Step |  Shutdown |
03-31 17:45:04.388 10630 10657 I SK_rust_Demos: |________________|____________|__________|___________|
03-31 17:45:04.388 10630 10657 I SK_rust_Demos: |       Defaults |   431.40ms |          |    1.06ms |
03-31 17:45:04.388 10630 10657 I SK_rust_Demos: |     FrameBegin |            |  0.553ms |           |
03-31 17:45:04.388 10630 10657 I SK_rust_Demos: |          Input |     0.24ms |          |    0.10ms |
03-31 17:45:04.388 10630 10657 I SK_rust_Demos: |       Renderer |     0.08ms |  0.002ms |    0.11ms |
03-31 17:45:04.388 10630 10657 I SK_rust_Demos: |             UI |     9.93ms |  0.039ms |    0.23ms |
03-31 17:45:04.388 10630 10657 I SK_rust_Demos: |       Platform |   981.66ms |          |   84.05ms |
03-31 17:45:04.388 10630 10657 I SK_rust_Demos: |            App |   247.64ms | 47.154ms |           |
03-31 17:45:04.389 10630 10657 I SK_rust_Demos: |      Animation |            |  0.001ms |    0.00ms |
03-31 17:45:04.389 10630 10657 I SK_rust_Demos: |          Tools |     0.20ms |  0.002ms |    0.12ms |
03-31 17:45:04.389 10630 10657 I SK_rust_Demos: |          Lines |     0.02ms |  0.049ms |    0.01ms |
03-31 17:45:04.389 10630 10657 I SK_rust_Demos: |        Sprites |     0.04ms |  0.000ms |    0.01ms |
03-31 17:45:04.389 10630 10657 I SK_rust_Demos: |           Text |            |  0.052ms |    0.20ms |
03-31 17:45:04.389 10630 10657 I SK_rust_Demos: |         UILate |            |  0.006ms |           |
03-31 17:45:04.389 10630 10657 I SK_rust_Demos: |          World |     0.08ms |  0.001ms |    0.01ms |
03-31 17:45:04.389 10630 10657 I SK_rust_Demos: |    FrameRender |            |  2.716ms |           |
03-31 17:45:04.389 10630 10657 I SK_rust_Demos: |         Assets |    92.59ms |  0.002ms |    0.26ms |
03-31 17:45:04.389 10630 10657 I SK_rust_Demos: |          Audio |    49.12ms |  0.012ms |    2.41ms |
03-31 17:45:04.389 10630 10657 I SK_rust_Demos: |________________|____________|__________|___________|
03-31 17:45:04.399 10630 10656 I RustStdoutStderr: [HandPosePrediction][INFO]: Set sampler config enum for v59 30 Hz
03-31 17:45:04.399 10630 10656 I RustStdoutStderr: [HandPosePrediction][INFO]: Set sampler config enum for v59 30 Hz
03-31 17:45:04.399 10630 10656 I RustStdoutStderr: [HandPosePrediction][INFO]: Set sampler config enum for v59 30 Hz
03-31 17:45:04.399 10630 10656 I RustStdoutStderr: [HandPosePrediction][INFO]: Set sampler config enum for v59 30 Hz
03-31 17:45:04.409 10630 10657 I BpBinder: onLastStrongRef automatically unlinking death recipients: <uncached descriptor>
03-31 17:45:04.409 10630 10657 I BpBinder: onLastStrongRef automatically unlinking death recipients: <uncached descriptor>
03-31 17:45:04.410 10630 10657 I BpBinder: onLastStrongRef automatically unlinking death recipients: <uncached descriptor>