09-27 14:01:35.632 21416 21439 D ApplicationLoaders: Returning zygote-cached class loader: /system/framework/android.test.base.jar
09-27 14:01:35.632 21416 21439 D ApplicationLoaders: Returning zygote-cached class loader: /system/framework/android.hidl.manager-V1.0-java.jar
09-27 14:01:35.632 21416 21439 D ApplicationLoaders: Returning zygote-cached class loader: /system/framework/android.hidl.base-V1.0-java.jar
09-27 14:01:35.639 21416 21439 I AndroidLibraryResolver: Attempting to find getAPIFunction64
09-27 14:01:35.639 21416 21439 V LibLoaderImpl: Loading 64-bit LibLoaderImpl.
09-27 14:01:35.639 21416 21439 V LibLoaderImpl: internalGetAPIFunction: loadLibrary 'loaderimpl'
09-27 14:01:35.639 21416 21439 V LibLoaderImpl: Using System.loadLibrary
09-27 14:01:35.643 21416 21439 I libloaderimpl: nativeSetClassLoader:0x1566
09-27 14:01:35.643 21416 21439 V LibLoaderImpl: internalGetAPIFunction: calling nativeGetAPIFunction
09-27 14:01:35.643 21416 21439 I libloaderimpl: LibLoaderImpl nativeGetAPIFunction.
09-27 14:01:35.643 21416 21439 I libloaderimpl: LibLoaderHandle SUCCESS
09-27 14:01:35.643 21416 21439 I libloaderimpl: LibLoaderImpl GetAPIFunction. libName: libmrservice_plugin.so, funcName: trex_GetPluginInfo
09-27 14:01:35.644 21416 21439 I libloaderimpl: LibLoaderImpl GetAPIFunction. libName: libmrservice_plugin.so, funcName: trex_Initialize
09-27 14:01:35.645 21416 21439 I libloaderimpl: LibLoaderImpl GetAPIFunction. libName: libmrservice_plugin.so, funcName: trex_Shutdown
09-27 14:01:35.646 21416 21439 I TREX    : Created plugin package context for com.oculus.mrservice
09-27 14:01:35.647 21416 21439 I TREX    : Loading plugin com.oculus.wearableinputservice:libtrex_emgwristband_client_plugin.so
09-27 14:01:35.647 21416 21439 I TREX    : package 'com.oculus.wearableinputservice' not found, skipping
09-27 14:01:35.647 21416 21439 I TREX    : Plugin 'com.oculus.wearableinputservice:libtrex_emgwristband_client_plugin.so' not loaded.
09-27 14:01:35.647 21416 21439 I PerformanceManagerInterface_Impl: PerformanceManagerInterface_Impl_V1: feature: 2: oculus.software.handtracking
09-27 14:01:35.647 21416 21439 I PerformanceManagerInterface_Impl: PerformanceManagerInterface_Impl_V1: feature: 3: oculus.software.face_tracking
09-27 14:01:35.647 21416 21439 I PerformanceManagerInterface_Impl: PerformanceManagerInterface_Impl_V1: feature: 4: oculus.software.eye_tracking
09-27 14:01:35.647 21416 21439 I PerformanceManagerInterface_Impl: PerformanceManagerInterface_Impl_V1: feature: 6: oculus.software.trackedkeyboard
09-27 14:01:35.647 21416 21439 I PerformanceManagerInterface_Impl: PerformanceManagerInterface_Impl_V1: feature: 7: com.oculus.software.body_tracking
09-27 14:01:35.647 21416 21439 E TREX    : Interface 'WristbandClientInterface', version 6 was not found. Check debug build for more information.
09-27 14:01:35.648 21416 21439 W t_binding.demo: Accessing hidden method Landroid/app/Activity;->isResumed()Z (unsupported, reflection, allowed)
09-27 14:01:35.649 21416 21502 I OpenXR  : nativeOnActivityReady
09-27 14:01:35.650 21416 21439 I ThreadHelpers [RUNTIMEIPC]: RuntimeIPC::ThreadHelpers::SetState: threadName: JobPoolWorker, currentState: STATE_STOPPED, newState: STATE_STARTING
09-27 14:01:35.650 21416 21503 I ThreadHelpers [RUNTIMEIPC]: RuntimeIPC::ThreadHelpers::SetState: threadName: JobPoolWorker, currentState: STATE_STARTING, newState: STATE_RUNNING
09-27 14:01:35.651 21416 21439 I RuntimeIPCClient [RUNTIMEIPC]: Event buffer size (client): 8192
09-27 14:01:35.651 21416 21439 I RuntimeIPCClient [RUNTIMEIPC]: TryToGetIPCResourcesFromServer: RPC_CONNECTOR_CONNECT_TO_SERVER SUCCESS: Client: com.stereokit.rust_binding.demos:com.stereokit.rust_binding.demos:21416, Server: com.oculus.systemdriver:com.oculus.vrruntimeservice (RuntimeServiceDevice)
09-27 14:01:35.651 21416 21439 I RuntimeIPCClient [RUNTIMEIPC]: EnsureServerConnection: SUCCESS. Client: com.stereokit.rust_binding.demos:com.stereokit.rust_binding.demos:21416, Server: com.oculus.systemdriver:com.oculus.vrruntimeservice (RuntimeServiceDevice)
09-27 14:01:35.651 21416 21439 I RuntimeIPCClient [RUNTIMEIPC]: ConnectToServer: SUCCESS: Client: com.stereokit.rust_binding.demos:com.stereokit.rust_binding.demos:21416, Server: com.oculus.systemdriver:com.oculus.vrruntimeservice (RuntimeServiceDevice)
09-27 14:01:35.652 21416 21439 I RuntimeIPCClient [RUNTIMEIPC]: Shutdown: 1, Client: com.stereokit.rust_binding.demos:com.stereokit.rust_binding.demos:21416, Server: com.oculus.systemdriver:com.oculus.vrruntimeservice (RuntimeServiceDevice)
09-27 14:01:35.652 21416 21439 I RuntimeIPCClient [RUNTIMEIPC]: ReleaseRef: Remaining refs: 0, Client: com.stereokit.rust_binding.demos:com.stereokit.rust_binding.demos:21416, Server: com.oculus.systemdriver:com.oculus.vrruntimeservice (RuntimeServiceDevice)
09-27 14:01:35.652 21416 21439 I RuntimeIPCClient [RUNTIMEIPC]: DisconnectFromServer: 0, Client: com.stereokit.rust_binding.demos:com.stereokit.rust_binding.demos:21416, Server: com.oculus.systemdriver:com.oculus.vrruntimeservice (RuntimeServiceDevice)
09-27 14:01:35.652 21416 21503 I ThreadHelpers [RUNTIMEIPC]: RuntimeIPC::ThreadHelpers::SetState: threadName: JobPoolWorker, currentState: STATE_STOPPING, newState: STATE_STOPPED
09-27 14:01:35.652 21416 21439 I Distortion: Initializing Mesh Decenter Correction
09-27 14:01:35.654 21416 21439 I Distortion: SetLensPositions - iad=0.06485, left offset=0.000542816,-0.00139587, right offset=-0.000906337,-0.00141104
09-27 14:01:35.654 21416 21439 I VrRuntimeDeviceClient: DevicesSupported : 4 devices, quest2|questpro|quest3
09-27 14:01:35.654 21416 21439 I OpenXR  : IsSystem 0
09-27 14:01:35.654 21416 21439 I Distortion: Initializing Mesh Decenter Correction
09-27 14:01:35.656 21416 21439 I Distortion: SetLensPositions - iad=0.06485, left offset=0.000542816,-0.00139587, right offset=-0.000906337,-0.00141104
09-27 14:01:35.656 21416 21439 I OpenXR  : ----------- xrCreateInstance [end] ----------
09-27 14:01:35.656 21416 21439 V OpenXR-Loader: Verbose [GENERAL | xrCreateInstance | OpenXR-Loader] : Completed loader terminator
09-27 14:01:35.656 21416 21439 I OpenXR-Loader: Info [GENERAL | xrCreateInstance | OpenXR-Loader] : LoaderInstance::CreateInstance succeeded with 0 layers enabled and runtime interface - created instance = 0x0100000000000001
09-27 14:01:35.656 21416 21439 V OpenXR-Loader: Verbose [GENERAL | xrCreateInstance | OpenXR-Loader] : Completed loader trampoline
09-27 14:01:35.656 21416 21439 D SK_rust_Demos: OpenXR API:     1.0.41
09-27 14:01:35.656 21416 21439 D SK_rust_Demos: OpenXR runtime: Oculus 69.623.0
09-27 14:01:35.656 21416 21439 D SK_rust_Demos: OpenXR extensions:
09-27 14:01:35.656 21416 21439 D SK_rust_Demos: ___________________________________
09-27 14:01:35.657 21416 21439 D SK_rust_Demos: |     Usage | Extension
09-27 14:01:35.657 21416 21439 D SK_rust_Demos: |-----------|----------------------
09-27 14:01:35.657 21416 21439 D SK_rust_Demos: |   present | XR_EXT_active_action_set_priority
09-27 14:01:35.657 21416 21439 D SK_rust_Demos: |   present | XR_EXT_hand_joints_motion_range
09-27 14:01:35.657 21416 21439 D SK_rust_Demos: |   present | XR_EXT_performance_settings
09-27 14:01:35.657 21416 21439 D SK_rust_Demos: |   present | XR_EXT_user_presence
09-27 14:01:35.657 21416 21439 D SK_rust_Demos: |   present | XR_FB_android_surface_swapchain_create
09-27 14:01:35.657 21416 21439 D SK_rust_Demos: |   present | XR_FB_body_tracking
09-27 14:01:35.657 21416 21439 D SK_rust_Demos: |   present | XR_FB_common_events
09-27 14:01:35.657 21416 21439 D SK_rust_Demos: |   present | XR_FB_composition_layer_alpha_blend
09-27 14:01:35.657 21416 21439 D SK_rust_Demos: |   present | XR_FB_composition_layer_depth_test
09-27 14:01:35.657 21416 21439 D SK_rust_Demos: |   present | XR_FB_composition_layer_image_layout
09-27 14:01:35.657 21416 21439 D SK_rust_Demos: |   present | XR_FB_composition_layer_secure_content
09-27 14:01:35.657 21416 21439 D SK_rust_Demos: |   present | XR_FB_composition_layer_settings
09-27 14:01:35.657 21416 21439 D SK_rust_Demos: |   present | XR_FB_face_tracking
09-27 14:01:35.657 21416 21439 D SK_rust_Demos: |   present | XR_FB_face_tracking2
09-27 14:01:35.657 21416 21439 D SK_rust_Demos: |   present | XR_FB_foveation
09-27 14:01:35.657 21416 21439 D SK_rust_Demos: |   present | XR_FB_foveation_configuration
09-27 14:01:35.657 21416 21439 D SK_rust_Demos: |   present | XR_FB_foveation_vulkan
09-27 14:01:35.657 21416 21439 D SK_rust_Demos: |   present | XR_FB_hand_tracking_aim
09-27 14:01:35.657 21416 21439 D SK_rust_Demos: |   present | XR_FB_hand_tracking_capsules
09-27 14:01:35.657 21416 21439 D SK_rust_Demos: |   present | XR_FB_hand_tracking_mesh
09-27 14:01:35.657 21416 21439 D SK_rust_Demos: |   present | XR_FB_haptic_amplitude_envelope
09-27 14:01:35.657 21416 21439 D SK_rust_Demos: |   present | XR_FB_haptic_pcm
09-27 14:01:35.657 21416 21439 D SK_rust_Demos: |   present | XR_FB_passthrough_keyboard_hands
09-27 14:01:35.657 21416 21439 D SK_rust_Demos: |   present | XR_FB_render_model
09-27 14:01:35.657 21416 21439 D SK_rust_Demos: |   present | XR_FB_scene
09-27 14:01:35.657 21416 21439 D SK_rust_Demos: |   present | XR_FB_scene_capture
09-27 14:01:35.657 21416 21439 D SK_rust_Demos: |   present | XR_FB_space_warp
09-27 14:01:35.657 21416 21439 D SK_rust_Demos: |   present | XR_FB_spatial_entity_container
09-27 14:01:35.657 21416 21439 D SK_rust_Demos: |   present | XR_FB_spatial_entity_query
09-27 14:01:35.657 21416 21439 D SK_rust_Demos: |   present | XR_FB_spatial_entity_sharing
09-27 14:01:35.657 21416 21439 D SK_rust_Demos: |   present | XR_FB_spatial_entity_storage
09-27 14:01:35.657 21416 21439 D SK_rust_Demos: |   present | XR_FB_spatial_entity_storage_batch
09-27 14:01:35.657 21416 21439 D SK_rust_Demos: |   present | XR_FB_spatial_entity_user
09-27 14:01:35.657 21416 21439 D SK_rust_Demos: |   present | XR_FB_swapchain_update_state
09-27 14:01:35.657 21416 21439 D SK_rust_Demos: |   present | XR_FB_swapchain_update_state_android_surface
09-27 14:01:35.657 21416 21439 D SK_rust_Demos: |   present | XR_FB_swapchain_update_state_opengl_es
09-27 14:01:35.657 21416 21439 D SK_rust_Demos: |   present | XR_FB_swapchain_update_state_vulkan
09-27 14:01:35.657 21416 21439 D SK_rust_Demos: |   present | XR_FB_touch_controller_pro
09-27 14:01:35.657 21416 21439 D SK_rust_Demos: |   present | XR_FB_touch_controller_proximity
09-27 14:01:35.657 21416 21439 D SK_rust_Demos: |   present | XR_FB_triangle_mesh
09-27 14:01:35.657 21416 21439 D SK_rust_Demos: |   present | XR_KHR_android_surface_swapchain
09-27 14:01:35.657 21416 21439 D SK_rust_Demos: |   present | XR_KHR_composition_layer_color_scale_bias
09-27 14:01:35.657 21416 21439 D SK_rust_Demos: |   present | XR_KHR_composition_layer_cube
09-27 14:01:35.657 21416 21439 D SK_rust_Demos: |   present | XR_KHR_composition_layer_cylinder
09-27 14:01:35.657 21416 21439 D SK_rust_Demos: |   present | XR_KHR_composition_layer_equirect2
09-27 14:01:35.657 21416 21439 D SK_rust_Demos: |   present | XR_KHR_visibility_mask
09-27 14:01:35.657 21416 21439 D SK_rust_Demos: |   present | XR_KHR_vulkan_enable
09-27 14:01:35.657 21416 21439 D SK_rust_Demos: |   present | XR_KHR_vulkan_enable2
09-27 14:01:35.657 21416 21439 D SK_rust_Demos: |   present | XR_LOGITECH_mx_ink_stylus_interaction
09-27 14:01:35.657 21416 21439 D SK_rust_Demos: |   present | XR_META_automatic_layer_filter
09-27 14:01:35.657 21416 21439 D SK_rust_Demos: |   present | XR_META_body_tracking_calibration
09-27 14:01:35.657 21416 21439 D SK_rust_Demos: |   present | XR_META_body_tracking_fidelity
09-27 14:01:35.657 21416 21439 D SK_rust_Demos: |   present | XR_META_body_tracking_full_body
09-27 14:01:35.657 21416 21439 D SK_rust_Demos: |   present | XR_META_boundary_visibility
09-27 14:01:35.657 21416 21439 D SK_rust_Demos: |   present | XR_META_detached_controllers
09-27 14:01:35.657 21416 21439 D SK_rust_Demos: |   present | XR_META_feature_fidelity
09-27 14:01:35.657 21416 21439 D SK_rust_Demos: |   present | XR_META_headset_id
09-27 14:01:35.657 21416 21439 D SK_rust_Demos: |   present | XR_META_passthrough_color_lut
09-27 14:01:35.657 21416 21439 D SK_rust_Demos: |   present | XR_META_passthrough_layer_resumed_event
09-27 14:01:35.657 21416 21439 D SK_rust_Demos: |   present | XR_META_passthrough_preferences
09-27 14:01:35.657 21416 21439 D SK_rust_Demos: |   present | XR_META_performance_metrics
09-27 14:01:35.657 21416 21439 D SK_rust_Demos: |   present | XR_META_recommended_layer_resolution
09-27 14:01:35.657 21416 21439 D SK_rust_Demos: |   present | XR_META_simultaneous_hands_and_controllers
09-27 14:01:35.658 21416 21439 D SK_rust_Demos: |   present | XR_META_spatial_entity_discovery
09-27 14:01:35.658 21416 21439 D SK_rust_Demos: |   present | XR_META_spatial_entity_mesh
09-27 14:01:35.658 21416 21439 D SK_rust_Demos: |   present | XR_META_spatial_entity_persistence
09-27 14:01:35.658 21416 21439 D SK_rust_Demos: |   present | XR_META_touch_controller_plus
09-27 14:01:35.658 21416 21439 D SK_rust_Demos: |   present | XR_META_vulkan_swapchain_create_info
09-27 14:01:35.658 21416 21439 D SK_rust_Demos: |   present | XR_OCULUS_common_reference_spaces
09-27 14:01:35.658 21416 21439 D SK_rust_Demos: | ACTIVATED | XR_EXT_debug_utils
09-27 14:01:35.658 21416 21439 D SK_rust_Demos: | ACTIVATED | XR_EXT_hand_tracking
09-27 14:01:35.658 21416 21439 D SK_rust_Demos: | ACTIVATED | XR_EXT_hand_tracking_data_source
09-27 14:01:35.658 21416 21439 D SK_rust_Demos: | ACTIVATED | XR_EXT_local_floor
09-27 14:01:35.658 21416 21439 D SK_rust_Demos: | ACTIVATED | XR_FB_color_space
09-27 14:01:35.658 21416 21439 D SK_rust_Demos: | ACTIVATED | XR_FB_display_refresh_rate
09-27 14:01:35.658 21416 21439 D SK_rust_Demos: | ACTIVATED | XR_FB_passthrough
09-27 14:01:35.658 21416 21439 D SK_rust_Demos: | ACTIVATED | XR_FB_spatial_entity
09-27 14:01:35.658 21416 21439 D SK_rust_Demos: | ACTIVATED | XR_KHR_android_create_instance
09-27 14:01:35.658 21416 21439 D SK_rust_Demos: | ACTIVATED | XR_KHR_android_thread_settings
09-27 14:01:35.658 21416 21439 D SK_rust_Demos: | ACTIVATED | XR_KHR_composition_layer_depth
09-27 14:01:35.658 21416 21439 D SK_rust_Demos: | ACTIVATED | XR_KHR_convert_timespec_time
09-27 14:01:35.658 21416 21439 D SK_rust_Demos: | ACTIVATED | XR_KHR_opengl_es_enable
09-27 14:01:35.658 21416 21439 D SK_rust_Demos: | ACTIVATED | XR_META_virtual_keyboard
09-27 14:01:35.658 21416 21439 D SK_rust_Demos: | ACTIVATED | XR_MSFT_hand_interaction
09-27 14:01:35.658 21416 21439 D SK_rust_Demos: |___________|______________________
09-27 14:01:35.658 21416 21439 V OpenXR-Loader: Verbose [GENERAL | xrCreateDebugUtilsMessengerEXT | OpenXR-Loader] : Entering loader trampoline
09-27 14:01:35.658 21416 21439 V OpenXR-Loader: Verbose [GENERAL | xrCreateDebugUtilsMessengerEXT | OpenXR-Loader] : Entering loader terminator
09-27 14:01:35.658 21416 21439 V OpenXR-Loader: Verbose [GENERAL | xrCreateDebugUtilsMessengerEXT | OpenXR-Loader] : Completed loader terminator
09-27 14:01:35.658 21416 21439 V OpenXR-Loader: Verbose [GENERAL | xrCreateDebugUtilsMessengerEXT | OpenXR-Loader] : Completed loader trampoline
09-27 14:01:35.658 21416 21439 D SK_rust_Demos: OpenXR requires GLES v3.0.0 - v3.2.0
09-27 14:01:35.658 21416 21439 I OpenXR  : ------------ xrCreateSession [start] -----------
09-27 14:01:35.665 21416 21439 I VrRuntimeClient: s->gRuntimeServiceSDKClient.InitClient
09-27 14:01:35.669 21416 21439 I ThreadHelpers [RUNTIMEIPC]: RuntimeIPC::ThreadHelpers::SetState: threadName: JobPoolWorker, currentState: STATE_STOPPED, newState: STATE_STARTING
09-27 14:01:35.669 21416 21507 I ThreadHelpers [RUNTIMEIPC]: RuntimeIPC::ThreadHelpers::SetState: threadName: JobPoolWorker, currentState: STATE_STARTING, newState: STATE_RUNNING
09-27 14:01:35.672 21416 21439 I RuntimeIPCClient [RUNTIMEIPC]: Event buffer size (client): 8192
09-27 14:01:35.672 21416 21439 I RuntimeIPCClient [RUNTIMEIPC]: TryToGetIPCResourcesFromServer: RPC_CONNECTOR_CONNECT_TO_SERVER SUCCESS: Client: com.stereokit.rust_binding.demos:com.stereokit.rust_binding.demos:21416, Server: com.oculus.systemdriver:com.oculus.vrruntimeservice (RuntimeServiceServer)
09-27 14:01:35.672 21416 21439 I RuntimeIPCClient [RUNTIMEIPC]: EnsureServerConnection: SUCCESS. Client: com.stereokit.rust_binding.demos:com.stereokit.rust_binding.demos:21416, Server: com.oculus.systemdriver:com.oculus.vrruntimeservice (RuntimeServiceServer)
09-27 14:01:35.672 21416 21439 I RuntimeIPCClient [RUNTIMEIPC]: ConnectToServer: SUCCESS: Client: com.stereokit.rust_binding.demos:com.stereokit.rust_binding.demos:21416, Server: com.oculus.systemdriver:com.oculus.vrruntimeservice (RuntimeServiceServer)
09-27 14:01:35.672 21416 21507 I VrRuntimeClient: s->gRuntimeServiceSDKClient.Connected: com.oculus.systemdriver:com.oculus.vrruntimeservice
09-27 14:01:35.672 21416 21507 I VrRuntimeClient: RegisterClient RequestDescriptor com.stereokit.rust_binding.demos:21416 clientType 0 clientFlags 0 clientSessionPlacement 0 clientLaunchId 
09-27 14:01:35.678 21416 21507 I VrRuntimeClient: RegisterClient success 
09-27 14:01:35.679 21416 21507 I VrRuntimeClient: RuntimeIPC: ServiceConnected: SharedMemoryDebug: publicReadOnly SharedMemorySize=192 (com.stereokit.rust_binding.demos) sizeof(s->sharedMemoryPublicReadOnly)=216
09-27 14:01:35.679 21416 21507 I VrRuntimeClient: RuntimeIPC: ServiceConnected: SharedMemoryDebug: privateReadWrite SharedMemorySize=114408 (com.stereokit.rust_binding.demos) sizeof(privateSharedMemorySize)=8
09-27 14:01:35.679 21416 21507 I VrRuntimeClient: nativeRuntimeServiceConnected: SharedMemoryDebug: publicReadOnlyFd=159, privateReadWriteFd=160 (com.stereokit.rust_binding.demos)
09-27 14:01:35.685 21416 21439 I ThreadHelpers [RUNTIMEIPC]: RuntimeIPC::ThreadHelpers::SetState: threadName: JobPoolWorker, currentState: STATE_STOPPED, newState: STATE_STARTING
09-27 14:01:35.686 21416 21509 I ThreadHelpers [RUNTIMEIPC]: RuntimeIPC::ThreadHelpers::SetState: threadName: JobPoolWorker, currentState: STATE_STARTING, newState: STATE_RUNNING
09-27 14:01:35.686 21416 21439 I ThreadHelpers [RUNTIMEIPC]: RuntimeIPC::ThreadHelpers::SetState: threadName: RIPCNotifThread, currentState: STATE_STOPPED, newState: STATE_STARTING
09-27 14:01:35.686 21416 21510 I ThreadHelpers [RUNTIMEIPC]: RuntimeIPC::ThreadHelpers::SetState: threadName: RIPCNotifThread, currentState: STATE_STARTING, newState: STATE_RUNNING
09-27 14:01:35.686 21416 21439 I VrRuntimeClient: s->gRuntimeServiceSDKClient.InitClient SUCCESS. Version: 5.0, Custom: 1.0
09-27 14:01:35.686 21416 21439 I RuntimeIPCClientMgr [RUNTIMEIPC]: GetClientOptions
09-27 14:01:35.686 21416 21439 I VrRuntimeClient: Connected to VrRuntimeService on attempt 0
09-27 14:01:35.686 21416 21439 I OpenXR  : xrCreateSession: Connected to VrRuntimeService after 0.026702s
09-27 14:01:35.694 21416 21439 I VrRuntimeClient: SetPhaseSyncMode 1
09-27 14:01:35.694 21416 21439 I VrRuntimeClient: SetPhaseSyncMode 1
09-27 14:01:35.694 21416 21439 I OpenXR  : PhaseSync Mode: PHASE_SYNC
09-27 14:01:35.694 21416 21439 I VrRuntimeClient: VrRuntimeClient: Init
09-27 14:01:35.694 21416 21439 I PTKService: PTKServiceClient Init
09-27 14:01:35.695 21416 21439 I RuntimeIPCClient [RUNTIMEIPC]: ConnectToServer: already connected: Client: com.stereokit.rust_binding.demos:com.stereokit.rust_binding.demos:21416, Server: com.oculus.vrshell:com.oculus.vrshell (ptkserviceserver)
09-27 14:01:35.696 21416 21439 I RuntimeIPCClient [RUNTIMEIPC]: InitServerStateBuffer: SUCCESS. 0, Client: com.stereokit.rust_binding.demos:com.stereokit.rust_binding.demos:21416, Server: com.oculus.vrshell:com.oculus.vrshell (ptkserviceserver)
09-27 14:01:35.696 21416 21439 W ServerStateBuffer [RUNTIMEIPC]: IPCService: GetDataBegin: entryIndex < 0 || entryIndex >= numEntries_ || entryIndex >= trustedMaxEntries: 1, 3, 0
09-27 14:01:35.696 21416 21439 W ServerStateBuffer [RUNTIMEIPC]: IPCService: GetDataBegin: entryIndex < 0 || entryIndex >= numEntries_ || entryIndex >= trustedMaxEntries: 2, 3, 0
09-27 14:01:35.696 21416 21439 V OVR::Capture: Failed to open trace_marker ATrace file!
09-27 14:01:35.697 21416 21439 I RuntimeIPCClient [RUNTIMEIPC]: InitServerStateBuffer: SUCCESS. 0, Client: com.stereokit.rust_binding.demos:com.stereokit.rust_binding.demos:21416, Server: com.oculus.systemdriver:com.oculus.vrruntimeservice (RuntimeServiceServer)
09-27 14:01:35.697 21416 21439 I AudioCapture: AudioCapture::Init
09-27 14:01:35.697 21416 21439 I AudioCapture: AudioCapture::Init -> Initializing audio capture using direct OS Callbacks
09-27 14:01:35.697 21416 21439 I AudioCapture: AudioCapture::Init COMPLETE
09-27 14:01:35.698 21416 21439 I Foveation: Vulkan foveation tile offset enabled: 0
09-27 14:01:35.698 21416 21439 I Foveation: Vulkan foveation tile turn off enabled: 1
09-27 14:01:35.700 21416 21439 I ThreadHelpers [RUNTIMEIPC]: RuntimeIPC::ThreadHelpers::SetState: threadName: JobPoolWorker, currentState: STATE_STOPPED, newState: STATE_STARTING
09-27 14:01:35.700 21416 21512 I ThreadHelpers [RUNTIMEIPC]: RuntimeIPC::ThreadHelpers::SetState: threadName: JobPoolWorker, currentState: STATE_STARTING, newState: STATE_RUNNING
09-27 14:01:35.701 21416 21439 I ClientProcessConnector [RUNTIMEIPC]: GetProcessConnection: com.oculus.guardian:com.oculus.vrguardianservice
09-27 14:01:35.702 21416 21439 I RuntimeIPCClient [RUNTIMEIPC]: Event buffer size (client): 8192
09-27 14:01:35.702 21416 21439 I RuntimeIPCClient [RUNTIMEIPC]: TryToGetIPCResourcesFromServer: RPC_CONNECTOR_CONNECT_TO_SERVER SUCCESS: Client: com.stereokit.rust_binding.demos:com.stereokit.rust_binding.demos:21416, Server: com.oculus.guardian:com.oculus.vrguardianservice (guardianserver)
09-27 14:01:35.702 21416 21439 I RuntimeIPCClient [RUNTIMEIPC]: EnsureServerConnection: SUCCESS. Client: com.stereokit.rust_binding.demos:com.stereokit.rust_binding.demos:21416, Server: com.oculus.guardian:com.oculus.vrguardianservice (guardianserver)
09-27 14:01:35.702 21416 21439 I RuntimeIPCClient [RUNTIMEIPC]: ConnectToServer: SUCCESS: Client: com.stereokit.rust_binding.demos:com.stereokit.rust_binding.demos:21416, Server: com.oculus.guardian:com.oculus.vrguardianservice (guardianserver)
09-27 14:01:35.710 21416 21439 I VrGuardianClient: guardianSDKClient_ connected.
09-27 14:01:35.741 21416 21439 I VrRuntimeClient: Is120HzSupported: 1
09-27 14:01:35.741 21416 21439 I FaceEyeTrackingClientManager: [FaceEyeTrackingManager] Initializing FaceEyeTrackingClientManager...
09-27 14:01:35.746 21416 21439 I LogTimer: CPUTIME: VrRuntimeClient_Init took 52.6159 ms
09-27 14:01:35.746 21416 21439 I Distortion: Initializing Mesh Decenter Correction
09-27 14:01:35.748 21416 21439 I Distortion: SetLensPositions - iad=0.06485, left offset=0.000542816,-0.00139587, right offset=-0.000906337,-0.00141104
09-27 14:01:35.748 21416 21439 I Distortion: Initializing Mesh Decenter Correction
09-27 14:01:35.750 21416 21439 I Distortion: SetLensPositions - iad=0.06485, left offset=0.000542816,-0.00139587, right offset=-0.000906337,-0.00141104
09-27 14:01:35.750 21416 21439 I Colorspace: Quest 2 default OpenXR color space: P3 (new behavior)
09-27 14:01:35.751 21416 21439 I ClientInputSettings: SYSTEMBUTTONSPACE GKS freeze '1' 
09-27 14:01:35.751 21416 21439 I ClientInputSettings: SYSTEMBUTTONSPACE 'com.stereokit.rust_binding.demos' Freeze input '1' on home button down
09-27 14:01:35.751 21416 21439 I ClientInputSettings: HANDTRACKING: Hands V2.0 enforced.
09-27 14:01:35.751 21416 21439 I ClientInputSettings: HANDTRACKING: YES, in the GK oculus_mobile_enable_hand_tracking_frequency_inter
09-27 14:01:35.751 21416 21439 I ClientInputInterface: HANDTRACKING sethandtrackingfrequency 1
09-27 14:01:35.752 21416 21439 I ClientInputSettings: HANDTRACKING: YES, in the GK oculus_mobile_30hz_handtracking_downclocking
09-27 14:01:35.752 21416 21439 I ClientInputInterface: Set30HzHandtrackingDownclockingGKFlag 1
09-27 14:01:35.752 21416 21439 I ClientInputSettings: HANDTRACKING: NO, not in the GK oculus_mobile_enable_hand_emulation_of_controllers
09-27 14:01:35.752 21416 21439 I ClientInputInterface: HANDTRACKING SetHandTrackingControllerEmulationGkFlag 0
09-27 14:01:35.752 21416 21439 I InputHooks: InitializeInputHooks
09-27 14:01:35.752 21416 21439 I InputHooks: InitializeInputHooks create
09-27 14:01:35.752 21416 21439 I OpenXR  : xrCreateSession: Activity is already in the ready state.
09-27 14:01:35.752 21416 21439 I XrRuntimeUtils: XrRuntimeUtils::CreateSession
09-27 14:01:35.752 21416 21439 I OpenXR_Aperture: ------------ ovrCreateApertureMETAX1 -----------
09-27 14:01:35.752 21416 21439 I OpenXR  : ------------ xrCreateSession [end] -----------
09-27 14:01:35.753 21416 21439 D SK_rust_Demos: System name: Oculus Quest2
09-27 14:01:35.753 21416 21439 D SK_rust_Demos: XR_MSFT_hand_interaction - Rejected - Hides menu button events on Quest.
09-27 14:01:35.753 21416 21439 D SK_rust_Demos: XR_EXT_hand_tracking - Ready.
09-27 14:01:35.753 21416 21439 D SK_rust_Demos: Set color space to XR_COLOR_SPACE_REC709_FB
09-27 14:01:35.753 21416 21439 D SK_rust_Demos: Creating view: PrimaryStereo color:rgba32_sRGB depth:depth24_stencil8 blend:Opaque
09-27 14:01:35.753 21416 21439 I OpenXR_Space: xrCreateReferenceSpace: Spaces info
09-27 14:01:35.753 21416 21439 I OpenXR_Space: xrCreateReferenceSpace: Local version=28
09-27 14:01:35.753 21416 21439 I OpenXR_Space: xrCreateReferenceSpace: RawFromLocal       = (-0.000, -0.418, -0.000, 0.908), (-0.18, 0.65, 0.87)
09-27 14:01:35.753 21416 21439 I OpenXR_Space: xrCreateReferenceSpace: RawFromLocalTilted = (-0.062, -0.419, -0.063, 0.904), (-0.18, 0.65, 0.87)
09-27 14:01:35.753 21416 21439 I OpenXR_Space: xrCreateReferenceSpace: Stage IsValid=true
09-27 14:01:35.753 21416 21439 I OpenXR_Space: xrCreateReferenceSpace: Stage HasActiveGuardian=true
09-27 14:01:35.753 21416 21439 I OpenXR_Space: xrCreateReferenceSpace: Stage Width=3.776310, Depth=3.793584
09-27 14:01:35.753 21416 21439 I OpenXR_Space: xrCreateReferenceSpace: RawFromStage       = (0.000, 0.549, 0.000, 0.836), (0.43, -0.46, -0.24)
09-27 14:01:35.788 21416 21439 I VrRuntimeClient: UpdateEvents: Detected stage reference space update. Sending reference space update event
09-27 14:01:35.788 21416 21439 I Deque   : AddEventToQueue called. eventInfo.type: 40, eventInfo.next: 1
09-27 14:01:35.789 21416 21439 D RuntimeIPCClient [RUNTIMEIPC]: TryToGetIPCResourcesFromServer: Failed to get process connection : Client: com.stereokit.rust_binding.demos:com.stereokit.rust_binding.demos:21416, Server: com.oculus.bodyapiservice:com.oculus.bodyapiservice (BodyApiServiceServer)
09-27 14:01:35.789 21416 21439 W RuntimeIPCClient [RUNTIMEIPC]: TryToGetIPCResourcesFromServer FAILED in 0.165104 ms
09-27 14:01:35.789 21416 21439 W RuntimeIPCClient [RUNTIMEIPC]: EnsureServerConnection: TryToGetIPCResourcesFromServer FAILED: Client: com.stereokit.rust_binding.demos:com.stereokit.rust_binding.demos:21416, Server: com.oculus.bodyapiservice:com.oculus.bodyapiservice (BodyApiServiceServer)
09-27 14:01:35.789 21416 21439 W RuntimeIPCClientMgr [RUNTIMEIPC]: VALIDATE_AND_GET_CLIENT: PollClientEvent2: EnsureServerConnection FAILED: Client: com.stereokit.rust_binding.demos:com.stereokit.rust_binding.demos:21416, Server: com.oculus.bodyapiservice:com.oculus.bodyapiservice (BodyApiServiceServer)
09-27 14:01:35.789 21416 21439 I OpenXR  : PostSessionStateChange:[pid: 21416] XR_SESSION_STATE_UNKNOWN -> XR_SESSION_STATE_IDLE
09-27 14:01:35.789 21416 21439 I Deque   : AddEventToQueue called. eventInfo.type: 18, eventInfo.next: 1
09-27 14:01:35.789 21416 21439 I OpenXR  : PostSessionStateChange:[pid: 21416] XR_SESSION_STATE_IDLE -> XR_SESSION_STATE_READY
09-27 14:01:35.790 21416 21439 I Deque   : AddEventToQueue called. eventInfo.type: 18, eventInfo.next: 1
09-27 14:01:35.790 21416 21439 D SK_rust_Demos: Created local floor app space at an offset of (0,0,0) (0,0,0,1)
09-27 14:01:35.790 21416 21439 D SK_rust_Demos: Bounds updated: 3.8x3.8 at (-0.4,-9e-08,-1) (0,0.85,0,0.53)
09-27 14:01:35.790 21416 21439 D RuntimeIPCClient [RUNTIMEIPC]: TryToGetIPCResourcesFromServer: Failed to get process connection : Client: com.stereokit.rust_binding.demos:com.stereokit.rust_binding.demos:21416, Server: com.oculus.bodyapiservice:com.oculus.bodyapiservice (BodyApiServiceServer)
09-27 14:01:35.790 21416 21439 W RuntimeIPCClient [RUNTIMEIPC]: TryToGetIPCResourcesFromServer FAILED in 0.131979 ms
09-27 14:01:35.790 21416 21439 W RuntimeIPCClient [RUNTIMEIPC]: EnsureServerConnection: TryToGetIPCResourcesFromServer FAILED: Client: com.stereokit.rust_binding.demos:com.stereokit.rust_binding.demos:21416, Server: com.oculus.bodyapiservice:com.oculus.bodyapiservice (BodyApiServiceServer)
09-27 14:01:35.790 21416 21439 W RuntimeIPCClientMgr [RUNTIMEIPC]: VALIDATE_AND_GET_CLIENT: PollClientEvent2: EnsureServerConnection FAILED: Client: com.stereokit.rust_binding.demos:com.stereokit.rust_binding.demos:21416, Server: com.oculus.bodyapiservice:com.oculus.bodyapiservice (BodyApiServiceServer)
09-27 14:01:35.790 21416 21439 D SK_rust_Demos: OpenXR state: unknown -> idle
09-27 14:01:35.790 21416 21439 D RuntimeIPCClient [RUNTIMEIPC]: TryToGetIPCResourcesFromServer: Failed to get process connection : Client: com.stereokit.rust_binding.demos:com.stereokit.rust_binding.demos:21416, Server: com.oculus.bodyapiservice:com.oculus.bodyapiservice (BodyApiServiceServer)
09-27 14:01:35.790 21416 21439 W RuntimeIPCClient [RUNTIMEIPC]: TryToGetIPCResourcesFromServer FAILED in 0.111354 ms
09-27 14:01:35.790 21416 21439 W RuntimeIPCClient [RUNTIMEIPC]: EnsureServerConnection: TryToGetIPCResourcesFromServer FAILED: Client: com.stereokit.rust_binding.demos:com.stereokit.rust_binding.demos:21416, Server: com.oculus.bodyapiservice:com.oculus.bodyapiservice (BodyApiServiceServer)
09-27 14:01:35.791 21416 21439 W RuntimeIPCClientMgr [RUNTIMEIPC]: VALIDATE_AND_GET_CLIENT: PollClientEvent2: EnsureServerConnection FAILED: Client: com.stereokit.rust_binding.demos:com.stereokit.rust_binding.demos:21416, Server: com.oculus.bodyapiservice:com.oculus.bodyapiservice (BodyApiServiceServer)
09-27 14:01:35.791 21416 21439 D SK_rust_Demos: OpenXR state: idle -> ready
09-27 14:01:35.791 21416 21439 I OpenXR  : ------------ xrBeginSession [start] -----------
09-27 14:01:35.791 21416 21439 I DRR     : DRR is supported: 1
09-27 14:01:35.791 21416 21439 I DRR     : DRR is enabled: 0
09-27 14:01:35.791 21416 21439 D OsSdkLoader: OSSDK loading module 'libheadtracker.oculus.so'
09-27 14:01:35.791 21416 21439 I Sensor  : OSSDKTRACKING Initializing controller tracking
09-27 14:01:35.791 21416 21439 I Sensor  : OSSDKTRACKING Controller tracker != nullpointer 0xb4000078d23d6dd0, 1
09-27 14:01:35.798 21416 21439 I DeviceStatus: nativeHeadsetEvent(0)
09-27 14:01:35.799 21416 21439 I VrRuntimeClient: SetCompositorClientFeatureFlag ClientFeatureFlag 0 
09-27 14:01:35.800 21416 21439 I RuntimeIPCClient [RUNTIMEIPC]: InitServerStateBuffer: SUCCESS. 0, Client: com.stereokit.rust_binding.demos:com.stereokit.rust_binding.demos:21416, Server: com.oculus.guardian:com.oculus.vrguardianservice (guardianserver)
09-27 14:01:35.800 21416 21439 I VrRuntimeClient: Mounted state at BeginSession: True
09-27 14:01:35.800 21416 21439 I AppLoadTimeTelemetryCommon: App load time recorded [packageName=com.stereokit.rust_binding.demos, time=0.702022, method="BeginSession", launchType="Launch"]
09-27 14:01:35.800 21416 21439 I LogTimer: CPUTIME: VrRuntimeClient_BeginSession took 8.9828 ms
09-27 14:01:35.800 21416 21439 D t_binding.demo: memorybroker::ClientConnection registered
09-27 14:01:35.805 21416 21439 I Distortion: Initializing Mesh Decenter Correction
09-27 14:01:35.807 21416 21439 I Distortion: SetLensPositions - iad=0.0681392, left offset=0.00214849,-0.00139587, right offset=-0.00258985,-0.00141104
09-27 14:01:35.807 21416 21439 I Distortion: Initializing Mesh Decenter Correction
09-27 14:01:35.809 21416 21439 I Distortion: SetLensPositions - iad=0.0681392, left offset=0.00214849,-0.00139587, right offset=-0.00258985,-0.00141104
09-27 14:01:35.811 21416 21439 I ClientInputSettings: HANDTRACKING: enabled input settings, setting hand mode control settings to ControllersOnly
09-27 14:01:35.811 21416 21439 I ClientInputSettings: HANDTRACKING package name is com.stereokit.rust_binding.demos
09-27 14:01:35.811 21416 21439 I ClientInputSettings: HANDTRACKING: Manifest Permission request for com.stereokit.rust_binding.demos
09-27 14:01:35.812 21416 21439 I ClientInputSettings: HANDTRACKING:  'com.stereokit.rust_binding.demos' Is hands or controller.
09-27 14:01:35.812 21416 21439 I ClientInputSettings: HANDTRACKING: feature flag set to 2
09-27 14:01:35.812 21416 21439 I ClientInputInterface: HANDTRACKING sethandmanifest 2
09-27 14:01:35.812 21416 21439 I InputHooks_Internal: Enabling Native Input Hooks
09-27 14:01:35.815 21416 21439 W t_binding.demo: Accessing hidden method Landroid/content/Context;->startServiceAsUser(Landroid/content/Intent;Landroid/os/UserHandle;)Landroid/content/ComponentName; (unsupported, reflection, allowed)
09-27 14:01:35.815 21416 21439 W t_binding.demo: Accessing hidden method Landroid/content/Context;->registerReceiverAsUser(Landroid/content/BroadcastReceiver;Landroid/os/UserHandle;Landroid/content/IntentFilter;Ljava/lang/String;Landroid/os/Handler;)Landroid/content/Intent; (unsupported, reflection, allowed)
09-27 14:01:35.815 21416 21439 I InputDeviceManager: ovrInputDeviceManager::Initialize
09-27 14:01:35.816 21416 21439 I [CT]    : HandPosePrediction: Set sampler config enum for v59 30 Hz
09-27 14:01:35.816 21416 21439 I [CT]    : HandPosePrediction: Set sampler config enum for v59 30 Hz
09-27 14:01:35.817 21416 21439 I InputDevice_Hand: BodyPoweredHands checkSysPropForBodyAPIOverride 0
09-27 14:01:35.817 21416 21439 I InputDevice_Hand: BodyPoweredHands checkSysPropForBodyAPIOverride 0
09-27 14:01:35.817 21416 21439 W InputDevice_TrackedRemote: Did not pass RIPC GK, fetching controller input data from shared memory
09-27 14:01:35.817 21416 21439 I InputDeviceManager: HANDTRACKING Root pose filter profile changed for freq to 17 from 0  inf: 1
09-27 14:01:35.822 21416 21439 I GL_Utils: egl = 1.5
09-27 14:01:35.822 21416 21439 I GL_Utils: es3 = TRUE
09-27 14:01:35.822 21416 21439 I GL_Utils: Found: GL_OES_vertex_array_object
09-27 14:01:35.822 21416 21439 I GL_Utils: Found: GL_QCOM_tiled_rendering
09-27 14:01:35.822 21416 21439 I GL_Utils: Found: GL_EXT_sRGB
09-27 14:01:35.822 21416 21439 I GL_Utils: Found: GL_EXT_sRGB_write_control
09-27 14:01:35.822 21416 21439 I GL_Utils: Found: GL_EXT_disjoint_timer_query
09-27 14:01:35.822 21416 21439 I GL_Utils: Found: GL_EXT_buffer_storage
09-27 14:01:35.822 21416 21439 I GL_Utils: Found: GL_EXT_memory_object
09-27 14:01:35.823 21416 21439 I GL_Utils: Found: GL_EXT_memory_object_fd
09-27 14:01:35.823 21416 21439 I GL_Utils: Found: GL_QCOM_texture_foveated
09-27 14:01:35.823 21416 21439 I GL_Utils: Found: GL_KHR_debug
09-27 14:01:35.823 21416 21439 I GL_Utils: Found: GL_OES_EGL_image
09-27 14:01:35.823 21416 21439 I GL_Utils: Found: GL_EXT_texture_border_clamp
09-27 14:01:35.823 21416 21439 I GL_Utils: Found: GL_EXT_texture_filter_anisotropic
09-27 14:01:35.823 21416 21439 I GL_Utils: Found: GL_OES_texture_view
09-27 14:01:35.823 21416 21439 I GL_Utils: Found: GL_EXT_texture_format_sRGB_override
09-27 14:01:35.823 21416 21439 I GL_Utils: Found: GL_IMG_texture_filter_cubic
09-27 14:01:35.823 21416 21439 I GL_Utils: Found: GL_EXT_clip_cull_distance
09-27 14:01:35.823 21416 21439 I GL_Utils: Found: GL_EXT_blend_func_extended
09-27 14:01:35.823 21416 21439 I PhaseSync: PhaseSync::PhaseSync PaddingLowerLimit 0.350000 StandardDeviations 2.000000 PaddingUpperLimit 0.750000 on instance 0
09-27 14:01:35.823 21416 21439 I FrameSync: FrameSync Initialized Instance 1
09-27 14:01:35.823 21416 21439 I VrRuntimeClient: PhaseSync Instance created
09-27 14:01:35.831 21416 21439 D CompatibilityChangeReporter: Compat change id reported: 160794467; UID 10153; state: ENABLED
09-27 14:01:35.831 21416 21439 W ServerStateBuffer [RUNTIMEIPC]: IPCService: GetDataBegin: entryIndex < 0 || entryIndex >= numEntries_ || entryIndex >= trustedMaxEntries: 5, 18, 0
09-27 14:01:35.832 21416 21439 I XrRuntimeUtils: XrRuntimeUtils::BeginSession
09-27 14:01:35.832 21416 21439 I XrRuntimeSystem_Client: BeginSession
09-27 14:01:35.832 21416 21439 I [CT]    : BodyApiPlugin: BeginSession called for BodyApi Plugin
09-27 14:01:35.832 21416 21439 I OpenXR  : usesManifestForCpuBoost:0
09-27 14:01:35.832 21416 21439 I OpenXR  : ------------ xrBeginSession [end] -----------
09-27 14:01:35.832 21416 21439 D SK_rust_Demos: OpenXR session began.
09-27 14:01:35.832 21416 21439 D RuntimeIPCClient [RUNTIMEIPC]: TryToGetIPCResourcesFromServer: Failed to get process connection : Client: com.stereokit.rust_binding.demos:com.stereokit.rust_binding.demos:21416, Server: com.oculus.bodyapiservice:com.oculus.bodyapiservice (BodyApiServiceServer)
09-27 14:01:35.832 21416 21439 W RuntimeIPCClient [RUNTIMEIPC]: TryToGetIPCResourcesFromServer FAILED in 0.096042 ms
09-27 14:01:35.832 21416 21439 W RuntimeIPCClient [RUNTIMEIPC]: EnsureServerConnection: TryToGetIPCResourcesFromServer FAILED: Client: com.stereokit.rust_binding.demos:com.stereokit.rust_binding.demos:21416, Server: com.oculus.bodyapiservice:com.oculus.bodyapiservice (BodyApiServiceServer)
09-27 14:01:35.833 21416 21439 W RuntimeIPCClientMgr [RUNTIMEIPC]: VALIDATE_AND_GET_CLIENT: PollClientEvent2: EnsureServerConnection FAILED: Client: com.stereokit.rust_binding.demos:com.stereokit.rust_binding.demos:21416, Server: com.oculus.bodyapiservice:com.oculus.bodyapiservice (BodyApiServiceServer)
09-27 14:01:35.837 21416 21529 I JniUtils: ovr_GetCurrentPackageSignature 
09-27 14:01:35.837 21416 21529 I Metrics : device model = Quest 2
09-27 14:01:35.838 21416 21529 I Telemetry: Aligning telemetry thread time, will wait for: 162 ms...
09-27 14:01:35.839 21416 21439 W ServerStateBuffer [RUNTIMEIPC]: IPCService: GetDataBegin: entryIndex < 0 || entryIndex >= numEntries_ || entryIndex >= trustedMaxEntries: 16, 18, 0
09-27 14:01:35.839 21416 21439 W ServerStateBuffer [RUNTIMEIPC]: IPCService: GetDataBegin: entryIndex < 0 || entryIndex >= numEntries_ || entryIndex >= trustedMaxEntries: 14, 18, 0
09-27 14:01:35.839 21416 21439 I AudioCapture: AudioCapture::PauseAudioCapture
09-27 14:01:35.839 21416 21439 I OpenXR  : Opaque frame needs background layer.
09-27 14:01:35.839 21416 21532 I FenceChecker: FenceChecker::MainLoop - started
09-27 14:01:35.842 21416 21439 W ServerStateBuffer [RUNTIMEIPC]: IPCService: GetDataBegin: entryIndex < 0 || entryIndex >= numEntries_ || entryIndex >= trustedMaxEntries: 4, 18, 0
09-27 14:01:35.842 21416 21439 D RuntimeIPCClient [RUNTIMEIPC]: TryToGetIPCResourcesFromServer: Failed to get process connection : Client: com.stereokit.rust_binding.demos:com.stereokit.rust_binding.demos:21416, Server: com.oculus.bodyapiservice:com.oculus.bodyapiservice (BodyApiServiceServer)
09-27 14:01:35.842 21416 21439 W RuntimeIPCClient [RUNTIMEIPC]: TryToGetIPCResourcesFromServer FAILED in 0.138386 ms
09-27 14:01:35.842 21416 21439 W RuntimeIPCClient [RUNTIMEIPC]: EnsureServerConnection: TryToGetIPCResourcesFromServer FAILED: Client: com.stereokit.rust_binding.demos:com.stereokit.rust_binding.demos:21416, Server: com.oculus.bodyapiservice:com.oculus.bodyapiservice (BodyApiServiceServer)
09-27 14:01:35.842 21416 21439 W RuntimeIPCClientMgr [RUNTIMEIPC]: VALIDATE_AND_GET_CLIENT: PollClientEvent2: EnsureServerConnection FAILED: Client: com.stereokit.rust_binding.demos:com.stereokit.rust_binding.demos:21416, Server: com.oculus.bodyapiservice:com.oculus.bodyapiservice (BodyApiServiceServer)
09-27 14:01:35.842 21416 21439 I OpenXR  : PostSessionStateChange:[pid: 21416] XR_SESSION_STATE_READY -> XR_SESSION_STATE_SYNCHRONIZED
09-27 14:01:35.842 21416 21439 I Deque   : AddEventToQueue called. eventInfo.type: 18, eventInfo.next: 1
09-27 14:01:35.842 21416 21439 D SK_rust_Demos: OpenXR state: ready -> synchronized
09-27 14:01:35.843 21416 21439 D RuntimeIPCClient [RUNTIMEIPC]: TryToGetIPCResourcesFromServer: Failed to get process connection : Client: com.stereokit.rust_binding.demos:com.stereokit.rust_binding.demos:21416, Server: com.oculus.bodyapiservice:com.oculus.bodyapiservice (BodyApiServiceServer)
09-27 14:01:35.843 21416 21439 W RuntimeIPCClient [RUNTIMEIPC]: TryToGetIPCResourcesFromServer FAILED in 0.127656 ms
09-27 14:01:35.843 21416 21439 W RuntimeIPCClient [RUNTIMEIPC]: EnsureServerConnection: TryToGetIPCResourcesFromServer FAILED: Client: com.stereokit.rust_binding.demos:com.stereokit.rust_binding.demos:21416, Server: com.oculus.bodyapiservice:com.oculus.bodyapiservice (BodyApiServiceServer)
09-27 14:01:35.843 21416 21439 W RuntimeIPCClientMgr [RUNTIMEIPC]: VALIDATE_AND_GET_CLIENT: PollClientEvent2: EnsureServerConnection FAILED: Client: com.stereokit.rust_binding.demos:com.stereokit.rust_binding.demos:21416, Server: com.oculus.bodyapiservice:com.oculus.bodyapiservice (BodyApiServiceServer)
09-27 14:01:35.843 21416 21439 I OpenXR  : PostSessionStateChange:[pid: 21416] XR_SESSION_STATE_SYNCHRONIZED -> XR_SESSION_STATE_VISIBLE
09-27 14:01:35.844 21416 21439 I Deque   : AddEventToQueue called. eventInfo.type: 18, eventInfo.next: 1
09-27 14:01:35.844 21416 21439 I OpenXR  : PostSessionStateChange:[pid: 21416] XR_SESSION_STATE_VISIBLE -> XR_SESSION_STATE_FOCUSED
09-27 14:01:35.844 21416 21439 I Deque   : AddEventToQueue called. eventInfo.type: 18, eventInfo.next: 1
09-27 14:01:35.844 21416 21439 D SK_rust_Demos: OpenXR state: synchronized -> visible
09-27 14:01:35.853 21416 21439 D RuntimeIPCClient [RUNTIMEIPC]: TryToGetIPCResourcesFromServer: Failed to get process connection : Client: com.stereokit.rust_binding.demos:com.stereokit.rust_binding.demos:21416, Server: com.oculus.bodyapiservice:com.oculus.bodyapiservice (BodyApiServiceServer)
09-27 14:01:35.853 21416 21439 W RuntimeIPCClient [RUNTIMEIPC]: TryToGetIPCResourcesFromServer FAILED in 8.268281 ms
09-27 14:01:35.853 21416 21439 W RuntimeIPCClient [RUNTIMEIPC]: EnsureServerConnection: TryToGetIPCResourcesFromServer FAILED: Client: com.stereokit.rust_binding.demos:com.stereokit.rust_binding.demos:21416, Server: com.oculus.bodyapiservice:com.oculus.bodyapiservice (BodyApiServiceServer)
09-27 14:01:35.853 21416 21439 W RuntimeIPCClientMgr [RUNTIMEIPC]: VALIDATE_AND_GET_CLIENT: PollClientEvent2: EnsureServerConnection FAILED: Client: com.stereokit.rust_binding.demos:com.stereokit.rust_binding.demos:21416, Server: com.oculus.bodyapiservice:com.oculus.bodyapiservice (BodyApiServiceServer)
09-27 14:01:35.853 21416 21439 D SK_rust_Demos: OpenXR state: visible -> focused
09-27 14:01:35.854 21416 21439 D RuntimeIPCClient [RUNTIMEIPC]: TryToGetIPCResourcesFromServer: Failed to get process connection : Client: com.stereokit.rust_binding.demos:com.stereokit.rust_binding.demos:21416, Server: com.oculus.bodyapiservice:com.oculus.bodyapiservice (BodyApiServiceServer)
09-27 14:01:35.854 21416 21439 W RuntimeIPCClient [RUNTIMEIPC]: TryToGetIPCResourcesFromServer FAILED in 0.164635 ms
09-27 14:01:35.854 21416 21439 W RuntimeIPCClient [RUNTIMEIPC]: EnsureServerConnection: TryToGetIPCResourcesFromServer FAILED: Client: com.stereokit.rust_binding.demos:com.stereokit.rust_binding.demos:21416, Server: com.oculus.bodyapiservice:com.oculus.bodyapiservice (BodyApiServiceServer)
09-27 14:01:35.854 21416 21439 W RuntimeIPCClientMgr [RUNTIMEIPC]: VALIDATE_AND_GET_CLIENT: PollClientEvent2: EnsureServerConnection FAILED: Client: com.stereokit.rust_binding.demos:com.stereokit.rust_binding.demos:21416, Server: com.oculus.bodyapiservice:com.oculus.bodyapiservice (BodyApiServiceServer)
09-27 14:01:35.854 21416 21439 D SK_rust_Demos: Created local floor app space at an offset of (0,0,0) (0,0,0,1)
09-27 14:01:35.854 21416 21439 V OpenXR_Actions: -- xrSuggestInteractionProfileBindings -
09-27 14:01:35.855 21416 21439 V OpenXR_Actions: -- xrSuggestInteractionProfileBindings -
09-27 14:01:35.856 21416 21439 V OpenXR_Actions: -- xrSuggestInteractionProfileBindings -
09-27 14:01:35.857 21416 21439 V OpenXR_Actions: -- xrSuggestInteractionProfileBindings -
09-27 14:01:35.858 21416 21439 V OpenXR_Actions: xrSuggestInteractionProfileBindings: adding binding actionPathBinding=19, action=grip_pose, subactionMask=1, pathActionType=4
09-27 14:01:35.858 21416 21439 V OpenXR_Actions: xrSuggestInteractionProfileBindings: adding binding actionPathBinding=35, action=grip_pose, subactionMask=2, pathActionType=4
09-27 14:01:35.858 21416 21439 V OpenXR_Actions: xrSuggestInteractionProfileBindings: adding binding actionPathBinding=18, action=aim_pose, subactionMask=1, pathActionType=4
09-27 14:01:35.858 21416 21439 V OpenXR_Actions: xrSuggestInteractionProfileBindings: adding binding actionPathBinding=34, action=aim_pose, subactionMask=2, pathActionType=4
09-27 14:01:35.858 21416 21439 V OpenXR_Actions: xrSuggestInteractionProfileBindings: adding binding actionPathBinding=10, action=trigger, subactionMask=1, pathActionType=2
09-27 14:01:35.858 21416 21439 V OpenXR_Actions: xrSuggestInteractionProfileBindings: adding binding actionPathBinding=26, action=trigger, subactionMask=2, pathActionType=2
09-27 14:01:35.858 21416 21439 V OpenXR_Actions: xrSuggestInteractionProfileBindings: adding binding actionPathBinding=9, action=grip, subactionMask=1, pathActionType=2
09-27 14:01:35.858 21416 21439 V OpenXR_Actions: xrSuggestInteractionProfileBindings: adding binding actionPathBinding=25, action=grip, subactionMask=2, pathActionType=2
09-27 14:01:35.858 21416 21439 V OpenXR_Actions: xrSuggestInteractionProfileBindings: adding binding actionPathBinding=54, action=stick_xy, subactionMask=1, pathActionType=3
09-27 14:01:35.858 21416 21439 V OpenXR_Actions: xrSuggestInteractionProfileBindings: adding binding actionPathBinding=55, action=stick_xy, subactionMask=2, pathActionType=3
09-27 14:01:35.858 21416 21439 V OpenXR_Actions: xrSuggestInteractionProfileBindings: adding binding actionPathBinding=14, action=stick_click, subactionMask=1, pathActionType=1
09-27 14:01:35.858 21416 21439 V OpenXR_Actions: xrSuggestInteractionProfileBindings: adding binding actionPathBinding=30, action=stick_click, subactionMask=2, pathActionType=1
09-27 14:01:35.858 21416 21439 V OpenXR_Actions: xrSuggestInteractionProfileBindings: adding binding actionPathBinding=8, action=menu, subactionMask=1, pathActionType=1
09-27 14:01:35.858 21416 21439 V OpenXR_Actions: xrSuggestInteractionProfileBindings: adding binding actionPathBinding=4, action=button_x1, subactionMask=1, pathActionType=1
09-27 14:01:35.858 21416 21439 V OpenXR_Actions: xrSuggestInteractionProfileBindings: adding binding actionPathBinding=20, action=button_x1, subactionMask=2, pathActionType=1
09-27 14:01:35.858 21416 21439 V OpenXR_Actions: xrSuggestInteractionProfileBindings: adding binding actionPathBinding=6, action=button_x2, subactionMask=1, pathActionType=1
09-27 14:01:35.858 21416 21439 V OpenXR_Actions: xrSuggestInteractionProfileBindings: adding binding actionPathBinding=22, action=button_x2, subactionMask=2, pathActionType=1
09-27 14:01:35.858 21416 21439 V OpenXR_Actions: -- xrSuggestInteractionProfileBindings -
09-27 14:01:35.859 21416 21439 V OpenXR_Actions: xrSuggestInteractionProfileBindings: adding binding actionPathBinding=19, action=grip_pose, subactionMask=1, pathActionType=4
09-27 14:01:35.859 21416 21439 V OpenXR_Actions: xrSuggestInteractionProfileBindings: adding binding actionPathBinding=35, action=grip_pose, subactionMask=2, pathActionType=4
09-27 14:01:35.859 21416 21439 V OpenXR_Actions: xrSuggestInteractionProfileBindings: adding binding actionPathBinding=18, action=aim_pose, subactionMask=1, pathActionType=4
09-27 14:01:35.859 21416 21439 V OpenXR_Actions: xrSuggestInteractionProfileBindings: adding binding actionPathBinding=34, action=aim_pose, subactionMask=2, pathActionType=4
09-27 14:01:35.859 21416 21439 V OpenXR_Actions: xrSuggestInteractionProfileBindings: adding binding actionPathBinding=49, action=trigger, subactionMask=1, pathActionType=1
09-27 14:01:35.859 21416 21439 V OpenXR_Actions: xrSuggestInteractionProfileBindings: adding binding actionPathBinding=50, action=trigger, subactionMask=2, pathActionType=1
09-27 14:01:35.859 21416 21439 V OpenXR_Actions: xrSuggestInteractionProfileBindings: adding binding actionPathBinding=8, action=menu, subactionMask=1, pathActionType=1
09-27 14:01:35.859 21416 21439 V OpenXR_Actions: xrSuggestInteractionProfileBindings: adding binding actionPathBinding=51, action=menu, subactionMask=2, pathActionType=1
09-27 14:01:35.859 21416 21439 D SK_rust_Demos: Bounds updated: 3.8x3.8 at (-0.4,-9e-08,-1) (0,0.85,0,0.53)
09-27 14:01:35.859 21416 21439 D SK_rust_Demos: Initializing Audio
09-27 14:01:35.860 21416 21439 I AAudio  : AAudioStreamBuilder_openStream() called ----------------------------------------
09-27 14:01:35.860 21416 21439 I AudioStreamBuilder: rate   =  48000, channels  = 2, channelMask = 0x80000003, format   = 5, sharing = SH, dir = OUTPUT
09-27 14:01:35.860 21416 21439 I AudioStreamBuilder: device =      0, sessionId = -1, perfMode = 12, callback: ON with frames = 480
09-27 14:01:35.860 21416 21439 I AudioStreamBuilder: usage  =      0, contentType = 0, inputPreset = 0, allowedCapturePolicy = 0
09-27 14:01:35.860 21416 21439 I AudioStreamBuilder: privacy sensitive = false
09-27 14:01:35.860 21416 21439 I AudioStreamBuilder: opPackageName = (null)
09-27 14:01:35.860 21416 21439 I AudioStreamBuilder: attributionTag = (null)
09-27 14:01:35.860 21416 21439 D AudioStreamBuilder: build() disable aaudio output mmap via gk
09-27 14:01:35.860 21416 21439 D t_binding.demo: PlayerBase::PlayerBase()
09-27 14:01:35.868 21416 21439 D AudioStreamTrack: open(), request notificationFrames = 0, frameCount = 1440
