08-21 09:57:03.772 17656 17685 I SK_rust_Demos: ---- : Some("Plane") id: 1 
08-21 09:57:03.772 17656 17685 I SK_rust_Demos: ------- material : "auto/material_189"
08-21 09:57:03.772 17656 17685 I SK_rust_Demos: ---- : Some("Ico1.001") id: 2 
08-21 09:57:03.772 17656 17685 I SK_rust_Demos: ------- material : "auto/material_190"
08-21 09:57:03.772 17656 17685 I SK_rust_Demos: ---- : Some("Ico1.002") id: 3 
08-21 09:57:03.772 17656 17685 I SK_rust_Demos: ------- material : "auto/material_190"
08-21 09:57:03.786 17656 17685 D SK_rust_Demos: UserEvent StepperAction::Add(..., id:TypeId { t: (14507419587462276230, 448712525203801274) }, type_id:"HudNotifAnim1"
08-21 09:57:04.001 17656 17750 I VrApi   : FPS=72/72,Prd=37ms,Tear=0,Early=0,Stale=0,Stale2/5/10/max=0/0/0/0,VSnc=1,Lat=-1,Fov=0,CPU4/GPU=2/4,1171/525MHz,OC=FF,TA=0/0/70,SP=N/N/F,Mem=1804MHz,Free=2507MB,PLS=0,Temp=32.0C/0.0C,TW=1.57ms,App=11.01ms,GD=0.00ms,CPU&GPU=14.95ms,LCnt=2(DR72,LM2),GPU%=0.92,CPU%=0.25(W0.27),DSF=1.00,CFL=11.67/17.03,ICFLp95=14.79,LD=0,SF=1.50,LP=0,DVFS=0
08-21 09:57:05.001 17656 17750 I VrApi   : FPS=61/72,Prd=43ms,Tear=0,Early=0,Stale=13,Stale2/5/10/max=0/0/0/0,VSnc=1,Lat=-1,Fov=0,CPU4/GPU=3/4,1382/525MHz,OC=FF,TA=0/0/70,SP=N/N/F,Mem=1804MHz,Free=2507MB,PLS=0,Temp=32.0C/0.0C,TW=1.57ms,App=16.00ms,GD=0.00ms,CPU&GPU=23.91ms,LCnt=2(DR72,LM2),GPU%=0.97,CPU%=0.24(W0.27),DSF=1.00,CFL=11.60/17.09,ICFLp95=14.71,LD=0,SF=1.50,LP=0,DVFS=0
08-21 09:57:06.001 17656 17750 I VrApi   : FPS=51/72,Prd=43ms,Tear=2,Early=7,Stale=22,Stale2/5/10/max=1/0/1/13,VSnc=1,Lat=-1,Fov=0,CPU4/GPU=3/4,1382/525MHz,OC=FF,TA=0/0/70,SP=N/N/F,Mem=1804MHz,Free=2507MB,PLS=0,Temp=32.0C/0.0C,TW=1.88ms,App=15.32ms,GD=0.32ms,CPU&GPU=20.39ms,LCnt=3(DR71,LM3),GPU%=0.89,CPU%=0.18(W0.24),DSF=1.00,CFL=11.79/19.34,ICFLp95=15.83,LD=0,SF=1.50,LP=0,DVFS=0
08-21 09:57:07.001 17656 17750 I VrApi   : FPS=51/72,Prd=42ms,Tear=0,Early=0,Stale=25,Stale2/5/10/max=2/0/0/2,VSnc=1,Lat=-1,Fov=0,CPU4/GPU=3/4,1382/525MHz,OC=FF,TA=0/0/70,SP=N/N/F,Mem=1804MHz,Free=2507MB,PLS=0,Temp=32.0C/0.0C,TW=1.58ms,App=14.47ms,GD=0.00ms,CPU&GPU=18.42ms,LCnt=2(DR72,LM2),GPU%=0.98,CPU%=0.21(W0.23),DSF=1.00,CFL=11.85/19.53,ICFLp95=18.04,LD=0,SF=1.50,LP=0,DVFS=0
08-21 09:57:07.324 17656 17685 I AppLoadTimeTelemetryCommon: App load time recorded [packageName=com.stereokit.rust_binding.demos, time=17.573417, method="BeginFrame (1000)", launchType="Launch"]
08-21 09:57:08.001 17656 17750 I VrApi   : FPS=57/72,Prd=40ms,Tear=0,Early=0,Stale=17,Stale2/5/10/max=1/0/0/2,VSnc=1,Lat=-1,Fov=0,CPU4/GPU=2/4,1382/525MHz,OC=FF,TA=0/0/70,SP=N/N/F,Mem=1353MHz,Free=2507MB,PLS=0,Temp=32.0C/0.0C,TW=1.58ms,App=14.77ms,GD=0.00ms,CPU&GPU=18.52ms,LCnt=2(DR72,LM2),GPU%=0.96,CPU%=0.26(W0.32),DSF=1.00,CFL=11.83/16.95,ICFLp95=14.87,LD=0,SF=1.50,LP=0,DVFS=0
08-21 09:57:08.794 17656 17685 D SK_rust_Demos: UserEvent StepperAction::Remove( id:"HudNotifAnim1"
08-21 09:57:09.001 17656 17750 I VrApi   : FPS=56/72,Prd=41ms,Tear=0,Early=0,Stale=17,Stale2/5/10/max=1/0/0/2,VSnc=1,Lat=-1,Fov=0,CPU4/GPU=2/4,1171/525MHz,OC=FF,TA=0/0/70,SP=N/N/F,Mem=1353MHz,Free=2507MB,PLS=0,Temp=32.0C/0.0C,TW=1.61ms,App=14.96ms,GD=0.00ms,CPU&GPU=18.90ms,LCnt=2(DR72,LM2),GPU%=0.94,CPU%=0.21(W0.32),DSF=1.00,CFL=11.76/16.99,ICFLp95=14.91,LD=0,SF=1.50,LP=0,DVFS=0
08-21 09:57:10.001 17656 17750 I VrApi   : FPS=57/72,Prd=40ms,Tear=0,Early=0,Stale=17,Stale2/5/10/max=0/0/0/1,VSnc=1,Lat=-1,Fov=0,CPU4/GPU=2/4,1171/525MHz,OC=FF,TA=0/0/70,SP=N/N/F,Mem=1555MHz,Free=2507MB,PLS=0,Temp=32.0C/0.0C,TW=1.58ms,App=14.71ms,GD=0.00ms,CPU&GPU=18.77ms,LCnt=2(DR72,LM2),GPU%=0.95,CPU%=0.23(W0.30),DSF=1.00,CFL=11.73/16.96,ICFLp95=14.89,LD=0,SF=1.50,LP=0,DVFS=0
08-21 09:57:10.214 17656 17685 E TREX    : Interface 'MrLightingEstimationInterface', version 1 was not found. Check debug build for more information.
08-21 09:57:11.001 17656 17750 I VrApi   : FPS=57/72,Prd=40ms,Tear=0,Early=0,Stale=15,Stale2/5/10/max=0/0/0/1,VSnc=1,Lat=-1,Fov=0,CPU4/GPU=2/4,1171/525MHz,OC=FF,TA=0/0/70,SP=N/N/F,Mem=1555MHz,Free=2507MB,PLS=0,Temp=32.0C/0.0C,TW=1.60ms,App=14.71ms,GD=0.00ms,CPU&GPU=18.68ms,LCnt=2(DR72,LM2),GPU%=0.97,CPU%=0.20(W0.30),DSF=1.00,CFL=11.66/16.97,ICFLp95=14.80,LD=0,SF=1.50,LP=0,DVFS=0
08-21 09:57:11.455 17656 17685 D SK_rust_Demos: Activate passthrough
08-21 09:57:11.472 17656 17685 I OpenXR_Passthrough: ------------ xrPassthroughStartFB -----------
08-21 09:57:11.472 17656 17685 I OpenXR_Passthrough: ------------ xrPassthroughLayerResumeFB -----------
08-21 09:57:12.011 17656 17750 I ClientSharedTelemetryStats: App memory usage: PSS=550 MiB, PrivateDirty=529 MiB, PrivateClean=11 MiB, GPU=359.9/360.1 MiB (100% allocated)
08-21 09:57:12.011 17656 17750 I VrApi   : FPS=57/72,Prd=40ms,Tear=0,Early=0,Stale=15,Stale2/5/10/max=0/0/0/1,VSnc=1,Lat=-1,Fov=0,CPU4/GPU=3/4,1382/525MHz,OC=FF,TA=0/0/70,SP=N/N/F,Mem=1555MHz,Free=2383MB,PLS=0,Temp=32.0C/0.0C,TW=1.53ms,App=11.69ms,GD=0.00ms,CPU&GPU=18.51ms,LCnt=2(DR72,LM2),GPU%=0.84,CPU%=0.26(W0.44),DSF=1.00,CFL=11.70/17.25,ICFLp95=14.85,LD=0,SF=1.50,LP=0,DVFS=0
08-21 09:57:13.001 17656 17750 I VrApi   : FPS=72/72,Prd=43ms,Tear=0,Early=19,Stale=8,Stale2/5/10/max=0/0/0/1,VSnc=1,Lat=-1,Fov=0,CPU4/GPU=2/4,1382/525MHz,OC=FF,TA=0/0/70,SP=N/N/F,Mem=2092MHz,Free=2383MB,PLS=0,Temp=32.0C/0.0C,TW=1.84ms,App=9.42ms,GD=0.00ms,CPU&GPU=11.76ms,LCnt=3(DR72,LM3),GPU%=0.84,CPU%=0.26(W0.38),DSF=1.00,CFL=11.78/19.75,ICFLp95=17.55,LD=0,SF=1.50,LP=0,DVFS=0
08-21 09:57:14.002 17656 17750 I VrApi   : FPS=72/72,Prd=44ms,Tear=0,Early=58,Stale=0,Stale2/5/10/max=0/0/0/0,VSnc=1,Lat=-1,Fov=0,CPU4/GPU=2/4,1171/525MHz,OC=FF,TA=0/0/70,SP=N/N/F,Mem=2092MHz,Free=2383MB,PLS=0,Temp=32.0C/0.0C,TW=1.85ms,App=9.49ms,GD=0.00ms,CPU&GPU=12.13ms,LCnt=3(DR72,LM3),GPU%=0.84,CPU%=0.22(W0.37),DSF=1.00,CFL=13.18/19.08,ICFLp95=16.84,LD=0,SF=1.50,LP=0,DVFS=0
08-21 09:57:15.002 17656 17750 I VrApi   : FPS=72/72,Prd=39ms,Tear=0,Early=24,Stale=0,Stale2/5/10/max=0/0/0/0,VSnc=1,Lat=-1,Fov=0,CPU4/GPU=2/4,1171/525MHz,OC=FF,TA=0/0/70,SP=N/N/F,Mem=2092MHz,Free=2383MB,PLS=0,Temp=32.0C/0.0C,TW=1.86ms,App=10.62ms,GD=0.00ms,CPU&GPU=12.82ms,LCnt=3(DR72,LM3),GPU%=0.91,CPU%=0.26(W0.40),DSF=1.00,CFL=12.58/18.01,ICFLp95=15.84,LD=0,SF=1.50,LP=0,DVFS=0
08-21 09:57:16.002 17656 17750 I VrApi   : FPS=72/72,Prd=39ms,Tear=0,Early=0,Stale=0,Stale2/5/10/max=0/0/0/0,VSnc=1,Lat=-1,Fov=0,CPU4/GPU=2/4,1171/525MHz,OC=FF,TA=0/0/70,SP=N/N/F,Mem=2092MHz,Free=2383MB,PLS=0,Temp=32.0C/0.0C,TW=1.46ms,App=9.89ms,GD=0.00ms,CPU&GPU=12.85ms,LCnt=3(DR72,LM3),GPU%=0.85,CPU%=0.14(W0.32),DSF=1.00,CFL=12.18/17.46,ICFLp95=15.34,LD=0,SF=1.50,LP=0,DVFS=0
08-21 09:57:16.331 17656 17656 I OpenXR  : nativeOnActivityPaused
08-21 09:57:16.331 17656 17656 D STKit-rs: android_activity::activity_impl::glue: Pause: 0xb4000079d1f2d780
08-21 09:57:16.341 17656 17685 I OpenXR  : PostSessionStateChange: XR_SESSION_STATE_FOCUSED -> XR_SESSION_STATE_VISIBLE
08-21 09:57:16.417 17656 17685 I Deque   : AddEventToQueue called. eventInfo.type: 18, eventInfo.next: 1
08-21 09:57:16.417 17656 17685 I OpenXR  : PostSessionStateChange: XR_SESSION_STATE_VISIBLE -> XR_SESSION_STATE_SYNCHRONIZED
08-21 09:57:16.417 17656 17685 I Deque   : AddEventToQueue called. eventInfo.type: 18, eventInfo.next: 1
08-21 09:57:16.417 17656 17685 I OpenXR  : PostSessionStateChange: XR_SESSION_STATE_SYNCHRONIZED -> XR_SESSION_STATE_STOPPING
08-21 09:57:16.419 17656 17685 I Deque   : AddEventToQueue called. eventInfo.type: 18, eventInfo.next: 1
08-21 09:57:16.419 17656 17685 D SK_rust_Demos: OpenXR state: focused -> visible
08-21 09:57:16.419 17656 17685 D SK_rust_Demos: OpenXR state: visible -> synchronized
08-21 09:57:16.419 17656 17685 D SK_rust_Demos: OpenXR state: synchronized -> stopping
08-21 09:57:16.419 17656 17685 I OpenXR  : ------------ xrEndSession [start] -----------
08-21 09:57:16.419 17656 17685 I XrRuntimeUtils: XrRuntimeUtils::EndSession
08-21 09:57:16.425 17656 17685 I [CT]    : MIXEDREALITY: TREX: Suspending Insight MR session.
08-21 09:57:16.481 17656 17685 I Sensor  : OSSDKTRACKING Shutdown tracking
08-21 09:57:16.482 17656 17685 I VrRuntimeClient: EndSession. Restore the audio capture policy to default value
08-21 09:57:16.482 17656 17685 W ScreenCaptureHelper: setInhibitAudioCapture: Restore audio capture. Init policy: 1
08-21 09:57:16.484 17656 17685 I LogTimer: CPUTIME: VrRuntimeClient_EndSession took 58.8733 ms
08-21 09:57:16.484 17656 17685 I InputDeviceManager: ovrInputDeviceManager::~ovrInputDeviceManager
08-21 09:57:16.485 17656 17685 I OSHandDataQuerier: OSSDKTRACKING shutting down handsTracker_
08-21 09:57:16.485 17656 17685 I OSHandDataQuerier: OSSDKTRACKING shutting down handsTracker_
08-21 09:57:16.485 17656 17685 I InputHooks_Internal: Disabling Native Input Hooks
08-21 09:57:16.490 17656 17749 I ClientInputThread_Internal: InputThreadRun ShutdownRequest received
08-21 09:57:16.490 17656 17685 I ClientInputTrackedKeyboardManager: TRACKEDKEYBOARD ClearTrackedObjectManager called on client
08-21 09:57:16.507 17656 17753 I FenceChecker: FenceChecker::MainLoop - ended
08-21 09:57:16.507 17656 17685 I VrRuntimeClient: PhaseSync Instance deleted
08-21 09:57:16.508 17656 17685 I OpenXR  : PostSessionStateChange: XR_SESSION_STATE_STOPPING -> XR_SESSION_STATE_IDLE
08-21 09:57:16.508 17656 17685 I Deque   : AddEventToQueue called. eventInfo.type: 18, eventInfo.next: 1
08-21 09:57:16.508 17656 17685 I OpenXR  : ------------ xrEndSession [end] -----------
08-21 09:57:16.508 17656 17685 I VrRuntimeClient: Client has gained focus.
08-21 09:57:16.508 17656 17685 D SK_rust_Demos: OpenXR state: stopping -> idle
08-21 09:57:16.509 17656 17685 I SK_rust_Demos: App focus changed to : Hidden
08-21 09:57:16.511 17656 17685 D SK_rust_Demos: Time to sleep
08-21 09:57:16.521 17656 17656 D STKit-rs: android_activity::activity_impl::glue: NativeWindowDestroyed: 0xb4000079d1f2d780 -- 0xb400007917349810
08-21 09:57:16.521 17656 17685 I SK_rust_Demos: SkClosure Suspended !!
08-21 09:57:16.522 17656 17656 D STKit-rs: android_activity::activity_impl::glue: Stop: 0xb4000079d1f2d780
08-21 09:57:16.526 17656 17656 D STKit-rs: android_activity::activity_impl::glue: SaveInstanceState: 0xb4000079d1f2d780
08-21 09:57:16.526 17656 17656 D STKit-rs: android_activity::activity_impl::glue: Saved state = 0x0, len = 0
08-21 09:57:16.708 17656 17656 D STKit-rs: android_activity::activity_impl::glue: WindowFocusChanged: 0xb4000079d1f2d780 -- 0
08-21 09:57:16.792 17656 17718 I [CT]    : SlamAnchorClientRuntimeIPC: Handling rebase for 6 anchors.
08-21 09:57:16.793 17656 17725 I [CT]    : SlamAnchorClientRuntimeIPC: Handling rebase for 6 anchors.
08-21 09:57:24.480 17656 17656 D STKit-rs: android_activity::activity_impl::glue: Start: 0xb4000079d1f2d780
08-21 09:57:24.483 17656 17656 D STKit-rs: android_activity::activity_impl::glue: Resume: 0xb4000079d1f2d780
08-21 09:57:24.484 17656 17728 I OpenXR  : nativeOnActivityReady
08-21 09:57:24.791 17656 17656 D STKit-rs: android_activity::activity_impl::glue: NativeWindowCreated: 0xb4000079d1f2d780 -- 0xb400007917349810
08-21 09:57:24.791 17656 17656 D STKit-rs: android_activity::activity_impl::glue: NativeWindowResized: 0xb4000079d1f2d780 -- 0xb400007917349810
08-21 09:57:24.791 17656 17685 I SK_rust_Demos: Resumed !!
08-21 09:57:24.791 17656 17656 D STKit-rs: android_activity::activity_impl::glue: NativeWindowRedrawNeeded: 0xb4000079d1f2d780 -- 0xb400007917349810
08-21 09:57:24.791 17656 17685 D SK_rust_Demos: Time to wake up
08-21 09:57:24.799 17656 17656 D STKit-rs: android_activity::activity_impl::glue: WindowFocusChanged: 0xb4000079d1f2d780 -- 1
08-21 09:57:24.824 17656 17685 D SK_rust_Demos: Sleeping until OpenXR session wakes
08-21 09:57:24.824 17656 17685 W Telemetry: [OpenXR] Unsupported threadType; 2
08-21 09:57:24.824 17656 17685 D AAudio  : AAudioStream_requestStop(s#1) called
08-21 09:57:24.825 17656 17685 D AAudioStream: setState(s#1) from 4 to 9
08-21 09:57:24.825 17656 17685 D AudioTrack: stop(70): called with 1452576 frames delivered
08-21 09:57:24.825 17656 17685 D AAudioStream: setState(s#1) from 9 to 10
08-21 09:57:24.926 17656 17685 E TREX    : Interface 'MrLightingEstimationInterface', version 1 was not found. Check debug build for more information.
08-21 09:57:24.926 17656 17685 I OpenXR  : PostSessionStateChange: XR_SESSION_STATE_IDLE -> XR_SESSION_STATE_READY
08-21 09:57:24.926 17656 17685 I Deque   : AddEventToQueue called. eventInfo.type: 18, eventInfo.next: 1
08-21 09:57:24.926 17656 17685 D SK_rust_Demos: OpenXR state: idle -> ready
08-21 09:57:24.926 17656 17685 I OpenXR  : ------------ xrBeginSession [start] -----------
08-21 09:57:24.927 17656 17685 I DRR     : DRR is supported: 1
08-21 09:57:24.927 17656 17685 I DRR     : DRR is enabled: 0
08-21 09:57:24.927 17656 17685 I Sensor  : OSSDKTRACKING Initializing controller tracking
08-21 09:57:24.927 17656 17685 I Sensor  : OSSDKTRACKING Controller tracker != nullpointer 0xb4000079d1f3bb30, 1
08-21 09:57:24.929 17656 17685 I DeviceStatus: nativeHeadsetEvent(0)
08-21 09:57:24.929 17656 17685 I VrRuntimeClient: SetCompositorClientFeatureFlag ClientFeatureFlag 0 
08-21 09:57:24.930 17656 17685 I VrRuntimeClient: Mounted state at BeginSession: True
08-21 09:57:24.930 17656 17685 I LogTimer: CPUTIME: VrRuntimeClient_BeginSession took 3.3065 ms
08-21 09:57:24.930 17656 17685 I Distortion: Initializing Mesh Decenter Correction
08-21 09:57:24.931 17656 17685 I Distortion: SetLensPositions - iad=0.068064, left offset=0.00211089,-0.00139587, right offset=-0.00255225,-0.00141104
08-21 09:57:24.931 17656 17685 I Distortion: Initializing Mesh Decenter Correction
08-21 09:57:24.931 17656 17685 I Distortion: SetLensPositions - iad=0.068064, left offset=0.00211089,-0.00139587, right offset=-0.00255225,-0.00141104
08-21 09:57:24.932 17656 17685 I ClientInputSettings: HANDTRACKING: enabled input settings, setting hand mode control settings to ControllersOnly
08-21 09:57:24.932 17656 17685 I ClientInputSettings: HANDTRACKING package name is com.stereokit.rust_binding.demos
08-21 09:57:24.933 17656 17685 I ClientInputSettings: HANDTRACKING: Manifest Permission request for com.stereokit.rust_binding.demos
08-21 09:57:24.934 17656 17685 I ClientInputSettings: HANDTRACKING:  'com.stereokit.rust_binding.demos' Is hands or controller.
08-21 09:57:24.934 17656 17685 I ClientInputSettings: HANDTRACKING: feature flag set to 2
08-21 09:57:24.934 17656 17685 I ClientInputInterface: HANDTRACKING sethandmanifest 2
08-21 09:57:24.934 17656 17685 I InputHooks_Internal: Enabling Native Input Hooks
08-21 09:57:24.935 17656 17685 I InputDeviceManager: ovrInputDeviceManager::Initialize
08-21 09:57:24.935 17656 17685 I [CT]    : HandPosePrediction: Set sampler config enum for v59 30 Hz
08-21 09:57:24.935 17656 17685 I [CT]    : HandPosePrediction: Set sampler config enum for v59 30 Hz
08-21 09:57:24.935 17656 17685 I InputDevice_Hand: BodyPoweredHands checkSysPropForBodyAPIOverride 0
08-21 09:57:24.935 17656 17685 I InputDevice_Hand: BodyPoweredHands checkSysPropForBodyAPIOverride 0
08-21 09:57:24.935 17656 17685 I InputDeviceManager: HANDTRACKING Root pose filter profile changed for freq to 17 from 0  inf: 1
08-21 09:57:24.935 17656 17685 I PhaseSync: PhaseSync::PhaseSync PaddingLowerLimit 0.350000 StandardDeviations 2.000000 PaddingUpperLimit 0.750000 on instance 2
08-21 09:57:24.935 17656 17685 I FrameSync: FrameSync Initialized Instance 3
08-21 09:57:24.935 17656 17685 I VrRuntimeClient: PhaseSync Instance created
08-21 09:57:24.991 17656 17685 I XrRuntimeUtils: XrRuntimeUtils::BeginSession
08-21 09:57:24.991 17656 17685 I XrRuntimeSystem_Client: BeginSession
08-21 09:57:24.991 17656 17685 I [CT]    : MIXEDREALITY: TREX: Resuming Insight MR session.
08-21 09:57:24.993 17656 17685 I OpenXR  : usesManifestForCpuBoost:0
08-21 09:57:24.993 17656 17685 I OpenXR  : ------------ xrBeginSession [end] -----------
08-21 09:57:24.993 17656 17685 D SK_rust_Demos: OpenXR session began.
08-21 09:57:24.993 17656 17685 W OsSdk   : Requested historical tracking state too far in the past; oldest: 6598.917703s, requested: 6590.582811s
08-21 09:57:24.994 17656 17685 D AAudio  : AAudioStream_requestStart(s#1) called --------------
08-21 09:57:24.994 17656 17685 D AAudioStream: setState(s#1) from 10 to 3
08-21 09:57:24.995 17656 17944 I JniUtils: ovr_GetCurrentPackageSignature 
08-21 09:57:24.996 17656 17944 I Metrics : device model = Quest 2
08-21 09:57:24.996 17656 17944 I Telemetry: Aligning telemetry thread time, will wait for: 4 ms...
08-21 09:57:25.001 17656 17944 I Telemetry: Time aligned, interrupted: 0
08-21 09:57:25.024 17656 17685 D AAudio  : AAudioStream_requestStart(s#1) returned 0 ---------
08-21 09:57:25.031 17656 17673 D AudioStreamLegacy: onAudioDeviceUpdate(deviceId = 2)
08-21 09:57:25.033 17656 17755 D AAudioStream: setState(s#1) from 3 to 4
08-21 09:57:25.044 17656 17685 D SK_rust_Demos: Resuming from sleep
08-21 09:57:25.044 17656 17685 I Deque   : AddEventToQueue called. eventInfo.type: 40, eventInfo.next: 1
08-21 09:57:25.044 17656 17685 D SK_rust_Demos: Created local floor app space at an offset of (0,0,0) (0,0,0,1)
08-21 09:57:25.044 17656 17685 D SK_rust_Demos: Bounds updated: 3.6x3.6 at (-0.7,3e-08,-1) (0,0.9,0,0.43)
08-21 09:57:25.046 17656 17685 D SK_rust_Demos: Time to sleep
08-21 09:57:25.320 17656 17718 I [CT]    : SlamAnchorClientRuntimeIPC: Handling rebase for 6 anchors.
08-21 09:57:25.320 17656 17725 I [CT]    : SlamAnchorClientRuntimeIPC: Handling rebase for 6 anchors.
08-21 09:57:25.772 17656 17656 I OpenXR  : nativeOnActivityPaused
08-21 09:57:25.772 17656 17656 D STKit-rs: android_activity::activity_impl::glue: Pause: 0xb4000079d1f2d780
08-21 09:57:25.779 17656 17656 D STKit-rs: android_activity::activity_impl::glue: WindowFocusChanged: 0xb4000079d1f2d780 -- 0
08-21 09:57:26.069 17656 17944 I ClientSharedTelemetryStats: App memory usage: PSS=550 MiB, PrivateDirty=528 MiB, PrivateClean=11 MiB, GPU=359.9/360.1 MiB (100% allocated)
08-21 09:57:26.069 17656 17944 I VrApi   : FPS=72/72,Prd=39ms,Tear=0,Early=0,Stale=0,Stale2/5/10/max=0/0/0/0,VSnc=1,Lat=-1,Fov=0,CPU4/GPU=2/4,1171/525MHz,OC=FF,TA=0/0/F,SP=N/N/N,Mem=2092MHz,Free=2210MB,PLS=0,Temp=32.0C/0.0C,TW=1.46ms,App=10.00ms,GD=0.00ms,CPU&GPU=12.85ms,LCnt=2(DR72,LM2),GPU%=0.21,CPU%=0.24(W0.29),DSF=1.00,CFL=12.06/19.48,ICFLp95=17.91,LD=0,SF=1.50,LP=0,DVFS=0
08-21 09:57:26.069 17656 17944 W Telemetry: [OpenXR] Unsupported threadType; 2
08-21 09:57:26.350 17656 17656 D STKit-rs: android_activity::activity_impl::glue: NativeWindowDestroyed: 0xb4000079d1f2d780 -- 0xb400007917349810
08-21 09:57:26.350 17656 17685 I SK_rust_Demos: SkClosure Suspended !!
08-21 09:57:26.351 17656 17656 D STKit-rs: android_activity::activity_impl::glue: Stop: 0xb4000079d1f2d780
08-21 09:57:26.351 17656 17656 D STKit-rs: android_activity::activity_impl::glue: SaveInstanceState: 0xb4000079d1f2d780
08-21 09:57:26.351 17656 17656 D STKit-rs: android_activity::activity_impl::glue: Saved state = 0x0, len = 0
08-21 09:57:26.730 17656 17656 D STKit-rs: android_activity::activity_impl::glue: Start: 0xb4000079d1f2d780
08-21 09:57:26.731 17656 17656 D STKit-rs: android_activity::activity_impl::glue: Resume: 0xb4000079d1f2d780
08-21 09:57:26.732 17656 17728 I OpenXR  : nativeOnActivityReady
08-21 09:57:26.741 17656 17656 D STKit-rs: android_activity::activity_impl::glue: NativeWindowCreated: 0xb4000079d1f2d780 -- 0xb400007917349810
08-21 09:57:26.741 17656 17656 D STKit-rs: android_activity::activity_impl::glue: NativeWindowResized: 0xb4000079d1f2d780 -- 0xb400007917349810
08-21 09:57:26.741 17656 17685 I SK_rust_Demos: Resumed !!
08-21 09:57:26.742 17656 17656 D STKit-rs: android_activity::activity_impl::glue: NativeWindowRedrawNeeded: 0xb4000079d1f2d780 -- 0xb400007917349810
08-21 09:57:26.742 17656 17685 D SK_rust_Demos: Time to wake up
08-21 09:57:26.747 17656 17685 I VrRuntimeClient: Client has lost focus.
08-21 09:57:26.747 17656 17987 I FenceChecker: FenceChecker::MainLoop - started
08-21 09:57:26.750 17656 17685 I Deque   : AddEventToQueue called. eventInfo.type: 40, eventInfo.next: 1
08-21 09:57:26.750 17656 17685 I OpenXR  : PostSessionStateChange: XR_SESSION_STATE_READY -> XR_SESSION_STATE_SYNCHRONIZED
08-21 09:57:26.750 17656 17685 I Deque   : AddEventToQueue called. eventInfo.type: 18, eventInfo.next: 1
08-21 09:57:26.751 17656 17685 D SK_rust_Demos: Created local floor app space at an offset of (0,0,0) (0,0,0,1)
08-21 09:57:26.751 17656 17685 D SK_rust_Demos: Bounds updated: 3.6x3.6 at (-0.7,-6e-08,-1) (0,0.9,0,0.43)
08-21 09:57:26.751 17656 17685 I OpenXR  : PostSessionStateChange: XR_SESSION_STATE_SYNCHRONIZED -> XR_SESSION_STATE_VISIBLE
08-21 09:57:26.752 17656 17685 I Deque   : AddEventToQueue called. eventInfo.type: 18, eventInfo.next: 1
08-21 09:57:26.752 17656 17685 D SK_rust_Demos: OpenXR state: ready -> synchronized
08-21 09:57:26.753 17656 17685 D SK_rust_Demos: OpenXR state: synchronized -> visible
08-21 09:57:26.753 17656 17656 D STKit-rs: android_activity::activity_impl::glue: WindowFocusChanged: 0xb4000079d1f2d780 -- 1
08-21 09:57:26.753 17656 17685 I SK_rust_Demos: App focus changed to : Background
08-21 09:57:26.754 17656 17685 I AppLoadTimeTelemetryCommon: App load time recorded [packageName=com.stereokit.rust_binding.demos, time=1.773250, method="Unknown", launchType="Resume"]
08-21 09:57:26.755 17656 17685 I VrRuntimeClient: Client has gained focus.
08-21 09:57:26.756 17656 17685 I OpenXR  : PostSessionStateChange: XR_SESSION_STATE_VISIBLE -> XR_SESSION_STATE_FOCUSED
08-21 09:57:26.756 17656 17685 I Deque   : AddEventToQueue called. eventInfo.type: 18, eventInfo.next: 1
08-21 09:57:26.756 17656 17685 D SK_rust_Demos: OpenXR state: visible -> focused
08-21 09:57:26.758 17656 17685 I RuntimeIPCClient [RUNTIMEIPC]: InitServerStateBuffer: SUCCESS. 3, Client: com.stereokit.rust_binding.demos:com.stereokit.rust_binding.demos:17656, Server: com.oculus.systemdriver:com.oculus.vrruntimeservice (HandInputDataServer)
08-21 09:57:26.758 17656 17685 I RuntimeIPCClient [RUNTIMEIPC]: InitServerStateBuffer: SUCCESS. 4, Client: com.stereokit.rust_binding.demos:com.stereokit.rust_binding.demos:17656, Server: com.oculus.systemdriver:com.oculus.vrruntimeservice (HandInputDataServer)
08-21 09:57:26.759 17656 17685 I SK_rust_Demos: App focus changed to : Active
08-21 09:57:26.771 17656 17685 I SK_rust_Demos: sample : Color128 { r: 0.9931878, g: 1.0034212, b: 1.0150255, a: 1.0 } / dominent direction [x:-0.20119436, y:-0.92318374, z:-0.32749438]
08-21 09:57:26.779 17656 17685 I AppLoadTimeTelemetryCommon: App load time recorded [packageName=com.stereokit.rust_binding.demos, time=1.798048, method="Unknown", launchType="Resume"]
08-21 09:57:27.002 17656 17944 I VrApi   : FPS=63/72,Prd=39ms,Tear=0,Early=0,Stale=72,Stale2/5/10/max=0/0/0/0,VSnc=1,Lat=-1,Fov=0,CPU4/GPU=2/4,1478/525MHz,OC=FF,TA=0/0/70,SP=N/N/F,Mem=2092MHz,Free=2210MB,PLS=0,Temp=32.0C/0.0C,TW=1.18ms,App=31.57ms,GD=0.00ms,CPU&GPU=0.00ms,LCnt=1(DR37,LM0),GPU%=0.13,CPU%=0.09(W0.14),DSF=1.00,CFL=14.10/21.80,ICFLp95=18.48,LD=0,SF=1.50,LP=0,DVFS=0
08-21 09:57:28.002 17656 17944 I VrApi   : FPS=74/72,Prd=43ms,Tear=0,Early=0,Stale=70,Stale2/5/10/max=0/0/1/174,VSnc=1,Lat=-1,Fov=0,CPU4/GPU=2/4,1478/525MHz,OC=FF,TA=0/0/70,SP=N/N/F,Mem=2092MHz,Free=2210MB,PLS=0,Temp=32.0C/0.0C,TW=1.87ms,App=10.41ms,GD=0.00ms,CPU&GPU=14.36ms,LCnt=3(DR55,LM3),GPU%=0.94,CPU%=0.18(W0.26),DSF=1.00,CFL=13.98/22.00,ICFLp95=18.36,LD=0,SF=1.50,LP=0,DVFS=0
08-21 09:57:29.002 17656 17944 I VrApi   : FPS=72/72,Prd=40ms,Tear=0,Early=16,Stale=0,Stale2/5/10/max=0/0/0/0,VSnc=1,Lat=-1,Fov=0,CPU4/GPU=2/4,1478/525MHz,OC=FF,TA=0/0/70,SP=N/N/F,Mem=2092MHz,Free=2210MB,PLS=0,Temp=32.0C/0.0C,TW=1.84ms,App=8.07ms,GD=0.00ms,CPU&GPU=11.23ms,LCnt=3(DR72,LM3),GPU%=0.74,CPU%=0.15(W0.30),DSF=1.00,CFL=13.81/19.52,ICFLp95=17.37,LD=0,SF=1.50,LP=0,DVFS=0
08-21 09:57:30.003 17656 17944 I VrApi   : FPS=72/72,Prd=36ms,Tear=0,Early=0,Stale=0,Stale2/5/10/max=0/0/0/0,VSnc=1,Lat=-1,Fov=0,CPU4/GPU=2/4,1478/525MHz,OC=FF,TA=0/0/70,SP=N/N/F,Mem=2092MHz,Free=2210MB,PLS=0,Temp=32.0C/0.0C,TW=1.84ms,App=7.00ms,GD=0.00ms,CPU&GPU=10.57ms,LCnt=3(DR72,LM3),GPU%=0.66,CPU%=0.13(W0.30),DSF=1.00,CFL=12.78/18.73,ICFLp95=16.34,LD=0,SF=1.50,LP=0,DVFS=0
08-21 09:57:31.003 17656 17944 I VrApi   : FPS=72/72,Prd=35ms,Tear=0,Early=0,Stale=0,Stale2/5/10/max=0/0/0/0,VSnc=1,Lat=-1,Fov=0,CPU4/GPU=2/4,1171/525MHz,OC=FF,TA=0/0/70,SP=N/N/F,Mem=1804MHz,Free=2210MB,PLS=0,Temp=32.0C/0.0C,TW=1.82ms,App=6.96ms,GD=0.00ms,CPU&GPU=11.19ms,LCnt=3(DR72,LM3),GPU%=0.65,CPU%=0.28(W0.35),DSF=1.00,CFL=12.44/18.05,ICFLp95=15.64,LD=0,SF=1.50,LP=0,DVFS=0
08-21 09:57:31.033 17656 17937 I AppLoadTimeTelemetryCommon: App load time recorded [packageName=com.stereokit.rust_binding.demos, time=6.052004, method="Input", launchType="Resume"]
08-21 09:57:31.217 17656 17685 D SK_rust_Demos: Closure Thread id : None / ThreadId(2) 
08-21 09:57:31.217 17656 17685 D SK_rust_Demos: Closure Process id : None / 17656 
08-21 09:57:31.229 17656 17685 I SK_rust_Demos: SkClosure LoopExiting !!
08-21 09:57:31.229 17656 17685 I SK_rust_Demos: QuitReason is User
08-21 09:57:31.229 17656 17685 I SK_rust_Demos: SkClosure Exiting !!
08-21 09:57:31.229 17656 17685 I OpenXR_Passthrough: ------------ xrPassthroughLayerPauseFB -----------
08-21 09:57:31.229 17656 17685 I OpenXR_Passthrough: ------------ xrPassthroughPauseFB -----------
08-21 09:57:31.229 17656 17685 I OpenXR_Passthrough: ------------ xrDestroyPassthroughLayerFB -----------
08-21 09:57:31.229 17656 17685 I OpenXR_Passthrough: xrDestroyPassthroughLayerFB: Destroyed Insight MR layer
08-21 09:57:31.229 17656 17685 I OpenXR_Passthrough: ------------ xrDestroyPassthroughFB -----------
08-21 09:57:31.230 17656 17685 E [CT]    : MRAPI: Passthrough feature pause failed with error code: -5
08-21 09:57:31.230 17656 17685 I OpenXR_Passthrough: xrDestroyPassthroughFB: Destroyed Insight MR Passthrough Feature
08-21 09:57:31.231 17656 17685 I OpenXR_Hands: ------------ xrDestroyHandTrackerEXT -----------
08-21 09:57:31.231 17656 17685 I OpenXR_Hands: ------------ xrDestroyHandTrackerEXT -----------
08-21 09:57:31.234 17656 17685 D AAudio  : AAudioStream_close(s#1) called ---------------
08-21 09:57:31.234 17656 17685 D AAudioStream: setState(s#1) from 4 to 11
08-21 09:57:31.234 17656 17685 D AudioTrack: stop(70): called with 299136 frames delivered
08-21 09:57:31.235 17656 17685 D AAudioStream: setState(s#1) from 11 to 12
08-21 09:57:31.235 17656 17685 D AAudioStream: ~AudioStream(s#1) mPlayerBase strongCount = 2
08-21 09:57:31.235 17656 17685 D AAudio  : AAudioStream_close(s#1) returned 0 ---------
08-21 09:57:31.241 17656 17685 I OpenXR_GPUMemTrace: Swapchain deletion destroy id=511, idx=0
08-21 09:57:31.241 17656 17685 I OpenXR_GPUMemTrace: Swapchain deletion destroy id=511, idx=1
08-21 09:57:31.241 17656 17685 I OpenXR_GPUMemTrace: Swapchain deletion destroy id=511, idx=2
08-21 09:57:31.243 17656 17685 I OpenXR_GPUMemTrace: Swapchain deletion destroy id=512, idx=0
08-21 09:57:31.243 17656 17685 I OpenXR_GPUMemTrace: Swapchain deletion destroy id=512, idx=1
08-21 09:57:31.243 17656 17685 I OpenXR_GPUMemTrace: Swapchain deletion destroy id=512, idx=2
08-21 09:57:31.244 17656 17685 V OpenXR-Loader: Verbose [GENERAL | xrDestroyDebugUtilsMessengerEXT | OpenXR-Loader] : Entering loader trampoline
08-21 09:57:31.244 17656 17685 V OpenXR-Loader: Verbose [GENERAL | xrDestroyDebugUtilsMessengerEXT | OpenXR-Loader] : Entering loader terminator
08-21 09:57:31.244 17656 17685 V OpenXR-Loader: Verbose [GENERAL | xrDestroyDebugUtilsMessengerEXT | OpenXR-Loader] : Completed loader terminator
08-21 09:57:31.244 17656 17685 V OpenXR-Loader: Verbose [GENERAL | xrDestroyDebugUtilsMessengerEXT | OpenXR-Loader] : Completed loader trampoline
08-21 09:57:31.244 17656 17685 I OpenXR  : ------------ xrDestroySession [start] -----------
08-21 09:57:31.244 17656 17685 W Telemetry: [OpenXR] xrDestroySession: Session is in running state.; 
08-21 09:57:31.244 17656 17685 I XrRuntimeUtils: XrRuntimeUtils::EndSession
08-21 09:57:31.248 17656 17685 I [CT]    : MIXEDREALITY: TREX: Suspending Insight MR session.
08-21 09:57:31.250 17656 17685 I Sensor  : OSSDKTRACKING Shutdown tracking
08-21 09:57:31.250 17656 17685 I VrRuntimeClient: EndSession. Restore the audio capture policy to default value
08-21 09:57:31.250 17656 17685 I LogTimer: CPUTIME: VrRuntimeClient_EndSession took 1.0127 ms
08-21 09:57:31.250 17656 17685 I InputDeviceManager: ovrInputDeviceManager::~ovrInputDeviceManager
08-21 09:57:31.251 17656 17685 I OSHandDataQuerier: OSSDKTRACKING shutting down handsTracker_
08-21 09:57:31.251 17656 17685 I OSHandDataQuerier: OSSDKTRACKING shutting down handsTracker_
08-21 09:57:31.251 17656 17685 I InputHooks_Internal: Disabling Native Input Hooks
08-21 09:57:31.260 17656 17937 I ClientInputThread_Internal: InputThreadRun ShutdownRequest received
08-21 09:57:31.260 17656 17685 I ClientInputTrackedKeyboardManager: TRACKEDKEYBOARD ClearTrackedObjectManager called on client
08-21 09:57:31.267 17656 17987 I FenceChecker: FenceChecker::MainLoop - ended
08-21 09:57:31.267 17656 17685 I VrRuntimeClient: PhaseSync Instance deleted
08-21 09:57:31.267 17656 17685 I XrRuntimeUtils: XrRuntimeUtils::DestroySession
08-21 09:57:31.268 17656 17685 I VulkanLoaderAndroid: ovrVulkanLoader::Unload
08-21 09:57:31.268 17656 17685 I AudioCapture: AudioCapture::Shutdown
08-21 09:57:31.268 17656 17685 I AudioCapture: AudioCapture::StopAudioConsumerThread
08-21 09:57:31.268 17656 17685 I AudioCapture: AudioCapture::StopAudioConsumerThread COMPLETE
08-21 09:57:31.268 17656 17685 I AudioCapture: AudioCapture::Shutdown COMPLETE
08-21 09:57:31.268 17656 17685 I VrGuardianClient: Shutdown
08-21 09:57:31.268 17656 17685 I RuntimeIPCClient [RUNTIMEIPC]: Shutdown: 1, Client: com.stereokit.rust_binding.demos:com.stereokit.rust_binding.demos:17656, Server: com.oculus.guardian:com.oculus.vrguardianservice (guardianserver)
08-21 09:57:31.268 17656 17685 I RuntimeIPCClient [RUNTIMEIPC]: ReleaseRef: Remaining refs: 0, Client: com.stereokit.rust_binding.demos:com.stereokit.rust_binding.demos:17656, Server: com.oculus.guardian:com.oculus.vrguardianservice (guardianserver)
08-21 09:57:31.268 17656 17685 I RuntimeIPCClient [RUNTIMEIPC]: DisconnectFromServer: 0, Client: com.stereokit.rust_binding.demos:com.stereokit.rust_binding.demos:17656, Server: com.oculus.guardian:com.oculus.vrguardianservice (guardianserver)
08-21 09:57:31.269 17656 17739 I ThreadHelpers [RUNTIMEIPC]: RuntimeIPC::ThreadHelpers::SetState: threadName: JobPoolWorker, currentState: STATE_STOPPING, newState: STATE_STOPPED
08-21 09:57:31.269 17656 17685 I FaceEyeTrackingClientManager: [FaceEyeTrackingManager] FaceEyeTrackingClientManager Shutdown.
08-21 09:57:31.269 17656 17685 I VrRuntimeClient: Restore the audio capture policy to default value
08-21 09:57:31.269 17656 17685 I LogTimer: CPUTIME: VrRuntimeClient_Shutdown took 0.8516 ms
08-21 09:57:31.269 17656 17685 I VrRuntimeClient: ServiceDisconnected
08-21 09:57:31.269 17656 17685 I RuntimeIPCClient [RUNTIMEIPC]: Shutdown: 1, Client: com.stereokit.rust_binding.demos:com.stereokit.rust_binding.demos:17656, Server: com.oculus.systemdriver:com.oculus.vrruntimeservice (RuntimeServiceServer)
08-21 09:57:31.269 17656 17685 I RuntimeIPCClient [RUNTIMEIPC]: ReleaseRef: Remaining refs: 0, Client: com.stereokit.rust_binding.demos:com.stereokit.rust_binding.demos:17656, Server: com.oculus.systemdriver:com.oculus.vrruntimeservice (RuntimeServiceServer)
08-21 09:57:31.269 17656 17735 I ThreadHelpers [RUNTIMEIPC]: RuntimeIPC::ThreadHelpers::SetState: threadName: RIPCNotifThread, currentState: STATE_STOPPING, newState: STATE_STOPPED
08-21 09:57:31.269 17656 17734 I ThreadHelpers [RUNTIMEIPC]: RuntimeIPC::ThreadHelpers::SetState: threadName: JobPoolWorker, currentState: STATE_STOPPING, newState: STATE_STOPPED
08-21 09:57:31.269 17656 17685 I RuntimeIPCClient [RUNTIMEIPC]: DisconnectFromServer: 0, Client: com.stereokit.rust_binding.demos:com.stereokit.rust_binding.demos:17656, Server: com.oculus.systemdriver:com.oculus.vrruntimeservice (RuntimeServiceServer)
08-21 09:57:31.270 17656 17732 I ThreadHelpers [RUNTIMEIPC]: RuntimeIPC::ThreadHelpers::SetState: threadName: JobPoolWorker, currentState: STATE_STOPPING, newState: STATE_STOPPED
08-21 09:57:31.270 17656 17685 I RuntimeIPCClient [RUNTIMEIPC]: Shutdown: 1, Client: com.stereokit.rust_binding.demos:com.stereokit.rust_binding.demos:17656, Server: com.oculus.vrshell:com.oculus.vrshell (ptkserviceserver)
08-21 09:57:31.270 17656 17685 I RuntimeIPCClient [RUNTIMEIPC]: ReleaseRef: Remaining refs: 0, Client: com.stereokit.rust_binding.demos:com.stereokit.rust_binding.demos:17656, Server: com.oculus.vrshell:com.oculus.vrshell (ptkserviceserver)
08-21 09:57:31.270 17656 17685 I RuntimeIPCClient [RUNTIMEIPC]: DisconnectFromServer: 0, Client: com.stereokit.rust_binding.demos:com.stereokit.rust_binding.demos:17656, Server: com.oculus.vrshell:com.oculus.vrshell (ptkserviceserver)
08-21 09:57:31.270 17656 17736 I ThreadHelpers [RUNTIMEIPC]: RuntimeIPC::ThreadHelpers::SetState: threadName: JobPoolWorker, currentState: STATE_STOPPING, newState: STATE_STOPPED
08-21 09:57:31.271 17656 17685 I OpenXR  : ------------ xrDestroySession [end] -----------
08-21 09:57:31.271 17656 17685 V OpenXR-Loader: Verbose [GENERAL | xrDestroyInstance | OpenXR-Loader] : Entering loader trampoline
08-21 09:57:31.271 17656 17685 V OpenXR-Loader: Verbose [GENERAL | xrDestroyInstance | OpenXR-Loader] : Entering loader terminator
08-21 09:57:31.271 17656 17685 I OpenXR  : ------------ xrDestroyInstance [start] -----------
08-21 09:57:31.271 17656 17685 I TREX    : Shutting down system...
08-21 09:57:31.271 17656 17685 I RuntimeIPCClient [RUNTIMEIPC]: Shutdown: 1, Client: com.stereokit.rust_binding.demos:com.stereokit.rust_binding.demos:17656, Server: com.oculus.systemdriver:com.oculus.vrruntimeservice (HapticsServer)
08-21 09:57:31.271 17656 17685 I RuntimeIPCClient [RUNTIMEIPC]: ReleaseRef: Remaining refs: 0, Client: com.stereokit.rust_binding.demos:com.stereokit.rust_binding.demos:17656, Server: com.oculus.systemdriver:com.oculus.vrruntimeservice (HapticsServer)
08-21 09:57:31.271 17656 17685 I RuntimeIPCClient [RUNTIMEIPC]: DisconnectFromServer: 0, Client: com.stereokit.rust_binding.demos:com.stereokit.rust_binding.demos:17656, Server: com.oculus.systemdriver:com.oculus.vrruntimeservice (HapticsServer)
08-21 09:57:31.272 17656 17707 I ThreadHelpers [RUNTIMEIPC]: RuntimeIPC::ThreadHelpers::SetState: threadName: JobPoolWorker, currentState: STATE_STOPPING, newState: STATE_STOPPED
08-21 09:57:31.272 17656 17685 I RuntimeIPCClient [RUNTIMEIPC]: Shutdown: 1, Client: com.stereokit.rust_binding.demos:com.stereokit.rust_binding.demos:17656, Server: com.oculus.systemdriver:com.oculus.vrruntimeservice (HandInputDataServer)
08-21 09:57:31.272 17656 17685 I RuntimeIPCClient [RUNTIMEIPC]: ReleaseRef: Remaining refs: 0, Client: com.stereokit.rust_binding.demos:com.stereokit.rust_binding.demos:17656, Server: com.oculus.systemdriver:com.oculus.vrruntimeservice (HandInputDataServer)
08-21 09:57:31.272 17656 17685 I RuntimeIPCClient [RUNTIMEIPC]: DisconnectFromServer: 0, Client: com.stereokit.rust_binding.demos:com.stereokit.rust_binding.demos:17656, Server: com.oculus.systemdriver:com.oculus.vrruntimeservice (HandInputDataServer)
08-21 09:57:31.272 17656 17709 I ThreadHelpers [RUNTIMEIPC]: RuntimeIPC::ThreadHelpers::SetState: threadName: JobPoolWorker, currentState: STATE_STOPPING, newState: STATE_STOPPED
08-21 09:57:31.272 17656 17685 I RuntimeIPCClient [RUNTIMEIPC]: Shutdown: 1, Client: com.stereokit.rust_binding.demos:com.stereokit.rust_binding.demos:17656, Server: com.oculus.systemdriver:com.oculus.vrruntimeservice (ControllerIPCServer)
08-21 09:57:31.272 17656 17685 I RuntimeIPCClient [RUNTIMEIPC]: ReleaseRef: Remaining refs: 0, Client: com.stereokit.rust_binding.demos:com.stereokit.rust_binding.demos:17656, Server: com.oculus.systemdriver:com.oculus.vrruntimeservice (ControllerIPCServer)
08-21 09:57:31.272 17656 17685 I RuntimeIPCClient [RUNTIMEIPC]: DisconnectFromServer: 0, Client: com.stereokit.rust_binding.demos:com.stereokit.rust_binding.demos:17656, Server: com.oculus.systemdriver:com.oculus.vrruntimeservice (ControllerIPCServer)
08-21 09:57:31.273 17656 17711 I ThreadHelpers [RUNTIMEIPC]: RuntimeIPC::ThreadHelpers::SetState: threadName: JobPoolWorker, currentState: STATE_STOPPING, newState: STATE_STOPPED
08-21 09:57:31.273 17656 17685 I [CT]    : SP:TREX:SpatialPersistencePlugin: SpatialPersistencePlugin::trex_Shutdown called for client 1795390437433023250.
08-21 09:57:31.273 17656 17685 I RuntimeIPCClient [RUNTIMEIPC]: Shutdown: 1, Client: com.stereokit.rust_binding.demos:com.stereokit.rust_binding.demos:17656, Server: native_process.system:/system_ext/bin/trackingservice (SlamAnchorServer)
08-21 09:57:31.273 17656 17685 I RuntimeIPCClient [RUNTIMEIPC]: ReleaseRef: Remaining refs: 0, Client: com.stereokit.rust_binding.demos:com.stereokit.rust_binding.demos:17656, Server: native_process.system:/system_ext/bin/trackingservice (SlamAnchorServer)
08-21 09:57:31.273 17656 17685 I ThreadHelpers [RUNTIMEIPC]: RuntimeIPC::ThreadHelpers::SetState: threadName: JobPoolWorker, currentState: STATE_STOPPED, newState: STATE_STARTING
08-21 09:57:31.273 17656 18018 I ThreadHelpers [RUNTIMEIPC]: RuntimeIPC::ThreadHelpers::SetState: threadName: JobPoolWorker, currentState: STATE_STARTING, newState: STATE_RUNNING
08-21 09:57:31.273 17656 17725 I ThreadHelpers [RUNTIMEIPC]: RuntimeIPC::ThreadHelpers::SetState: threadName: RIPCNotifThread, currentState: STATE_STOPPING, newState: STATE_STOPPED
08-21 09:57:31.273 17656 18018 I ThreadHelpers [RUNTIMEIPC]: RuntimeIPC::ThreadHelpers::SetState: threadName: JobPoolWorker, currentState: STATE_STOPPING, newState: STATE_STOPPED
08-21 09:57:31.273 17656 17685 I RuntimeIPCClient [RUNTIMEIPC]: DisconnectFromServer: 0, Client: com.stereokit.rust_binding.demos:com.stereokit.rust_binding.demos:17656, Server: native_process.system:/system_ext/bin/trackingservice (SlamAnchorServer)
08-21 09:57:31.274 17656 17721 I ThreadHelpers [RUNTIMEIPC]: RuntimeIPC::ThreadHelpers::SetState: threadName: JobPoolWorker, currentState: STATE_STOPPING, newState: STATE_STOPPED
08-21 09:57:31.274 17656 17685 I RuntimeIPCClient [RUNTIMEIPC]: Shutdown: 1, Client: com.stereokit.rust_binding.demos:com.stereokit.rust_binding.demos:17656, Server: native_process.system:/system_ext/bin/trackingservice (SlamAnchorServer)
08-21 09:57:31.274 17656 17685 I RuntimeIPCClient [RUNTIMEIPC]: ReleaseRef: Remaining refs: 0, Client: com.stereokit.rust_binding.demos:com.stereokit.rust_binding.demos:17656, Server: native_process.system:/system_ext/bin/trackingservice (SlamAnchorServer)
08-21 09:57:31.274 17656 17685 I ThreadHelpers [RUNTIMEIPC]: RuntimeIPC::ThreadHelpers::SetState: threadName: JobPoolWorker, currentState: STATE_STOPPED, newState: STATE_STARTING
08-21 09:57:31.274 17656 18019 I ThreadHelpers [RUNTIMEIPC]: RuntimeIPC::ThreadHelpers::SetState: threadName: JobPoolWorker, currentState: STATE_STARTING, newState: STATE_RUNNING
08-21 09:57:31.274 17656 17718 I ThreadHelpers [RUNTIMEIPC]: RuntimeIPC::ThreadHelpers::SetState: threadName: RIPCNotifThread, currentState: STATE_STOPPING, newState: STATE_STOPPED
08-21 09:57:31.274 17656 18019 I ThreadHelpers [RUNTIMEIPC]: RuntimeIPC::ThreadHelpers::SetState: threadName: JobPoolWorker, currentState: STATE_STOPPING, newState: STATE_STOPPED
08-21 09:57:31.275 17656 17685 I RuntimeIPCClient [RUNTIMEIPC]: DisconnectFromServer: 0, Client: com.stereokit.rust_binding.demos:com.stereokit.rust_binding.demos:17656, Server: native_process.system:/system_ext/bin/trackingservice (SlamAnchorServer)
08-21 09:57:31.275 17656 17715 I ThreadHelpers [RUNTIMEIPC]: RuntimeIPC::ThreadHelpers::SetState: threadName: JobPoolWorker, currentState: STATE_STOPPING, newState: STATE_STOPPED
08-21 09:57:31.275 17656 17685 I RuntimeIPCClient [RUNTIMEIPC]: Shutdown: 1, Client: com.stereokit.rust_binding.demos:com.stereokit.rust_binding.demos:17656, Server: com.oculus.systemdriver:com.oculus.vrruntimeservice (DynamicObjectTrackingServer)
08-21 09:57:31.275 17656 17685 I RuntimeIPCClient [RUNTIMEIPC]: ReleaseRef: Remaining refs: 0, Client: com.stereokit.rust_binding.demos:com.stereokit.rust_binding.demos:17656, Server: com.oculus.systemdriver:com.oculus.vrruntimeservice (DynamicObjectTrackingServer)
08-21 09:57:31.275 17656 17685 I RuntimeIPCClient [RUNTIMEIPC]: DisconnectFromServer: 0, Client: com.stereokit.rust_binding.demos:com.stereokit.rust_binding.demos:17656, Server: com.oculus.systemdriver:com.oculus.vrruntimeservice (DynamicObjectTrackingServer)
08-21 09:57:31.275 17656 17719 I ThreadHelpers [RUNTIMEIPC]: RuntimeIPC::ThreadHelpers::SetState: threadName: JobPoolWorker, currentState: STATE_STOPPING, newState: STATE_STOPPED
08-21 09:57:31.276 17656 17685 D t_binding.demo: memorybroker::ClientConnection dtor
08-21 09:57:31.276 17656 17685 D t_binding.demo: memorybroker::ClientConnection unregistered
08-21 09:57:31.277 17656 17685 E [CT]    : SP:AF:InsightAnchorApi: DestroySession session is invalid.
08-21 09:57:31.277 17656 17685 E [CT]    : SP:AF:InsightAnchorApi: DestroySession session is invalid.
08-21 09:57:31.277 17656 17685 I [CT]    : MIXEDREALITY: TREX: Shutting down Insight MR plugin.
08-21 09:57:31.277 17656 17685 I RuntimeIPCClient [RUNTIMEIPC]: Shutdown: 1, Client: com.stereokit.rust_binding.demos:com.stereokit.rust_binding.demos:17656, Server: : (MrServiceIPCServer)
08-21 09:57:31.277 17656 17685 I RuntimeIPCClient [RUNTIMEIPC]: ReleaseRef: Remaining refs: 0, Client: com.stereokit.rust_binding.demos:com.stereokit.rust_binding.demos:17656, Server: : (MrServiceIPCServer)
08-21 09:57:31.277 17656 17685 I ThreadHelpers [RUNTIMEIPC]: RuntimeIPC::ThreadHelpers::SetState: threadName: JobPoolWorker, currentState: STATE_STOPPED, newState: STATE_STARTING
08-21 09:57:31.277 17656 18020 I ThreadHelpers [RUNTIMEIPC]: RuntimeIPC::ThreadHelpers::SetState: threadName: JobPoolWorker, currentState: STATE_STARTING, newState: STATE_RUNNING
08-21 09:57:31.277 17656 17775 I ThreadHelpers [RUNTIMEIPC]: RuntimeIPC::ThreadHelpers::SetState: threadName: RIPCNotifThread, currentState: STATE_STOPPING, newState: STATE_STOPPED
08-21 09:57:31.277 17656 18020 I ThreadHelpers [RUNTIMEIPC]: RuntimeIPC::ThreadHelpers::SetState: threadName: JobPoolWorker, currentState: STATE_STOPPING, newState: STATE_STOPPED
08-21 09:57:31.277 17656 17685 I RuntimeIPCClient [RUNTIMEIPC]: DisconnectFromServer: 0, Client: com.stereokit.rust_binding.demos:com.stereokit.rust_binding.demos:17656, Server: : (MrServiceIPCServer)
08-21 09:57:31.278 17656 17773 I ThreadHelpers [RUNTIMEIPC]: RuntimeIPC::ThreadHelpers::SetState: threadName: JobPoolWorker, currentState: STATE_STOPPING, newState: STATE_STOPPED
08-21 09:57:31.278 17656 17685 I TREX    : Shutting down interface manager.
08-21 09:57:31.279 17656 17685 I OpenXR  : ------------ xrDestroyInstance [end]-----------
08-21 09:57:31.279 17656 17685 V OpenXR-Loader: Verbose [GENERAL | xrDestroyInstance | OpenXR-Loader] : Completed loader terminator
08-21 09:57:31.279 17656 17685 I OpenXR-Loader: Info [GENERAL | xrDestroyInstance | OpenXR-Loader] : Destroying LoaderInstance = 0xb4000079d1efdac0
08-21 09:57:31.279 17656 17685 V OpenXR-Loader: Verbose [GENERAL | xrDestroyInstance | OpenXR-Loader] : Completed loader trampoline
08-21 09:57:31.279 17656 17685 I OpenXR-Loader: Info [GENERAL | xrDestroyInstance | OpenXR-Loader] : RuntimeInterface::UnloadRuntime - Unloading RuntimeInterface
08-21 09:57:31.279 17656 17685 I OpenXR-Loader: Info [GENERAL |  | OpenXR-Loader] : RuntimeInterface being destroyed.
08-21 09:57:31.334 17656 17685 I SK_rust_Demos: Session Performance Report:
08-21 09:57:31.334 17656 17685 I SK_rust_Demos: ______________________________________________________
08-21 09:57:31.334 17656 17685 I SK_rust_Demos: |         System | Initialize |     Step |  Shutdown |
08-21 09:57:31.334 17656 17685 I SK_rust_Demos: |________________|____________|__________|___________|
08-21 09:57:31.334 17656 17685 I SK_rust_Demos: |       Defaults |   461.35ms |          |    1.70ms |
08-21 09:57:31.334 17656 17685 I SK_rust_Demos: |     FrameBegin |            |  0.532ms |           |
08-21 09:57:31.334 17656 17685 I SK_rust_Demos: |          Input |     0.27ms |          |    0.10ms |
08-21 09:57:31.334 17656 17685 I SK_rust_Demos: |       Renderer |     0.10ms |  0.002ms |    0.18ms |
08-21 09:57:31.334 17656 17685 I SK_rust_Demos: |             UI |    10.55ms |  0.046ms |    0.27ms |
08-21 09:57:31.334 17656 17685 I SK_rust_Demos: |       Platform |   393.99ms |          |   93.11ms |
08-21 09:57:31.334 17656 17685 I SK_rust_Demos: |            App |   249.74ms |  7.637ms |           |
08-21 09:57:31.334 17656 17685 I SK_rust_Demos: |      Animation |            |  0.001ms |    0.00ms |
08-21 09:57:31.334 17656 17685 I SK_rust_Demos: |          Tools |     0.23ms |  0.002ms |    0.13ms |
08-21 09:57:31.335 17656 17685 I SK_rust_Demos: |          Lines |     0.02ms |  0.029ms |    0.01ms |
08-21 09:57:31.335 17656 17685 I SK_rust_Demos: |        Sprites |     0.04ms |  0.000ms |    0.01ms |
08-21 09:57:31.335 17656 17685 I SK_rust_Demos: |           Text |            |  0.048ms |    0.18ms |
08-21 09:57:31.335 17656 17685 I SK_rust_Demos: |         UILate |            |  0.006ms |           |
08-21 09:57:31.335 17656 17685 I SK_rust_Demos: |          World |     0.08ms |  0.001ms |    0.01ms |
08-21 09:57:31.335 17656 17685 I SK_rust_Demos: |    FrameRender |            |  2.491ms |           |
08-21 09:57:31.335 17656 17685 I SK_rust_Demos: |         Assets |    92.39ms |  0.007ms |    0.29ms |
08-21 09:57:31.335 17656 17685 I SK_rust_Demos: |          Audio |    70.74ms |  0.011ms |    6.64ms |
08-21 09:57:31.335 17656 17685 I SK_rust_Demos: |________________|____________|__________|___________|
08-21 09:57:31.340 17656 17685 I VulkanLoaderAndroid: ovrVulkanLoader::Unload
08-21 09:57:31.365 17656 17685 I BpBinder: onLastStrongRef automatically unlinking death recipients: <uncached descriptor>
08-21 09:57:31.365 17656 17685 I BpBinder: onLastStrongRef automatically unlinking death recipients: <uncached descriptor>
08-21 09:57:31.366 17656 17685 I BpBinder: onLastStrongRef automatically unlinking death recipients: <uncached descriptor>