84308692 lib/arm64-v8a/libmain.so (OK)
129277456 lib/arm64-v8a/libc++_shared.so (OK)
Verification succesful
Signing `/home/mv/dvlt/abacaba/stereokit-rust/target/debug/apk/examples/main.apk` with keystore `/home/mv/.android/debug.keystore`
Performing Incremental Install
Serving...
All files should be loaded. Notifying the device.
Success
Install command complete in 2887 ms
Starting: Intent { act=android.intent.action.MAIN cmp=com.stereokit.rust_binding.demos/android.app.NativeActivity }
Status: ok
LaunchState: UNKNOWN (0)
Activity: com.stereokit.rust_binding.demos/android.app.NativeActivity
WaitTime: 3019
Complete
Launched with PID 14015
--------- beginning of main
08-22 18:28:03.254 14015 14015 I t_binding.demo: Late-enabling -Xcheck:jni
08-22 18:28:03.292 14015 14015 D CompatibilityChangeReporter: Compat change id reported: 171979766; UID 10153; state: ENABLED
08-22 18:28:03.306 14015 14015 W System  : ClassLoader referenced unknown path: 
08-22 18:28:03.311 14015 14015 V GraphicsEnvironment: Lazy GPU memory allocation for 'com.stereokit.rust_binding.demos': false
08-22 18:28:03.311 14015 14015 V GraphicsEnvironment: ANGLE Developer option for 'com.stereokit.rust_binding.demos' set to: 'default'
08-22 18:28:03.312 14015 14015 V GraphicsEnvironment: ANGLE GameManagerService for com.stereokit.rust_binding.demos: false
08-22 18:28:03.312 14015 14015 V GraphicsEnvironment: Neither updatable production driver nor prerelease driver is supported.
08-22 18:28:03.312 14015 14015 D CompatibilityChangeReporter: Compat change id reported: 175409949; UID 10153; state: DISABLED
08-22 18:28:03.312 14015 14015 D CompatibilityChangeReporter: Compat change id reported: 175409951; UID 10153; state: ENABLED
08-22 18:28:03.313 14015 14015 D CompatibilityChangeReporter: Compat change id reported: 175409956; UID 10153; state: DISABLED
08-22 18:28:03.314 14015 14015 D CompatibilityChangeReporter: Compat change id reported: 175409950; UID 10153; state: DISABLED
08-22 18:28:03.314 14015 14015 D NetworkSecurityConfig: No Network Security Config specified, using platform default
08-22 18:28:03.314 14015 14015 D CompatibilityChangeReporter: Compat change id reported: 175409952; UID 10153; state: DISABLED
08-22 18:28:03.314 14015 14015 D NetworkSecurityConfig: No Network Security Config specified, using platform default
08-22 18:28:03.320 14015 14015 W ActivityThread: Activity launched with neither volumetric_token nor volumetric_window_id
08-22 18:28:03.322 14015 14015 I VrosSpatialAudio: init with null
08-22 18:28:03.337 14015 14040 D StereoKit: MainEvent Start 
08-22 18:28:03.337 14015 14015 D STKit-rs: android_activity::activity_impl::glue: Resume: 0xb40000724db6a8c0
08-22 18:28:03.338 14015 14040 D StereoKit: MainEvent Resume { loader: StateLoader { app: AndroidAppInner { jvm: CloneJavaVM { jvm: JavaVM(0xb40000724d9e2380) }, native_activity: NativeActivityGlue { inner: WaitableNativeActivityState { activity: 0xb40000724db6a8c0, mutex: Mutex { data: NativeActivityState { msg_read: 62, msg_write: 63, config: Configuration { mcc: 0, mnc: None, lang: Some("fr"), country: Some("FR"), orientation: Land, touchscreen: NoTouch, density: Some(290), keyboard: NoKeys, navigation: NoNav, keys_hidden: Soft, nav_hidden: Any, sdk_version: 32, screen_size: XLarge, screen_long: Yes, ui_mode_type: Normal, ui_mode_night: Yes }, saved_state: [], input_queue: 0x0, window: None, content_rect: ARect { left: 0, top: 0, right: 0, bottom: 0 }, activity_state: Resume, destroy_requested: false, thread_state: Running, app_has_saved_state: false, destroyed: false, redraw_needed: false, pending_input_queue: 0x0, pending_window: None }, poisoned: false, .. }, cond: Condvar { .. } } }, looper: Looper { ptr: 0xb40000724d9dbd40 }, key_map_binding: 
08-22 18:28:03.339 14015 14015 D CompatibilityChangeReporter: Compat change id reported: 175409955; UID 10153; state: DISABLED
08-22 18:28:03.340 14015 14015 D CompatibilityChangeReporter: Compat change id reported: 175409954; UID 10153; state: DISABLED
08-22 18:28:03.342 14015 14015 D STKit-rs: android_activity::activity_impl::glue: InputQueueCreated: 0xb40000724db6a8c0 -- 0xb40000724db90200
08-22 18:28:03.343 14015 14015 D STKit-rs: android_activity::activity_impl::glue: Pause: 0xb40000724db6a8c0
08-22 18:28:03.343 14015 14040 D StereoKit: MainEvent Pause 
08-22 18:28:03.361 14015 14015 D STKit-rs: android_activity::activity_impl::glue: ContentRectChanged: 0xb40000724db6a8c0 -- 0x7fca0fe348
08-22 18:28:03.361 14015 14040 D StereoKit: MainEvent ContentRectChanged 
08-22 18:28:03.361 14015 14015 D STKit-rs: android_activity::activity_impl::glue: Stop: 0xb40000724db6a8c0
08-22 18:28:03.361 14015 14040 D StereoKit: MainEvent Stop 
08-22 18:28:03.362 14015 14015 D STKit-rs: android_activity::activity_impl::glue: SaveInstanceState: 0xb40000724db6a8c0
08-22 18:28:03.362 14015 14040 D StereoKit: MainEvent SaveState { saver: StateSaver { app: AndroidAppInner { jvm: CloneJavaVM { jvm: JavaVM(0xb40000724d9e2380) }, native_activity: NativeActivityGlue { inner: WaitableNativeActivityState { activity: 0xb40000724db6a8c0, mutex: Mutex { data: NativeActivityState { msg_read: 62, msg_write: 63, config: Configuration { mcc: 0, mnc: None, lang: Some("fr"), country: Some("FR"), orientation: Land, touchscreen: NoTouch, density: Some(290), keyboard: NoKeys, navigation: NoNav, keys_hidden: Soft, nav_hidden: Any, sdk_version: 32, screen_size: XLarge, screen_long: Yes, ui_mode_type: Normal, ui_mode_night: Yes }, saved_state: [], input_queue: 0xb40000724db90200, window: None, content_rect: ARect { left: 0, top: 0, right: 3664, bottom: 1920 }, activity_state: Stop, destroy_requested: false, thread_state: Running, app_has_saved_state: false, destroyed: false, redraw_needed: false, pending_input_queue: 0x0, pending_window: None }, poisoned: false, .. }, cond: Condvar { .. } } }, looper: Looper { ptr: 0xb40000724d9dbd40 
08-22 18:28:03.362 14015 14015 D STKit-rs: android_activity::activity_impl::glue: Saved state = 0x0, len = 0
08-22 18:28:07.538 14015 14015 D STKit-rs: android_activity::activity_impl::glue: Start: 0xb40000724db6a8c0
08-22 18:28:07.539 14015 14040 D StereoKit: MainEvent Start 
08-22 18:28:07.541 14015 14015 D STKit-rs: android_activity::activity_impl::glue: Resume: 0xb40000724db6a8c0
08-22 18:28:07.541 14015 14040 D StereoKit: MainEvent Resume { loader: StateLoader { app: AndroidAppInner { jvm: CloneJavaVM { jvm: JavaVM(0xb40000724d9e2380) }, native_activity: NativeActivityGlue { inner: WaitableNativeActivityState { activity: 0xb40000724db6a8c0, mutex: Mutex { data: NativeActivityState { msg_read: 62, msg_write: 63, config: Configuration { mcc: 0, mnc: None, lang: Some("fr"), country: Some("FR"), orientation: Land, touchscreen: NoTouch, density: Some(290), keyboard: NoKeys, navigation: NoNav, keys_hidden: Soft, nav_hidden: Any, sdk_version: 32, screen_size: XLarge, screen_long: Yes, ui_mode_type: Normal, ui_mode_night: Yes }, saved_state: [], input_queue: 0xb40000724db90200, window: None, content_rect: ARect { left: 0, top: 0, right: 3664, bottom: 1920 }, activity_state: Resume, destroy_requested: false, thread_state: Running, app_has_saved_state: false, destroyed: false, redraw_needed: false, pending_input_queue: 0x0, pending_window: None }, poisoned: false, .. }, cond: Condvar { .. } } }, looper: Looper { ptr: 0xb40000724d9dbd40
08-22 18:28:07.856 14015 14015 D STKit-rs: android_activity::activity_impl::glue: NativeWindowCreated: 0xb40000724db6a8c0 -- 0xb40000724db8a810
08-22 18:28:07.856 14015 14040 D StereoKit: MainEvent InitWindow 
08-22 18:28:07.857 14015 14015 D STKit-rs: android_activity::activity_impl::glue: NativeWindowResized: 0xb40000724db6a8c0 -- 0xb40000724db8a810
08-22 18:28:07.857 14015 14040 D StereoKit: MainEvent WindowResized 
08-22 18:28:07.857 14015 14015 D STKit-rs: android_activity::activity_impl::glue: NativeWindowRedrawNeeded: 0xb40000724db6a8c0 -- 0xb40000724db8a810
08-22 18:28:07.857 14015 14040 D StereoKit: MainEvent RedrawNeeded 
08-22 18:28:07.882 14015 14015 D STKit-rs: android_activity::activity_impl::glue: WindowFocusChanged: 0xb40000724db6a8c0 -- 1
08-22 18:28:07.882 14015 14040 D StereoKit: MainEvent GainedFocus 
08-22 18:28:07.882 14015 14040 D StereoKit: sk_init : context: 0xb40000724d9e2380 / jvm: 0x1286
08-22 18:28:07.882 14015 14040 I StereoKit: Before init >>>
08-22 18:28:07.882 14015 14040 D SK_rust_Demos: Initializing StereoKit v0.4.0 Android ARM64...
08-22 18:28:07.883 14015 14040 D SK_rust_Demos: Initializing Assets
08-22 18:28:07.971 14015 14040 D SK_rust_Demos: Initializing Platform
08-22 18:28:07.971 14015 14040 I AdrenoGLES-0: QUALCOMM build                   : 693d3b4ecd, I9665263fa1
08-22 18:28:07.971 14015 14040 I AdrenoGLES-0: Build Date                       : 08/05/24
08-22 18:28:07.971 14015 14040 I AdrenoGLES-0: OpenGL ES Shader Compiler Version: E031.46.12.00
08-22 18:28:07.971 14015 14040 I AdrenoGLES-0: Local Branch                     : 
08-22 18:28:07.971 14015 14040 I AdrenoGLES-0: Remote Branch                    : refs/tags/AU_LINUX_ANDROID_LA.UM.9.12.1.11.00.00.890.145
08-22 18:28:07.971 14015 14040 I AdrenoGLES-0: Remote Branch                    : NONE
08-22 18:28:07.971 14015 14040 I AdrenoGLES-0: Reconstruct Branch               : NOTHING
08-22 18:28:07.971 14015 14040 I AdrenoGLES-0: Build Config                     : S P 10.0.7 AArch64
08-22 18:28:07.971 14015 14040 I AdrenoGLES-0: Driver Path                      : /vendor/lib64/egl/libGLESv2_adreno.so
08-22 18:28:07.971 14015 14040 I AdrenoGLES-0: Driver Version                   : 0782.0
08-22 18:28:07.971 14015 14040 I AdrenoGLES-0: Process Name                     : com.stereokit.rust_binding.demos
08-22 18:28:07.974 14015 14040 I AdrenoGLES-0: PFP: 0x016dd112, ME: 0x00000000
08-22 18:28:07.978 14015 14040 D SK_rust_Demos: [sk_gpu] EGL version 1.5
08-22 18:28:07.980 14015 14040 D SK_rust_Demos: [sk_gpu] Couldn't load gl function glPolygonMode
08-22 18:28:07.982 14015 14040 D SK_rust_Demos: [sk_gpu] Couldn't load gl function glGetTexImage
08-22 18:28:07.982 14015 14040 D SK_rust_Demos: [sk_gpu] Using OpenGL: OpenGL ES 3.2 V@0782.0 (GIT@693d3b4ecd, I9665263fa1, 1722825820) (Date:08/05/24)
08-22 18:28:07.982 14015 14040 D SK_rust_Demos: [sk_gpu] Device: Adreno (TM) 650
08-22 18:28:07.982 14015 14040 D SK_rust_Demos: [sk_gpu] Debug info enabled.
08-22 18:28:07.983 14015 14040 D SK_rust_Demos: Starting a XR mode app
08-22 18:28:07.983 14015 14040 V OpenXR-Loader: Verbose [GENERAL | xrInitializeLoaderKHR | OpenXR-Loader] : Entering loader trampoline
08-22 18:28:07.983 14015 14040 D SK_rust_Demos: Runtime OpenXR Extensions:
08-22 18:28:07.983 14015 14040 D SK_rust_Demos: ___________________________________
08-22 18:28:07.983 14015 14040 D SK_rust_Demos: |     Usage | Extension
08-22 18:28:07.984 14015 14040 D SK_rust_Demos: |-----------|----------------------
08-22 18:28:07.984 14015 14040 V OpenXR-Loader: Verbose [GENERAL | xrEnumerateInstanceExtensionProperties | OpenXR-Loader] : Entering loader trampoline
08-22 18:28:07.986 14015 14040 I OpenXR-Loader: getActiveRuntimeCursor: Querying URI: content://org.khronos.openxr.runtime_broker/openxr/1/abi/arm64-v8a/runtimes/active/0
08-22 18:28:07.988 14015 14040 W OpenXR-Loader: Null cursor when querying installable content resolver.
08-22 18:28:07.989 14015 14040 I OpenXR-Loader: getActiveRuntimeCursor: Querying URI: content://org.khronos.openxr.system_runtime_broker/openxr/1/abi/arm64-v8a/runtimes/active/0
08-22 18:28:07.990 14015 14040 W OpenXR-Loader: Null cursor when querying system content resolver.
08-22 18:28:07.990 14015 14040 E OpenXR-Loader: Could access neither the installable nor system runtime broker.
08-22 18:28:07.990 14015 14040 I OpenXR-Loader: Info [GENERAL | xrEnumerateInstanceExtensionProperties | OpenXR-Loader] : RuntimeManifestFile::FindManifestFiles - using global runtime file /system/etc/openxr/1/active_runtime.json
08-22 18:28:07.990 14015 14040 I OpenXR-Loader: Info [GENERAL |  | OpenXR-Loader] : RuntimeManifestFile::CreateIfValid - attempting to load /system/etc/openxr/1/active_runtime.json
08-22 18:28:07.991 14015 14040 I OpenXR-Loader: Info [GENERAL | xrEnumerateInstanceExtensionProperties | OpenXR-Loader] : RuntimeInterface::LoadRuntime forwarding xrInitializeLoaderKHR call to runtime before calling xrNegotiateLoaderRuntimeInterface.
08-22 18:28:07.991 14015 14040 V OpenXR  : OpenXRForwardLoader::xrInitializeLoaderKHR [start]
08-22 18:28:07.994 14015 14040 D ApplicationLoaders: Returning zygote-cached class loader: /system/framework/android.test.base.jar
08-22 18:28:07.994 14015 14040 D ApplicationLoaders: Returning zygote-cached class loader: /system/framework/android.hidl.manager-V1.0-java.jar
08-22 18:28:07.994 14015 14040 D ApplicationLoaders: Returning zygote-cached class loader: /system/framework/android.hidl.base-V1.0-java.jar
08-22 18:28:08.006 14015 14040 I OpenXR  : Loading 64-bit Runtime.
08-22 18:28:08.016 14015 14040 D OsSdkLoader: OSSDK loading module 'libossdk.oculus.so'
08-22 18:28:08.028 14015 14040 D vulkan  : searching for layers in '/data/app/~~H31ZhGafGe9WTNg3kWBR1g==/com.stereokit.rust_binding.demos-0uv1P21fOyg9I76ldbO2pw==/lib/arm64'
08-22 18:28:08.028 14015 14040 D vulkan  : searching for layers in '/data/app/~~H31ZhGafGe9WTNg3kWBR1g==/com.stereokit.rust_binding.demos-0uv1P21fOyg9I76ldbO2pw==/base.apk!/lib/arm64-v8a'
08-22 18:28:08.029 14015 14040 I DriverLoader: Calling into SetLegacyVrApiEntryPointOverride
08-22 18:28:08.029 14015 14040 I VrApi_DriverLoader: SetLegacyVrApiEntryPointOverride: calling sprintf
08-22 18:28:08.029 14015 14040 I VrApi_DriverLoader: SetLegacyVrApiEntryPointOverride: env buffer is '0x711ebef9f8'
08-22 18:28:08.029 14015 14040 I VrApi_DriverLoader: SetLegacyVrApiEntryPointOverride: calling setenv
08-22 18:28:08.029 14015 14040 I DriverLoader: Creating Temp JNIEnv
08-22 18:28:08.029 14015 14040 I DriverLoader: Calling FindClass
08-22 18:28:08.029 14015 14040 I DriverLoader: Calling RegisterNativeVrApiLoaderMethods
08-22 18:28:08.029 14015 14040 I VrApi_DriverLoader: RegisterNativeVrApiLoaderMethods: calling RegisterNatives
08-22 18:28:08.029 14015 14040 I DriverLoader: Calling RegisterNativeXrLoaderMethods
08-22 18:28:08.029 14015 14040 I OpenXR_DriverLoader: RegisterNativeVrApiLoaderMethods: calling RegisterNatives
08-22 18:28:08.029 14015 14040 I DriverLoader: Exiting JNI_OnLoad
08-22 18:28:08.030 14015 14040 I OpenXR_ClientState: OpenXRClientState::create - from xrInitializeLoaderKHR
08-22 18:28:08.030 14015 14040 I XrRuntimeSharedClientState: SharedClientState::create called from 'OpenXRClientState::init'
08-22 18:28:08.030 14015 14040 I ipcLoader [RUNTIMEIPC]: RuntimeIPC: Loader: IPC Service API Loader Version: 69 Jun  5 2024 22:54:53
08-22 18:28:08.030 14015 14040 I ipcLoader [RUNTIMEIPC]: RuntimeIPC: Using android_get_exported_namespace: libripcclient.oculus.so
08-22 18:28:08.033 14015 14040 I ipcLoader [RUNTIMEIPC]: RuntimeIPC: android_get_exported_namespace SUCCESS: libripcclient.oculus.so
08-22 18:28:08.033 14015 14040 I MultiInstanceDetector [RUNTIMEIPC]: Multiple instances check passed. Socket name: INSTANCE_DETECTOR:14015
08-22 18:28:08.033 14015 14040 D OsSdkLoader: OSSDK loading module 'libossdk.oculus.so'
08-22 18:28:08.034 14015 14040 I ThreadHelpers [RUNTIMEIPC]: RuntimeIPC::ThreadHelpers::SetState: threadName: DLObserver, currentState: STATE_STOPPED, newState: STATE_STARTING
08-22 18:28:08.034 14015 14106 I ThreadHelpers [RUNTIMEIPC]: RuntimeIPC::ThreadHelpers::SetState: threadName: DLObserver, currentState: STATE_STARTING, newState: STATE_RUNNING
08-22 18:28:08.035 14015 14106 I DeadlockObserver [RUNTIMEIPC]: MainLoop starting
08-22 18:28:08.035 14015 14040 I DeadlockObserver [RUNTIMEIPC]: DeadlockObserver Init SUCCESS with defaultKillThreshold: 30.000000
08-22 18:28:08.036 14015 14040 I ThreadHelpers [RUNTIMEIPC]: RuntimeIPC::ThreadHelpers::SetState: threadName: IpcDCReqHandler, currentState: STATE_STOPPED, newState: STATE_STARTING
08-22 18:28:08.036 14015 14107 I ThreadHelpers [RUNTIMEIPC]: RuntimeIPC::ThreadHelpers::SetState: threadName: IpcDCReqHandler, currentState: STATE_STARTING, newState: STATE_RUNNING
08-22 18:28:08.036 14015 14107 D IPCDataChannelServer [RUNTIMEIPC]: Connected: 1, broker_package:broker_process:0
08-22 18:28:08.037 14015 14040 I BrokerRPC [RUNTIMEIPC]: InitRPCToServiceInternal: Success
08-22 18:28:08.037 14015 14040 I ThreadHelpers [RUNTIMEIPC]: RuntimeIPC::ThreadHelpers::SetState: threadName: RIPCSystem, currentState: STATE_STOPPED, newState: STATE_STARTING
08-22 18:28:08.037 14015 14108 I ThreadHelpers [RUNTIMEIPC]: RuntimeIPC::ThreadHelpers::SetState: threadName: RIPCSystem, currentState: STATE_STARTING, newState: STATE_RUNNING
08-22 18:28:08.037 14015 14040 I RuntimeIPCSystem [RUNTIMEIPC]: RuntimeIPCSystem: Init SUCCESS
08-22 18:28:08.038 14015 14040 I ThreadHelpers [RUNTIMEIPC]: RuntimeIPC::ThreadHelpers::SetState: threadName: JobPoolWorker, currentState: STATE_STOPPED, newState: STATE_STARTING
08-22 18:28:08.038 14015 14109 I ThreadHelpers [RUNTIMEIPC]: RuntimeIPC::ThreadHelpers::SetState: threadName: JobPoolWorker, currentState: STATE_STARTING, newState: STATE_RUNNING
08-22 18:28:08.038 14015 14040 I ClientProcessConnector [RUNTIMEIPC]: GetProcessConnection: com.oculus.systemdriver:com.oculus.vrruntimeservice
08-22 18:28:08.040 14015 14040 I RuntimeIPCClient [RUNTIMEIPC]: Event buffer size (client): 8192
08-22 18:28:08.040 14015 14040 I RuntimeIPCClient [RUNTIMEIPC]: TryToGetIPCResourcesFromServer: RPC_CONNECTOR_CONNECT_TO_SERVER SUCCESS: Client: com.stereokit.rust_binding.demos:com.stereokit.rust_binding.demos:14015, Server: com.oculus.systemdriver:com.oculus.vrruntimeservice (gkcache)
08-22 18:28:08.040 14015 14040 I RuntimeIPCClient [RUNTIMEIPC]: EnsureServerConnection: SUCCESS. Client: com.stereokit.rust_binding.demos:com.stereokit.rust_binding.demos:14015, Server: com.oculus.systemdriver:com.oculus.vrruntimeservice (gkcache)
08-22 18:28:08.040 14015 14040 I RuntimeIPCClient [RUNTIMEIPC]: ConnectToServer: SUCCESS: Client: com.stereokit.rust_binding.demos:com.stereokit.rust_binding.demos:14015, Server: com.oculus.systemdriver:com.oculus.vrruntimeservice (gkcache)
08-22 18:28:08.041 14015 14040 I RuntimeIPCClient [RUNTIMEIPC]: InitServerStateBuffer: SUCCESS. 0, Client: com.stereokit.rust_binding.demos:com.stereokit.rust_binding.demos:14015, Server: com.oculus.systemdriver:com.oculus.vrruntimeservice (gkcache)
08-22 18:28:08.041 14015 14040 I ThreadHelpers [RUNTIMEIPC]: RuntimeIPC::ThreadHelpers::SetState: threadName: RIPCNotifThread, currentState: STATE_STOPPED, newState: STATE_STARTING
08-22 18:28:08.041 14015 14111 I ThreadHelpers [RUNTIMEIPC]: RuntimeIPC::ThreadHelpers::SetState: threadName: RIPCNotifThread, currentState: STATE_STARTING, newState: STATE_RUNNING
08-22 18:28:08.041 14015 14040 I OpenXR_ClientState: Client state creation succeeded.
08-22 18:28:08.041 14015 14040 V OpenXR  : OpenXRForwardLoader::xrInitializeLoaderKHR [end]
08-22 18:28:08.041 14015 14040 V OpenXR  : OpenXRForwardLoader::xrNegotiateLoaderRuntimeInterface [start]
08-22 18:28:08.042 14015 14040 V OpenXR  : OpenXRForwardLoader::xrNegotiateLoaderRuntimeInterface [end]
08-22 18:28:08.042 14015 14040 I OpenXR-Loader: Info [GENERAL | xrEnumerateInstanceExtensionProperties | OpenXR-Loader] : RuntimeInterface::LoadRuntime succeeded loading runtime defined in manifest file /system/etc/openxr/1/active_runtime.json using interface version 1 and OpenXR API version 1.0
08-22 18:28:08.044 14015 14040 I OpenXR  : IsFirstParty 0
08-22 18:28:08.045 14015 14107 I ThreadHelpers [RUNTIMEIPC]: RuntimeIPC::ThreadHelpers::SetState: threadName: JobPoolWorker, currentState: STATE_STOPPED, newState: STATE_STARTING
08-22 18:28:08.045 14015 14115 I ThreadHelpers [RUNTIMEIPC]: RuntimeIPC::ThreadHelpers::SetState: threadName: JobPoolWorker, currentState: STATE_STARTING, newState: STATE_RUNNING
08-22 18:28:08.045 14015 14115 I RuntimeIPCClientMgr [RUNTIMEIPC]: UpdateServerConnectivity: Received server connectivity notification. Connected servers: [SlamAnchorServer], disconnected servers: []
08-22 18:28:08.045 14015 14040 W t_binding.demo: Accessing hidden method Landroid/content/pm/ApplicationInfo;->isPrivilegedApp()Z (blocked,test-api, reflection, denied)
08-22 18:28:08.045 14015 14040 W t_binding.demo: If this is a platform test consider enabling VMRuntime.ALLOW_TEST_API_ACCESS change id for this package.
08-22 18:28:08.045 14015 14040 I OpenXR  : IsPrivileged 0
08-22 18:28:08.045 14015 14040 I OpenXR  : Is_X_PartnerGateKeeper
08-22 18:28:08.045 14015 14040 I OpenXR  : PGK Status: exp = 0, dc = false
08-22 18:28:08.045 14015 14040 I OpenXR  : oculus_first_access = false
08-22 18:28:08.045 14015 14040 I OpenXR  : Extension status: P
08-22 18:28:08.046 14015 14040 I OpenXR  : IsFirstParty 0
08-22 18:28:08.047 14015 14040 I OpenXR  : IsSystem 0
08-22 18:28:08.053 14015 14040 W libc    : Access denied finding property "ro.vendor.product.model_extended"
08-22 18:28:08.055 14015 14040 I OpenXR  : xrEnumerateInstanceExtensionProperties: skipping extension=`XR_META_body_tracking_full_body` due to: missing uses-feature string `com.oculus.software.body_tracking` from AndroidManifest
08-22 18:28:08.055 14015 14040 I OpenXR  : xrEnumerateInstanceExtensionProperties: skipping extension=`XR_FB_body_tracking` due to: missing uses-feature string `com.oculus.software.body_tracking` from AndroidManifest
08-22 18:28:08.055 14015 14040 I OpenXR  : xrEnumerateInstanceExtensionProperties: skipping extension=`XR_FB_keyboard_tracking` due to: missing uses-feature string `oculus.software.trackedkeyboard` from AndroidManifest
08-22 18:28:08.055 14015 14040 I OpenXR  : xrEnumerateInstanceExtensionProperties: skipping extension=`XR_FBX1_spatial_entity` due to: Tier=40 extState=P deviceIsExpEnabled=false expManifestSet=true isFirstPartyApp=false isSystemApp=false
08-22 18:28:08.055 14015 14040 I OpenXR  : xrEnumerateInstanceExtensionProperties: skipping extension=`XR_FBX2_spatial_entity` due to: Tier=40 extState=P deviceIsExpEnabled=false expManifestSet=true isFirstPartyApp=false isSystemApp=false
08-22 18:28:08.055 14015 14040 I OpenXR  : checkTrexKillswitchGk 'oculus_trex_insightsdk_killsw' = false
08-22 18:28:08.055 14015 14040 I OpenXR  : PassesGKKillswitch 1
08-22 18:28:08.055 14015 14040 I OpenXR  : checkTrexKillswitchGk 'oculus_trex_insightsdk_killsw' = false
08-22 18:28:08.055 14015 14040 I OpenXR  : PassesGKKillswitch 1
08-22 18:28:08.055 14015 14040 I OpenXR  : xrEnumerateInstanceExtensionProperties: skipping extension=`XR_METAX1_passthrough_color_lut` due to: Tier=40 extState=P deviceIsExpEnabled=false expManifestSet=true isFirstPartyApp=false isSystemApp=false
08-22 18:28:08.055 14015 14040 W GkCacheQuerierClient: getGkValue: Query result for 'oculus_xrruntime:oculus_trex_pt_color_lut_killsw' not successful: 4
08-22 18:28:08.055 14015 14040 W GkHelper: GkHelper: query failed, result code: 4
08-22 18:28:08.055 14015 14040 I OpenXR  : checkTrexKillswitchGk 'oculus_trex_pt_color_lut_killsw' = false
08-22 18:28:08.055 14015 14040 I OpenXR  : PassesGKKillswitch 1
08-22 18:28:08.056 14015 14040 I OpenXR  : checkTrexKillswitchGk 'oculus_trex_insightsdk_killsw' = false
08-22 18:28:08.056 14015 14040 I OpenXR  : PassesGKKillswitch 1
08-22 18:28:08.056 14015 14040 W GkCacheQuerierClient: getGkValue: Query result for 'oculus_xrruntime:oculus_trex_passthrough_preferences_killsw' not successful: 4
08-22 18:28:08.056 14015 14040 W GkHelper: GkHelper: query failed, result code: 4
08-22 18:28:08.056 14015 14040 I OpenXR  : checkTrexKillswitchGk 'oculus_trex_passthrough_preferences_killsw' = false
08-22 18:28:08.056 14015 14040 I OpenXR  : PassesGKKillswitch 1
08-22 18:28:08.056 14015 14040 I OpenXR  : xrEnumerateInstanceExtensionProperties: skipping extension=`XR_FB_render_model` due to: missing uses-feature string `com.oculus.feature.RENDER_MODEL` from AndroidManifest
08-22 18:28:08.056 14015 14040 I OpenXR  : xrEnumerateInstanceExtensionProperties: skipping extension=`XR_FBX1_spatial_entity_query` due to: Tier=40 extState=P deviceIsExpEnabled=false expManifestSet=true isFirstPartyApp=false isSystemApp=false
08-22 18:28:08.056 14015 14040 I OpenXR  : xrEnumerateInstanceExtensionProperties: skipping extension=`XR_FBX2_spatial_entity_query` due to: Tier=40 extState=P deviceIsExpEnabled=false expManifestSet=true isFirstPartyApp=false isSystemApp=false
08-22 18:28:08.056 14015 14040 W GkCacheQuerierClient: getGkValue: Query result for 'oculus_xrruntime:oculus_trex_anchor_persistence_discovery_killsw' not successful: 4
08-22 18:28:08.056 14015 14040 W GkHelper: GkHelper: query failed, result code: 4
08-22 18:28:08.056 14015 14040 I OpenXR  : checkTrexKillswitchGk 'oculus_trex_anchor_persistence_discovery_killsw' = false
08-22 18:28:08.056 14015 14040 I OpenXR  : PassesGKKillswitch 1
08-22 18:28:08.056 14015 14040 W GkCacheQuerierClient: getGkValue: Query result for 'oculus_xrruntime:oculus_trex_anchor_persistence_discovery_killsw' not successful: 4
08-22 18:28:08.056 14015 14040 W GkHelper: GkHelper: query failed, result code: 4
08-22 18:28:08.056 14015 14040 I OpenXR  : checkTrexKillswitchGk 'oculus_trex_anchor_persistence_discovery_killsw' = false
08-22 18:28:08.056 14015 14040 I OpenXR  : PassesGKKillswitch 1
08-22 18:28:08.056 14015 14040 I OpenXR  : xrEnumerateInstanceExtensionProperties: skipping extension=`XR_FBX1_touch_controller_extras` due to: Tier=40 extState=P deviceIsExpEnabled=false expManifestSet=true isFirstPartyApp=false isSystemApp=false
08-22 18:28:08.056 14015 14040 I OpenXR  : xrEnumerateInstanceExtensionProperties: skipping extension=`XR_FBX1_spatial_entity_storage` due to: Tier=40 extState=P deviceIsExpEnabled=false expManifestSet=true isFirstPartyApp=false isSystemApp=false
08-22 18:28:08.056 14015 14040 I OpenXR  : xrEnumerateInstanceExtensionProperties: skipping extension=`XR_FBX2_spatial_entity_storage` due to: Tier=40 extState=P deviceIsExpEnabled=false expManifestSet=true isFirstPartyApp=false isSystemApp=false
08-22 18:28:08.056 14015 14040 I OpenXR  : xrEnumerateInstanceExtensionProperties: skipping extension=`XR_META_spatial_entity_mesh` due to: missing uses-permission string `com.oculus.permission.USE_SCENE` from AndroidManifest in package `com.stereokit.rust_binding.demos`
08-22 18:28:08.056 14015 14040 I OpenXR  : xrEnumerateInstanceExtensionProperties: skipping extension 'XR_META_local_dimming' as device requirements requirements (16) are not met.
08-22 18:28:08.056 14015 14040 I OpenXR  : xrEnumerateInstanceExtensionProperties: skipping extension 'XR_META_foveation_eye_tracked' as feature requirements (1) are not met.
08-22 18:28:08.057 14015 14040 I OpenXR  : xrEnumerateInstanceExtensionProperties: skipping extension 'XR_FB_eye_tracking_social' as feature requirements (1) are not met.
08-22 18:28:08.057 14015 14040 I OpenXR  : checkTrexKillswitchGk 'oculus_trex_insightsdk_killsw' = false
08-22 18:28:08.057 14015 14040 I OpenXR  : PassesGKKillswitch 1
08-22 18:28:08.057 14015 14040 I OpenXR  : xrEnumerateInstanceExtensionProperties: skipping extension=`XR_FBX1_composition_layer_settings` due to: Tier=40 extState=P deviceIsExpEnabled=false expManifestSet=true isFirstPartyApp=false isSystemApp=false
08-22 18:28:08.057 14015 14040 I OpenXR  : xrEnumerateInstanceExtensionProperties: skipping extension=`XR_FBX1_composition_layer_depth_test` due to: Tier=40 extState=P deviceIsExpEnabled=false expManifestSet=true isFirstPartyApp=false isSystemApp=false
08-22 18:28:08.057 14015 14040 I OpenXR  : xrEnumerateInstanceExtensionProperties: skipping extension 'XR_EXT_eye_gaze_interaction' as feature requirements (1) are not met.
08-22 18:28:08.057 14015 14040 I OpenXR  : xrEnumerateInstanceExtensionProperties: skipping extension=`XR_META_hand_tracking_wide_motion_mode` due to: missing uses-feature string `com.oculus.software.body_tracking` from AndroidManifest
08-22 18:28:08.057 14015 14040 I OpenXR  : xrEnumerateInstanceExtensionProperties: skipping extension=`XR_EXTX1_hand_tracking_data_source` due to: Tier=40 extState=P deviceIsExpEnabled=false expManifestSet=true isFirstPartyApp=false isSystemApp=false
08-22 18:28:08.057 14015 14040 I OpenXR  : xrEnumerateInstanceExtensionProperties: skipping extension=`XR_METAX1_performance_metrics` due to: Tier=40 extState=P deviceIsExpEnabled=false expManifestSet=true isFirstPartyApp=false isSystemApp=false
08-22 18:28:08.057 14015 14040 I OpenXR  : xrEnumerateInstanceExtensionProperties: skipping extension=`XR_METAX1_virtual_keyboard` due to: Tier=40 extState=P deviceIsExpEnabled=false expManifestSet=true isFirstPartyApp=false isSystemApp=false
08-22 18:28:08.057 14015 14040 I OpenXR  : xrEnumerateInstanceExtensionProperties: skipping extension=`XR_METAX2_virtual_keyboard` due to: Tier=40 extState=P deviceIsExpEnabled=false expManifestSet=true isFirstPartyApp=false isSystemApp=false
08-22 18:28:08.057 14015 14040 I OpenXR  : xrEnumerateInstanceExtensionProperties: skipping extension=`XR_EXTX1_event_channel` due to: Tier=40 extState=P deviceIsExpEnabled=false expManifestSet=true isFirstPartyApp=false isSystemApp=false
08-22 18:28:08.057 14015 14040 I OpenXR  : xrEnumerateInstanceExtensionProperties: skipping extension=`XR_METAX1_environment_depth` due to: Tier=40 extState=P deviceIsExpEnabled=false expManifestSet=true isFirstPartyApp=false isSystemApp=false
08-22 18:28:08.057 14015 14040 I OpenXR  : xrEnumerateInstanceExtensionProperties: skipping extension=`XR_METAX2_environment_depth` due to: Tier=40 extState=P deviceIsExpEnabled=false expManifestSet=true isFirstPartyApp=false isSystemApp=false
08-22 18:28:08.057 14015 14040 I OpenXR  : xrEnumerateInstanceExtensionProperties: skipping extension=`XR_META_environment_depth` due to: missing uses-permission string `com.oculus.permission.USE_SCENE` from AndroidManifest in package `com.stereokit.rust_binding.demos`
08-22 18:28:08.057 14015 14040 I OpenXR  : xrEnumerateInstanceExtensionProperties: skipping extension=`XR_EXT_palm_pose` due to: Tier=40 extState=P deviceIsExpEnabled=false expManifestSet=true isFirstPartyApp=false isSystemApp=false
08-22 18:28:08.057 14015 14040 I OpenXR  : xrEnumerateInstanceExtensionProperties: skipping extension=`XR_META_body_tracking_fidelity` due to: missing uses-feature string `com.oculus.software.body_tracking` from AndroidManifest
08-22 18:28:08.057 14015 14040 I OpenXR  : xrEnumerateInstanceExtensionProperties: skipping extension=`XR_META_body_tracking_calibration` due to: missing uses-feature string `com.oculus.software.body_tracking` from AndroidManifest
08-22 18:28:08.057 14015 14040 I OpenXR  : xrEnumerateInstanceExtensionProperties: skipping extension=`XR_META_boundary_visibility` due to: missing uses-permission string `com.oculus.permission.BOUNDARY_VISIBILITY` from AndroidManifest in package `com.stereokit.rust_binding.demos`
08-22 18:28:08.057 14015 14040 V OpenXR-Loader: Verbose [GENERAL | xrEnumerateInstanceExtensionProperties | OpenXR-Loader] : Completed loader trampoline
08-22 18:28:08.057 14015 14040 V OpenXR-Loader: Verbose [GENERAL | xrEnumerateInstanceExtensionProperties | OpenXR-Loader] : Entering loader trampoline
08-22 18:28:08.058 14015 14040 V OpenXR-Loader: Verbose [GENERAL | xrEnumerateInstanceExtensionProperties | OpenXR-Loader] : Completed loader trampoline
08-22 18:28:08.058 14015 14040 D SK_rust_Demos: |   present | XR_EXT_active_action_set_priority
08-22 18:28:08.058 14015 14040 D SK_rust_Demos: |   present | XR_EXT_hand_joints_motion_range
08-22 18:28:08.058 14015 14040 D SK_rust_Demos: |   present | XR_EXT_performance_settings
08-22 18:28:08.058 14015 14040 D SK_rust_Demos: |   present | XR_EXT_user_presence
08-22 18:28:08.058 14015 14040 D SK_rust_Demos: |   present | XR_FB_android_surface_swapchain_create
08-22 18:28:08.058 14015 14040 D SK_rust_Demos: |   present | XR_FB_common_events
08-22 18:28:08.058 14015 14040 D SK_rust_Demos: |   present | XR_FB_composition_layer_alpha_blend
08-22 18:28:08.058 14015 14040 D SK_rust_Demos: |   present | XR_FB_composition_layer_depth_test
08-22 18:28:08.058 14015 14040 D SK_rust_Demos: |   present | XR_FB_composition_layer_image_layout
08-22 18:28:08.058 14015 14040 D SK_rust_Demos: |   present | XR_FB_composition_layer_secure_content
08-22 18:28:08.058 14015 14040 D SK_rust_Demos: |   present | XR_FB_composition_layer_settings
08-22 18:28:08.058 14015 14040 D SK_rust_Demos: |   present | XR_FB_face_tracking
08-22 18:28:08.058 14015 14040 D SK_rust_Demos: |   present | XR_FB_face_tracking2
08-22 18:28:08.058 14015 14040 D SK_rust_Demos: |   present | XR_FB_foveation
08-22 18:28:08.058 14015 14040 D SK_rust_Demos: |   present | XR_FB_foveation_configuration
08-22 18:28:08.058 14015 14040 D SK_rust_Demos: |   present | XR_FB_foveation_vulkan
08-22 18:28:08.058 14015 14040 D SK_rust_Demos: |   present | XR_FB_hand_tracking_aim
08-22 18:28:08.058 14015 14040 D SK_rust_Demos: |   present | XR_FB_hand_tracking_capsules
08-22 18:28:08.058 14015 14040 D SK_rust_Demos: |   present | XR_FB_hand_tracking_mesh
08-22 18:28:08.058 14015 14040 D SK_rust_Demos: |   present | XR_FB_haptic_amplitude_envelope
08-22 18:28:08.058 14015 14040 D SK_rust_Demos: |   present | XR_FB_haptic_pcm
08-22 18:28:08.058 14015 14040 D SK_rust_Demos: |   present | XR_FB_passthrough_keyboard_hands
08-22 18:28:08.058 14015 14040 D SK_rust_Demos: |   present | XR_FB_scene
08-22 18:28:08.058 14015 14040 D SK_rust_Demos: |   present | XR_FB_scene_capture
08-22 18:28:08.058 14015 14040 D SK_rust_Demos: |   present | XR_FB_space_warp
08-22 18:28:08.058 14015 14040 D SK_rust_Demos: |   present | XR_FB_spatial_entity_container
08-22 18:28:08.058 14015 14040 D SK_rust_Demos: |   present | XR_FB_spatial_entity_query
08-22 18:28:08.058 14015 14040 D SK_rust_Demos: |   present | XR_FB_spatial_entity_sharing
08-22 18:28:08.058 14015 14040 D SK_rust_Demos: |   present | XR_FB_spatial_entity_storage
08-22 18:28:08.058 14015 14040 D SK_rust_Demos: |   present | XR_FB_spatial_entity_storage_batch
08-22 18:28:08.058 14015 14040 D SK_rust_Demos: |   present | XR_FB_spatial_entity_user
08-22 18:28:08.058 14015 14040 D SK_rust_Demos: |   present | XR_FB_swapchain_update_state
08-22 18:28:08.058 14015 14040 D SK_rust_Demos: |   present | XR_FB_swapchain_update_state_android_surface
08-22 18:28:08.058 14015 14040 D SK_rust_Demos: |   present | XR_FB_swapchain_update_state_opengl_es
08-22 18:28:08.058 14015 14040 D SK_rust_Demos: |   present | XR_FB_swapchain_update_state_vulkan
08-22 18:28:08.058 14015 14040 D SK_rust_Demos: |   present | XR_FB_touch_controller_pro
08-22 18:28:08.058 14015 14040 D SK_rust_Demos: |   present | XR_FB_touch_controller_proximity
08-22 18:28:08.058 14015 14040 D SK_rust_Demos: |   present | XR_FB_triangle_mesh
08-22 18:28:08.058 14015 14040 D SK_rust_Demos: |   present | XR_KHR_android_surface_swapchain
08-22 18:28:08.058 14015 14040 D SK_rust_Demos: |   present | XR_KHR_composition_layer_color_scale_bias
08-22 18:28:08.058 14015 14040 D SK_rust_Demos: |   present | XR_KHR_composition_layer_cube
08-22 18:28:08.058 14015 14040 D SK_rust_Demos: |   present | XR_KHR_composition_layer_cylinder
08-22 18:28:08.058 14015 14040 D SK_rust_Demos: |   present | XR_KHR_composition_layer_equirect2
08-22 18:28:08.058 14015 14040 D SK_rust_Demos: |   present | XR_KHR_visibility_mask
08-22 18:28:08.058 14015 14040 D SK_rust_Demos: |   present | XR_KHR_vulkan_enable
08-22 18:28:08.058 14015 14040 D SK_rust_Demos: |   present | XR_KHR_vulkan_enable2
08-22 18:28:08.058 14015 14040 D SK_rust_Demos: |   present | XR_LOGITECH_mx_ink_stylus_interaction
08-22 18:28:08.058 14015 14040 D SK_rust_Demos: |   present | XR_META_automatic_layer_filter
08-22 18:28:08.058 14015 14040 D SK_rust_Demos: |   present | XR_META_detached_controllers
08-22 18:28:08.059 14015 14040 D SK_rust_Demos: |   present | XR_META_feature_fidelity
08-22 18:28:08.059 14015 14040 D SK_rust_Demos: |   present | XR_META_headset_id
08-22 18:28:08.059 14015 14040 D SK_rust_Demos: |   present | XR_META_passthrough_color_lut
08-22 18:28:08.059 14015 14040 D SK_rust_Demos: |   present | XR_META_passthrough_layer_resumed_event
08-22 18:28:08.059 14015 14040 D SK_rust_Demos: |   present | XR_META_passthrough_preferences
08-22 18:28:08.059 14015 14040 D SK_rust_Demos: |   present | XR_META_performance_metrics
08-22 18:28:08.059 14015 14040 D SK_rust_Demos: |   present | XR_META_recommended_layer_resolution
08-22 18:28:08.059 14015 14040 D SK_rust_Demos: |   present | XR_META_simultaneous_hands_and_controllers
08-22 18:28:08.059 14015 14040 D SK_rust_Demos: |   present | XR_META_spatial_entity_discovery
08-22 18:28:08.059 14015 14040 D SK_rust_Demos: |   present | XR_META_spatial_entity_persistence
08-22 18:28:08.059 14015 14040 D SK_rust_Demos: |   present | XR_META_touch_controller_plus
08-22 18:28:08.059 14015 14040 D SK_rust_Demos: |   present | XR_META_vulkan_swapchain_create_info
08-22 18:28:08.059 14015 14040 D SK_rust_Demos: |   present | XR_OCULUS_common_reference_spaces
08-22 18:28:08.059 14015 14040 D SK_rust_Demos: | ACTIVATED | XR_EXT_debug_utils
08-22 18:28:08.059 14015 14040 D SK_rust_Demos: | ACTIVATED | XR_EXT_hand_tracking
08-22 18:28:08.059 14015 14040 D SK_rust_Demos: | ACTIVATED | XR_EXT_hand_tracking_data_source
08-22 18:28:08.059 14015 14040 D SK_rust_Demos: | ACTIVATED | XR_EXT_local_floor
08-22 18:28:08.059 14015 14040 D SK_rust_Demos: | ACTIVATED | XR_FB_color_space
08-22 18:28:08.059 14015 14040 D SK_rust_Demos: | ACTIVATED | XR_FB_display_refresh_rate
08-22 18:28:08.059 14015 14040 D SK_rust_Demos: | ACTIVATED | XR_FB_passthrough
08-22 18:28:08.059 14015 14040 D SK_rust_Demos: | ACTIVATED | XR_FB_spatial_entity
08-22 18:28:08.059 14015 14040 D SK_rust_Demos: | ACTIVATED | XR_KHR_android_create_instance
08-22 18:28:08.059 14015 14040 D SK_rust_Demos: | ACTIVATED | XR_KHR_android_thread_settings
08-22 18:28:08.059 14015 14040 D SK_rust_Demos: | ACTIVATED | XR_KHR_composition_layer_depth
08-22 18:28:08.059 14015 14040 D SK_rust_Demos: | ACTIVATED | XR_KHR_convert_timespec_time
08-22 18:28:08.059 14015 14040 D SK_rust_Demos: | ACTIVATED | XR_KHR_opengl_es_enable
08-22 18:28:08.059 14015 14040 D SK_rust_Demos: | ACTIVATED | XR_META_virtual_keyboard
08-22 18:28:08.059 14015 14040 D SK_rust_Demos: | ACTIVATED | XR_MSFT_hand_interaction
08-22 18:28:08.059 14015 14040 D SK_rust_Demos: |___________|______________________
08-22 18:28:08.059 14015 14040 V OpenXR-Loader: Verbose [GENERAL | xrEnumerateApiLayerProperties | OpenXR-Loader] : Entering loader trampoline
08-22 18:28:08.059 14015 14040 V OpenXR-Loader: Verbose [GENERAL | xrEnumerateApiLayerProperties | OpenXR-Loader] : Entering loader trampoline
08-22 18:28:08.060 14015 14040 V OpenXR-Loader: Verbose [GENERAL | xrEnumerateApiLayerProperties | OpenXR-Loader] : Entering loader trampoline
08-22 18:28:08.060 14015 14040 V OpenXR-Loader: Verbose [GENERAL | xrEnumerateApiLayerProperties | OpenXR-Loader] : Entering loader trampoline
08-22 18:28:08.061 14015 14040 V OpenXR-Loader: Verbose [GENERAL | xrCreateInstance | OpenXR-Loader] : Entering loader trampoline
08-22 18:28:08.061 14015 14040 V OpenXR-Loader: Verbose [GENERAL | xrCreateInstance | OpenXR-Loader] : Entering LoaderInstance::CreateInstance
08-22 18:28:08.061 14015 14040 V OpenXR-Loader: Verbose [GENERAL | xrCreateInstance | OpenXR-Loader] : Entering loader terminator
08-22 18:28:08.061 14015 14040 I OpenXR  : ----------- xrCreateInstance [start] ----------
08-22 18:28:08.061 14015 14040 I VersionGater: App OpenXR version is 1.0.34
08-22 18:28:08.061 14015 14040 I VersionGater: Version gate state: 1111 1111 1100 000
08-22 18:28:08.064 14015 14040 I TREX    : Initializing TREX for client 18ea821728541b12...
08-22 18:28:08.064 14015 14040 I TREX    : Initializing system...
08-22 18:28:08.064 14015 14040 I XrRuntimeSystem_Client: BodyPoweredHands checkSysPropForBodyAPIOverride 0
08-22 18:28:08.064 14015 14040 I TREXLoadPolicy: Plugin 'com.oculus.mrservice:': GK killswitch is enabled! Plugin will be skipped!
08-22 18:28:08.065 14015 14040 I TREX    : Created plugin package context for com.oculus.systemdriver
08-22 18:28:08.067 14015 14040 I ThreadHelpers [RUNTIMEIPC]: RuntimeIPC::ThreadHelpers::SetState: threadName: JobPoolWorker, currentState: STATE_STOPPED, newState: STATE_STARTING
08-22 18:28:08.067 14015 14138 I ThreadHelpers [RUNTIMEIPC]: RuntimeIPC::ThreadHelpers::SetState: threadName: JobPoolWorker, currentState: STATE_STARTING, newState: STATE_RUNNING
08-22 18:28:08.070 14015 14040 I RuntimeIPCClient [RUNTIMEIPC]: Event buffer size (client): 8192
08-22 18:28:08.070 14015 14040 I RuntimeIPCClient [RUNTIMEIPC]: TryToGetIPCResourcesFromServer: RPC_CONNECTOR_CONNECT_TO_SERVER SUCCESS: Client: com.stereokit.rust_binding.demos:com.stereokit.rust_binding.demos:14015, Server: com.oculus.systemdriver:com.oculus.vrruntimeservice (HapticsServer)
08-22 18:28:08.070 14015 14040 I RuntimeIPCClient [RUNTIMEIPC]: EnsureServerConnection: SUCCESS. Client: com.stereokit.rust_binding.demos:com.stereokit.rust_binding.demos:14015, Server: com.oculus.systemdriver:com.oculus.vrruntimeservice (HapticsServer)
08-22 18:28:08.070 14015 14040 I RuntimeIPCClient [RUNTIMEIPC]: ConnectToServer: SUCCESS: Client: com.stereokit.rust_binding.demos:com.stereokit.rust_binding.demos:14015, Server: com.oculus.systemdriver:com.oculus.vrruntimeservice (HapticsServer)
08-22 18:28:08.070 14015 14040 I TREX    : Loading EMGSDK Client Plugin
08-22 18:28:08.070 14015 14040 I TREX    : Created plugin package context for com.oculus.systemdriver
08-22 18:28:08.072 14015 14040 I ThreadHelpers [RUNTIMEIPC]: RuntimeIPC::ThreadHelpers::SetState: threadName: JobPoolWorker, currentState: STATE_STOPPED, newState: STATE_STARTING
08-22 18:28:08.072 14015 14140 I ThreadHelpers [RUNTIMEIPC]: RuntimeIPC::ThreadHelpers::SetState: threadName: JobPoolWorker, currentState: STATE_STARTING, newState: STATE_RUNNING
08-22 18:28:08.075 14015 14040 I RuntimeIPCClient [RUNTIMEIPC]: Event buffer size (client): 8192
08-22 18:28:08.075 14015 14040 I RuntimeIPCClient [RUNTIMEIPC]: TryToGetIPCResourcesFromServer: RPC_CONNECTOR_CONNECT_TO_SERVER SUCCESS: Client: com.stereokit.rust_binding.demos:com.stereokit.rust_binding.demos:14015, Server: com.oculus.systemdriver:com.oculus.vrruntimeservice (HandInputDataServer)
08-22 18:28:08.075 14015 14040 I RuntimeIPCClient [RUNTIMEIPC]: EnsureServerConnection: SUCCESS. Client: com.stereokit.rust_binding.demos:com.stereokit.rust_binding.demos:14015, Server: com.oculus.systemdriver:com.oculus.vrruntimeservice (HandInputDataServer)
08-22 18:28:08.075 14015 14040 I RuntimeIPCClient [RUNTIMEIPC]: ConnectToServer: SUCCESS: Client: com.stereokit.rust_binding.demos:com.stereokit.rust_binding.demos:14015, Server: com.oculus.systemdriver:com.oculus.vrruntimeservice (HandInputDataServer)
08-22 18:28:08.079 14015 14040 E TREX    : Loaded HandInputDataClientPlugin
08-22 18:28:08.079 14015 14040 I TREX    : Created plugin package context for com.oculus.systemdriver
08-22 18:28:08.081 14015 14040 I ThreadHelpers [RUNTIMEIPC]: RuntimeIPC::ThreadHelpers::SetState: threadName: JobPoolWorker, currentState: STATE_STOPPED, newState: STATE_STARTING
08-22 18:28:08.081 14015 14149 I ThreadHelpers [RUNTIMEIPC]: RuntimeIPC::ThreadHelpers::SetState: threadName: JobPoolWorker, currentState: STATE_STARTING, newState: STATE_RUNNING
08-22 18:28:08.083 14015 14040 I RuntimeIPCClient [RUNTIMEIPC]: Event buffer size (client): 8192
08-22 18:28:08.083 14015 14040 I RuntimeIPCClient [RUNTIMEIPC]: TryToGetIPCResourcesFromServer: RPC_CONNECTOR_CONNECT_TO_SERVER SUCCESS: Client: com.stereokit.rust_binding.demos:com.stereokit.rust_binding.demos:14015, Server: com.oculus.systemdriver:com.oculus.vrruntimeservice (ControllerIPCServer)
08-22 18:28:08.083 14015 14040 I RuntimeIPCClient [RUNTIMEIPC]: EnsureServerConnection: SUCCESS. Client: com.stereokit.rust_binding.demos:com.stereokit.rust_binding.demos:14015, Server: com.oculus.systemdriver:com.oculus.vrruntimeservice (ControllerIPCServer)
08-22 18:28:08.083 14015 14040 I RuntimeIPCClient [RUNTIMEIPC]: ConnectToServer: SUCCESS: Client: com.stereokit.rust_binding.demos:com.stereokit.rust_binding.demos:14015, Server: com.oculus.systemdriver:com.oculus.vrruntimeservice (ControllerIPCServer)
08-22 18:28:08.085 14015 14040 I TrexControllerClientPlugin: ControllerClientBase::Initialize success
08-22 18:28:08.085 14015 14040 I TREXLoadPolicy: SpatialPersistenceClientPlugin: all permissions matched!
08-22 18:28:08.085 14015 14040 I TREX    : Loading plugin com.facebook.spatial_persistence_service:libplugin.so
08-22 18:28:08.088 14015 14040 D AndroidLibraryResolver: Loading 'libplugin.so' from package 'com.facebook.spatial_persistence_service'
08-22 18:28:08.091 14015 14040 D ApplicationLoaders: Returning zygote-cached class loader: /system/framework/android.test.base.jar
08-22 18:28:08.101 14015 14040 I AndroidLibraryResolver: Attempting to find getAPIFunction64
08-22 18:28:08.101 14015 14040 V LibLoaderImpl: Loading 64-bit LibLoaderImpl.
08-22 18:28:08.101 14015 14040 V LibLoaderImpl: internalGetAPIFunction: loadLibrary 'loaderimpl'
08-22 18:28:08.101 14015 14040 V LibLoaderImpl: Using System.loadLibrary
08-22 18:28:08.104 14015 14040 I libloaderimpl: nativeSetClassLoader:0x1486
08-22 18:28:08.104 14015 14040 V LibLoaderImpl: internalGetAPIFunction: calling nativeGetAPIFunction
08-22 18:28:08.104 14015 14040 I libloaderimpl: LibLoaderImpl nativeGetAPIFunction.
08-22 18:28:08.104 14015 14040 I libloaderimpl: LibLoaderHandle SUCCESS
08-22 18:28:08.104 14015 14040 I libloaderimpl: LibLoaderImpl GetAPIFunction. libName: libplugin.so, funcName: trex_GetPluginInfo
08-22 18:28:08.108 14015 14040 I libloaderimpl: LibLoaderImpl GetAPIFunction. libName: libplugin.so, funcName: trex_Initialize
08-22 18:28:08.108 14015 14040 I libloaderimpl: LibLoaderImpl GetAPIFunction. libName: libplugin.so, funcName: trex_Shutdown
08-22 18:28:08.109 14015 14040 I TREX    : Created plugin package context for com.facebook.spatial_persistence_service
08-22 18:28:08.109 14015 14040 I [CT]    : SP:TREX:SpatialPersistencePlugin: SpatialPersistencePlugin::trex_Initialize called for client 1795390437433023250.
08-22 18:28:08.109 14015 14040 I [CT]    : Anchor:LogLevelHelper: setGlobalLogLevelFromSysprop: Set log level to info: 3
08-22 18:28:08.110 14015 14159 W [CT]    : VIPER: No callback registered to set thread properties for type 'Foreground' with name 'SP:AF:InsightAnchorApi'
08-22 18:28:08.152 14015 14040 I [CT]    : SP:AF:AnchorFramework: Creating CPUThreadPoolScheduler AnchorFramework Scheduler
08-22 18:28:08.155 14015 14040 W [CT]    : SP:DeviceConfig: Failed to query device config param: name=oculus_plane_freespace_integration
08-22 18:28:08.155 14015 14040 I [CT]    : SP:SpatialAnchorConfig: ensureInitialized: Gatekeeper Name: oculus_plane_freespace_integration is set to false
08-22 18:28:08.155 14015 14040 I [CT]    : SP:AF:AnchorCreationAndTrackingFactory: Using TrackingService
08-22 18:28:08.155 14015 14040 I ipcLoader [RUNTIMEIPC]: RuntimeIPC: Loader: IPC Service API Loader Version: 69 Jun  5 2024 22:49:46
08-22 18:28:08.155 14015 14040 I ipcLoader [RUNTIMEIPC]: RuntimeIPC: Using android_get_exported_namespace: libripcclient.oculus.so
08-22 18:28:08.155 14015 14040 I ipcLoader [RUNTIMEIPC]: RuntimeIPC: android_get_exported_namespace SUCCESS: libripcclient.oculus.so
08-22 18:28:08.156 14015 14040 I ThreadHelpers [RUNTIMEIPC]: RuntimeIPC::ThreadHelpers::SetState: threadName: JobPoolWorker, currentState: STATE_STOPPED, newState: STATE_STARTING
08-22 18:28:08.159 14015 14040 I ClientProcessConnector [RUNTIMEIPC]: GetProcessConnection: native_process.system:/system_ext/bin/trackingservice
08-22 18:28:08.162 14015 14040 I RuntimeIPCClient [RUNTIMEIPC]: Event buffer size (client): 8192
08-22 18:28:08.162 14015 14040 I RuntimeIPCClient [RUNTIMEIPC]: TryToGetIPCResourcesFromServer: RPC_CONNECTOR_CONNECT_TO_SERVER SUCCESS: Client: com.stereokit.rust_binding.demos:com.stereokit.rust_binding.demos:14015, Server: native_process.system:/system_ext/bin/trackingservice (SlamAnchorServer)
08-22 18:28:08.162 14015 14040 I RuntimeIPCClient [RUNTIMEIPC]: EnsureServerConnection: SUCCESS. Client: com.stereokit.rust_binding.demos:com.stereokit.rust_binding.demos:14015, Server: native_process.system:/system_ext/bin/trackingservice (SlamAnchorServer)
08-22 18:28:08.162 14015 14040 I RuntimeIPCClient [RUNTIMEIPC]: ConnectToServer: SUCCESS: Client: com.stereokit.rust_binding.demos:com.stereokit.rust_binding.demos:14015, Server: native_process.system:/system_ext/bin/trackingservice (SlamAnchorServer)
08-22 18:28:08.162 14015 14040 D OsSdkLoader: OSSDK loading module 'libheadtracker.oculus.so'
08-22 18:28:08.162 14015 14040 D t_binding.demo: memorybroker::ClientConnection ctor
08-22 18:28:08.162 14015 14040 D OsSdkLoader: OSSDK loading module 'libossdk.oculus.so'
08-22 18:28:08.163 14015 14040 I [CT]    : SP:AF:AnchorCreationAndTrackingFactory: SlamAnchorMemoryOSSDKClient created in process: /system_ext/bin/trackingservice
08-22 18:28:08.164 14015 14040 I ThreadHelpers [RUNTIMEIPC]: RuntimeIPC::ThreadHelpers::SetState: threadName: RIPCNotifThread, currentState: STATE_STOPPED, newState: STATE_STARTING
08-22 18:28:08.165 14015 14168 I ThreadHelpers [RUNTIMEIPC]: RuntimeIPC::ThreadHelpers::SetState: threadName: RIPCNotifThread, currentState: STATE_STARTING, newState: STATE_RUNNING
08-22 18:28:08.168 14015 14040 I ThreadHelpers [RUNTIMEIPC]: RuntimeIPC::ThreadHelpers::SetState: threadName: JobPoolWorker, currentState: STATE_STOPPED, newState: STATE_STARTING
08-22 18:28:08.169 14015 14169 I ThreadHelpers [RUNTIMEIPC]: RuntimeIPC::ThreadHelpers::SetState: threadName: JobPoolWorker, currentState: STATE_STARTING, newState: STATE_RUNNING
08-22 18:28:08.171 14015 14040 I RuntimeIPCClient [RUNTIMEIPC]: Event buffer size (client): 8192
