08-22 18:28:10.494 14015 14040 I LogTimer: CPUTIME: VrRuntimeClient_BeginSession took 4.8234 ms
08-22 18:28:10.494 14015 14040 I Distortion: Initializing Mesh Decenter Correction
08-22 18:28:10.497 14015 14040 I Distortion: SetLensPositions - iad=0.0681352, left offset=0.00214652,-0.00139587, right offset=-0.00258787,-0.00141104
08-22 18:28:10.497 14015 14040 I Distortion: Initializing Mesh Decenter Correction
08-22 18:28:10.499 14015 14040 I Distortion: SetLensPositions - iad=0.0681352, left offset=0.00214652,-0.00139587, right offset=-0.00258787,-0.00141104
08-22 18:28:10.499 14015 14040 I ClientInputSettings: HANDTRACKING: enabled input settings, setting hand mode control settings to ControllersOnly
08-22 18:28:10.499 14015 14040 I ClientInputSettings: HANDTRACKING package name is com.stereokit.rust_binding.demos
08-22 18:28:10.500 14015 14040 I ClientInputSettings: HANDTRACKING: Manifest Permission request for com.stereokit.rust_binding.demos
08-22 18:28:10.500 14015 14040 I ClientInputSettings: HANDTRACKING:  'com.stereokit.rust_binding.demos' Is hands or controller.
08-22 18:28:10.500 14015 14040 I ClientInputSettings: HANDTRACKING: feature flag set to 2
08-22 18:28:10.500 14015 14040 I ClientInputInterface: HANDTRACKING sethandmanifest 2
08-22 18:28:10.500 14015 14040 I InputHooks_Internal: Enabling Native Input Hooks
08-22 18:28:10.501 14015 14040 I InputDeviceManager: ovrInputDeviceManager::Initialize
08-22 18:28:10.501 14015 14040 I [CT]    : HandPosePrediction: Set sampler config enum for v59 30 Hz
08-22 18:28:10.501 14015 14040 I [CT]    : HandPosePrediction: Set sampler config enum for v59 30 Hz
08-22 18:28:10.501 14015 14040 I InputDevice_Hand: BodyPoweredHands checkSysPropForBodyAPIOverride 0
08-22 18:28:10.501 14015 14040 I InputDevice_Hand: BodyPoweredHands checkSysPropForBodyAPIOverride 0
08-22 18:28:10.502 14015 14040 I InputDeviceManager: HANDTRACKING Root pose filter profile changed for freq to 17 from 0  inf: 1
08-22 18:28:10.502 14015 14040 I AppLoadTimeTelemetryCommon: App load time recorded [packageName=com.stereokit.rust_binding.demos, time=7.212142, method="Input", launchType="Launch"]
08-22 18:28:10.503 14015 14040 I PhaseSync: PhaseSync::PhaseSync PaddingLowerLimit 0.350000 StandardDeviations 2.000000 PaddingUpperLimit 0.750000 on instance 2
08-22 18:28:10.503 14015 14040 I FrameSync: FrameSync Initialized Instance 3
08-22 18:28:10.503 14015 14040 I VrRuntimeClient: PhaseSync Instance created
08-22 18:28:10.510 14015 14040 I XrRuntimeUtils: XrRuntimeUtils::BeginSession
08-22 18:28:10.510 14015 14040 I XrRuntimeSystem_Client: BeginSession
08-22 18:28:10.511 14015 14040 I [CT]    : MIXEDREALITY: TREX: Resuming Insight MR session.
08-22 18:28:10.512 14015 14040 I OpenXR  : usesManifestForCpuBoost:0
08-22 18:28:10.512 14015 14040 I OpenXR  : ------------ xrBeginSession [end] -----------
08-22 18:28:10.512 14015 14040 D SK_rust_Demos: OpenXR session began.
08-22 18:28:10.512 14015 14040 W OsSdk   : Requested historical tracking state too far in the past; oldest: 24177.726461s, requested: 24175.739975s
08-22 18:28:10.512 14015 14040 D AAudio  : AAudioStream_requestStart(s#1) called --------------
08-22 18:28:10.512 14015 14040 D AAudioStream: setState(s#1) from 10 to 3
08-22 18:28:10.513 14015 14319 I JniUtils: ovr_GetCurrentPackageSignature 
08-22 18:28:10.514 14015 14319 I Metrics : device model = Quest 2
08-22 18:28:10.514 14015 14319 I Telemetry: Aligning telemetry thread time, will wait for: 486 ms...
08-22 18:28:10.524 14015 14040 D AAudio  : AAudioStream_requestStart(s#1) returned 0 ---------
08-22 18:28:10.537 14015 14031 D AudioStreamLegacy: onAudioDeviceUpdate(deviceId = 2)
08-22 18:28:10.541 14015 14211 D AAudioStream: setState(s#1) from 3 to 4
08-22 18:28:10.544 14015 14040 D SK_rust_Demos: Resuming from sleep
08-22 18:28:10.544 14015 14040 D SK_rust_Demos: [sk_gpu] Clearing unsourced err: 0x502
08-22 18:28:10.574 14015 14040 I RuntimeIPCClient [RUNTIMEIPC]: InitServerStateBuffer: SUCCESS. 3, Client: com.stereokit.rust_binding.demos:com.stereokit.rust_binding.demos:14015, Server: com.oculus.systemdriver:com.oculus.vrruntimeservice (HandInputDataServer)
08-22 18:28:10.575 14015 14040 I RuntimeIPCClient [RUNTIMEIPC]: InitServerStateBuffer: SUCCESS. 4, Client: com.stereokit.rust_binding.demos:com.stereokit.rust_binding.demos:14015, Server: com.oculus.systemdriver:com.oculus.vrruntimeservice (HandInputDataServer)
08-22 18:28:10.577 14015 14015 D STKit-rs: android_activity::activity_impl::glue: WindowFocusChanged: 0xb40000724db6a8c0 -- 1
08-22 18:28:10.627 14015 14040 I OpenXR_GPUMemTrace: OpenXR GPU memory tracing is enabled on heap(oculus.OpenXR) with id(2)
08-22 18:28:10.627 14015 14040 I OpenXR_GPUMemTrace: Swapchain creation, id=877, idx=0, MemoryAllocationSize: 40725 KB
08-22 18:28:10.627 14015 14040 I OpenXR_GPUMemTrace: Swapchain creation, id=877, idx=1, MemoryAllocationSize: 40725 KB
08-22 18:28:10.627 14015 14040 I OpenXR_GPUMemTrace: Swapchain creation, id=877, idx=2, MemoryAllocationSize: 40725 KB
08-22 18:28:10.687 14015 14040 I OpenXR_GPUMemTrace: Swapchain creation, id=878, idx=0, MemoryAllocationSize: 40725 KB
08-22 18:28:10.688 14015 14040 I OpenXR_GPUMemTrace: Swapchain creation, id=878, idx=1, MemoryAllocationSize: 40725 KB
08-22 18:28:10.688 14015 14040 I OpenXR_GPUMemTrace: Swapchain creation, id=878, idx=2, MemoryAllocationSize: 40725 KB
08-22 18:28:10.688 14015 14040 D SK_rust_Demos: Set swapchain: PrimaryStereo to 4320x2376
08-22 18:28:10.690 14015 14040 I AppLoadTimeTelemetryCommon: App load time recorded [packageName=com.stereokit.rust_binding.demos, time=7.399673, method="Unknown", launchType="Launch"]
08-22 18:28:10.690 14015 14328 I FenceChecker: FenceChecker::MainLoop - started
08-22 18:28:10.693 14015 14040 I OpenXR  : PostSessionStateChange: XR_SESSION_STATE_READY -> XR_SESSION_STATE_SYNCHRONIZED
08-22 18:28:10.694 14015 14040 I Deque   : AddEventToQueue called. eventInfo.type: 18, eventInfo.next: 1
08-22 18:28:10.694 14015 14040 D SK_rust_Demos: OpenXR state: ready -> synchronized
08-22 18:28:10.694 14015 14040 I OpenXR  : PostSessionStateChange: XR_SESSION_STATE_SYNCHRONIZED -> XR_SESSION_STATE_VISIBLE
08-22 18:28:10.695 14015 14040 I Deque   : AddEventToQueue called. eventInfo.type: 18, eventInfo.next: 1
08-22 18:28:10.695 14015 14040 I OpenXR  : PostSessionStateChange: XR_SESSION_STATE_VISIBLE -> XR_SESSION_STATE_FOCUSED
08-22 18:28:10.696 14015 14040 I Deque   : AddEventToQueue called. eventInfo.type: 18, eventInfo.next: 1
08-22 18:28:10.696 14015 14040 D SK_rust_Demos: OpenXR state: synchronized -> visible
08-22 18:28:10.696 14015 14040 D SK_rust_Demos: OpenXR state: visible -> focused
08-22 18:28:10.696 14015 14040 I Deque   : AddEventToQueue called. eventInfo.type: 52, eventInfo.next: 1
08-22 18:28:10.697 14015 14040 I SK_rust_Demos: App focus changed to : Active
08-22 18:28:10.698 14015 14040 D SK_rust_Demos: WokeUp
08-22 18:28:10.698 14015 14040 D SK_rust_Demos: GainedFocus: Time to wake up
08-22 18:28:10.724 14015 14040 D SK_rust_Demos: Switched left controller profile to khr/simple_controller
08-22 18:28:10.724 14015 14040 D SK_rust_Demos: Switched right controller profile to khr/simple_controller
08-22 18:28:10.727 14015 14040 D SK_rust_Demos: WokeUp
08-22 18:28:10.741 14015 14040 W [CT]    : HandPoseSampler: Detected non-incrementing timestamp: 24178.253916588. Skip contribution to prediction filter and use previous pose
08-22 18:28:11.001 14015 14319 I Telemetry: Time aligned, interrupted: 0
08-22 18:28:12.011 14015 14319 I ClientSharedTelemetryStats: App memory usage: PSS=545 MiB, PrivateDirty=529 MiB, PrivateClean=7 MiB, GPU=359.8/360.0 MiB (100% allocated)
08-22 18:28:12.011 14015 14319 I VrApi   : FPS=1/72,Prd=0ms,Tear=0,Early=0,Stale=34,Stale2/5/10/max=0/0/1/249,VSnc=1,Lat=-1,Fov=0,CPU4/GPU=5/4,2419/490MHz,OC=FF,TA=0/0/70,SP=N/N/F,Mem=2092MHz,Free=2326MB,PLS=0,Temp=32.2C/0.0C,TW=2.55ms,App=0.00ms,GD=0.00ms,CPU&GPU=0.00ms,LCnt=5(DR20,LM2),GPU%=0.95,CPU%=0.10(W0.14),DSF=1.00,CFL=14.35/21.84,ICFLp95=18.58,LD=0,SF=0.00,LP=0,DVFS=0
08-22 18:28:12.011 14015 14319 W Telemetry: [OpenXR] Unsupported threadType; 2
08-22 18:28:12.889 14015 14040 D SK_rust_Demos: UserEvent StepperAction::Remove( id:"HudNotif1"
08-22 18:28:13.001 14015 14319 I VrApi   : FPS=57/72,Prd=49ms,Tear=0,Early=18,Stale=15,Stale2/5/10/max=2/0/0/3,VSnc=1,Lat=-1,Fov=0,CPU4/GPU=5/4,1478/525MHz,OC=FF,TA=0/0/70,SP=N/N/F,Mem=2092MHz,Free=2326MB,PLS=0,Temp=32.2C/0.0C,TW=2.28ms,App=15.32ms,GD=0.00ms,CPU&GPU=16.74ms,LCnt=4(DR0,LM2),GPU%=0.81,CPU%=0.08(W0.14),DSF=1.00,CFL=13.78/19.36,ICFLp95=17.95,LD=0,SF=1.50,LP=0,DVFS=0
08-22 18:28:14.001 14015 14319 I VrApi   : FPS=55/72,Prd=42ms,Tear=0,Early=17,Stale=13,Stale2/5/10/max=0/0/0/1,VSnc=1,Lat=-1,Fov=0,CPU4/GPU=3/4,1478/525MHz,OC=FF,TA=0/0/70,SP=N/N/F,Mem=2092MHz,Free=2326MB,PLS=0,Temp=32.2C/0.0C,TW=1.64ms,App=10.60ms,GD=0.00ms,CPU&GPU=15.37ms,LCnt=2(DR56,LM2),GPU%=0.94,CPU%=0.16(W0.22),DSF=1.00,CFL=13.71/19.41,ICFLp95=17.51,LD=0,SF=1.50,LP=0,DVFS=0
08-22 18:28:15.001 14015 14319 I VrApi   : FPS=72/72,Prd=46ms,Tear=0,Early=55,Stale=0,Stale2/5/10/max=0/0/0/0,VSnc=1,Lat=-1,Fov=0,CPU4/GPU=2/4,1478/525MHz,OC=FF,TA=0/0/70,SP=N/N/F,Mem=2092MHz,Free=2326MB,PLS=0,Temp=32.2C/0.0C,TW=1.62ms,App=11.98ms,GD=0.00ms,CPU&GPU=14.28ms,LCnt=2(DR72,LM2),GPU%=0.99,CPU%=0.15(W0.41),DSF=1.00,CFL=12.69/18.42,ICFLp95=16.05,LD=0,SF=1.50,LP=0,DVFS=0
08-22 18:28:16.001 14015 14319 I VrApi   : FPS=72/72,Prd=43ms,Tear=0,Early=5,Stale=0,Stale2/5/10/max=0/0/0/0,VSnc=1,Lat=-1,Fov=0,CPU4/GPU=2/4,1478/525MHz,OC=FF,TA=0/0/70,SP=N/N/F,Mem=2092MHz,Free=2326MB,PLS=0,Temp=32.2C/0.0C,TW=1.63ms,App=11.14ms,GD=0.00ms,CPU&GPU=16.85ms,LCnt=2(DR72,LM2),GPU%=0.94,CPU%=0.13(W0.29),DSF=1.00,CFL=12.24/17.43,ICFLp95=15.36,LD=0,SF=1.50,LP=0,DVFS=0
08-22 18:28:16.135 14015 14015 I OpenXR  : nativeOnActivityPaused
08-22 18:28:16.135 14015 14015 D STKit-rs: android_activity::activity_impl::glue: Pause: 0xb40000724db6a8c0
08-22 18:28:16.139 14015 14040 I OpenXR  : PostSessionStateChange: XR_SESSION_STATE_FOCUSED -> XR_SESSION_STATE_VISIBLE
08-22 18:28:16.196 14015 14040 I Deque   : AddEventToQueue called. eventInfo.type: 18, eventInfo.next: 1
08-22 18:28:16.196 14015 14040 I OpenXR  : PostSessionStateChange: XR_SESSION_STATE_VISIBLE -> XR_SESSION_STATE_SYNCHRONIZED
08-22 18:28:16.196 14015 14040 I Deque   : AddEventToQueue called. eventInfo.type: 18, eventInfo.next: 1
08-22 18:28:16.196 14015 14040 I OpenXR  : PostSessionStateChange: XR_SESSION_STATE_SYNCHRONIZED -> XR_SESSION_STATE_STOPPING
08-22 18:28:16.197 14015 14040 I Deque   : AddEventToQueue called. eventInfo.type: 18, eventInfo.next: 1
08-22 18:28:16.197 14015 14040 D SK_rust_Demos: OpenXR state: focused -> visible
08-22 18:28:16.197 14015 14040 D SK_rust_Demos: OpenXR state: visible -> synchronized
08-22 18:28:16.197 14015 14040 D SK_rust_Demos: OpenXR state: synchronized -> stopping
08-22 18:28:16.197 14015 14040 I OpenXR  : ------------ xrEndSession [start] -----------
08-22 18:28:16.197 14015 14040 I XrRuntimeUtils: XrRuntimeUtils::EndSession
08-22 18:28:16.197 14015 14040 I [CT]    : MIXEDREALITY: TREX: Suspending Insight MR session.
08-22 18:28:16.232 14015 14040 I Sensor  : OSSDKTRACKING Shutdown tracking
08-22 18:28:16.233 14015 14040 I VrRuntimeClient: EndSession. Restore the audio capture policy to default value
08-22 18:28:16.233 14015 14040 I LogTimer: CPUTIME: VrRuntimeClient_EndSession took 34.9954 ms
08-22 18:28:16.233 14015 14040 I InputDeviceManager: ovrInputDeviceManager::~ovrInputDeviceManager
08-22 18:28:16.233 14015 14040 I OSHandDataQuerier: OSSDKTRACKING shutting down handsTracker_
08-22 18:28:16.233 14015 14040 I OSHandDataQuerier: OSSDKTRACKING shutting down handsTracker_
08-22 18:28:16.233 14015 14040 I InputHooks_Internal: Disabling Native Input Hooks
08-22 18:28:16.239 14015 14318 I ClientInputThread_Internal: InputThreadRun ShutdownRequest received
08-22 18:28:16.239 14015 14040 I ClientInputTrackedKeyboardManager: TRACKEDKEYBOARD ClearTrackedObjectManager called on client
08-22 18:28:16.250 14015 14328 I FenceChecker: FenceChecker::MainLoop - ended
08-22 18:28:16.250 14015 14040 I VrRuntimeClient: PhaseSync Instance deleted
08-22 18:28:16.250 14015 14040 I OpenXR  : PostSessionStateChange: XR_SESSION_STATE_STOPPING -> XR_SESSION_STATE_IDLE
08-22 18:28:16.251 14015 14040 I Deque   : AddEventToQueue called. eventInfo.type: 18, eventInfo.next: 1
08-22 18:28:16.251 14015 14040 I OpenXR  : ------------ xrEndSession [end] -----------
08-22 18:28:16.251 14015 14040 I VrRuntimeClient: Client has gained focus.
08-22 18:28:16.251 14015 14040 D SK_rust_Demos: OpenXR state: stopping -> idle
08-22 18:28:16.252 14015 14040 I SK_rust_Demos: App focus changed to : Hidden
08-22 18:28:16.253 14015 14040 D SK_rust_Demos: Time to sleep
08-22 18:28:16.260 14015 14015 D STKit-rs: android_activity::activity_impl::glue: NativeWindowDestroyed: 0xb40000724db6a8c0 -- 0xb40000724db8a810
08-22 18:28:16.492 14015 14040 I SK_rust_Demos: SkClosure Suspended !!
08-22 18:28:16.531 14015 14175 I [CT]    : SlamAnchorClientRuntimeIPC: Handling rebase for 7 anchors.
08-22 18:28:16.533 14015 14168 I [CT]    : SlamAnchorClientRuntimeIPC: Handling rebase for 7 anchors.
08-22 18:28:16.715 14015 14015 D STKit-rs: android_activity::activity_impl::glue: Stop: 0xb40000724db6a8c0
08-22 18:28:16.951 14015 14015 D STKit-rs: android_activity::activity_impl::glue: SaveInstanceState: 0xb40000724db6a8c0
08-22 18:28:17.423 14015 14015 D STKit-rs: android_activity::activity_impl::glue: Saved state = 0x0, len = 0
08-22 18:28:17.425 14015 14015 I Choreographer: Skipped 138 frames!  The application may be doing too much work on its main thread.
08-22 18:28:17.430 14015 14015 D STKit-rs: android_activity::activity_impl::glue: WindowFocusChanged: 0xb40000724db6a8c0 -- 0
08-22 18:28:19.573 14015 14015 D STKit-rs: android_activity::activity_impl::glue: Start: 0xb40000724db6a8c0
08-22 18:28:19.576 14015 14183 I OpenXR  : nativeOnActivityReady
08-22 18:28:19.577 14015 14015 D STKit-rs: android_activity::activity_impl::glue: Resume: 0xb40000724db6a8c0
08-22 18:28:19.896 14015 14015 D STKit-rs: android_activity::activity_impl::glue: NativeWindowCreated: 0xb40000724db6a8c0 -- 0xb40000724db8a810
08-22 18:28:19.984 14015 14015 D STKit-rs: android_activity::activity_impl::glue: NativeWindowResized: 0xb40000724db6a8c0 -- 0xb40000724db8a810
08-22 18:28:19.984 14015 14040 I SK_rust_Demos: Resumed !!
08-22 18:28:19.985 14015 14015 D STKit-rs: android_activity::activity_impl::glue: NativeWindowRedrawNeeded: 0xb40000724db6a8c0 -- 0xb40000724db8a810
08-22 18:28:19.987 14015 14015 D STKit-rs: android_activity::activity_impl::glue: WindowFocusChanged: 0xb40000724db6a8c0 -- 1
08-22 18:28:20.126 14015 14175 I [CT]    : SlamAnchorClientRuntimeIPC: Handling rebase for 7 anchors.
08-22 18:28:20.127 14015 14168 I [CT]    : SlamAnchorClientRuntimeIPC: Handling rebase for 7 anchors.
08-22 18:28:20.385 14015 14040 D SK_rust_Demos: RedrawRequested: Time to wake up
08-22 18:28:20.418 14015 14040 D SK_rust_Demos: Sleeping until OpenXR session wakes
08-22 18:28:20.418 14015 14040 W Telemetry: [OpenXR] Unsupported threadType; 2
08-22 18:28:20.418 14015 14040 D AAudio  : AAudioStream_requestStop(s#1) called
08-22 18:28:20.418 14015 14040 D AAudioStream: setState(s#1) from 4 to 9
08-22 18:28:20.418 14015 14040 D AudioTrack: stop(87): called with 475584 frames delivered
08-22 18:28:20.419 14015 14040 D AAudioStream: setState(s#1) from 9 to 10
08-22 18:28:20.519 14015 14040 I Deque   : AddEventToQueue called. eventInfo.type: 40, eventInfo.next: 1
08-22 18:28:20.519 14015 14040 E TREX    : Interface 'MrLightingEstimationInterface', version 1 was not found. Check debug build for more information.
08-22 18:28:20.519 14015 14040 I OpenXR  : PostSessionStateChange: XR_SESSION_STATE_IDLE -> XR_SESSION_STATE_READY
08-22 18:28:20.519 14015 14040 I Deque   : AddEventToQueue called. eventInfo.type: 18, eventInfo.next: 1
08-22 18:28:20.519 14015 14040 D SK_rust_Demos: Created local floor app space at an offset of (0,0,0) (0,0,0,1)
08-22 18:28:20.519 14015 14040 D SK_rust_Demos: Bounds updated: 3.6x3.6 at (-1,0,-0.5) (0,1,0,0.042)
08-22 18:28:20.519 14015 14040 D SK_rust_Demos: OpenXR state: idle -> ready
08-22 18:28:20.520 14015 14040 I OpenXR  : ------------ xrBeginSession [start] -----------
08-22 18:28:20.520 14015 14040 I DRR     : DRR is supported: 1
08-22 18:28:20.520 14015 14040 I DRR     : DRR is enabled: 0
08-22 18:28:20.520 14015 14040 I Sensor  : OSSDKTRACKING Initializing controller tracking
08-22 18:28:20.520 14015 14040 I Sensor  : OSSDKTRACKING Controller tracker != nullpointer 0xb400007134645790, 1
08-22 18:28:20.523 14015 14040 I DeviceStatus: nativeHeadsetEvent(0)
08-22 18:28:20.524 14015 14040 I VrRuntimeClient: SetCompositorClientFeatureFlag ClientFeatureFlag 0 
08-22 18:28:20.525 14015 14040 I VrRuntimeClient: Mounted state at BeginSession: True
08-22 18:28:20.525 14015 14040 I LogTimer: CPUTIME: VrRuntimeClient_BeginSession took 5.4020 ms
08-22 18:28:20.525 14015 14040 I Distortion: Initializing Mesh Decenter Correction
08-22 18:28:20.527 14015 14040 I Distortion: SetLensPositions - iad=0.0680323, left offset=0.00209505,-0.00139587, right offset=-0.00253641,-0.00141104
08-22 18:28:20.527 14015 14040 I Distortion: Initializing Mesh Decenter Correction
08-22 18:28:20.528 14015 14040 I Distortion: SetLensPositions - iad=0.0680323, left offset=0.00209505,-0.00139587, right offset=-0.00253641,-0.00141104
08-22 18:28:20.529 14015 14040 I ClientInputSettings: HANDTRACKING: enabled input settings, setting hand mode control settings to ControllersOnly
08-22 18:28:20.529 14015 14040 I ClientInputSettings: HANDTRACKING package name is com.stereokit.rust_binding.demos
08-22 18:28:20.530 14015 14040 I ClientInputSettings: HANDTRACKING: Manifest Permission request for com.stereokit.rust_binding.demos
08-22 18:28:20.530 14015 14040 I ClientInputSettings: HANDTRACKING:  'com.stereokit.rust_binding.demos' Is hands or controller.
08-22 18:28:20.530 14015 14040 I ClientInputSettings: HANDTRACKING: feature flag set to 2
08-22 18:28:20.530 14015 14040 I ClientInputInterface: HANDTRACKING sethandmanifest 2
08-22 18:28:20.531 14015 14040 I InputHooks_Internal: Enabling Native Input Hooks
08-22 18:28:20.531 14015 14040 I InputDeviceManager: ovrInputDeviceManager::Initialize
08-22 18:28:20.531 14015 14040 I [CT]    : HandPosePrediction: Set sampler config enum for v59 30 Hz
08-22 18:28:20.531 14015 14040 I [CT]    : HandPosePrediction: Set sampler config enum for v59 30 Hz
08-22 18:28:20.531 14015 14040 I InputDevice_Hand: BodyPoweredHands checkSysPropForBodyAPIOverride 0
08-22 18:28:20.532 14015 14040 I InputDevice_Hand: BodyPoweredHands checkSysPropForBodyAPIOverride 0
08-22 18:28:20.532 14015 14040 I InputDeviceManager: HANDTRACKING Root pose filter profile changed for freq to 17 from 0  inf: 1
08-22 18:28:20.532 14015 14040 I PhaseSync: PhaseSync::PhaseSync PaddingLowerLimit 0.350000 StandardDeviations 2.000000 PaddingUpperLimit 0.750000 on instance 4
08-22 18:28:20.532 14015 14040 I FrameSync: FrameSync Initialized Instance 5
08-22 18:28:20.532 14015 14040 I VrRuntimeClient: PhaseSync Instance created
08-22 18:28:20.540 14015 14040 I XrRuntimeUtils: XrRuntimeUtils::BeginSession
08-22 18:28:20.540 14015 14040 I XrRuntimeSystem_Client: BeginSession
08-22 18:28:20.541 14015 14040 I [CT]    : MIXEDREALITY: TREX: Resuming Insight MR session.
08-22 18:28:20.542 14015 14040 I OpenXR  : usesManifestForCpuBoost:0
08-22 18:28:20.542 14015 14040 I OpenXR  : ------------ xrBeginSession [end] -----------
08-22 18:28:20.542 14015 14040 D SK_rust_Demos: OpenXR session began.
08-22 18:28:20.542 14015 14040 W OsSdk   : Requested historical tracking state too far in the past; oldest: 24187.758334s, requested: 24183.669693s
08-22 18:28:20.542 14015 14040 D AAudio  : AAudioStream_requestStart(s#1) called --------------
08-22 18:28:20.542 14015 14040 D AAudioStream: setState(s#1) from 10 to 3
08-22 18:28:20.544 14015 14494 I JniUtils: ovr_GetCurrentPackageSignature 
08-22 18:28:20.546 14015 14494 I Metrics : device model = Quest 2
08-22 18:28:20.546 14015 14494 I Telemetry: Aligning telemetry thread time, will wait for: 454 ms...
08-22 18:28:20.549 14015 14040 D AAudio  : AAudioStream_requestStart(s#1) returned 0 ---------
08-22 18:28:20.557 14015 14031 D AudioStreamLegacy: onAudioDeviceUpdate(deviceId = 2)
08-22 18:28:20.561 14015 14211 D AAudioStream: setState(s#1) from 3 to 4
08-22 18:28:20.570 14015 14040 D SK_rust_Demos: Resuming from sleep
08-22 18:28:20.571 14015 14040 D SK_rust_Demos: GainedFocus: Time to wake up
08-22 18:28:20.581 14015 14497 I FenceChecker: FenceChecker::MainLoop - started
08-22 18:28:20.584 14015 14040 I OpenXR  : PostSessionStateChange: XR_SESSION_STATE_READY -> XR_SESSION_STATE_SYNCHRONIZED
08-22 18:28:20.584 14015 14040 I Deque   : AddEventToQueue called. eventInfo.type: 18, eventInfo.next: 1
08-22 18:28:20.584 14015 14040 D SK_rust_Demos: OpenXR state: ready -> synchronized
08-22 18:28:20.584 14015 14040 I OpenXR  : PostSessionStateChange: XR_SESSION_STATE_SYNCHRONIZED -> XR_SESSION_STATE_VISIBLE
08-22 18:28:20.585 14015 14040 I Deque   : AddEventToQueue called. eventInfo.type: 18, eventInfo.next: 1
08-22 18:28:20.585 14015 14040 I OpenXR  : PostSessionStateChange: XR_SESSION_STATE_VISIBLE -> XR_SESSION_STATE_FOCUSED
08-22 18:28:20.585 14015 14040 I Deque   : AddEventToQueue called. eventInfo.type: 18, eventInfo.next: 1
08-22 18:28:20.585 14015 14040 D SK_rust_Demos: OpenXR state: synchronized -> visible
08-22 18:28:20.585 14015 14040 D SK_rust_Demos: OpenXR state: visible -> focused
08-22 18:28:20.586 14015 14040 I Deque   : AddEventToQueue called. eventInfo.type: 52, eventInfo.next: 1
08-22 18:28:20.586 14015 14040 I SK_rust_Demos: App focus changed to : Active
08-22 18:28:20.586 14015 14040 D SK_rust_Demos: WokeUp
08-22 18:28:20.589 14015 14040 I AppLoadTimeTelemetryCommon: App load time recorded [packageName=com.stereokit.rust_binding.demos, time=0.563587, method="Unknown", launchType="Resume"]
08-22 18:28:20.866 14015 14015 I OpenXR  : nativeOnActivityPaused
08-22 18:28:20.866 14015 14015 D STKit-rs: android_activity::activity_impl::glue: Pause: 0xb40000724db6a8c0
08-22 18:28:20.868 14015 14040 I OpenXR  : PostSessionStateChange: XR_SESSION_STATE_FOCUSED -> XR_SESSION_STATE_VISIBLE
08-22 18:28:20.870 14015 14040 I Deque   : AddEventToQueue called. eventInfo.type: 18, eventInfo.next: 1
08-22 18:28:20.870 14015 14040 I OpenXR  : PostSessionStateChange: XR_SESSION_STATE_VISIBLE -> XR_SESSION_STATE_SYNCHRONIZED
08-22 18:28:20.870 14015 14040 I Deque   : AddEventToQueue called. eventInfo.type: 18, eventInfo.next: 1
08-22 18:28:20.870 14015 14040 I OpenXR  : PostSessionStateChange: XR_SESSION_STATE_SYNCHRONIZED -> XR_SESSION_STATE_STOPPING
08-22 18:28:20.871 14015 14040 I Deque   : AddEventToQueue called. eventInfo.type: 18, eventInfo.next: 1
08-22 18:28:20.871 14015 14040 D SK_rust_Demos: OpenXR state: focused -> visible
08-22 18:28:20.871 14015 14040 D SK_rust_Demos: OpenXR state: visible -> synchronized
08-22 18:28:20.871 14015 14040 D SK_rust_Demos: OpenXR state: synchronized -> stopping
08-22 18:28:20.871 14015 14040 I OpenXR  : ------------ xrEndSession [start] -----------
08-22 18:28:20.871 14015 14040 I XrRuntimeUtils: XrRuntimeUtils::EndSession
08-22 18:28:20.871 14015 14040 I [CT]    : MIXEDREALITY: TREX: Suspending Insight MR session.
08-22 18:28:20.880 14015 14040 I Sensor  : OSSDKTRACKING Shutdown tracking
08-22 18:28:20.880 14015 14040 I VrRuntimeClient: EndSession. Restore the audio capture policy to default value
08-22 18:28:20.880 14015 14040 I LogTimer: CPUTIME: VrRuntimeClient_EndSession took 7.9088 ms
08-22 18:28:20.880 14015 14494 I Telemetry: Time aligned, interrupted: 1
08-22 18:28:20.880 14015 14040 I InputDeviceManager: ovrInputDeviceManager::~ovrInputDeviceManager
08-22 18:28:20.881 14015 14040 I OSHandDataQuerier: OSSDKTRACKING shutting down handsTracker_
08-22 18:28:20.881 14015 14040 I OSHandDataQuerier: OSSDKTRACKING shutting down handsTracker_
08-22 18:28:20.881 14015 14040 I InputHooks_Internal: Disabling Native Input Hooks
08-22 18:28:20.893 14015 14493 I ClientInputThread_Internal: InputThreadRun ShutdownRequest received
08-22 18:28:20.893 14015 14040 I ClientInputTrackedKeyboardManager: TRACKEDKEYBOARD ClearTrackedObjectManager called on client
08-22 18:28:20.909 14015 14497 I FenceChecker: FenceChecker::MainLoop - ended
08-22 18:28:20.909 14015 14040 I VrRuntimeClient: PhaseSync Instance deleted
08-22 18:28:20.910 14015 14040 I OpenXR  : PostSessionStateChange: XR_SESSION_STATE_STOPPING -> XR_SESSION_STATE_IDLE
08-22 18:28:20.910 14015 14040 I Deque   : AddEventToQueue called. eventInfo.type: 18, eventInfo.next: 1
08-22 18:28:20.910 14015 14040 I OpenXR  : ------------ xrEndSession [end] -----------
08-22 18:28:20.910 14015 14040 D SK_rust_Demos: OpenXR state: stopping -> idle
08-22 18:28:20.911 14015 14040 I SK_rust_Demos: App focus changed to : Hidden
08-22 18:28:20.912 14015 14040 D SK_rust_Demos: Time to sleep
08-22 18:28:20.917 14015 14015 D STKit-rs: android_activity::activity_impl::glue: WindowFocusChanged: 0xb40000724db6a8c0 -- 0
08-22 18:28:21.289 14015 14015 D STKit-rs: android_activity::activity_impl::glue: Resume: 0xb40000724db6a8c0
08-22 18:28:21.291 14015 14183 I OpenXR  : nativeOnActivityReady
08-22 18:28:21.313 14015 14015 D STKit-rs: android_activity::activity_impl::glue: WindowFocusChanged: 0xb40000724db6a8c0 -- 1
08-22 18:28:21.512 14015 14040 D SK_rust_Demos: GainedFocus: Time to wake up
08-22 18:28:21.545 14015 14040 D SK_rust_Demos: Sleeping until OpenXR session wakes
08-22 18:28:21.546 14015 14040 W Telemetry: [OpenXR] Unsupported threadType; 2
08-22 18:28:21.546 14015 14040 D AAudio  : AAudioStream_requestStop(s#1) called
08-22 18:28:21.546 14015 14040 D AAudioStream: setState(s#1) from 4 to 9
08-22 18:28:21.546 14015 14040 D AudioTrack: stop(87): called with 48768 frames delivered
08-22 18:28:21.546 14015 14040 D AAudioStream: setState(s#1) from 9 to 10
08-22 18:28:21.646 14015 14040 I OpenXR  : PostSessionStateChange: XR_SESSION_STATE_IDLE -> XR_SESSION_STATE_READY
08-22 18:28:21.646 14015 14040 I Deque   : AddEventToQueue called. eventInfo.type: 18, eventInfo.next: 1
08-22 18:28:21.646 14015 14040 D SK_rust_Demos: OpenXR state: idle -> ready
08-22 18:28:21.646 14015 14040 I OpenXR  : ------------ xrBeginSession [start] -----------
08-22 18:28:21.646 14015 14040 I DRR     : DRR is supported: 1
08-22 18:28:21.646 14015 14040 I DRR     : DRR is enabled: 0
08-22 18:28:21.646 14015 14040 I Sensor  : OSSDKTRACKING Initializing controller tracking
08-22 18:28:21.646 14015 14040 I Sensor  : OSSDKTRACKING Controller tracker != nullpointer 0xb400007134645790, 1
08-22 18:28:21.648 14015 14040 I DeviceStatus: nativeHeadsetEvent(0)
08-22 18:28:21.649 14015 14040 I VrRuntimeClient: SetCompositorClientFeatureFlag ClientFeatureFlag 0 
08-22 18:28:21.649 14015 14040 I VrRuntimeClient: Mounted state at BeginSession: True
08-22 18:28:21.650 14015 14040 I LogTimer: CPUTIME: VrRuntimeClient_BeginSession took 3.1328 ms
08-22 18:28:21.650 14015 14040 I Distortion: Initializing Mesh Decenter Correction
08-22 18:28:21.650 14015 14040 I Distortion: SetLensPositions - iad=0.0680323, left offset=0.00209505,-0.00139587, right offset=-0.00253641,-0.00141104
08-22 18:28:21.650 14015 14040 I Distortion: Initializing Mesh Decenter Correction
08-22 18:28:21.651 14015 14040 I Distortion: SetLensPositions - iad=0.0680323, left offset=0.00209505,-0.00139587, right offset=-0.00253641,-0.00141104
08-22 18:28:21.652 14015 14040 I ClientInputSettings: HANDTRACKING: enabled input settings, setting hand mode control settings to ControllersOnly
08-22 18:28:21.652 14015 14040 I ClientInputSettings: HANDTRACKING package name is com.stereokit.rust_binding.demos
08-22 18:28:21.652 14015 14040 I ClientInputSettings: HANDTRACKING: Manifest Permission request for com.stereokit.rust_binding.demos
08-22 18:28:21.652 14015 14040 I ClientInputSettings: HANDTRACKING:  'com.stereokit.rust_binding.demos' Is hands or controller.
08-22 18:28:21.652 14015 14040 I ClientInputSettings: HANDTRACKING: feature flag set to 2
08-22 18:28:21.652 14015 14040 I ClientInputInterface: HANDTRACKING sethandmanifest 2
08-22 18:28:21.652 14015 14040 I InputHooks_Internal: Enabling Native Input Hooks
08-22 18:28:21.652 14015 14040 I InputDeviceManager: ovrInputDeviceManager::Initialize
08-22 18:28:21.652 14015 14040 I [CT]    : HandPosePrediction: Set sampler config enum for v59 30 Hz
08-22 18:28:21.652 14015 14040 I [CT]    : HandPosePrediction: Set sampler config enum for v59 30 Hz
08-22 18:28:21.653 14015 14040 I InputDevice_Hand: BodyPoweredHands checkSysPropForBodyAPIOverride 0
08-22 18:28:21.653 14015 14040 I InputDevice_Hand: BodyPoweredHands checkSysPropForBodyAPIOverride 0
08-22 18:28:21.653 14015 14040 I InputDeviceManager: HANDTRACKING Root pose filter profile changed for freq to 17 from 0  inf: 1
08-22 18:28:21.653 14015 14040 I PhaseSync: PhaseSync::PhaseSync PaddingLowerLimit 0.350000 StandardDeviations 2.000000 PaddingUpperLimit 0.750000 on instance 6
08-22 18:28:21.653 14015 14040 I FrameSync: FrameSync Initialized Instance 7
08-22 18:28:21.653 14015 14040 I VrRuntimeClient: PhaseSync Instance created
08-22 18:28:21.658 14015 14040 I XrRuntimeUtils: XrRuntimeUtils::BeginSession
08-22 18:28:21.658 14015 14040 I XrRuntimeSystem_Client: BeginSession
08-22 18:28:21.658 14015 14040 I [CT]    : MIXEDREALITY: TREX: Resuming Insight MR session.
08-22 18:28:21.658 14015 14040 I OpenXR  : usesManifestForCpuBoost:0
08-22 18:28:21.658 14015 14040 I OpenXR  : ------------ xrBeginSession [end] -----------
08-22 18:28:21.658 14015 14040 D SK_rust_Demos: OpenXR session began.
08-22 18:28:21.658 14015 14040 D AAudio  : AAudioStream_requestStart(s#1) called --------------
08-22 18:28:21.658 14015 14040 D AAudioStream: setState(s#1) from 10 to 3
08-22 18:28:21.659 14015 14513 I JniUtils: ovr_GetCurrentPackageSignature 
08-22 18:28:21.660 14015 14513 I Metrics : device model = Quest 2
08-22 18:28:21.660 14015 14513 I Telemetry: Aligning telemetry thread time, will wait for: 340 ms...
08-22 18:28:21.673 14015 14040 D AAudio  : AAudioStream_requestStart(s#1) returned 0 ---------
08-22 18:28:21.677 14015 14030 D AudioStreamLegacy: onAudioDeviceUpdate(deviceId = 2)
08-22 18:28:21.681 14015 14211 D AAudioStream: setState(s#1) from 3 to 4
08-22 18:28:21.693 14015 14040 D SK_rust_Demos: Resuming from sleep
08-22 18:28:21.709 14015 14515 I FenceChecker: FenceChecker::MainLoop - started
08-22 18:28:21.712 14015 14040 I OpenXR  : PostSessionStateChange: XR_SESSION_STATE_READY -> XR_SESSION_STATE_SYNCHRONIZED
08-22 18:28:21.712 14015 14040 I Deque   : AddEventToQueue called. eventInfo.type: 18, eventInfo.next: 1
08-22 18:28:21.712 14015 14040 D SK_rust_Demos: OpenXR state: ready -> synchronized
08-22 18:28:21.712 14015 14040 I OpenXR  : PostSessionStateChange: XR_SESSION_STATE_SYNCHRONIZED -> XR_SESSION_STATE_VISIBLE
08-22 18:28:21.714 14015 14040 I Deque   : AddEventToQueue called. eventInfo.type: 18, eventInfo.next: 1
08-22 18:28:21.714 14015 14040 I OpenXR  : PostSessionStateChange: XR_SESSION_STATE_VISIBLE -> XR_SESSION_STATE_FOCUSED
08-22 18:28:21.714 14015 14040 I Deque   : AddEventToQueue called. eventInfo.type: 18, eventInfo.next: 1
08-22 18:28:21.714 14015 14040 D SK_rust_Demos: OpenXR state: synchronized -> visible
08-22 18:28:21.714 14015 14040 D SK_rust_Demos: OpenXR state: visible -> focused
08-22 18:28:21.715 14015 14040 I SK_rust_Demos: App focus changed to : Active
08-22 18:28:21.716 14015 14040 D SK_rust_Demos: WokeUp
08-22 18:28:22.000 14015 14513 I Telemetry: Time aligned, interrupted: 0
08-22 18:28:23.010 14015 14513 I ClientSharedTelemetryStats: App memory usage: PSS=545 MiB, PrivateDirty=529 MiB, PrivateClean=7 MiB, GPU=359.9/360.1 MiB (100% allocated)
08-22 18:28:23.011 14015 14513 I VrApi   : FPS=23/72,Prd=33ms,Tear=0,Early=0,Stale=12,Stale2/5/10/max=0/0/1/134,VSnc=1,Lat=-1,Fov=0,CPU4/GPU=5/4,1478/525MHz,OC=FF,TA=0/0/70,SP=N/N/F,Mem=2092MHz,Free=2104MB,PLS=0,Temp=32.7C/0.0C,TW=1.61ms,App=4.71ms,GD=0.46ms,CPU&GPU=0.00ms,LCnt=2(DR47,LM2),GPU%=0.82,CPU%=0.09(W0.23),DSF=1.00,CFL=13.27/22.42,ICFLp95=18.31,LD=0,SF=1.50,LP=0,DVFS=0
08-22 18:28:24.000 14015 14513 I VrApi   : FPS=74/72,Prd=39ms,Tear=0,Early=0,Stale=0,Stale2/5/10/max=0/0/0/0,VSnc=1,Lat=-1,Fov=0,CPU4/GPU=3/4,1478/525MHz,OC=FF,TA=0/0/70,SP=N/N/F,Mem=2092MHz,Free=2104MB,PLS=0,Temp=32.7C/0.0C,TW=1.26ms,App=11.46ms,GD=0.00ms,CPU&GPU=12.77ms,LCnt=1(DR72,LM0),GPU%=0.92,CPU%=0.08(W0.19),DSF=1.00,CFL=13.50/19.23,ICFLp95=17.41,LD=0,SF=1.50,LP=0,DVFS=0
08-22 18:28:25.000 14015 14513 I VrApi   : FPS=72/72,Prd=40ms,Tear=0,Early=0,Stale=0,Stale2/5/10/max=0/0/0/0,VSnc=1,Lat=-1,Fov=0,CPU4/GPU=2/4,1478/525MHz,OC=FF,TA=0/0/70,SP=N/N/F,Mem=2092MHz,Free=2104MB,PLS=0,Temp=32.7C/0.0C,TW=1.26ms,App=10.59ms,GD=0.00ms,CPU&GPU=14.42ms,LCnt=1(DR72,LM0),GPU%=0.87,CPU%=0.07(W0.15),DSF=1.00,CFL=13.09/19.35,ICFLp95=16.94,LD=0,SF=1.50,LP=0,DVFS=0
08-22 18:28:26.000 14015 14513 I VrApi   : FPS=72/72,Prd=38ms,Tear=0,Early=0,Stale=0,Stale2/5/10/max=0/0/0/0,VSnc=1,Lat=-1,Fov=0,CPU4/GPU=2/4,1171/525MHz,OC=FF,TA=0/0/70,SP=N/N/F,Mem=1555MHz,Free=2104MB,PLS=0,Temp=32.7C/0.0C,TW=1.26ms,App=10.47ms,GD=0.00ms,CPU&GPU=13.14ms,LCnt=1(DR72,LM0),GPU%=0.86,CPU%=0.16(W0.20),DSF=1.00,CFL=12.35/17.82,ICFLp95=15.69,LD=0,SF=1.50,LP=0,DVFS=0
08-22 18:28:26.969 14015 14015 I OpenXR  : nativeOnActivityPaused
08-22 18:28:26.969 14015 14015 D STKit-rs: android_activity::activity_impl::glue: Pause: 0xb40000724db6a8c0
08-22 18:28:26.969 14015 14040 I OpenXR  : PostSessionStateChange: XR_SESSION_STATE_FOCUSED -> XR_SESSION_STATE_VISIBLE
08-22 18:28:27.000 14015 14513 I VrApi   : FPS=72/72,Prd=37ms,Tear=0,Early=0,Stale=0,Stale2/5/10/max=0/0/0/0,VSnc=1,Lat=-1,Fov=0,CPU4/GPU=2/4,1171/525MHz,OC=FF,TA=0/0/70,SP=N/N/F,Mem=1555MHz,Free=2104MB,PLS=0,Temp=32.7C/0.0C,TW=1.25ms,App=10.53ms,GD=0.00ms,CPU&GPU=13.38ms,LCnt=1(DR72,LM0),GPU%=0.86,CPU%=0.20(W0.27),DSF=1.00,CFL=11.91/17.24,ICFLp95=15.11,LD=0,SF=1.50,LP=0,DVFS=0
08-22 18:28:27.041 14015 14040 I Deque   : AddEventToQueue called. eventInfo.type: 18, eventInfo.next: 1
08-22 18:28:27.041 14015 14040 I OpenXR  : PostSessionStateChange: XR_SESSION_STATE_VISIBLE -> XR_SESSION_STATE_SYNCHRONIZED
08-22 18:28:27.041 14015 14040 I Deque   : AddEventToQueue called. eventInfo.type: 18, eventInfo.next: 1
08-22 18:28:27.041 14015 14040 I OpenXR  : PostSessionStateChange: XR_SESSION_STATE_SYNCHRONIZED -> XR_SESSION_STATE_STOPPING
08-22 18:28:27.044 14015 14040 I Deque   : AddEventToQueue called. eventInfo.type: 18, eventInfo.next: 1
08-22 18:28:27.044 14015 14040 D SK_rust_Demos: OpenXR state: focused -> visible
08-22 18:28:27.045 14015 14040 D SK_rust_Demos: OpenXR state: visible -> synchronized
08-22 18:28:27.045 14015 14040 D SK_rust_Demos: OpenXR state: synchronized -> stopping
08-22 18:28:27.045 14015 14040 I OpenXR  : ------------ xrEndSession [start] -----------
08-22 18:28:27.045 14015 14040 I XrRuntimeUtils: XrRuntimeUtils::EndSession
08-22 18:28:27.045 14015 14040 I [CT]    : MIXEDREALITY: TREX: Suspending Insight MR session.
08-22 18:28:27.088 14015 14040 I Sensor  : OSSDKTRACKING Shutdown tracking
08-22 18:28:27.088 14015 14040 I VrRuntimeClient: EndSession. Restore the audio capture policy to default value
08-22 18:28:27.088 14015 14040 I LogTimer: CPUTIME: VrRuntimeClient_EndSession took 41.6968 ms
08-22 18:28:27.088 14015 14040 I InputDeviceManager: ovrInputDeviceManager::~ovrInputDeviceManager
08-22 18:28:27.088 14015 14040 I OSHandDataQuerier: OSSDKTRACKING shutting down handsTracker_
08-22 18:28:27.088 14015 14040 I OSHandDataQuerier: OSSDKTRACKING shutting down handsTracker_
08-22 18:28:27.088 14015 14040 I InputHooks_Internal: Disabling Native Input Hooks
08-22 18:28:27.098 14015 14512 I ClientInputThread_Internal: InputThreadRun ShutdownRequest received
08-22 18:28:27.098 14015 14040 I ClientInputTrackedKeyboardManager: TRACKEDKEYBOARD ClearTrackedObjectManager called on client
08-22 18:28:27.104 14015 14515 I FenceChecker: FenceChecker::MainLoop - ended
08-22 18:28:27.104 14015 14040 I VrRuntimeClient: PhaseSync Instance deleted
08-22 18:28:27.104 14015 14040 I OpenXR  : PostSessionStateChange: XR_SESSION_STATE_STOPPING -> XR_SESSION_STATE_IDLE
08-22 18:28:27.105 14015 14040 I Deque   : AddEventToQueue called. eventInfo.type: 18, eventInfo.next: 1
08-22 18:28:27.105 14015 14040 I OpenXR  : ------------ xrEndSession [end] -----------
08-22 18:28:27.105 14015 14040 I VrRuntimeClient: Client has gained focus.
08-22 18:28:27.105 14015 14040 D SK_rust_Demos: OpenXR state: stopping -> idle
08-22 18:28:27.106 14015 14040 I SK_rust_Demos: App focus changed to : Hidden
08-22 18:28:27.107 14015 14040 D SK_rust_Demos: Time to sleep
08-22 18:28:27.112 14015 14015 D STKit-rs: android_activity::activity_impl::glue: NativeWindowDestroyed: 0xb40000724db6a8c0 -- 0xb40000724db8a810
08-22 18:28:27.339 14015 14040 I SK_rust_Demos: HIDDEN STEP -------> Dreaming 
08-22 18:28:27.339 14015 14040 I SK_rust_Demos: SkClosure Suspended !!
08-22 18:28:27.374 14015 14175 I [CT]    : SlamAnchorClientRuntimeIPC: Handling rebase for 7 anchors.
08-22 18:28:27.375 14015 14168 I [CT]    : SlamAnchorClientRuntimeIPC: Handling rebase for 7 anchors.
08-22 18:28:27.576 14015 14015 D STKit-rs: android_activity::activity_impl::glue: Stop: 0xb40000724db6a8c0
08-22 18:28:27.814 14015 14015 D STKit-rs: android_activity::activity_impl::glue: SaveInstanceState: 0xb40000724db6a8c0
08-22 18:28:28.294 14015 14015 D STKit-rs: android_activity::activity_impl::glue: Saved state = 0x0, len = 0
08-22 18:28:28.295 14015 14015 I Choreographer: Skipped 140 frames!  The application may be doing too much work on its main thread.
08-22 18:28:28.301 14015 14015 D STKit-rs: android_activity::activity_impl::glue: WindowFocusChanged: 0xb40000724db6a8c0 -- 0
08-22 18:28:32.244 14015 14015 D STKit-rs: android_activity::activity_impl::glue: Start: 0xb40000724db6a8c0
08-22 18:28:32.335 14015 14015 D STKit-rs: android_activity::activity_impl::glue: Resume: 0xb40000724db6a8c0
08-22 18:28:32.335 14015 14183 I OpenXR  : nativeOnActivityReady
08-22 18:28:32.536 14015 14015 I Choreographer: Skipped 33 frames!  The application may be doing too much work on its main thread.
08-22 18:28:32.561 14015 14015 D STKit-rs: android_activity::activity_impl::glue: NativeWindowCreated: 0xb40000724db6a8c0 -- 0xb40000724db8a810
08-22 18:28:32.735 14015 14040 I SK_rust_Demos: Resumed !!
08-22 18:28:32.735 14015 14015 D STKit-rs: android_activity::activity_impl::glue: NativeWindowResized: 0xb40000724db6a8c0 -- 0xb40000724db8a810
08-22 18:28:32.735 14015 14015 D STKit-rs: android_activity::activity_impl::glue: NativeWindowRedrawNeeded: 0xb40000724db6a8c0 -- 0xb40000724db8a810
08-22 18:28:32.737 14015 14015 D STKit-rs: android_activity::activity_impl::glue: WindowFocusChanged: 0xb40000724db6a8c0 -- 1
08-22 18:28:32.820 14015 14175 I [CT]    : SlamAnchorClientRuntimeIPC: Handling rebase for 7 anchors.
08-22 18:28:32.820 14015 14168 I [CT]    : SlamAnchorClientRuntimeIPC: Handling rebase for 7 anchors.
08-22 18:28:33.135 14015 14040 D SK_rust_Demos: RedrawRequested: Time to wake up
08-22 18:28:33.169 14015 14040 D SK_rust_Demos: Sleeping until OpenXR session wakes
08-22 18:28:33.169 14015 14040 W Telemetry: [OpenXR] Unsupported threadType; 2
08-22 18:28:33.169 14015 14040 D AAudio  : AAudioStream_requestStop(s#1) called
08-22 18:28:33.169 14015 14040 D AAudioStream: setState(s#1) from 4 to 9
08-22 18:28:33.169 14015 14040 D AudioTrack: stop(87): called with 490560 frames delivered
08-22 18:28:33.169 14015 14040 D AAudioStream: setState(s#1) from 9 to 10
08-22 18:28:33.270 14015 14040 I Deque   : AddEventToQueue called. eventInfo.type: 40, eventInfo.next: 1
08-22 18:28:33.270 14015 14040 E TREX    : Interface 'MrLightingEstimationInterface', version 1 was not found. Check debug build for more information.
08-22 18:28:33.270 14015 14040 I OpenXR  : PostSessionStateChange: XR_SESSION_STATE_IDLE -> XR_SESSION_STATE_READY
08-22 18:28:33.270 14015 14040 I Deque   : AddEventToQueue called. eventInfo.type: 18, eventInfo.next: 1
08-22 18:28:33.271 14015 14040 D SK_rust_Demos: Created local floor app space at an offset of (0,0,0) (0,0,0,1)
08-22 18:28:33.271 14015 14040 D SK_rust_Demos: Bounds updated: 3.6x3.6 at (-2,0,-0.3) (0,1,0,-0.053)
08-22 18:28:33.272 14015 14040 D SK_rust_Demos: OpenXR state: idle -> ready
08-22 18:28:33.272 14015 14040 I OpenXR  : ------------ xrBeginSession [start] -----------
08-22 18:28:33.272 14015 14040 I DRR     : DRR is supported: 1
08-22 18:28:33.272 14015 14040 I DRR     : DRR is enabled: 0
08-22 18:28:33.272 14015 14040 I Sensor  : OSSDKTRACKING Initializing controller tracking
08-22 18:28:33.272 14015 14040 I Sensor  : OSSDKTRACKING Controller tracker != nullpointer 0xb40000724db74990, 1
08-22 18:28:33.275 14015 14040 I DeviceStatus: nativeHeadsetEvent(0)
08-22 18:28:33.276 14015 14040 I VrRuntimeClient: SetCompositorClientFeatureFlag ClientFeatureFlag 0 
08-22 18:28:33.277 14015 14040 I VrRuntimeClient: Mounted state at BeginSession: True
08-22 18:28:33.277 14015 14040 I LogTimer: CPUTIME: VrRuntimeClient_BeginSession took 5.0513 ms
08-22 18:28:33.277 14015 14040 I Distortion: Initializing Mesh Decenter Correction
08-22 18:28:33.279 14015 14040 I Distortion: SetLensPositions - iad=0.0680323, left offset=0.00209505,-0.00139587, right offset=-0.00253641,-0.00141104
08-22 18:28:33.279 14015 14040 I Distortion: Initializing Mesh Decenter Correction
08-22 18:28:33.281 14015 14040 I Distortion: SetLensPositions - iad=0.0680323, left offset=0.00209505,-0.00139587, right offset=-0.00253641,-0.00141104
08-22 18:28:33.282 14015 14040 I ClientInputSettings: HANDTRACKING: enabled input settings, setting hand mode control settings to ControllersOnly
08-22 18:28:33.282 14015 14040 I ClientInputSettings: HANDTRACKING package name is com.stereokit.rust_binding.demos
08-22 18:28:33.283 14015 14040 I ClientInputSettings: HANDTRACKING: Manifest Permission request for com.stereokit.rust_binding.demos
08-22 18:28:33.284 14015 14040 I ClientInputSettings: HANDTRACKING:  'com.stereokit.rust_binding.demos' Is hands or controller.
08-22 18:28:33.284 14015 14040 I ClientInputSettings: HANDTRACKING: feature flag set to 2
08-22 18:28:33.284 14015 14040 I ClientInputInterface: HANDTRACKING sethandmanifest 2
08-22 18:28:33.284 14015 14040 I InputHooks_Internal: Enabling Native Input Hooks
08-22 18:28:33.285 14015 14040 I InputDeviceManager: ovrInputDeviceManager::Initialize
08-22 18:28:33.285 14015 14040 I [CT]    : HandPosePrediction: Set sampler config enum for v59 30 Hz
08-22 18:28:33.285 14015 14040 I [CT]    : HandPosePrediction: Set sampler config enum for v59 30 Hz
08-22 18:28:33.285 14015 14040 I InputDevice_Hand: BodyPoweredHands checkSysPropForBodyAPIOverride 0
08-22 18:28:33.285 14015 14040 I InputDevice_Hand: BodyPoweredHands checkSysPropForBodyAPIOverride 0
08-22 18:28:33.286 14015 14040 I InputDeviceManager: HANDTRACKING Root pose filter profile changed for freq to 17 from 0  inf: 1
08-22 18:28:33.286 14015 14040 I PhaseSync: PhaseSync::PhaseSync PaddingLowerLimit 0.350000 StandardDeviations 2.000000 PaddingUpperLimit 0.750000 on instance 8
08-22 18:28:33.286 14015 14040 I FrameSync: FrameSync Initialized Instance 9
08-22 18:28:33.286 14015 14040 I VrRuntimeClient: PhaseSync Instance created
08-22 18:28:33.294 14015 14040 I XrRuntimeUtils: XrRuntimeUtils::BeginSession
08-22 18:28:33.294 14015 14040 I XrRuntimeSystem_Client: BeginSession
08-22 18:28:33.294 14015 14040 I [CT]    : MIXEDREALITY: TREX: Resuming Insight MR session.
08-22 18:28:33.295 14015 14040 I OpenXR  : usesManifestForCpuBoost:0
08-22 18:28:33.295 14015 14040 I OpenXR  : ------------ xrBeginSession [end] -----------
08-22 18:28:33.295 14015 14040 D SK_rust_Demos: OpenXR session began.
08-22 18:28:33.295 14015 14040 W OsSdk   : Requested historical tracking state too far in the past; oldest: 24200.512598s, requested: 24194.497329s
08-22 18:28:33.295 14015 14040 D AAudio  : AAudioStream_requestStart(s#1) called --------------
08-22 18:28:33.295 14015 14040 D AAudioStream: setState(s#1) from 10 to 3
08-22 18:28:33.297 14015 14626 I JniUtils: ovr_GetCurrentPackageSignature 
08-22 18:28:33.298 14015 14626 I Metrics : device model = Quest 2
08-22 18:28:33.298 14015 14626 I Telemetry: Aligning telemetry thread time, will wait for: 702 ms...
08-22 18:28:33.303 14015 14040 D AAudio  : AAudioStream_requestStart(s#1) returned 0 ---------
08-22 18:28:33.317 14015 14032 D AudioStreamLegacy: onAudioDeviceUpdate(deviceId = 2)
08-22 18:28:33.320 14015 14211 D AAudioStream: setState(s#1) from 3 to 4
08-22 18:28:33.323 14015 14040 D SK_rust_Demos: Resuming from sleep
08-22 18:28:33.325 14015 14040 D SK_rust_Demos: GainedFocus: Time to wake up
08-22 18:28:33.330 14015 14629 I FenceChecker: FenceChecker::MainLoop - started
08-22 18:28:33.333 14015 14040 I OpenXR  : PostSessionStateChange: XR_SESSION_STATE_READY -> XR_SESSION_STATE_SYNCHRONIZED
08-22 18:28:33.333 14015 14040 I Deque   : AddEventToQueue called. eventInfo.type: 18, eventInfo.next: 1
08-22 18:28:33.333 14015 14040 D SK_rust_Demos: OpenXR state: ready -> synchronized
08-22 18:28:33.333 14015 14040 I OpenXR  : PostSessionStateChange: XR_SESSION_STATE_SYNCHRONIZED -> XR_SESSION_STATE_VISIBLE
08-22 18:28:33.334 14015 14040 I Deque   : AddEventToQueue called. eventInfo.type: 18, eventInfo.next: 1
08-22 18:28:33.334 14015 14040 I OpenXR  : PostSessionStateChange: XR_SESSION_STATE_VISIBLE -> XR_SESSION_STATE_FOCUSED
08-22 18:28:33.335 14015 14040 I Deque   : AddEventToQueue called. eventInfo.type: 18, eventInfo.next: 1
08-22 18:28:33.335 14015 14040 D SK_rust_Demos: OpenXR state: synchronized -> visible
08-22 18:28:33.335 14015 14040 D SK_rust_Demos: OpenXR state: visible -> focused
08-22 18:28:33.336 14015 14040 I SK_rust_Demos: App focus changed to : Active
08-22 18:28:33.336 14015 14040 D SK_rust_Demos: WokeUp
08-22 18:28:33.339 14015 14040 I AppLoadTimeTelemetryCommon: App load time recorded [packageName=com.stereokit.rust_binding.demos, time=0.646207, method="Unknown", launchType="Resume"]
08-22 18:28:33.596 14015 14015 I OpenXR  : nativeOnActivityPaused
08-22 18:28:33.596 14015 14015 D STKit-rs: android_activity::activity_impl::glue: Pause: 0xb40000724db6a8c0
08-22 18:28:33.603 14015 14040 I OpenXR  : PostSessionStateChange: XR_SESSION_STATE_FOCUSED -> XR_SESSION_STATE_VISIBLE
08-22 18:28:33.607 14015 14040 I Deque   : AddEventToQueue called. eventInfo.type: 18, eventInfo.next: 1
08-22 18:28:33.607 14015 14040 I OpenXR  : PostSessionStateChange: XR_SESSION_STATE_VISIBLE -> XR_SESSION_STATE_SYNCHRONIZED
08-22 18:28:33.607 14015 14040 I Deque   : AddEventToQueue called. eventInfo.type: 18, eventInfo.next: 1
08-22 18:28:33.607 14015 14040 I OpenXR  : PostSessionStateChange: XR_SESSION_STATE_SYNCHRONIZED -> XR_SESSION_STATE_STOPPING
08-22 18:28:33.607 14015 14040 I Deque   : AddEventToQueue called. eventInfo.type: 18, eventInfo.next: 1
08-22 18:28:33.608 14015 14040 D SK_rust_Demos: OpenXR state: focused -> visible
08-22 18:28:33.608 14015 14040 I VrRuntimeClient: Client has lost focus.
08-22 18:28:33.608 14015 14040 D SK_rust_Demos: OpenXR state: visible -> synchronized
08-22 18:28:33.608 14015 14040 D SK_rust_Demos: OpenXR state: synchronized -> stopping
08-22 18:28:33.608 14015 14040 I OpenXR  : ------------ xrEndSession [start] -----------
08-22 18:28:33.608 14015 14040 I XrRuntimeUtils: XrRuntimeUtils::EndSession
08-22 18:28:33.608 14015 14040 I [CT]    : MIXEDREALITY: TREX: Suspending Insight MR session.
08-22 18:28:33.610 14015 14040 I Sensor  : OSSDKTRACKING Shutdown tracking
08-22 18:28:33.610 14015 14040 I VrRuntimeClient: EndSession. Restore the audio capture policy to default value
08-22 18:28:33.610 14015 14040 I LogTimer: CPUTIME: VrRuntimeClient_EndSession took 1.0780 ms
08-22 18:28:33.610 14015 14626 I Telemetry: Time aligned, interrupted: 1
08-22 18:28:33.610 14015 14040 I InputDeviceManager: ovrInputDeviceManager::~ovrInputDeviceManager
08-22 18:28:33.610 14015 14040 I OSHandDataQuerier: OSSDKTRACKING shutting down handsTracker_
08-22 18:28:33.610 14015 14040 I OSHandDataQuerier: OSSDKTRACKING shutting down handsTracker_
08-22 18:28:33.610 14015 14040 I InputHooks_Internal: Disabling Native Input Hooks
08-22 18:28:33.620 14015 14625 I ClientInputThread_Internal: InputThreadRun ShutdownRequest received
08-22 18:28:33.620 14015 14040 I ClientInputTrackedKeyboardManager: TRACKEDKEYBOARD ClearTrackedObjectManager called on client
08-22 18:28:33.627 14015 14629 I FenceChecker: FenceChecker::MainLoop - ended
08-22 18:28:33.627 14015 14040 I VrRuntimeClient: PhaseSync Instance deleted
08-22 18:28:33.627 14015 14040 I OpenXR  : PostSessionStateChange: XR_SESSION_STATE_STOPPING -> XR_SESSION_STATE_IDLE
08-22 18:28:33.627 14015 14040 I Deque   : AddEventToQueue called. eventInfo.type: 18, eventInfo.next: 1
08-22 18:28:33.627 14015 14040 I OpenXR  : ------------ xrEndSession [end] -----------
08-22 18:28:33.627 14015 14040 D SK_rust_Demos: OpenXR state: stopping -> idle
08-22 18:28:33.628 14015 14040 I SK_rust_Demos: App focus changed to : Hidden
08-22 18:28:33.629 14015 14040 D SK_rust_Demos: Time to sleep
08-22 18:28:33.638 14015 14015 D STKit-rs: android_activity::activity_impl::glue: WindowFocusChanged: 0xb40000724db6a8c0 -- 0
08-22 18:28:34.216 14015 14015 D STKit-rs: android_activity::activity_impl::glue: NativeWindowDestroyed: 0xb40000724db6a8c0 -- 0xb40000724db8a810
08-22 18:28:34.229 14015 14040 I SK_rust_Demos: SkClosure Suspended !!
08-22 18:28:34.431 14015 14015 D STKit-rs: android_activity::activity_impl::glue: Stop: 0xb40000724db6a8c0
08-22 18:28:34.631 14015 14015 D STKit-rs: android_activity::activity_impl::glue: SaveInstanceState: 0xb40000724db6a8c0
08-22 18:28:35.030 14015 14015 D STKit-rs: android_activity::activity_impl::glue: Saved state = 0x0, len = 0
