Verification succesful
Signing `/home/mv/dvlt/abacaba/stereokit-rust/target/debug/apk/examples/main.apk` with keystore `/home/mv/.android/debug.keystore`
Performing Incremental Install
Serving...
All files should be loaded. Notifying the device.
Success
Install command complete in 3623 ms
Starting: Intent { act=android.intent.action.MAIN cmp=com.stereokit.rust_binding.demos/android.app.NativeActivity }
Status: ok
LaunchState: COLD
Activity: com.stereokit.rust_binding.demos/android.app.NativeActivity
TotalTime: 344
WaitTime: 360
Complete
Launched with PID 17656
--------- beginning of main
08-21 09:56:49.686 17656 17656 I t_binding.demo: Late-enabling -Xcheck:jni
08-21 09:56:49.757 17656 17656 D CompatibilityChangeReporter: Compat change id reported: 171979766; UID 10153; state: ENABLED
08-21 09:56:49.769 17656 17656 W System  : ClassLoader referenced unknown path: 
08-21 09:56:49.775 17656 17656 V GraphicsEnvironment: Lazy GPU memory allocation for 'com.stereokit.rust_binding.demos': false
08-21 09:56:49.775 17656 17656 V GraphicsEnvironment: ANGLE Developer option for 'com.stereokit.rust_binding.demos' set to: 'default'
08-21 09:56:49.775 17656 17656 V GraphicsEnvironment: ANGLE GameManagerService for com.stereokit.rust_binding.demos: false
08-21 09:56:49.775 17656 17656 V GraphicsEnvironment: Neither updatable production driver nor prerelease driver is supported.
08-21 09:56:49.776 17656 17656 D CompatibilityChangeReporter: Compat change id reported: 175409949; UID 10153; state: DISABLED
08-21 09:56:49.776 17656 17656 D CompatibilityChangeReporter: Compat change id reported: 175409951; UID 10153; state: ENABLED
08-21 09:56:49.777 17656 17656 D CompatibilityChangeReporter: Compat change id reported: 175409956; UID 10153; state: DISABLED
08-21 09:56:49.780 17656 17656 D CompatibilityChangeReporter: Compat change id reported: 175409950; UID 10153; state: DISABLED
08-21 09:56:49.780 17656 17656 D NetworkSecurityConfig: No Network Security Config specified, using platform default
08-21 09:56:49.780 17656 17656 D CompatibilityChangeReporter: Compat change id reported: 175409952; UID 10153; state: DISABLED
08-21 09:56:49.781 17656 17656 D NetworkSecurityConfig: No Network Security Config specified, using platform default
08-21 09:56:49.823 17656 17656 W ActivityThread: Activity launched with neither volumetric_token nor volumetric_window_id
08-21 09:56:49.834 17656 17656 I VrosSpatialAudio: init with null
08-21 09:56:49.862 17656 17656 D STKit-rs: android_activity::activity_impl::glue: Start: 0xb4000079d1f2d780
08-21 09:56:49.862 17656 17685 D StereoKit: MainEvent Start 
08-21 09:56:49.863 17656 17656 D STKit-rs: android_activity::activity_impl::glue: Resume: 0xb4000079d1f2d780
08-21 09:56:49.863 17656 17685 D StereoKit: MainEvent Resume { loader: StateLoader { app: AndroidAppInner { jvm: CloneJavaVM { jvm: JavaVM(0xb4000079d1da5380) }, native_activity: NativeActivityGlue { inner: WaitableNativeActivityState { activity: 0xb4000079d1f2d780, mutex: Mutex { data: NativeActivityState { msg_read: 62, msg_write: 63, config: Configuration { mcc: 0, mnc: None, lang: Some("fr"), country: Some("FR"), orientation: Land, touchscreen: NoTouch, density: Some(290), keyboard: NoKeys, navigation: NoNav, keys_hidden: Soft, nav_hidden: Any, sdk_version: 32, screen_size: XLarge, screen_long: Yes, ui_mode_type: Normal, ui_mode_night: Yes }, saved_state: [], input_queue: 0x0, window: None, content_rect: ARect { left: 0, top: 0, right: 0, bottom: 0 }, activity_state: Resume, destroy_requested: false, thread_state: Running, app_has_saved_state: false, destroyed: false, redraw_needed: false, pending_input_queue: 0x0, pending_window: None }, poisoned: false, .. }, cond: Condvar { .. } } }, looper: Looper { ptr: 0xb4000079d1d9f360 }, key_map_binding: 
08-21 09:56:49.865 17656 17656 D CompatibilityChangeReporter: Compat change id reported: 175409955; UID 10153; state: DISABLED
08-21 09:56:49.867 17656 17656 D CompatibilityChangeReporter: Compat change id reported: 175409954; UID 10153; state: DISABLED
08-21 09:56:49.872 17656 17656 D STKit-rs: android_activity::activity_impl::glue: InputQueueCreated: 0xb4000079d1f2d780 -- 0xb4000079d1f51000
08-21 09:56:49.887 17656 17656 D STKit-rs: android_activity::activity_impl::glue: NativeWindowCreated: 0xb4000079d1f2d780 -- 0xb400007917349810
08-21 09:56:49.887 17656 17656 D STKit-rs: android_activity::activity_impl::glue: NativeWindowResized: 0xb4000079d1f2d780 -- 0xb400007917349810
08-21 09:56:49.887 17656 17685 D StereoKit: MainEvent InitWindow 
08-21 09:56:49.887 17656 17685 D StereoKit: MainEvent WindowResized 
08-21 09:56:49.888 17656 17656 D STKit-rs: android_activity::activity_impl::glue: ContentRectChanged: 0xb4000079d1f2d780 -- 0x7feebe10b8
08-21 09:56:49.888 17656 17685 D StereoKit: MainEvent ContentRectChanged 
08-21 09:56:49.888 17656 17656 D STKit-rs: android_activity::activity_impl::glue: NativeWindowRedrawNeeded: 0xb4000079d1f2d780 -- 0xb400007917349810
08-21 09:56:49.888 17656 17685 D StereoKit: MainEvent RedrawNeeded 
08-21 09:56:49.888 17656 17685 D StereoKit: sk_init : context: 0xb4000079d1da5380 / jvm: 0x1286
08-21 09:56:49.888 17656 17685 I StereoKit: Before init >>>
08-21 09:56:49.888 17656 17685 D SK_rust_Demos: Initializing StereoKit v0.4.0 Android ARM64...
08-21 09:56:49.888 17656 17685 D SK_rust_Demos: Initializing Assets
08-21 09:56:49.899 17656 17656 D STKit-rs: android_activity::activity_impl::glue: WindowFocusChanged: 0xb4000079d1f2d780 -- 1
08-21 09:56:49.981 17656 17685 D SK_rust_Demos: Initializing Platform
08-21 09:56:49.982 17656 17685 I AdrenoGLES-0: QUALCOMM build                   : 693d3b4ecd, I9665263fa1
08-21 09:56:49.982 17656 17685 I AdrenoGLES-0: Build Date                       : 08/05/24
08-21 09:56:49.982 17656 17685 I AdrenoGLES-0: OpenGL ES Shader Compiler Version: E031.46.12.00
08-21 09:56:49.982 17656 17685 I AdrenoGLES-0: Local Branch                     : 
08-21 09:56:49.982 17656 17685 I AdrenoGLES-0: Remote Branch                    : refs/tags/AU_LINUX_ANDROID_LA.UM.9.12.1.11.00.00.890.145
08-21 09:56:49.982 17656 17685 I AdrenoGLES-0: Remote Branch                    : NONE
08-21 09:56:49.982 17656 17685 I AdrenoGLES-0: Reconstruct Branch               : NOTHING
08-21 09:56:49.982 17656 17685 I AdrenoGLES-0: Build Config                     : S P 10.0.7 AArch64
08-21 09:56:49.982 17656 17685 I AdrenoGLES-0: Driver Path                      : /vendor/lib64/egl/libGLESv2_adreno.so
08-21 09:56:49.982 17656 17685 I AdrenoGLES-0: Driver Version                   : 0782.0
08-21 09:56:49.982 17656 17685 I AdrenoGLES-0: Process Name                     : com.stereokit.rust_binding.demos
08-21 09:56:49.989 17656 17685 I AdrenoGLES-0: PFP: 0x016dd112, ME: 0x00000000
08-21 09:56:49.998 17656 17685 D SK_rust_Demos: [sk_gpu] EGL version 1.5
08-21 09:56:50.000 17656 17685 D SK_rust_Demos: [sk_gpu] Couldn't load gl function glPolygonMode
08-21 09:56:50.002 17656 17685 D SK_rust_Demos: [sk_gpu] Couldn't load gl function glGetTexImage
08-21 09:56:50.004 17656 17685 D SK_rust_Demos: [sk_gpu] Using OpenGL: OpenGL ES 3.2 V@0782.0 (GIT@693d3b4ecd, I9665263fa1, 1722825820) (Date:08/05/24)
08-21 09:56:50.004 17656 17685 D SK_rust_Demos: [sk_gpu] Device: Adreno (TM) 650
08-21 09:56:50.004 17656 17685 D SK_rust_Demos: [sk_gpu] Debug info enabled.
08-21 09:56:50.004 17656 17685 D SK_rust_Demos: Starting a XR mode app
08-21 09:56:50.005 17656 17685 V OpenXR-Loader: Verbose [GENERAL | xrInitializeLoaderKHR | OpenXR-Loader] : Entering loader trampoline
08-21 09:56:50.005 17656 17685 D SK_rust_Demos: Runtime OpenXR Extensions:
08-21 09:56:50.005 17656 17685 D SK_rust_Demos: ___________________________________
08-21 09:56:50.005 17656 17685 D SK_rust_Demos: |     Usage | Extension
08-21 09:56:50.005 17656 17685 D SK_rust_Demos: |-----------|----------------------
08-21 09:56:50.005 17656 17685 V OpenXR-Loader: Verbose [GENERAL | xrEnumerateInstanceExtensionProperties | OpenXR-Loader] : Entering loader trampoline
08-21 09:56:50.006 17656 17685 I OpenXR-Loader: getActiveRuntimeCursor: Querying URI: content://org.khronos.openxr.runtime_broker/openxr/1/abi/arm64-v8a/runtimes/active/0
08-21 09:56:50.012 17656 17685 W OpenXR-Loader: Null cursor when querying installable content resolver.
08-21 09:56:50.012 17656 17685 I OpenXR-Loader: getActiveRuntimeCursor: Querying URI: content://org.khronos.openxr.system_runtime_broker/openxr/1/abi/arm64-v8a/runtimes/active/0
08-21 09:56:50.023 17656 17685 W OpenXR-Loader: Null cursor when querying system content resolver.
08-21 09:56:50.023 17656 17685 E OpenXR-Loader: Could access neither the installable nor system runtime broker.
08-21 09:56:50.023 17656 17685 I OpenXR-Loader: Info [GENERAL | xrEnumerateInstanceExtensionProperties | OpenXR-Loader] : RuntimeManifestFile::FindManifestFiles - using global runtime file /system/etc/openxr/1/active_runtime.json
08-21 09:56:50.023 17656 17685 I OpenXR-Loader: Info [GENERAL |  | OpenXR-Loader] : RuntimeManifestFile::CreateIfValid - attempting to load /system/etc/openxr/1/active_runtime.json
08-21 09:56:50.024 17656 17685 I OpenXR-Loader: Info [GENERAL | xrEnumerateInstanceExtensionProperties | OpenXR-Loader] : RuntimeInterface::LoadRuntime forwarding xrInitializeLoaderKHR call to runtime before calling xrNegotiateLoaderRuntimeInterface.
08-21 09:56:50.024 17656 17685 V OpenXR  : OpenXRForwardLoader::xrInitializeLoaderKHR [start]
08-21 09:56:50.029 17656 17685 D ApplicationLoaders: Returning zygote-cached class loader: /system/framework/android.test.base.jar
08-21 09:56:50.029 17656 17685 D ApplicationLoaders: Returning zygote-cached class loader: /system/framework/android.hidl.manager-V1.0-java.jar
08-21 09:56:50.029 17656 17685 D ApplicationLoaders: Returning zygote-cached class loader: /system/framework/android.hidl.base-V1.0-java.jar
08-21 09:56:50.038 17656 17685 I OpenXR  : Loading 64-bit Runtime.
08-21 09:56:50.045 17656 17685 D OsSdkLoader: OSSDK loading module 'libossdk.oculus.so'
08-21 09:56:50.060 17656 17685 D vulkan  : searching for layers in '/data/app/~~lEQIbZRHn3vbS-3FF5GQBQ==/com.stereokit.rust_binding.demos-22oclR3YcmnlnUs59fKP-g==/lib/arm64'
08-21 09:56:50.060 17656 17685 D vulkan  : searching for layers in '/data/app/~~lEQIbZRHn3vbS-3FF5GQBQ==/com.stereokit.rust_binding.demos-22oclR3YcmnlnUs59fKP-g==/base.apk!/lib/arm64-v8a'
08-21 09:56:50.060 17656 17685 I DriverLoader: Calling into SetLegacyVrApiEntryPointOverride
08-21 09:56:50.060 17656 17685 I VrApi_DriverLoader: SetLegacyVrApiEntryPointOverride: calling sprintf
08-21 09:56:50.060 17656 17685 I VrApi_DriverLoader: SetLegacyVrApiEntryPointOverride: env buffer is '0x78b4be49f8'
08-21 09:56:50.060 17656 17685 I VrApi_DriverLoader: SetLegacyVrApiEntryPointOverride: calling setenv
08-21 09:56:50.060 17656 17685 I DriverLoader: Creating Temp JNIEnv
08-21 09:56:50.060 17656 17685 I DriverLoader: Calling FindClass
08-21 09:56:50.060 17656 17685 I DriverLoader: Calling RegisterNativeVrApiLoaderMethods
08-21 09:56:50.060 17656 17685 I VrApi_DriverLoader: RegisterNativeVrApiLoaderMethods: calling RegisterNatives
08-21 09:56:50.060 17656 17685 I DriverLoader: Calling RegisterNativeXrLoaderMethods
08-21 09:56:50.060 17656 17685 I OpenXR_DriverLoader: RegisterNativeVrApiLoaderMethods: calling RegisterNatives
08-21 09:56:50.060 17656 17685 I DriverLoader: Exiting JNI_OnLoad
08-21 09:56:50.062 17656 17685 I OpenXR_ClientState: OpenXRClientState::create - from xrInitializeLoaderKHR
08-21 09:56:50.062 17656 17685 I XrRuntimeSharedClientState: SharedClientState::create called from 'OpenXRClientState::init'
08-21 09:56:50.062 17656 17685 I ipcLoader [RUNTIMEIPC]: RuntimeIPC: Loader: IPC Service API Loader Version: 69 Jun  5 2024 22:54:53
08-21 09:56:50.062 17656 17685 I ipcLoader [RUNTIMEIPC]: RuntimeIPC: Using android_get_exported_namespace: libripcclient.oculus.so
08-21 09:56:50.063 17656 17685 I ipcLoader [RUNTIMEIPC]: RuntimeIPC: android_get_exported_namespace SUCCESS: libripcclient.oculus.so
08-21 09:56:50.063 17656 17685 I MultiInstanceDetector [RUNTIMEIPC]: Multiple instances check passed. Socket name: INSTANCE_DETECTOR:17656
08-21 09:56:50.063 17656 17685 D OsSdkLoader: OSSDK loading module 'libossdk.oculus.so'
08-21 09:56:50.065 17656 17685 I ThreadHelpers [RUNTIMEIPC]: RuntimeIPC::ThreadHelpers::SetState: threadName: DLObserver, currentState: STATE_STOPPED, newState: STATE_STARTING
08-21 09:56:50.065 17656 17700 I ThreadHelpers [RUNTIMEIPC]: RuntimeIPC::ThreadHelpers::SetState: threadName: DLObserver, currentState: STATE_STARTING, newState: STATE_RUNNING
08-21 09:56:50.065 17656 17700 I DeadlockObserver [RUNTIMEIPC]: MainLoop starting
08-21 09:56:50.065 17656 17685 I DeadlockObserver [RUNTIMEIPC]: DeadlockObserver Init SUCCESS with defaultKillThreshold: 30.000000
08-21 09:56:50.069 17656 17685 I ThreadHelpers [RUNTIMEIPC]: RuntimeIPC::ThreadHelpers::SetState: threadName: IpcDCReqHandler, currentState: STATE_STOPPED, newState: STATE_STARTING
08-21 09:56:50.070 17656 17701 I ThreadHelpers [RUNTIMEIPC]: RuntimeIPC::ThreadHelpers::SetState: threadName: IpcDCReqHandler, currentState: STATE_STARTING, newState: STATE_RUNNING
08-21 09:56:50.070 17656 17701 D IPCDataChannelServer [RUNTIMEIPC]: Connected: 1, broker_package:broker_process:0
08-21 09:56:50.070 17656 17685 I BrokerRPC [RUNTIMEIPC]: InitRPCToServiceInternal: Success
08-21 09:56:50.070 17656 17685 I ThreadHelpers [RUNTIMEIPC]: RuntimeIPC::ThreadHelpers::SetState: threadName: RIPCSystem, currentState: STATE_STOPPED, newState: STATE_STARTING
08-21 09:56:50.070 17656 17702 I ThreadHelpers [RUNTIMEIPC]: RuntimeIPC::ThreadHelpers::SetState: threadName: RIPCSystem, currentState: STATE_STARTING, newState: STATE_RUNNING
08-21 09:56:50.070 17656 17685 I RuntimeIPCSystem [RUNTIMEIPC]: RuntimeIPCSystem: Init SUCCESS
08-21 09:56:50.071 17656 17685 I ThreadHelpers [RUNTIMEIPC]: RuntimeIPC::ThreadHelpers::SetState: threadName: JobPoolWorker, currentState: STATE_STOPPED, newState: STATE_STARTING
08-21 09:56:50.071 17656 17703 I ThreadHelpers [RUNTIMEIPC]: RuntimeIPC::ThreadHelpers::SetState: threadName: JobPoolWorker, currentState: STATE_STARTING, newState: STATE_RUNNING
08-21 09:56:50.072 17656 17685 I ClientProcessConnector [RUNTIMEIPC]: GetProcessConnection: com.oculus.systemdriver:com.oculus.vrruntimeservice
08-21 09:56:50.073 17656 17685 I RuntimeIPCClient [RUNTIMEIPC]: Event buffer size (client): 8192
08-21 09:56:50.073 17656 17685 I RuntimeIPCClient [RUNTIMEIPC]: TryToGetIPCResourcesFromServer: RPC_CONNECTOR_CONNECT_TO_SERVER SUCCESS: Client: com.stereokit.rust_binding.demos:com.stereokit.rust_binding.demos:17656, Server: com.oculus.systemdriver:com.oculus.vrruntimeservice (gkcache)
08-21 09:56:50.073 17656 17685 I RuntimeIPCClient [RUNTIMEIPC]: EnsureServerConnection: SUCCESS. Client: com.stereokit.rust_binding.demos:com.stereokit.rust_binding.demos:17656, Server: com.oculus.systemdriver:com.oculus.vrruntimeservice (gkcache)
08-21 09:56:50.073 17656 17685 I RuntimeIPCClient [RUNTIMEIPC]: ConnectToServer: SUCCESS: Client: com.stereokit.rust_binding.demos:com.stereokit.rust_binding.demos:17656, Server: com.oculus.systemdriver:com.oculus.vrruntimeservice (gkcache)
08-21 09:56:50.076 17656 17685 I RuntimeIPCClient [RUNTIMEIPC]: InitServerStateBuffer: SUCCESS. 0, Client: com.stereokit.rust_binding.demos:com.stereokit.rust_binding.demos:17656, Server: com.oculus.systemdriver:com.oculus.vrruntimeservice (gkcache)
08-21 09:56:50.076 17656 17685 I ThreadHelpers [RUNTIMEIPC]: RuntimeIPC::ThreadHelpers::SetState: threadName: RIPCNotifThread, currentState: STATE_STOPPED, newState: STATE_STARTING
08-21 09:56:50.076 17656 17705 I ThreadHelpers [RUNTIMEIPC]: RuntimeIPC::ThreadHelpers::SetState: threadName: RIPCNotifThread, currentState: STATE_STARTING, newState: STATE_RUNNING
08-21 09:56:50.076 17656 17685 I OpenXR_ClientState: Client state creation succeeded.
08-21 09:56:50.076 17656 17685 V OpenXR  : OpenXRForwardLoader::xrInitializeLoaderKHR [end]
08-21 09:56:50.077 17656 17685 V OpenXR  : OpenXRForwardLoader::xrNegotiateLoaderRuntimeInterface [start]
08-21 09:56:50.078 17656 17685 V OpenXR  : OpenXRForwardLoader::xrNegotiateLoaderRuntimeInterface [end]
08-21 09:56:50.078 17656 17685 I OpenXR-Loader: Info [GENERAL | xrEnumerateInstanceExtensionProperties | OpenXR-Loader] : RuntimeInterface::LoadRuntime succeeded loading runtime defined in manifest file /system/etc/openxr/1/active_runtime.json using interface version 1 and OpenXR API version 1.0
08-21 09:56:50.080 17656 17685 I OpenXR  : IsFirstParty 0
08-21 09:56:50.081 17656 17685 W t_binding.demo: Accessing hidden method Landroid/content/pm/ApplicationInfo;->isPrivilegedApp()Z (blocked,test-api, reflection, denied)
08-21 09:56:50.081 17656 17685 W t_binding.demo: If this is a platform test consider enabling VMRuntime.ALLOW_TEST_API_ACCESS change id for this package.
08-21 09:56:50.081 17656 17685 I OpenXR  : IsPrivileged 0
08-21 09:56:50.081 17656 17685 I OpenXR  : Is_X_PartnerGateKeeper
08-21 09:56:50.081 17656 17685 I OpenXR  : PGK Status: exp = 0, dc = false
08-21 09:56:50.081 17656 17685 I OpenXR  : oculus_first_access = false
08-21 09:56:50.081 17656 17685 I OpenXR  : Extension status: P
08-21 09:56:50.082 17656 17685 I OpenXR  : IsFirstParty 0
08-21 09:56:50.082 17656 17685 I OpenXR  : IsSystem 0
08-21 09:56:50.086 17656 17685 W libc    : Access denied finding property "ro.vendor.product.model_extended"
08-21 09:56:50.087 17656 17685 I OpenXR  : xrEnumerateInstanceExtensionProperties: skipping extension=`XR_META_body_tracking_full_body` due to: missing uses-feature string `com.oculus.software.body_tracking` from AndroidManifest
08-21 09:56:50.088 17656 17685 I OpenXR  : xrEnumerateInstanceExtensionProperties: skipping extension=`XR_FB_body_tracking` due to: missing uses-feature string `com.oculus.software.body_tracking` from AndroidManifest
08-21 09:56:50.088 17656 17685 I OpenXR  : xrEnumerateInstanceExtensionProperties: skipping extension=`XR_FB_keyboard_tracking` due to: missing uses-feature string `oculus.software.trackedkeyboard` from AndroidManifest
08-21 09:56:50.088 17656 17685 I OpenXR  : xrEnumerateInstanceExtensionProperties: skipping extension=`XR_FBX1_spatial_entity` due to: Tier=40 extState=P deviceIsExpEnabled=false expManifestSet=true isFirstPartyApp=false isSystemApp=false
08-21 09:56:50.088 17656 17685 I OpenXR  : xrEnumerateInstanceExtensionProperties: skipping extension=`XR_FBX2_spatial_entity` due to: Tier=40 extState=P deviceIsExpEnabled=false expManifestSet=true isFirstPartyApp=false isSystemApp=false
08-21 09:56:50.088 17656 17685 I OpenXR  : checkTrexKillswitchGk 'oculus_trex_insightsdk_killsw' = false
08-21 09:56:50.088 17656 17685 I OpenXR  : PassesGKKillswitch 1
08-21 09:56:50.089 17656 17685 I OpenXR  : checkTrexKillswitchGk 'oculus_trex_insightsdk_killsw' = false
08-21 09:56:50.089 17656 17685 I OpenXR  : PassesGKKillswitch 1
08-21 09:56:50.089 17656 17685 I OpenXR  : xrEnumerateInstanceExtensionProperties: skipping extension=`XR_METAX1_passthrough_color_lut` due to: Tier=40 extState=P deviceIsExpEnabled=false expManifestSet=true isFirstPartyApp=false isSystemApp=false
08-21 09:56:50.089 17656 17685 W GkCacheQuerierClient: getGkValue: Query result for 'oculus_xrruntime:oculus_trex_pt_color_lut_killsw' not successful: 4
08-21 09:56:50.089 17656 17685 W GkHelper: GkHelper: query failed, result code: 4
08-21 09:56:50.089 17656 17685 I OpenXR  : checkTrexKillswitchGk 'oculus_trex_pt_color_lut_killsw' = false
08-21 09:56:50.089 17656 17685 I OpenXR  : PassesGKKillswitch 1
08-21 09:56:50.090 17656 17685 I OpenXR  : checkTrexKillswitchGk 'oculus_trex_insightsdk_killsw' = false
08-21 09:56:50.090 17656 17685 I OpenXR  : PassesGKKillswitch 1
08-21 09:56:50.090 17656 17685 W GkCacheQuerierClient: getGkValue: Query result for 'oculus_xrruntime:oculus_trex_passthrough_preferences_killsw' not successful: 4
08-21 09:56:50.090 17656 17685 W GkHelper: GkHelper: query failed, result code: 4
08-21 09:56:50.090 17656 17685 I OpenXR  : checkTrexKillswitchGk 'oculus_trex_passthrough_preferences_killsw' = false
08-21 09:56:50.090 17656 17685 I OpenXR  : PassesGKKillswitch 1
08-21 09:56:50.090 17656 17685 I OpenXR  : xrEnumerateInstanceExtensionProperties: skipping extension=`XR_FB_render_model` due to: missing uses-feature string `com.oculus.feature.RENDER_MODEL` from AndroidManifest
08-21 09:56:50.090 17656 17685 I OpenXR  : xrEnumerateInstanceExtensionProperties: skipping extension=`XR_FBX1_spatial_entity_query` due to: Tier=40 extState=P deviceIsExpEnabled=false expManifestSet=true isFirstPartyApp=false isSystemApp=false
08-21 09:56:50.090 17656 17685 I OpenXR  : xrEnumerateInstanceExtensionProperties: skipping extension=`XR_FBX2_spatial_entity_query` due to: Tier=40 extState=P deviceIsExpEnabled=false expManifestSet=true isFirstPartyApp=false isSystemApp=false
08-21 09:56:50.090 17656 17685 W GkCacheQuerierClient: getGkValue: Query result for 'oculus_xrruntime:oculus_trex_anchor_persistence_discovery_killsw' not successful: 4
08-21 09:56:50.090 17656 17685 W GkHelper: GkHelper: query failed, result code: 4
08-21 09:56:50.090 17656 17685 I OpenXR  : checkTrexKillswitchGk 'oculus_trex_anchor_persistence_discovery_killsw' = false
08-21 09:56:50.090 17656 17685 I OpenXR  : PassesGKKillswitch 1
08-21 09:56:50.091 17656 17685 W GkCacheQuerierClient: getGkValue: Query result for 'oculus_xrruntime:oculus_trex_anchor_persistence_discovery_killsw' not successful: 4
08-21 09:56:50.091 17656 17685 W GkHelper: GkHelper: query failed, result code: 4
08-21 09:56:50.091 17656 17685 I OpenXR  : checkTrexKillswitchGk 'oculus_trex_anchor_persistence_discovery_killsw' = false
08-21 09:56:50.091 17656 17685 I OpenXR  : PassesGKKillswitch 1
08-21 09:56:50.091 17656 17685 I OpenXR  : xrEnumerateInstanceExtensionProperties: skipping extension=`XR_FBX1_touch_controller_extras` due to: Tier=40 extState=P deviceIsExpEnabled=false expManifestSet=true isFirstPartyApp=false isSystemApp=false
08-21 09:56:50.091 17656 17685 I OpenXR  : xrEnumerateInstanceExtensionProperties: skipping extension=`XR_FBX1_spatial_entity_storage` due to: Tier=40 extState=P deviceIsExpEnabled=false expManifestSet=true isFirstPartyApp=false isSystemApp=false
08-21 09:56:50.091 17656 17685 I OpenXR  : xrEnumerateInstanceExtensionProperties: skipping extension=`XR_FBX2_spatial_entity_storage` due to: Tier=40 extState=P deviceIsExpEnabled=false expManifestSet=true isFirstPartyApp=false isSystemApp=false
08-21 09:56:50.093 17656 17685 I OpenXR  : xrEnumerateInstanceExtensionProperties: skipping extension=`XR_META_spatial_entity_mesh` due to: missing uses-permission string `com.oculus.permission.USE_SCENE` from AndroidManifest in package `com.stereokit.rust_binding.demos`
08-21 09:56:50.094 17656 17685 I OpenXR  : xrEnumerateInstanceExtensionProperties: skipping extension 'XR_META_local_dimming' as device requirements requirements (16) are not met.
08-21 09:56:50.094 17656 17685 I OpenXR  : xrEnumerateInstanceExtensionProperties: skipping extension 'XR_META_foveation_eye_tracked' as feature requirements (1) are not met.
08-21 09:56:50.095 17656 17685 I OpenXR  : xrEnumerateInstanceExtensionProperties: skipping extension 'XR_FB_eye_tracking_social' as feature requirements (1) are not met.
08-21 09:56:50.095 17656 17685 I OpenXR  : checkTrexKillswitchGk 'oculus_trex_insightsdk_killsw' = false
08-21 09:56:50.095 17656 17685 I OpenXR  : PassesGKKillswitch 1
08-21 09:56:50.095 17656 17685 I OpenXR  : xrEnumerateInstanceExtensionProperties: skipping extension=`XR_FBX1_composition_layer_settings` due to: Tier=40 extState=P deviceIsExpEnabled=false expManifestSet=true isFirstPartyApp=false isSystemApp=false
08-21 09:56:50.095 17656 17685 I OpenXR  : xrEnumerateInstanceExtensionProperties: skipping extension=`XR_FBX1_composition_layer_depth_test` due to: Tier=40 extState=P deviceIsExpEnabled=false expManifestSet=true isFirstPartyApp=false isSystemApp=false
08-21 09:56:50.095 17656 17685 I OpenXR  : xrEnumerateInstanceExtensionProperties: skipping extension 'XR_EXT_eye_gaze_interaction' as feature requirements (1) are not met.
08-21 09:56:50.095 17656 17685 I OpenXR  : xrEnumerateInstanceExtensionProperties: skipping extension=`XR_META_hand_tracking_wide_motion_mode` due to: missing uses-feature string `com.oculus.software.body_tracking` from AndroidManifest
08-21 09:56:50.095 17656 17685 I OpenXR  : xrEnumerateInstanceExtensionProperties: skipping extension=`XR_EXTX1_hand_tracking_data_source` due to: Tier=40 extState=P deviceIsExpEnabled=false expManifestSet=true isFirstPartyApp=false isSystemApp=false
08-21 09:56:50.096 17656 17685 I OpenXR  : xrEnumerateInstanceExtensionProperties: skipping extension=`XR_METAX1_performance_metrics` due to: Tier=40 extState=P deviceIsExpEnabled=false expManifestSet=true isFirstPartyApp=false isSystemApp=false
08-21 09:56:50.096 17656 17685 I OpenXR  : xrEnumerateInstanceExtensionProperties: skipping extension=`XR_METAX1_virtual_keyboard` due to: Tier=40 extState=P deviceIsExpEnabled=false expManifestSet=true isFirstPartyApp=false isSystemApp=false
08-21 09:56:50.096 17656 17685 I OpenXR  : xrEnumerateInstanceExtensionProperties: skipping extension=`XR_METAX2_virtual_keyboard` due to: Tier=40 extState=P deviceIsExpEnabled=false expManifestSet=true isFirstPartyApp=false isSystemApp=false
08-21 09:56:50.096 17656 17685 I OpenXR  : xrEnumerateInstanceExtensionProperties: skipping extension=`XR_EXTX1_event_channel` due to: Tier=40 extState=P deviceIsExpEnabled=false expManifestSet=true isFirstPartyApp=false isSystemApp=false
08-21 09:56:50.096 17656 17685 I OpenXR  : xrEnumerateInstanceExtensionProperties: skipping extension=`XR_METAX1_environment_depth` due to: Tier=40 extState=P deviceIsExpEnabled=false expManifestSet=true isFirstPartyApp=false isSystemApp=false
08-21 09:56:50.096 17656 17685 I OpenXR  : xrEnumerateInstanceExtensionProperties: skipping extension=`XR_METAX2_environment_depth` due to: Tier=40 extState=P deviceIsExpEnabled=false expManifestSet=true isFirstPartyApp=false isSystemApp=false
08-21 09:56:50.096 17656 17685 I OpenXR  : xrEnumerateInstanceExtensionProperties: skipping extension=`XR_META_environment_depth` due to: missing uses-permission string `com.oculus.permission.USE_SCENE` from AndroidManifest in package `com.stereokit.rust_binding.demos`
08-21 09:56:50.096 17656 17685 I OpenXR  : xrEnumerateInstanceExtensionProperties: skipping extension=`XR_EXT_palm_pose` due to: Tier=40 extState=P deviceIsExpEnabled=false expManifestSet=true isFirstPartyApp=false isSystemApp=false
08-21 09:56:50.096 17656 17685 I OpenXR  : xrEnumerateInstanceExtensionProperties: skipping extension=`XR_META_body_tracking_fidelity` due to: missing uses-feature string `com.oculus.software.body_tracking` from AndroidManifest
08-21 09:56:50.096 17656 17685 I OpenXR  : xrEnumerateInstanceExtensionProperties: skipping extension=`XR_META_body_tracking_calibration` due to: missing uses-feature string `com.oculus.software.body_tracking` from AndroidManifest
08-21 09:56:50.097 17656 17685 I OpenXR  : xrEnumerateInstanceExtensionProperties: skipping extension=`XR_META_boundary_visibility` due to: missing uses-permission string `com.oculus.permission.BOUNDARY_VISIBILITY` from AndroidManifest in package `com.stereokit.rust_binding.demos`
08-21 09:56:50.097 17656 17685 V OpenXR-Loader: Verbose [GENERAL | xrEnumerateInstanceExtensionProperties | OpenXR-Loader] : Completed loader trampoline
08-21 09:56:50.097 17656 17685 V OpenXR-Loader: Verbose [GENERAL | xrEnumerateInstanceExtensionProperties | OpenXR-Loader] : Entering loader trampoline
08-21 09:56:50.098 17656 17685 V OpenXR-Loader: Verbose [GENERAL | xrEnumerateInstanceExtensionProperties | OpenXR-Loader] : Completed loader trampoline
08-21 09:56:50.098 17656 17685 D SK_rust_Demos: |   present | XR_EXT_active_action_set_priority
08-21 09:56:50.098 17656 17685 D SK_rust_Demos: |   present | XR_EXT_hand_joints_motion_range
08-21 09:56:50.098 17656 17685 D SK_rust_Demos: |   present | XR_EXT_performance_settings
08-21 09:56:50.098 17656 17685 D SK_rust_Demos: |   present | XR_EXT_user_presence
08-21 09:56:50.098 17656 17685 D SK_rust_Demos: |   present | XR_FB_android_surface_swapchain_create
08-21 09:56:50.098 17656 17685 D SK_rust_Demos: |   present | XR_FB_common_events
08-21 09:56:50.098 17656 17685 D SK_rust_Demos: |   present | XR_FB_composition_layer_alpha_blend
08-21 09:56:50.098 17656 17685 D SK_rust_Demos: |   present | XR_FB_composition_layer_depth_test
08-21 09:56:50.098 17656 17685 D SK_rust_Demos: |   present | XR_FB_composition_layer_image_layout
08-21 09:56:50.098 17656 17685 D SK_rust_Demos: |   present | XR_FB_composition_layer_secure_content
08-21 09:56:50.098 17656 17685 D SK_rust_Demos: |   present | XR_FB_composition_layer_settings
08-21 09:56:50.098 17656 17685 D SK_rust_Demos: |   present | XR_FB_face_tracking
08-21 09:56:50.098 17656 17685 D SK_rust_Demos: |   present | XR_FB_face_tracking2
08-21 09:56:50.098 17656 17685 D SK_rust_Demos: |   present | XR_FB_foveation
08-21 09:56:50.098 17656 17685 D SK_rust_Demos: |   present | XR_FB_foveation_configuration
08-21 09:56:50.098 17656 17685 D SK_rust_Demos: |   present | XR_FB_foveation_vulkan
08-21 09:56:50.098 17656 17685 D SK_rust_Demos: |   present | XR_FB_hand_tracking_aim
08-21 09:56:50.098 17656 17685 D SK_rust_Demos: |   present | XR_FB_hand_tracking_capsules
08-21 09:56:50.098 17656 17685 D SK_rust_Demos: |   present | XR_FB_hand_tracking_mesh
08-21 09:56:50.098 17656 17685 D SK_rust_Demos: |   present | XR_FB_haptic_amplitude_envelope
08-21 09:56:50.098 17656 17685 D SK_rust_Demos: |   present | XR_FB_haptic_pcm
08-21 09:56:50.098 17656 17685 D SK_rust_Demos: |   present | XR_FB_passthrough_keyboard_hands
08-21 09:56:50.098 17656 17685 D SK_rust_Demos: |   present | XR_FB_scene
08-21 09:56:50.098 17656 17685 D SK_rust_Demos: |   present | XR_FB_scene_capture
08-21 09:56:50.098 17656 17685 D SK_rust_Demos: |   present | XR_FB_space_warp
08-21 09:56:50.098 17656 17685 D SK_rust_Demos: |   present | XR_FB_spatial_entity_container
08-21 09:56:50.098 17656 17685 D SK_rust_Demos: |   present | XR_FB_spatial_entity_query
08-21 09:56:50.098 17656 17685 D SK_rust_Demos: |   present | XR_FB_spatial_entity_sharing
08-21 09:56:50.098 17656 17685 D SK_rust_Demos: |   present | XR_FB_spatial_entity_storage
08-21 09:56:50.098 17656 17685 D SK_rust_Demos: |   present | XR_FB_spatial_entity_storage_batch
08-21 09:56:50.098 17656 17685 D SK_rust_Demos: |   present | XR_FB_spatial_entity_user
08-21 09:56:50.098 17656 17685 D SK_rust_Demos: |   present | XR_FB_swapchain_update_state
08-21 09:56:50.098 17656 17685 D SK_rust_Demos: |   present | XR_FB_swapchain_update_state_android_surface
08-21 09:56:50.098 17656 17685 D SK_rust_Demos: |   present | XR_FB_swapchain_update_state_opengl_es
08-21 09:56:50.098 17656 17685 D SK_rust_Demos: |   present | XR_FB_swapchain_update_state_vulkan
08-21 09:56:50.098 17656 17685 D SK_rust_Demos: |   present | XR_FB_touch_controller_pro
08-21 09:56:50.098 17656 17685 D SK_rust_Demos: |   present | XR_FB_touch_controller_proximity
08-21 09:56:50.098 17656 17685 D SK_rust_Demos: |   present | XR_FB_triangle_mesh
08-21 09:56:50.098 17656 17685 D SK_rust_Demos: |   present | XR_KHR_android_surface_swapchain
08-21 09:56:50.098 17656 17685 D SK_rust_Demos: |   present | XR_KHR_composition_layer_color_scale_bias
08-21 09:56:50.098 17656 17685 D SK_rust_Demos: |   present | XR_KHR_composition_layer_cube
08-21 09:56:50.098 17656 17685 D SK_rust_Demos: |   present | XR_KHR_composition_layer_cylinder
08-21 09:56:50.098 17656 17685 D SK_rust_Demos: |   present | XR_KHR_composition_layer_equirect2
08-21 09:56:50.098 17656 17685 D SK_rust_Demos: |   present | XR_KHR_visibility_mask
08-21 09:56:50.098 17656 17685 D SK_rust_Demos: |   present | XR_KHR_vulkan_enable
08-21 09:56:50.098 17656 17685 D SK_rust_Demos: |   present | XR_KHR_vulkan_enable2
08-21 09:56:50.098 17656 17685 D SK_rust_Demos: |   present | XR_LOGITECH_mx_ink_stylus_interaction
08-21 09:56:50.098 17656 17685 D SK_rust_Demos: |   present | XR_META_automatic_layer_filter
08-21 09:56:50.098 17656 17685 D SK_rust_Demos: |   present | XR_META_detached_controllers
08-21 09:56:50.098 17656 17685 D SK_rust_Demos: |   present | XR_META_feature_fidelity
08-21 09:56:50.098 17656 17685 D SK_rust_Demos: |   present | XR_META_headset_id
08-21 09:56:50.098 17656 17685 D SK_rust_Demos: |   present | XR_META_passthrough_color_lut
08-21 09:56:50.098 17656 17685 D SK_rust_Demos: |   present | XR_META_passthrough_layer_resumed_event
08-21 09:56:50.098 17656 17685 D SK_rust_Demos: |   present | XR_META_passthrough_preferences
08-21 09:56:50.098 17656 17685 D SK_rust_Demos: |   present | XR_META_performance_metrics
08-21 09:56:50.098 17656 17685 D SK_rust_Demos: |   present | XR_META_recommended_layer_resolution
08-21 09:56:50.098 17656 17685 D SK_rust_Demos: |   present | XR_META_simultaneous_hands_and_controllers
08-21 09:56:50.098 17656 17685 D SK_rust_Demos: |   present | XR_META_spatial_entity_discovery
08-21 09:56:50.098 17656 17685 D SK_rust_Demos: |   present | XR_META_spatial_entity_persistence
08-21 09:56:50.098 17656 17685 D SK_rust_Demos: |   present | XR_META_touch_controller_plus
08-21 09:56:50.098 17656 17685 D SK_rust_Demos: |   present | XR_META_vulkan_swapchain_create_info
08-21 09:56:50.098 17656 17685 D SK_rust_Demos: |   present | XR_OCULUS_common_reference_spaces
08-21 09:56:50.098 17656 17685 D SK_rust_Demos: | ACTIVATED | XR_EXT_debug_utils
08-21 09:56:50.098 17656 17685 D SK_rust_Demos: | ACTIVATED | XR_EXT_hand_tracking
08-21 09:56:50.098 17656 17685 D SK_rust_Demos: | ACTIVATED | XR_EXT_hand_tracking_data_source
08-21 09:56:50.098 17656 17685 D SK_rust_Demos: | ACTIVATED | XR_EXT_local_floor
08-21 09:56:50.098 17656 17685 D SK_rust_Demos: | ACTIVATED | XR_FB_color_space
08-21 09:56:50.098 17656 17685 D SK_rust_Demos: | ACTIVATED | XR_FB_display_refresh_rate
08-21 09:56:50.098 17656 17685 D SK_rust_Demos: | ACTIVATED | XR_FB_passthrough
08-21 09:56:50.098 17656 17685 D SK_rust_Demos: | ACTIVATED | XR_FB_spatial_entity
08-21 09:56:50.098 17656 17685 D SK_rust_Demos: | ACTIVATED | XR_KHR_android_create_instance
08-21 09:56:50.098 17656 17685 D SK_rust_Demos: | ACTIVATED | XR_KHR_android_thread_settings
08-21 09:56:50.098 17656 17685 D SK_rust_Demos: | ACTIVATED | XR_KHR_composition_layer_depth
08-21 09:56:50.098 17656 17685 D SK_rust_Demos: | ACTIVATED | XR_KHR_convert_timespec_time
08-21 09:56:50.098 17656 17685 D SK_rust_Demos: | ACTIVATED | XR_KHR_opengl_es_enable
08-21 09:56:50.098 17656 17685 D SK_rust_Demos: | ACTIVATED | XR_META_virtual_keyboard
08-21 09:56:50.098 17656 17685 D SK_rust_Demos: | ACTIVATED | XR_MSFT_hand_interaction
08-21 09:56:50.099 17656 17685 D SK_rust_Demos: |___________|______________________
08-21 09:56:50.099 17656 17685 V OpenXR-Loader: Verbose [GENERAL | xrEnumerateApiLayerProperties | OpenXR-Loader] : Entering loader trampoline
08-21 09:56:50.099 17656 17685 V OpenXR-Loader: Verbose [GENERAL | xrEnumerateApiLayerProperties | OpenXR-Loader] : Entering loader trampoline
08-21 09:56:50.099 17656 17685 V OpenXR-Loader: Verbose [GENERAL | xrEnumerateApiLayerProperties | OpenXR-Loader] : Entering loader trampoline
08-21 09:56:50.100 17656 17685 V OpenXR-Loader: Verbose [GENERAL | xrEnumerateApiLayerProperties | OpenXR-Loader] : Entering loader trampoline
08-21 09:56:50.100 17656 17685 V OpenXR-Loader: Verbose [GENERAL | xrCreateInstance | OpenXR-Loader] : Entering loader trampoline
08-21 09:56:50.100 17656 17685 V OpenXR-Loader: Verbose [GENERAL | xrCreateInstance | OpenXR-Loader] : Entering LoaderInstance::CreateInstance
08-21 09:56:50.100 17656 17685 V OpenXR-Loader: Verbose [GENERAL | xrCreateInstance | OpenXR-Loader] : Entering loader terminator
08-21 09:56:50.100 17656 17685 I OpenXR  : ----------- xrCreateInstance [start] ----------
08-21 09:56:50.100 17656 17685 I VersionGater: App OpenXR version is 1.0.34
08-21 09:56:50.100 17656 17685 I VersionGater: Version gate state: 1111 1111 1100 000
08-21 09:56:50.104 17656 17685 I TREX    : Initializing TREX for client 18ea821728541b12...
08-21 09:56:50.104 17656 17685 I TREX    : Initializing system...
08-21 09:56:50.104 17656 17685 I XrRuntimeSystem_Client: BodyPoweredHands checkSysPropForBodyAPIOverride 0
08-21 09:56:50.104 17656 17685 I TREXLoadPolicy: Plugin 'com.oculus.mrservice:': GK killswitch is enabled! Plugin will be skipped!
08-21 09:56:50.105 17656 17685 I TREX    : Created plugin package context for com.oculus.systemdriver
08-21 09:56:50.108 17656 17685 I ThreadHelpers [RUNTIMEIPC]: RuntimeIPC::ThreadHelpers::SetState: threadName: JobPoolWorker, currentState: STATE_STOPPED, newState: STATE_STARTING
08-21 09:56:50.108 17656 17707 I ThreadHelpers [RUNTIMEIPC]: RuntimeIPC::ThreadHelpers::SetState: threadName: JobPoolWorker, currentState: STATE_STARTING, newState: STATE_RUNNING
08-21 09:56:50.109 17656 17685 I RuntimeIPCClient [RUNTIMEIPC]: Event buffer size (client): 8192
08-21 09:56:50.109 17656 17685 I RuntimeIPCClient [RUNTIMEIPC]: TryToGetIPCResourcesFromServer: RPC_CONNECTOR_CONNECT_TO_SERVER SUCCESS: Client: com.stereokit.rust_binding.demos:com.stereokit.rust_binding.demos:17656, Server: com.oculus.systemdriver:com.oculus.vrruntimeservice (HapticsServer)
08-21 09:56:50.109 17656 17685 I RuntimeIPCClient [RUNTIMEIPC]: EnsureServerConnection: SUCCESS. Client: com.stereokit.rust_binding.demos:com.stereokit.rust_binding.demos:17656, Server: com.oculus.systemdriver:com.oculus.vrruntimeservice (HapticsServer)
08-21 09:56:50.109 17656 17685 I RuntimeIPCClient [RUNTIMEIPC]: ConnectToServer: SUCCESS: Client: com.stereokit.rust_binding.demos:com.stereokit.rust_binding.demos:17656, Server: com.oculus.systemdriver:com.oculus.vrruntimeservice (HapticsServer)
08-21 09:56:50.109 17656 17685 I TREX    : Loading EMGSDK Client Plugin
08-21 09:56:50.110 17656 17685 I TREX    : Created plugin package context for com.oculus.systemdriver
08-21 09:56:50.112 17656 17685 I ThreadHelpers [RUNTIMEIPC]: RuntimeIPC::ThreadHelpers::SetState: threadName: JobPoolWorker, currentState: STATE_STOPPED, newState: STATE_STARTING
08-21 09:56:50.112 17656 17709 I ThreadHelpers [RUNTIMEIPC]: RuntimeIPC::ThreadHelpers::SetState: threadName: JobPoolWorker, currentState: STATE_STARTING, newState: STATE_RUNNING
08-21 09:56:50.115 17656 17685 I RuntimeIPCClient [RUNTIMEIPC]: Event buffer size (client): 8192
08-21 09:56:50.116 17656 17685 I RuntimeIPCClient [RUNTIMEIPC]: TryToGetIPCResourcesFromServer: RPC_CONNECTOR_CONNECT_TO_SERVER SUCCESS: Client: com.stereokit.rust_binding.demos:com.stereokit.rust_binding.demos:17656, Server: com.oculus.systemdriver:com.oculus.vrruntimeservice (HandInputDataServer)
08-21 09:56:50.116 17656 17685 I RuntimeIPCClient [RUNTIMEIPC]: EnsureServerConnection: SUCCESS. Client: com.stereokit.rust_binding.demos:com.stereokit.rust_binding.demos:17656, Server: com.oculus.systemdriver:com.oculus.vrruntimeservice (HandInputDataServer)
08-21 09:56:50.116 17656 17685 I RuntimeIPCClient [RUNTIMEIPC]: ConnectToServer: SUCCESS: Client: com.stereokit.rust_binding.demos:com.stereokit.rust_binding.demos:17656, Server: com.oculus.systemdriver:com.oculus.vrruntimeservice (HandInputDataServer)
08-21 09:56:50.120 17656 17685 E TREX    : Loaded HandInputDataClientPlugin
08-21 09:56:50.121 17656 17685 I TREX    : Created plugin package context for com.oculus.systemdriver
08-21 09:56:50.123 17656 17685 I ThreadHelpers [RUNTIMEIPC]: RuntimeIPC::ThreadHelpers::SetState: threadName: JobPoolWorker, currentState: STATE_STOPPED, newState: STATE_STARTING
08-21 09:56:50.123 17656 17711 I ThreadHelpers [RUNTIMEIPC]: RuntimeIPC::ThreadHelpers::SetState: threadName: JobPoolWorker, currentState: STATE_STARTING, newState: STATE_RUNNING
08-21 09:56:50.125 17656 17685 I RuntimeIPCClient [RUNTIMEIPC]: Event buffer size (client): 8192
08-21 09:56:50.125 17656 17685 I RuntimeIPCClient [RUNTIMEIPC]: TryToGetIPCResourcesFromServer: RPC_CONNECTOR_CONNECT_TO_SERVER SUCCESS: Client: com.stereokit.rust_binding.demos:com.stereokit.rust_binding.demos:17656, Server: com.oculus.systemdriver:com.oculus.vrruntimeservice (ControllerIPCServer)
08-21 09:56:50.125 17656 17685 I RuntimeIPCClient [RUNTIMEIPC]: EnsureServerConnection: SUCCESS. Client: com.stereokit.rust_binding.demos:com.stereokit.rust_binding.demos:17656, Server: com.oculus.systemdriver:com.oculus.vrruntimeservice (ControllerIPCServer)
08-21 09:56:50.125 17656 17685 I RuntimeIPCClient [RUNTIMEIPC]: ConnectToServer: SUCCESS: Client: com.stereokit.rust_binding.demos:com.stereokit.rust_binding.demos:17656, Server: com.oculus.systemdriver:com.oculus.vrruntimeservice (ControllerIPCServer)
08-21 09:56:50.126 17656 17685 I TrexControllerClientPlugin: ControllerClientBase::Initialize success
08-21 09:56:50.126 17656 17685 I TREXLoadPolicy: SpatialPersistenceClientPlugin: all permissions matched!
08-21 09:56:50.126 17656 17685 I TREX    : Loading plugin com.facebook.spatial_persistence_service:libplugin.so
08-21 09:56:50.129 17656 17685 D AndroidLibraryResolver: Loading 'libplugin.so' from package 'com.facebook.spatial_persistence_service'
08-21 09:56:50.132 17656 17685 D ApplicationLoaders: Returning zygote-cached class loader: /system/framework/android.test.base.jar
08-21 09:56:50.137 17656 17685 I AndroidLibraryResolver: Attempting to find getAPIFunction64
08-21 09:56:50.137 17656 17685 V LibLoaderImpl: Loading 64-bit LibLoaderImpl.
08-21 09:56:50.137 17656 17685 V LibLoaderImpl: internalGetAPIFunction: loadLibrary 'loaderimpl'
08-21 09:56:50.137 17656 17685 V LibLoaderImpl: Using System.loadLibrary
08-21 09:56:50.138 17656 17685 I libloaderimpl: nativeSetClassLoader:0x1486
08-21 09:56:50.138 17656 17685 V LibLoaderImpl: internalGetAPIFunction: calling nativeGetAPIFunction
08-21 09:56:50.138 17656 17685 I libloaderimpl: LibLoaderImpl nativeGetAPIFunction.
08-21 09:56:50.139 17656 17685 I libloaderimpl: LibLoaderHandle SUCCESS
08-21 09:56:50.139 17656 17685 I libloaderimpl: LibLoaderImpl GetAPIFunction. libName: libplugin.so, funcName: trex_GetPluginInfo
08-21 09:56:50.141 17656 17685 I libloaderimpl: LibLoaderImpl GetAPIFunction. libName: libplugin.so, funcName: trex_Initialize
08-21 09:56:50.141 17656 17685 I libloaderimpl: LibLoaderImpl GetAPIFunction. libName: libplugin.so, funcName: trex_Shutdown
08-21 09:56:50.143 17656 17685 I TREX    : Created plugin package context for com.facebook.spatial_persistence_service
08-21 09:56:50.143 17656 17685 I [CT]    : SP:TREX:SpatialPersistencePlugin: SpatialPersistencePlugin::trex_Initialize called for client 1795390437433023250.
08-21 09:56:50.143 17656 17685 I [CT]    : Anchor:LogLevelHelper: setGlobalLogLevelFromSysprop: Set log level to info: 3
08-21 09:56:50.144 17656 17713 W [CT]    : VIPER: No callback registered to set thread properties for type 'Foreground' with name 'SP:AF:InsightAnchorApi'
08-21 09:56:50.154 17656 17685 I [CT]    : SP:AF:AnchorFramework: Creating CPUThreadPoolScheduler AnchorFramework Scheduler
08-21 09:56:50.157 17656 17685 W [CT]    : SP:DeviceConfig: Failed to query device config param: name=oculus_plane_freespace_integration
08-21 09:56:50.157 17656 17685 I [CT]    : SP:SpatialAnchorConfig: ensureInitialized: Gatekeeper Name: oculus_plane_freespace_integration is set to false
08-21 09:56:50.157 17656 17685 I [CT]    : SP:AF:AnchorCreationAndTrackingFactory: Using TrackingService
08-21 09:56:50.157 17656 17685 I ipcLoader [RUNTIMEIPC]: RuntimeIPC: Loader: IPC Service API Loader Version: 69 Jun  5 2024 22:49:46
08-21 09:56:50.157 17656 17685 I ipcLoader [RUNTIMEIPC]: RuntimeIPC: Using android_get_exported_namespace: libripcclient.oculus.so
08-21 09:56:50.158 17656 17685 I ipcLoader [RUNTIMEIPC]: RuntimeIPC: android_get_exported_namespace SUCCESS: libripcclient.oculus.so
08-21 09:56:50.158 17656 17685 I ThreadHelpers [RUNTIMEIPC]: RuntimeIPC::ThreadHelpers::SetState: threadName: JobPoolWorker, currentState: STATE_STOPPED, newState: STATE_STARTING
08-21 09:56:50.158 17656 17715 I ThreadHelpers [RUNTIMEIPC]: RuntimeIPC::ThreadHelpers::SetState: threadName: JobPoolWorker, currentState: STATE_STARTING, newState: STATE_RUNNING
08-21 09:56:50.159 17656 17685 I ClientProcessConnector [RUNTIMEIPC]: GetProcessConnection: native_process.system:/system_ext/bin/trackingservice
08-21 09:56:50.162 17656 17685 I RuntimeIPCClient [RUNTIMEIPC]: Event buffer size (client): 8192
08-21 09:56:50.162 17656 17685 I RuntimeIPCClient [RUNTIMEIPC]: TryToGetIPCResourcesFromServer: RPC_CONNECTOR_CONNECT_TO_SERVER SUCCESS: Client: com.stereokit.rust_binding.demos:com.stereokit.rust_binding.demos:17656, Server: native_process.system:/system_ext/bin/trackingservice (SlamAnchorServer)
08-21 09:56:50.162 17656 17685 I RuntimeIPCClient [RUNTIMEIPC]: EnsureServerConnection: SUCCESS. Client: com.stereokit.rust_binding.demos:com.stereokit.rust_binding.demos:17656, Server: native_process.system:/system_ext/bin/trackingservice (SlamAnchorServer)
08-21 09:56:50.162 17656 17685 I RuntimeIPCClient [RUNTIMEIPC]: ConnectToServer: SUCCESS: Client: com.stereokit.rust_binding.demos:com.stereokit.rust_binding.demos:17656, Server: native_process.system:/system_ext/bin/trackingservice (SlamAnchorServer)
08-21 09:56:50.162 17656 17685 D OsSdkLoader: OSSDK loading module 'libheadtracker.oculus.so'
08-21 09:56:50.163 17656 17685 D t_binding.demo: memorybroker::ClientConnection ctor
08-21 09:56:50.163 17656 17685 D OsSdkLoader: OSSDK loading module 'libossdk.oculus.so'
08-21 09:56:50.164 17656 17685 I [CT]    : SP:AF:AnchorCreationAndTrackingFactory: SlamAnchorMemoryOSSDKClient created in process: /system_ext/bin/trackingservice
08-21 09:56:50.165 17656 17685 I ThreadHelpers [RUNTIMEIPC]: RuntimeIPC::ThreadHelpers::SetState: threadName: RIPCNotifThread, currentState: STATE_STOPPED, newState: STATE_STARTING
08-21 09:56:50.165 17656 17718 I ThreadHelpers [RUNTIMEIPC]: RuntimeIPC::ThreadHelpers::SetState: threadName: RIPCNotifThread, currentState: STATE_STARTING, newState: STATE_RUNNING
08-21 09:56:50.167 17656 17685 I ThreadHelpers [RUNTIMEIPC]: RuntimeIPC::ThreadHelpers::SetState: threadName: JobPoolWorker, currentState: STATE_STOPPED, newState: STATE_STARTING
08-21 09:56:50.167 17656 17719 I ThreadHelpers [RUNTIMEIPC]: RuntimeIPC::ThreadHelpers::SetState: threadName: JobPoolWorker, currentState: STATE_STARTING, newState: STATE_RUNNING
08-21 09:56:50.169 17656 17685 I RuntimeIPCClient [RUNTIMEIPC]: Event buffer size (client): 8192
08-21 09:56:50.169 17656 17685 I RuntimeIPCClient [RUNTIMEIPC]: TryToGetIPCResourcesFromServer: RPC_CONNECTOR_CONNECT_TO_SERVER SUCCESS: Client: com.stereokit.rust_binding.demos:com.stereokit.rust_binding.demos:17656, Server: com.oculus.systemdriver:com.oculus.vrruntimeservice (DynamicObjectTrackingServer)
08-21 09:56:50.169 17656 17685 I RuntimeIPCClient [RUNTIMEIPC]: EnsureServerConnection: SUCCESS. Client: com.stereokit.rust_binding.demos:com.stereokit.rust_binding.demos:17656, Server: com.oculus.systemdriver:com.oculus.vrruntimeservice (DynamicObjectTrackingServer)
08-21 09:56:50.169 17656 17685 I RuntimeIPCClient [RUNTIMEIPC]: ConnectToServer: SUCCESS: Client: com.stereokit.rust_binding.demos:com.stereokit.rust_binding.demos:17656, Server: com.oculus.systemdriver:com.oculus.vrruntimeservice (DynamicObjectTrackingServer)
08-21 09:56:50.170 17656 17685 I [CT]    : SP:AF:AnchorFramework: Using TrackingService
08-21 09:56:50.170 17656 17685 I ThreadHelpers [RUNTIMEIPC]: RuntimeIPC::ThreadHelpers::SetState: threadName: JobPoolWorker, currentState: STATE_STOPPED, newState: STATE_STARTING
08-21 09:56:50.170 17656 17721 I ThreadHelpers [RUNTIMEIPC]: RuntimeIPC::ThreadHelpers::SetState: threadName: JobPoolWorker, currentState: STATE_STARTING, newState: STATE_RUNNING
08-21 09:56:50.171 17656 17685 I RuntimeIPCClient [RUNTIMEIPC]: Event buffer size (client): 8192
08-21 09:56:50.172 17656 17685 I RuntimeIPCClient [RUNTIMEIPC]: TryToGetIPCResourcesFromServer: RPC_CONNECTOR_CONNECT_TO_SERVER SUCCESS: Client: com.stereokit.rust_binding.demos:com.stereokit.rust_binding.demos:17656, Server: native_process.system:/system_ext/bin/trackingservice (SlamAnchorServer)
08-21 09:56:50.172 17656 17685 I RuntimeIPCClient [RUNTIMEIPC]: EnsureServerConnection: SUCCESS. Client: com.stereokit.rust_binding.demos:com.stereokit.rust_binding.demos:17656, Server: native_process.system:/system_ext/bin/trackingservice (SlamAnchorServer)
08-21 09:56:50.172 17656 17685 I RuntimeIPCClient [RUNTIMEIPC]: ConnectToServer: SUCCESS: Client: com.stereokit.rust_binding.demos:com.stereokit.rust_binding.demos:17656, Server: native_process.system:/system_ext/bin/trackingservice (SlamAnchorServer)
08-21 09:56:50.172 17656 17685 I [CT]    : SP:AF:AnchorFramework: Creating CPUThreadPoolScheduler AnchorFramework Scheduler
08-21 09:56:50.172 17656 17723 W [CT]    : VIPER: No callback registered to set thread properties for type 'Foreground' with name 'AnchorFrameworkVROS'
08-21 09:56:50.173 17656 17685 I ThreadHelpers [RUNTIMEIPC]: RuntimeIPC::ThreadHelpers::SetState: threadName: RIPCNotifThread, currentState: STATE_STOPPED, newState: STATE_STARTING
08-21 09:56:50.173 17656 17725 I ThreadHelpers [RUNTIMEIPC]: RuntimeIPC::ThreadHelpers::SetState: threadName: RIPCNotifThread, currentState: STATE_STARTING, newState: STATE_RUNNING
08-21 09:56:50.173 17656 17726 W [CT]    : VIPER: No callback registered to set thread properties for type 'Foreground' with name 'SlamAnchorPersistenceRuntimeIpcClient'
08-21 09:56:50.178 17656 17685 I [CT]    : SP:SpatialAnchorConfig: ensureInitialized: Gatekeeper Name: xr_scene_anchor_deviation_telemetry is set to true
08-21 09:56:50.181 17656 17685 I [CT]    : SP:SpatialAnchorConfig: ensureInitialized: Gatekeeper Name: oculus_enable_rigid_scene is set to true
08-21 09:56:50.184 17656 17685 I [CT]    : SP:SpatialAnchorConfig: ensureInitialized: Gatekeeper Name: oculus_rigid_scene_telemetry is set to true
