03-31 17:43:56.092 10630 10657 I RuntimeIPCClient [RUNTIMEIPC]: ConnectToServer: SUCCESS: Client: com.stereokit.rust_binding.demos:com.stereokit.rust_binding.demos:10630, Server: com.facebook.wearable.system.location.service:com.facebook.wearable.system.location.service (PeerDiscoveryServer)
03-31 17:43:56.092 10630 10657 I TREX    : Loading plugin com.oculus.appautomation:libtrex_app_automation_plugin_v1.so
03-31 17:43:56.094 10630 10657 D AndroidLibraryResolver: Loading 'libtrex_app_automation_plugin_v1.so' from package 'com.oculus.appautomation'
03-31 17:43:56.096 10630 10657 D ApplicationLoaders: Returning zygote-cached class loader: /system/framework/android.test.base.jar
03-31 17:43:56.096 10630 10657 D ApplicationLoaders: Returning zygote-cached class loader: /system/framework/android.hidl.manager-V1.0-java.jar
03-31 17:43:56.096 10630 10657 D ApplicationLoaders: Returning zygote-cached class loader: /system/framework/android.hidl.base-V1.0-java.jar
03-31 17:43:56.099 10630 10657 I AndroidLibraryResolver: Attempting to find getAPIFunction64
03-31 17:43:56.099 10630 10657 V LibLoaderImpl: Loading 64-bit LibLoaderImpl.
03-31 17:43:56.099 10630 10657 V LibLoaderImpl: internalGetAPIFunction: loadLibrary 'loaderimpl'
03-31 17:43:56.100 10630 10657 V LibLoaderImpl: Using System.loadLibrary
03-31 17:43:56.100 10630 10657 I libloaderimpl: nativeSetClassLoader:0x15f6
03-31 17:43:56.100 10630 10657 V LibLoaderImpl: internalGetAPIFunction: calling nativeGetAPIFunction
03-31 17:43:56.100 10630 10657 I libloaderimpl: LibLoaderImpl nativeGetAPIFunction.
03-31 17:43:56.101 10630 10657 I libloaderimpl: LibLoaderHandle SUCCESS
03-31 17:43:56.101 10630 10657 I libloaderimpl: LibLoaderImpl GetAPIFunction. libName: libtrex_app_automation_plugin_v1.so, funcName: trex_GetPluginInfo
03-31 17:43:56.101 10630 10657 I libloaderimpl: LibLoaderImpl GetAPIFunction. libName: libtrex_app_automation_plugin_v1.so, funcName: trex_Initialize
03-31 17:43:56.101 10630 10657 I libloaderimpl: LibLoaderImpl GetAPIFunction. libName: libtrex_app_automation_plugin_v1.so, funcName: trex_Shutdown
03-31 17:43:56.102 10630 10657 I TREX    : Created plugin package context for com.oculus.appautomation
03-31 17:43:56.102 10630 10657 I PerformanceManagerInterface_Impl: PerformanceManagerInterface_Impl_V1: feature: 2: oculus.software.handtracking
03-31 17:43:56.102 10630 10657 I PerformanceManagerInterface_Impl: PerformanceManagerInterface_Impl_V1: feature: 3: oculus.software.face_tracking
03-31 17:43:56.102 10630 10657 I PerformanceManagerInterface_Impl: PerformanceManagerInterface_Impl_V1: feature: 4: oculus.software.eye_tracking
03-31 17:43:56.102 10630 10657 I PerformanceManagerInterface_Impl: PerformanceManagerInterface_Impl_V1: feature: 6: oculus.software.trackedkeyboard
03-31 17:43:56.102 10630 10657 I PerformanceManagerInterface_Impl: PerformanceManagerInterface_Impl_V1: feature: 7: com.oculus.software.body_tracking
03-31 17:43:56.102 10630 10657 I TREX    : Interface 'WristbandClientInterface', version 6 was not found. Check debug build for more information.
03-31 17:43:56.105 10630 10657 I RuntimeIPCClient [RUNTIMEIPC]: Event buffer size (client): 8192
03-31 17:43:56.105 10630 10657 I RuntimeIPCClient [RUNTIMEIPC]: TryToGetIPCResourcesFromServer: RPC_CONNECTOR_CONNECT_TO_SERVER SUCCESS: Client: com.stereokit.rust_binding.demos:com.stereokit.rust_binding.demos:10630, Server: com.oculus.systemdriver:com.oculus.vrruntimeservice (RuntimeServiceDevice)
03-31 17:43:56.105 10630 10657 I RuntimeIPCClient [RUNTIMEIPC]: EnsureServerConnection: SUCCESS. Client: com.stereokit.rust_binding.demos:com.stereokit.rust_binding.demos:10630, Server: com.oculus.systemdriver:com.oculus.vrruntimeservice (RuntimeServiceDevice)
03-31 17:43:56.105 10630 10657 I RuntimeIPCClient [RUNTIMEIPC]: ConnectToServer: SUCCESS: Client: com.stereokit.rust_binding.demos:com.stereokit.rust_binding.demos:10630, Server: com.oculus.systemdriver:com.oculus.vrruntimeservice (RuntimeServiceDevice)
03-31 17:43:56.106 10630 10657 I RuntimeIPCClient [RUNTIMEIPC]: ReleaseRef: Remaining refs: 0, Client: com.stereokit.rust_binding.demos:com.stereokit.rust_binding.demos:10630, Server: com.oculus.systemdriver:com.oculus.vrruntimeservice (RuntimeServiceDevice)
03-31 17:43:56.106 10630 10657 I RuntimeIPCClient [RUNTIMEIPC]: DisconnectFromServer: 0, Client: com.stereokit.rust_binding.demos:com.stereokit.rust_binding.demos:10630, Server: com.oculus.systemdriver:com.oculus.vrruntimeservice (RuntimeServiceDevice)
03-31 17:43:56.106 10630 10657 I Distortion: Initializing Mesh Decenter Correction
03-31 17:43:56.107 10630 10657 I Distortion: SetLensPositions - iad=0.06485, left offset=0.000542816,-0.00139587, right offset=-0.000906337,-0.00141104
03-31 17:43:56.107 10630 10657 I Distortion: persist.debug.oculus.use.persisted.custom.fov = 0
03-31 17:43:56.108 10630 10657 I VrRuntimeCompatHelper: DevicesSupported : 4 devices, quest2|questpro|quest3
03-31 17:43:56.108 10630 10657 I OpenXR  : IsSystem 0
03-31 17:43:56.108 10630 10657 I Distortion: Initializing Mesh Decenter Correction
03-31 17:43:56.110 10630 10657 I Distortion: SetLensPositions - iad=0.06485, left offset=0.000542816,-0.00139587, right offset=-0.000906337,-0.00141104
03-31 17:43:56.110 10630 10657 I Distortion: persist.debug.oculus.use.persisted.custom.fov = 0
03-31 17:43:56.110 10630 10657 I OpenXR  : ----------- xrCreateInstance [end] ----------
03-31 17:43:56.110 10630 10657 V OpenXR-Loader: Verbose [GENERAL | xrCreateInstance | OpenXR-Loader] : Completed loader terminator
03-31 17:43:56.110 10630 10657 I OpenXR-Loader: Info [GENERAL | xrCreateInstance | OpenXR-Loader] : LoaderInstance::CreateInstance succeeded with 0 layers enabled and runtime interface - created instance = 0x0100000000000001
03-31 17:43:56.110 10630 10657 V OpenXR-Loader: Verbose [GENERAL | xrCreateInstance | OpenXR-Loader] : Completed loader trampoline
03-31 17:43:56.110 10630 10657 D SK_rust_Demos: OpenXR API:     1.0.41
03-31 17:43:56.110 10630 10657 D SK_rust_Demos: OpenXR runtime: Oculus 74.759.0
03-31 17:43:56.110 10630 10657 D SK_rust_Demos: OpenXR extensions:
03-31 17:43:56.110 10630 10657 D SK_rust_Demos: ___________________________________
03-31 17:43:56.110 10630 10657 D SK_rust_Demos: |     Usage | Extension
03-31 17:43:56.110 10630 10657 D SK_rust_Demos: |-----------|----------------------
03-31 17:43:56.110 10630 10657 D SK_rust_Demos: |   present | XR_EXT_active_action_set_priority
03-31 17:43:56.110 10630 10657 D SK_rust_Demos: |   present | XR_EXT_composition_layer_inverted_alpha
03-31 17:43:56.110 10630 10657 D SK_rust_Demos: |   present | XR_EXT_hand_joints_motion_range
03-31 17:43:56.110 10630 10657 D SK_rust_Demos: |   present | XR_EXT_performance_settings
03-31 17:43:56.110 10630 10657 D SK_rust_Demos: |   present | XR_EXT_user_presence
03-31 17:43:56.110 10630 10657 D SK_rust_Demos: |   present | XR_FB_android_surface_swapchain_create
03-31 17:43:56.110 10630 10657 D SK_rust_Demos: |   present | XR_FB_body_tracking
03-31 17:43:56.110 10630 10657 D SK_rust_Demos: |   present | XR_FB_common_events
03-31 17:43:56.110 10630 10657 D SK_rust_Demos: |   present | XR_FB_composition_layer_alpha_blend
03-31 17:43:56.110 10630 10657 D SK_rust_Demos: |   present | XR_FB_composition_layer_depth_test
03-31 17:43:56.110 10630 10657 D SK_rust_Demos: |   present | XR_FB_composition_layer_image_layout
03-31 17:43:56.110 10630 10657 D SK_rust_Demos: |   present | XR_FB_composition_layer_secure_content
03-31 17:43:56.110 10630 10657 D SK_rust_Demos: |   present | XR_FB_composition_layer_settings
03-31 17:43:56.110 10630 10657 D SK_rust_Demos: |   present | XR_FB_face_tracking
03-31 17:43:56.110 10630 10657 D SK_rust_Demos: |   present | XR_FB_face_tracking2
03-31 17:43:56.110 10630 10657 D SK_rust_Demos: |   present | XR_FB_foveation
03-31 17:43:56.110 10630 10657 D SK_rust_Demos: |   present | XR_FB_foveation_configuration
03-31 17:43:56.110 10630 10657 D SK_rust_Demos: |   present | XR_FB_foveation_vulkan
03-31 17:43:56.110 10630 10657 D SK_rust_Demos: |   present | XR_FB_hand_tracking_aim
03-31 17:43:56.110 10630 10657 D SK_rust_Demos: |   present | XR_FB_hand_tracking_capsules
03-31 17:43:56.110 10630 10657 D SK_rust_Demos: |   present | XR_FB_hand_tracking_mesh
03-31 17:43:56.110 10630 10657 D SK_rust_Demos: |   present | XR_FB_haptic_amplitude_envelope
03-31 17:43:56.110 10630 10657 D SK_rust_Demos: |   present | XR_FB_haptic_pcm
03-31 17:43:56.110 10630 10657 D SK_rust_Demos: |   present | XR_FB_scene
03-31 17:43:56.110 10630 10657 D SK_rust_Demos: |   present | XR_FB_scene_capture
03-31 17:43:56.110 10630 10657 D SK_rust_Demos: |   present | XR_FB_space_warp
03-31 17:43:56.110 10630 10657 D SK_rust_Demos: |   present | XR_FB_spatial_entity_container
03-31 17:43:56.110 10630 10657 D SK_rust_Demos: |   present | XR_FB_spatial_entity_query
03-31 17:43:56.110 10630 10657 D SK_rust_Demos: |   present | XR_FB_spatial_entity_sharing
03-31 17:43:56.110 10630 10657 D SK_rust_Demos: |   present | XR_FB_spatial_entity_storage
03-31 17:43:56.110 10630 10657 D SK_rust_Demos: |   present | XR_FB_spatial_entity_storage_batch
03-31 17:43:56.110 10630 10657 D SK_rust_Demos: |   present | XR_FB_spatial_entity_user
03-31 17:43:56.110 10630 10657 D SK_rust_Demos: |   present | XR_FB_swapchain_update_state
03-31 17:43:56.110 10630 10657 D SK_rust_Demos: |   present | XR_FB_swapchain_update_state_android_surface
03-31 17:43:56.110 10630 10657 D SK_rust_Demos: |   present | XR_FB_swapchain_update_state_opengl_es
03-31 17:43:56.110 10630 10657 D SK_rust_Demos: |   present | XR_FB_swapchain_update_state_vulkan
03-31 17:43:56.110 10630 10657 D SK_rust_Demos: |   present | XR_FB_touch_controller_pro
03-31 17:43:56.110 10630 10657 D SK_rust_Demos: |   present | XR_FB_touch_controller_proximity
03-31 17:43:56.110 10630 10657 D SK_rust_Demos: |   present | XR_FB_triangle_mesh
03-31 17:43:56.110 10630 10657 D SK_rust_Demos: |   present | XR_KHR_android_surface_swapchain
03-31 17:43:56.111 10630 10657 D SK_rust_Demos: |   present | XR_KHR_composition_layer_color_scale_bias
03-31 17:43:56.111 10630 10657 D SK_rust_Demos: |   present | XR_KHR_composition_layer_cube
03-31 17:43:56.111 10630 10657 D SK_rust_Demos: |   present | XR_KHR_composition_layer_cylinder
03-31 17:43:56.111 10630 10657 D SK_rust_Demos: |   present | XR_KHR_composition_layer_equirect2
03-31 17:43:56.111 10630 10657 D SK_rust_Demos: |   present | XR_KHR_visibility_mask
03-31 17:43:56.111 10630 10657 D SK_rust_Demos: |   present | XR_KHR_vulkan_enable
03-31 17:43:56.111 10630 10657 D SK_rust_Demos: |   present | XR_KHR_vulkan_enable2
03-31 17:43:56.111 10630 10657 D SK_rust_Demos: |   present | XR_LOGITECH_mx_ink_stylus_interaction
03-31 17:43:56.111 10630 10657 D SK_rust_Demos: |   present | XR_META_automatic_layer_filter
03-31 17:43:56.111 10630 10657 D SK_rust_Demos: |   present | XR_META_body_tracking_calibration
03-31 17:43:56.111 10630 10657 D SK_rust_Demos: |   present | XR_META_body_tracking_fidelity
03-31 17:43:56.111 10630 10657 D SK_rust_Demos: |   present | XR_META_body_tracking_full_body
03-31 17:43:56.111 10630 10657 D SK_rust_Demos: |   present | XR_META_boundary_visibility
03-31 17:43:56.111 10630 10657 D SK_rust_Demos: |   present | XR_META_colocation_discovery
03-31 17:43:56.111 10630 10657 D SK_rust_Demos: |   present | XR_META_detached_controllers
03-31 17:43:56.111 10630 10657 D SK_rust_Demos: |   present | XR_META_feature_fidelity
03-31 17:43:56.111 10630 10657 D SK_rust_Demos: |   present | XR_META_hand_tracking_microgestures
03-31 17:43:56.111 10630 10657 D SK_rust_Demos: |   present | XR_META_headset_id
03-31 17:43:56.111 10630 10657 D SK_rust_Demos: |   present | XR_META_passthrough_color_lut
03-31 17:43:56.111 10630 10657 D SK_rust_Demos: |   present | XR_META_passthrough_layer_resumed_event
03-31 17:43:56.111 10630 10657 D SK_rust_Demos: |   present | XR_META_passthrough_preferences
03-31 17:43:56.111 10630 10657 D SK_rust_Demos: |   present | XR_META_performance_metrics
03-31 17:43:56.111 10630 10657 D SK_rust_Demos: |   present | XR_META_recommended_layer_resolution
03-31 17:43:56.111 10630 10657 D SK_rust_Demos: |   present | XR_META_simultaneous_hands_and_controllers
03-31 17:43:56.111 10630 10657 D SK_rust_Demos: |   present | XR_META_spatial_entity_discovery
03-31 17:43:56.111 10630 10657 D SK_rust_Demos: |   present | XR_META_spatial_entity_group_sharing
03-31 17:43:56.111 10630 10657 D SK_rust_Demos: |   present | XR_META_spatial_entity_mesh
03-31 17:43:56.111 10630 10657 D SK_rust_Demos: |   present | XR_META_spatial_entity_persistence
03-31 17:43:56.111 10630 10657 D SK_rust_Demos: |   present | XR_META_spatial_entity_sharing
03-31 17:43:56.111 10630 10657 D SK_rust_Demos: |   present | XR_META_touch_controller_plus
03-31 17:43:56.111 10630 10657 D SK_rust_Demos: |   present | XR_META_vulkan_swapchain_create_info
03-31 17:43:56.111 10630 10657 D SK_rust_Demos: |   present | XR_OCULUS_common_reference_spaces
03-31 17:43:56.111 10630 10657 D SK_rust_Demos: | ACTIVATED | XR_EXT_debug_utils
03-31 17:43:56.111 10630 10657 D SK_rust_Demos: | ACTIVATED | XR_EXT_hand_interaction
03-31 17:43:56.111 10630 10657 D SK_rust_Demos: | ACTIVATED | XR_EXT_hand_tracking
03-31 17:43:56.111 10630 10657 D SK_rust_Demos: | ACTIVATED | XR_EXT_hand_tracking_data_source
03-31 17:43:56.111 10630 10657 D SK_rust_Demos: | ACTIVATED | XR_EXT_local_floor
03-31 17:43:56.111 10630 10657 D SK_rust_Demos: | ACTIVATED | XR_FB_color_space
03-31 17:43:56.111 10630 10657 D SK_rust_Demos: | ACTIVATED | XR_FB_display_refresh_rate
03-31 17:43:56.111 10630 10657 D SK_rust_Demos: | ACTIVATED | XR_FB_passthrough
03-31 17:43:56.111 10630 10657 D SK_rust_Demos: | ACTIVATED | XR_FB_render_model
03-31 17:43:56.111 10630 10657 D SK_rust_Demos: | ACTIVATED | XR_FB_spatial_entity
03-31 17:43:56.111 10630 10657 D SK_rust_Demos: | ACTIVATED | XR_KHR_android_create_instance
03-31 17:43:56.111 10630 10657 D SK_rust_Demos: | ACTIVATED | XR_KHR_android_thread_settings
03-31 17:43:56.111 10630 10657 D SK_rust_Demos: | ACTIVATED | XR_KHR_composition_layer_depth
03-31 17:43:56.111 10630 10657 D SK_rust_Demos: | ACTIVATED | XR_KHR_convert_timespec_time
03-31 17:43:56.111 10630 10657 D SK_rust_Demos: | ACTIVATED | XR_KHR_opengl_es_enable
03-31 17:43:56.111 10630 10657 D SK_rust_Demos: | ACTIVATED | XR_META_virtual_keyboard
03-31 17:43:56.111 10630 10657 D SK_rust_Demos: | ACTIVATED | XR_MSFT_hand_interaction
03-31 17:43:56.111 10630 10657 D SK_rust_Demos: |___________|______________________
03-31 17:43:56.111 10630 10657 W OpenXR_DriverLoader: xrGetInstanceProcAddr: xrCreateSpatialAnchorMSFT not found in entry points map.
03-31 17:43:56.111 10630 10657 W OpenXR_DriverLoader: xrGetInstanceProcAddr: xrCreateSpatialAnchorSpaceMSFT not found in entry points map.
03-31 17:43:56.111 10630 10657 W OpenXR_DriverLoader: xrGetInstanceProcAddr: xrDestroySpatialAnchorMSFT not found in entry points map.
03-31 17:43:56.111 10630 10657 W OpenXR_DriverLoader: xrGetInstanceProcAddr: xrCreateSpatialAnchorStoreConnectionMSFT not found in entry points map.
03-31 17:43:56.111 10630 10657 W OpenXR_DriverLoader: xrGetInstanceProcAddr: xrDestroySpatialAnchorStoreConnectionMSFT not found in entry points map.
03-31 17:43:56.111 10630 10657 W OpenXR_DriverLoader: xrGetInstanceProcAddr: xrPersistSpatialAnchorMSFT not found in entry points map.
03-31 17:43:56.111 10630 10657 W OpenXR_DriverLoader: xrGetInstanceProcAddr: xrEnumeratePersistedSpatialAnchorNamesMSFT not found in entry points map.
03-31 17:43:56.111 10630 10657 W OpenXR_DriverLoader: xrGetInstanceProcAddr: xrCreateSpatialAnchorFromPersistedNameMSFT not found in entry points map.
03-31 17:43:56.111 10630 10657 W OpenXR_DriverLoader: xrGetInstanceProcAddr: xrUnpersistSpatialAnchorMSFT not found in entry points map.
03-31 17:43:56.111 10630 10657 W OpenXR_DriverLoader: xrGetInstanceProcAddr: xrClearSpatialAnchorStoreMSFT not found in entry points map.
03-31 17:43:56.111 10630 10657 W OpenXR_DriverLoader: xrGetInstanceProcAddr: xrCreateSceneObserverMSFT not found in entry points map.
03-31 17:43:56.111 10630 10657 W OpenXR_DriverLoader: xrGetInstanceProcAddr: xrDestroySceneObserverMSFT not found in entry points map.
03-31 17:43:56.111 10630 10657 W OpenXR_DriverLoader: xrGetInstanceProcAddr: xrCreateSceneMSFT not found in entry points map.
03-31 17:43:56.111 10630 10657 W OpenXR_DriverLoader: xrGetInstanceProcAddr: xrDestroySceneMSFT not found in entry points map.
03-31 17:43:56.111 10630 10657 W OpenXR_DriverLoader: xrGetInstanceProcAddr: xrComputeNewSceneMSFT not found in entry points map.
03-31 17:43:56.111 10630 10657 W OpenXR_DriverLoader: xrGetInstanceProcAddr: xrGetSceneComputeStateMSFT not found in entry points map.
03-31 17:43:56.111 10630 10657 W OpenXR_DriverLoader: xrGetInstanceProcAddr: xrGetSceneComponentsMSFT not found in entry points map.
03-31 17:43:56.111 10630 10657 W OpenXR_DriverLoader: xrGetInstanceProcAddr: xrLocateSceneComponentsMSFT not found in entry points map.
03-31 17:43:56.111 10630 10657 W OpenXR_DriverLoader: xrGetInstanceProcAddr: xrEnumerateSceneComputeFeaturesMSFT not found in entry points map.
03-31 17:43:56.111 10630 10657 W OpenXR_DriverLoader: xrGetInstanceProcAddr: xrGetSceneMeshBuffersMSFT not found in entry points map.
03-31 17:43:56.111 10630 10657 W OpenXR_DriverLoader: xrGetInstanceProcAddr: xrGetVisibilityMaskKHR not supported, the extension is not enabled for the requested OpenXR API version 1.0.41.
03-31 17:43:56.111 10630 10657 W OpenXR_DriverLoader: xrGetInstanceProcAddr: xrCreateHandMeshSpaceMSFT not found in entry points map.
03-31 17:43:56.111 10630 10657 W OpenXR_DriverLoader: xrGetInstanceProcAddr: xrUpdateHandMeshMSFT not found in entry points map.
03-31 17:43:56.111 10630 10657 W OpenXR_DriverLoader: xrGetInstanceProcAddr: xrCreateSpatialGraphNodeSpaceMSFT not found in entry points map.
03-31 17:43:56.111 10630 10657 V OpenXR-Loader: Verbose [GENERAL | xrCreateDebugUtilsMessengerEXT | OpenXR-Loader] : Entering loader trampoline
03-31 17:43:56.111 10630 10657 V OpenXR-Loader: Verbose [GENERAL | xrCreateDebugUtilsMessengerEXT | OpenXR-Loader] : Entering loader terminator
03-31 17:43:56.111 10630 10657 V OpenXR-Loader: Verbose [GENERAL | xrCreateDebugUtilsMessengerEXT | OpenXR-Loader] : Completed loader terminator
03-31 17:43:56.111 10630 10657 V OpenXR-Loader: Verbose [GENERAL | xrCreateDebugUtilsMessengerEXT | OpenXR-Loader] : Completed loader trampoline
03-31 17:43:56.111 10630 10657 D SK_rust_Demos: OpenXR requires GLES v3.0.0 - v3.2.0
03-31 17:43:56.111 10630 10657 I OpenXR  : ------------ xrCreateSession [start] -----------
03-31 17:43:56.111 10630 10657 I VrRuntimeClient: VrRuntimeClient(): 0xb400007ac5ca5f80
03-31 17:43:56.115 10630 10657 I VrRuntimeClient: s_->rssdkClient.InitClient
03-31 17:43:56.118 10630 10657 I RuntimeIPCClient [RUNTIMEIPC]: Event buffer size (client): 8192
03-31 17:43:56.118 10630 10657 I RuntimeIPCClient [RUNTIMEIPC]: TryToGetIPCResourcesFromServer: RPC_CONNECTOR_CONNECT_TO_SERVER SUCCESS: Client: com.stereokit.rust_binding.demos:com.stereokit.rust_binding.demos:10630, Server: com.oculus.systemdriver:com.oculus.vrruntimeservice (RuntimeServiceServer)
03-31 17:43:56.118 10630 10657 I RuntimeIPCClient [RUNTIMEIPC]: EnsureServerConnection: SUCCESS. Client: com.stereokit.rust_binding.demos:com.stereokit.rust_binding.demos:10630, Server: com.oculus.systemdriver:com.oculus.vrruntimeservice (RuntimeServiceServer)
03-31 17:43:56.118 10630 10657 I RuntimeIPCClient [RUNTIMEIPC]: ConnectToServer: SUCCESS: Client: com.stereokit.rust_binding.demos:com.stereokit.rust_binding.demos:10630, Server: com.oculus.systemdriver:com.oculus.vrruntimeservice (RuntimeServiceServer)
03-31 17:43:56.118 10630 10731 I VrRuntimeClient: s_->rssdkClient.Connected: com.oculus.systemdriver:com.oculus.vrruntimeservice
03-31 17:43:56.118 10630 10731 I VrRuntimeClient: RegisterClient RequestDescriptor com.stereokit.rust_binding.demos:10630 clientType 0 clientFlags 0 clientSessionPlacement 0 clientLaunchId 
03-31 17:43:56.166 10630 10745 I RuntimeIPCClientMgr [RUNTIMEIPC]: UpdateServerConnectivity: Received server connectivity notification. Connected servers: [BodyApiServiceServer], disconnected servers: []
03-31 17:43:56.166 10630 10745 I ClientProcessConnector [RUNTIMEIPC]: GetProcessConnection: com.oculus.bodyapiservice:com.oculus.bodyapiservice
03-31 17:43:56.167 10630 10745 I RuntimeIPCClient [RUNTIMEIPC]: Event buffer size (client): 8192
03-31 17:43:56.167 10630 10745 I RuntimeIPCClient [RUNTIMEIPC]: TryToGetIPCResourcesFromServer: RPC_CONNECTOR_CONNECT_TO_SERVER SUCCESS: Client: com.stereokit.rust_binding.demos:com.stereokit.rust_binding.demos:10630, Server: com.oculus.bodyapiservice:com.oculus.bodyapiservice (BodyApiServiceServer)
03-31 17:43:56.167 10630 10745 I RuntimeIPCClient [RUNTIMEIPC]: EnsureServerConnection: SUCCESS. Client: com.stereokit.rust_binding.demos:com.stereokit.rust_binding.demos:10630, Server: com.oculus.bodyapiservice:com.oculus.bodyapiservice (BodyApiServiceServer)
03-31 17:43:56.167 10630 10745 I RuntimeIPCClientMgr [RUNTIMEIPC]: UpdateServerConnectivity: EnsureServerConnection SUCCESS: Client: com.stereokit.rust_binding.demos:com.stereokit.rust_binding.demos:10630, Server: com.oculus.bodyapiservice:com.oculus.bodyapiservice (BodyApiServiceServer), attempt 1
03-31 17:43:56.735 10630 10731 I VrRuntimeClient: RegisterClient success 
03-31 17:43:56.735 10630 10731 I VrRuntimeClient: RuntimeIPC: ServiceConnected: SharedMemoryDebug: publicReadOnly SharedMemorySize=128 (com.stereokit.rust_binding.demos) sizeof(s_->sharedMemoryPublicReadOnly)=152
03-31 17:43:56.736 10630 10731 I VrRuntimeClient: RuntimeIPC: ServiceConnected: SharedMemoryDebug: privateReadWrite SharedMemorySize=117144 (com.stereokit.rust_binding.demos) sizeof(privateSharedMemorySize)=8
03-31 17:43:56.736 10630 10731 I VrRuntimeClient: nativeRuntimeServiceConnected: SharedMemoryDebug: publicReadOnlyFd=191, privateReadWriteFd=199 (com.stereokit.rust_binding.demos)
03-31 17:43:56.740 10630 10657 I VrRuntimeClient: s_->rssdkClient.InitClient SUCCESS. Version: 5.0, Custom: 1.0
03-31 17:43:56.740 10630 10657 I RuntimeIPCClientMgr [RUNTIMEIPC]: GetClientOptions
03-31 17:43:56.740 10630 10657 I VrRuntimeClient: Connected to VrRuntimeService on attempt 0
03-31 17:43:56.740 10630 10657 I OpenXR  : xrCreateSession: Connected to VrRuntimeService after 0.627968s
03-31 17:43:56.744 10630 10657 I VrRuntimeClient: SetPhaseSyncMode 1
03-31 17:43:56.744 10630 10657 I VrRuntimeClient: SetPhaseSyncMode 1
03-31 17:43:56.744 10630 10657 I OpenXR  : PhaseSync Mode: PHASE_SYNC
03-31 17:43:56.745 10630 10657 I VrRuntimeClient: VrRuntimeClient: Init
03-31 17:43:56.745 10630 10657 V OVR::Capture: Failed to open trace_marker ATrace file!
03-31 17:43:56.746 10630 10657 I RuntimeIPCClient [RUNTIMEIPC]: InitServerStateBuffer: SUCCESS. 0, Client: com.stereokit.rust_binding.demos:com.stereokit.rust_binding.demos:10630, Server: com.oculus.systemdriver:com.oculus.vrruntimeservice (RuntimeServiceServer)
03-31 17:43:56.746 10630 10657 I AudioCapture: AudioCapture::Init
03-31 17:43:56.746 10630 10657 I AudioCapture: AudioCapture::Init -> Initializing audio capture using direct OS Callbacks
03-31 17:43:56.746 10630 10657 I AudioCapture: AudioCapture::Init COMPLETE
03-31 17:43:56.747 10630 10657 I Foveation: Vulkan foveation tile offset enabled: 0
03-31 17:43:56.747 10630 10657 I Foveation: Vulkan foveation tile turn off enabled: 1
03-31 17:43:56.749 10630 10657 I ClientProcessConnector [RUNTIMEIPC]: GetProcessConnection: com.oculus.guardian:com.oculus.vrguardianservice
03-31 17:43:56.750 10630 10657 I RuntimeIPCClient [RUNTIMEIPC]: Event buffer size (client): 8192
03-31 17:43:56.750 10630 10657 I RuntimeIPCClient [RUNTIMEIPC]: TryToGetIPCResourcesFromServer: RPC_CONNECTOR_CONNECT_TO_SERVER SUCCESS: Client: com.stereokit.rust_binding.demos:com.stereokit.rust_binding.demos:10630, Server: com.oculus.guardian:com.oculus.vrguardianservice (guardianserver)
03-31 17:43:56.750 10630 10657 I RuntimeIPCClient [RUNTIMEIPC]: EnsureServerConnection: SUCCESS. Client: com.stereokit.rust_binding.demos:com.stereokit.rust_binding.demos:10630, Server: com.oculus.guardian:com.oculus.vrguardianservice (guardianserver)
03-31 17:43:56.750 10630 10657 I RuntimeIPCClient [RUNTIMEIPC]: ConnectToServer: SUCCESS: Client: com.stereokit.rust_binding.demos:com.stereokit.rust_binding.demos:10630, Server: com.oculus.guardian:com.oculus.vrguardianservice (guardianserver)
03-31 17:43:56.761 10630 10657 I GuardianClientCommon: guardianSDKClient_ connected.
03-31 17:43:56.761 10630 10657 W GkCacheQuerierClient: getGkValue: Query result for 'oculus_xrruntime:horizon_phasesync_disabled' not successful: 4
03-31 17:43:56.761 10630 10657 W GkHelper: GkHelper: query failed, result code = 4
03-31 17:43:56.765 10630 10657 I VrRuntimeClient: Is120HzSupported: 1
03-31 17:43:56.765 10630 10657 I FaceEyeTrackingClientManager: [FaceEyeTrackingManager] Initializing FaceEyeTrackingClientManager...
03-31 17:43:56.771 10630 10657 I LogTimer: CPUTIME: VrRuntimeClient_Init took 26.1860 ms
03-31 17:43:56.771 10630 10657 I Distortion: Initializing Mesh Decenter Correction
03-31 17:43:56.773 10630 10657 I Distortion: SetLensPositions - iad=0.06485, left offset=0.000542816,-0.00139587, right offset=-0.000906337,-0.00141104
03-31 17:43:56.773 10630 10657 I Distortion: persist.debug.oculus.use.persisted.custom.fov = 0
03-31 17:43:56.773 10630 10657 I Distortion: Initializing Mesh Decenter Correction
03-31 17:43:56.773 10630 10657 I Distortion: SetLensPositions - iad=0.06485, left offset=0.000542816,-0.00139587, right offset=-0.000906337,-0.00141104
03-31 17:43:56.773 10630 10657 I Distortion: persist.debug.oculus.use.persisted.custom.fov = 0
03-31 17:43:56.773 10630 10657 I Colorspace: Quest 2 default OpenXR color space: P3 (new behavior)
03-31 17:43:56.774 10630 10657 I ClientInputSettings: SYSTEMBUTTONSPACE GKS freeze '1' 
03-31 17:43:56.774 10630 10657 I ClientInputSettings: SYSTEMBUTTONSPACE 'com.stereokit.rust_binding.demos' Freeze input '1' on home button down
03-31 17:43:56.774 10630 10657 I ClientInputSettings: HANDTRACKING: Hands V2.0 enforced.
03-31 17:43:56.774 10630 10657 I ClientInputSettings: HANDTRACKING: YES, in the GK oculus_mobile_enable_hand_tracking_frequency_inter
03-31 17:43:56.775 10630 10657 I ClientInputInterface: HANDTRACKING sethandtrackingfrequency 1
03-31 17:43:56.775 10630 10657 I ClientInputSettings: HANDTRACKING: YES, in the GK oculus_mobile_30hz_handtracking_downclocking
03-31 17:43:56.775 10630 10657 I ClientInputInterface: Set30HzHandtrackingDownclockingGKFlag 1
03-31 17:43:56.775 10630 10657 I ClientInputSettings: HANDTRACKING: NO, not in the GK oculus_mobile_enable_hand_emulation_of_controllers
03-31 17:43:56.775 10630 10657 I ClientInputInterface: HANDTRACKING SetHandTrackingControllerEmulationGkFlag 0
03-31 17:43:56.775 10630 10657 I OpenXR  : Disable OC/FS component data and entities being retrieved from Query/Discovery on com.stereokit.rust_binding.demos.
03-31 17:43:56.776 10630 10657 I OpenXR  : xrCreateSession: Activity is already in the ready state.
03-31 17:43:56.776 10630 10657 I OpenXR_Aperture: ------------ ovrCreateApertureMETAX1 -----------
03-31 17:43:56.776 10630 10777 I OpenXR  : nativeOnActivityReady: com.stereokit.rust_binding.demos/android.app.NativeActivity
03-31 17:43:56.776 10630 10777 W t_binding.demo: Attempt to remove non-JNI local reference, dumping thread
03-31 17:43:56.777 10630 10657 I OpenXR  : ------------ xrCreateSession [end] -----------
03-31 17:43:56.777 10630 10657 D SK_rust_Demos: System name: Oculus Quest2
03-31 17:43:56.777 10630 10657 D SK_rust_Demos: XR_MSFT_hand_interaction - Rejected - Hides menu button events on Quest.
03-31 17:43:56.777 10630 10657 D SK_rust_Demos: XR_EXT_hand_tracking - Ready.
03-31 17:43:56.777 10630 10657 D SK_rust_Demos: Set color space to XR_COLOR_SPACE_REC709_FB
03-31 17:43:56.778 10630 10657 D SK_rust_Demos: Creating view: PrimaryStereo color:rgba32_sRGB depth:depth24_stencil8 blend:Opaque
03-31 17:43:56.778 10630 10657 I OpenXR_Space: xrCreateReferenceSpace: Spaces info
03-31 17:43:56.778 10630 10657 I OpenXR_Space: xrCreateReferenceSpace: Local version=17
03-31 17:43:56.779 10630 10657 I OpenXR_Space: xrCreateReferenceSpace: RawFromLocal       = (0.000, 0.074, 0.000, 0.997), (1.57, -0.51, 0.80)
03-31 17:43:56.779 10630 10657 I OpenXR_Space: xrCreateReferenceSpace: RawFromLocalTilted = (-0.027, 0.073, -0.021, 0.997), (1.57, -0.51, 0.80)
03-31 17:43:56.779 10630 10657 I OpenXR_Space: xrCreateReferenceSpace: Stage IsValid=true
03-31 17:43:56.779 10630 10657 I OpenXR_Space: xrCreateReferenceSpace: Stage HasActiveSafetyBound=true
03-31 17:43:56.779 10630 10657 I OpenXR_Space: xrCreateReferenceSpace: Stage Width=3.185991, Depth=3.646106
03-31 17:43:56.779 10630 10657 I OpenXR_Space: xrCreateReferenceSpace: RawFromStage       = (0.000, 0.552, 0.000, 0.834), (0.38, -1.66, 0.72)
03-31 17:43:56.812 10630 10657 I VrRuntimeClient: UpdateEvents: Detected LOCAL_FLOOR reference space update. Sending reference space update event
03-31 17:43:56.812 10630 10657 I VrRuntimeClient: UpdateEvents: Detected STAGE reference space update. Sending reference space update event
03-31 17:43:56.812 10630 10657 I VrRuntimeClient: UpdateEvents: Detected STATIONARY reference space update. Sending STATIONARY reference space update event
03-31 17:43:56.812 10630 10657 I OpenXR  : PostSessionStateChange:[pid: 10630] XR_SESSION_STATE_UNKNOWN -> XR_SESSION_STATE_IDLE
03-31 17:43:56.812 10630 10657 I OpenXR  : PostSessionStateChange:[pid: 10630] XR_SESSION_STATE_IDLE -> XR_SESSION_STATE_READY
03-31 17:43:56.812 10630 10657 D SK_rust_Demos: Created local floor app space at an offset of (0,0,0) (0,0,0,1)
03-31 17:43:56.812 10630 10657 D SK_rust_Demos: Bounds updated: 3.2x3.6 at (-1,-2e-07,-0.3) (0,0.49,0,0.87)
03-31 17:43:56.812 10630 10657 D SK_rust_Demos: Created local floor app space at an offset of (0,0,0) (0,0,0,1)
03-31 17:43:56.812 10630 10657 D SK_rust_Demos: Bounds updated: 3.2x3.6 at (-1,-2e-07,-0.3) (0,0.49,0,0.87)
03-31 17:43:56.812 10630 10657 D SK_rust_Demos: OpenXR state: unknown -> idle
03-31 17:43:56.813 10630 10657 D SK_rust_Demos: OpenXR state: idle -> ready
03-31 17:43:56.813 10630 10657 I OpenXR  : ------------ xrBeginSession [start] -----------
03-31 17:43:56.813 10630 10657 I DRR     : DRR is supported: 1
03-31 17:43:56.813 10630 10657 I DRR     : DRR is enabled: 0
03-31 17:43:56.813 10630 10657 D OsSdkLoader: OSSDK loading module 'libheadtracker.oculus.so'
03-31 17:43:56.813 10630 10657 I Sensor  : OSSDKTRACKING Initializing controller tracking
03-31 17:43:56.813 10630 10657 I Sensor  : OSSDKTRACKING Controller tracker != nullpointer 0xb400007a46f44880, 1
03-31 17:43:56.817 10630 10657 I DeviceStatus: nativeHeadsetEvent(0)
03-31 17:43:56.818 10630 10657 I VrRuntimeClient: SetCompositorClientFeatureFlag clientFeatureFlag 2 
03-31 17:43:56.818 10630 10657 I RuntimeIPCClient [RUNTIMEIPC]: InitServerStateBuffer: SUCCESS. 0, Client: com.stereokit.rust_binding.demos:com.stereokit.rust_binding.demos:10630, Server: com.oculus.guardian:com.oculus.vrguardianservice (guardianserver)
03-31 17:43:56.818 10630 10657 I VrRuntimeClient: Mounted state at BeginSession: True
03-31 17:43:56.819 10630 10657 I AppLoadTimeTelemetryCommon: App load time recorded [packageName=com.stereokit.rust_binding.demos, time=1.130918, method="BeginSession", launchType="Launch", launchId=""]
03-31 17:43:56.819 10630 10657 I LogTimer: CPUTIME: VrRuntimeClient_BeginSession took 5.9452 ms
03-31 17:43:56.820 10630 10657 I Distortion: Initializing Mesh Decenter Correction
03-31 17:43:56.820 10630 10657 I Distortion: SetLensPositions - iad=0.0680561, left offset=0.00210693,-0.00139587, right offset=-0.00254829,-0.00141104
03-31 17:43:56.820 10630 10657 I Distortion: persist.debug.oculus.use.persisted.custom.fov = 0
03-31 17:43:56.820 10630 10657 I Distortion: Initializing Mesh Decenter Correction
03-31 17:43:56.821 10630 10657 I Distortion: SetLensPositions - iad=0.0680561, left offset=0.00210693,-0.00139587, right offset=-0.00254829,-0.00141104
03-31 17:43:56.821 10630 10657 I Distortion: persist.debug.oculus.use.persisted.custom.fov = 0
03-31 17:43:56.822 10630 10657 I ClientInputSettings: HANDTRACKING: enabled input settings, setting hand mode control settings to ControllersOnly
03-31 17:43:56.822 10630 10657 I ClientInputSettings: HANDTRACKING package name is com.stereokit.rust_binding.demos
03-31 17:43:56.822 10630 10657 I ClientInputSettings: HANDTRACKING: Manifest Permission request for com.stereokit.rust_binding.demos
03-31 17:43:56.822 10630 10657 I ClientInputSettings: HANDTRACKING:  'com.stereokit.rust_binding.demos' Is hands or controller.
03-31 17:43:56.823 10630 10657 I ClientInputSettings: HANDTRACKING: feature flag set to 2
03-31 17:43:56.823 10630 10657 I ClientInputInterface: HANDTRACKING sethandmanifest 2
03-31 17:43:56.823 10630 10657 I InputHooks_Internal: Enabling Native Input Hooks
03-31 17:43:56.825 10630 10657 I InputDeviceManager: ovrInputDeviceManager::Initialize
03-31 17:43:56.827 10630 10782 I HandTracker: BinderClientNDK: Connected to oculus.internal.tracking.IHandTrackingService/default
03-31 17:43:56.828 10630 10657 I InputDevice_Hand: BodyPoweredHands checkSysPropForBodyAPIOverride 0
03-31 17:43:56.828 10630 10657 I InputDevice_Hand: BodyPoweredHands checkSysPropForBodyAPIOverride 0
03-31 17:43:56.828 10630 10657 W InputDevice_TrackedRemote: Did not pass RIPC GK, fetching controller input data from shared memory
03-31 17:43:56.828 10630 10657 I InputDeviceManager: HANDTRACKING Root pose filter profile changed for freq to 23 from 0  inf: 1
03-31 17:43:56.828 10630 10657 I GL_Utils: egl = 1.5
03-31 17:43:56.828 10630 10657 I GL_Utils: es3 = TRUE
03-31 17:43:56.828 10630 10657 I GL_Utils: Found: GL_OES_vertex_array_object
03-31 17:43:56.828 10630 10657 I GL_Utils: Found: GL_QCOM_tiled_rendering
03-31 17:43:56.829 10630 10657 I GL_Utils: Found: GL_EXT_sRGB
03-31 17:43:56.829 10630 10657 I GL_Utils: Found: GL_EXT_sRGB_write_control
03-31 17:43:56.829 10630 10657 I GL_Utils: Found: GL_EXT_disjoint_timer_query
03-31 17:43:56.829 10630 10657 I GL_Utils: Found: GL_EXT_buffer_storage
03-31 17:43:56.829 10630 10657 I GL_Utils: Found: GL_EXT_memory_object
03-31 17:43:56.829 10630 10657 I GL_Utils: Found: GL_EXT_memory_object_fd
03-31 17:43:56.829 10630 10657 I GL_Utils: Found: GL_QCOM_texture_foveated
03-31 17:43:56.829 10630 10657 I GL_Utils: Found: GL_KHR_debug
03-31 17:43:56.829 10630 10657 I GL_Utils: Found: GL_OES_EGL_image
03-31 17:43:56.829 10630 10657 I GL_Utils: Found: GL_EXT_texture_border_clamp
03-31 17:43:56.829 10630 10657 I GL_Utils: Found: GL_EXT_texture_filter_anisotropic
03-31 17:43:56.829 10630 10657 I GL_Utils: Found: GL_OES_texture_view
03-31 17:43:56.829 10630 10657 I GL_Utils: Found: GL_EXT_texture_format_sRGB_override
03-31 17:43:56.829 10630 10657 I GL_Utils: Found: GL_IMG_texture_filter_cubic
03-31 17:43:56.829 10630 10657 I GL_Utils: Found: GL_EXT_clip_cull_distance
03-31 17:43:56.829 10630 10657 I GL_Utils: Found: GL_EXT_blend_func_extended
03-31 17:43:56.829 10630 10657 I GkHelper: Checking gk 'horizon_phasesync_auto_disabled', default = false
03-31 17:43:56.829 10630 10657 W GkCacheQuerierClient: getGkValue: Query result for 'oculus_xrruntime:horizon_phasesync_auto_disabled' not successful: 4
03-31 17:43:56.829 10630 10657 W GkHelper: GkHelper: query failed, result code: 4
03-31 17:43:56.829 10630 10657 I PhaseSync: PhaseSync::PhaseSync PaddingLowerLimit 0.350000 StandardDeviations 2.000000 PaddingUpperLimit 0.750000 on instance 0
03-31 17:43:56.829 10630 10657 I FrameSync: FrameSync Initialized Instance 1
03-31 17:43:56.829 10630 10657 I VrRuntimeClient: PhaseSync Instance created
03-31 17:43:56.834 10630 10657 D CompatibilityChangeReporter: Compat change id reported: 160794467; UID 10158; state: ENABLED
03-31 17:43:56.834 10630 10657 W ServerStateBuffer [RUNTIMEIPC]: IPCService: GetDataBegin: entryIndex < 0 || entryIndex >= numEntries_ || entryIndex >= trustedMaxEntries: 5, 20, 0
03-31 17:43:56.835 10630 10657 I VrRuntimeClientTrexContext: BeginSession
03-31 17:43:56.835 10630 10657 I [CT]    : BodyApiPlugin: BeginSession called for BodyApi Plugin
03-31 17:43:56.835 10630 10657 I OpenXR  : usesManifestForCpuBoost:0
03-31 17:43:56.835 10630 10657 I OpenXR  : ------------ xrBeginSession [end] -----------
03-31 17:43:56.835 10630 10657 D SK_rust_Demos: OpenXR session began.
03-31 17:43:56.835 10630 10657 W OsSdk   : Requested historical tracking state too far in the past; oldest: 1571.108684s, requested: 1570.673106s
03-31 17:43:56.835 10630 10657 W ServerStateBuffer [RUNTIMEIPC]: IPCService: GetDataBegin: entryIndex < 0 || entryIndex >= numEntries_ || entryIndex >= trustedMaxEntries: 19, 20, 0
03-31 17:43:56.835 10630 10657 W Telemetry: [VrRuntimeClient] UpdateEvents called without a valid s_->ptkService pointer; 
03-31 17:43:56.838 10630 10785 I JniUtils: ovr_GetCurrentPackageSignature 
03-31 17:43:56.839 10630 10785 I Metrics : device model = Quest 2
03-31 17:43:56.839 10630 10785 I Telemetry: Aligning telemetry thread time, will wait for: 161 ms...
03-31 17:43:56.843 10630 10784 I RuntimeIPCClient [RUNTIMEIPC]: InitServerStateBuffer: SUCCESS. 1, Client: com.stereokit.rust_binding.demos:com.stereokit.rust_binding.demos:10630, Server: com.oculus.bodyapiservice:com.oculus.bodyapiservice (BodyApiServiceServer)
03-31 17:43:56.846 10630 10657 W ServerStateBuffer [RUNTIMEIPC]: IPCService: GetDataBegin: entryIndex < 0 || entryIndex >= numEntries_ || entryIndex >= trustedMaxEntries: 16, 20, 0
03-31 17:43:56.846 10630 10657 W ServerStateBuffer [RUNTIMEIPC]: IPCService: GetDataBegin: entryIndex < 0 || entryIndex >= numEntries_ || entryIndex >= trustedMaxEntries: 14, 20, 0
03-31 17:43:56.846 10630 10657 I AudioCapture: AudioCapture::PauseAudioCapture
03-31 17:43:56.846 10630 10657 I OpenXR  : Opaque frame needs background layer.
03-31 17:43:56.846 10630 10788 I FenceChecker: FenceChecker::MainLoop - started
03-31 17:43:56.849 10630 10657 W ServerStateBuffer [RUNTIMEIPC]: IPCService: GetDataBegin: entryIndex < 0 || entryIndex >= numEntries_ || entryIndex >= trustedMaxEntries: 4, 20, 0
03-31 17:43:56.849 10630 10657 I OpenXR  : PostSessionStateChange:[pid: 10630] XR_SESSION_STATE_READY -> XR_SESSION_STATE_SYNCHRONIZED
03-31 17:43:56.849 10630 10657 D SK_rust_Demos: OpenXR state: ready -> synchronized
03-31 17:43:56.849 10630 10657 I OpenXR  : PostSessionStateChange:[pid: 10630] XR_SESSION_STATE_SYNCHRONIZED -> XR_SESSION_STATE_VISIBLE
03-31 17:43:56.850 10630 10657 I OpenXR  : PostSessionStateChange:[pid: 10630] XR_SESSION_STATE_VISIBLE -> XR_SESSION_STATE_FOCUSED
03-31 17:43:56.850 10630 10657 D SK_rust_Demos: OpenXR state: synchronized -> visible
03-31 17:43:56.850 10630 10657 D SK_rust_Demos: OpenXR state: visible -> focused
03-31 17:43:56.850 10630 10657 D SK_rust_Demos: Created local floor app space at an offset of (0,0,0) (0,0,0,1)
03-31 17:43:56.851 10630 10657 V OpenXR_Actions: -- xrSuggestInteractionProfileBindings -
03-31 17:43:56.851 10630 10657 V OpenXR_Actions: -- xrSuggestInteractionProfileBindings -
03-31 17:43:56.851 10630 10657 V OpenXR_Actions: -- xrSuggestInteractionProfileBindings -
03-31 17:43:56.851 10630 10657 V OpenXR_Actions: -- xrSuggestInteractionProfileBindings -
03-31 17:43:56.851 10630 10657 V OpenXR_Actions: -- xrSuggestInteractionProfileBindings -
03-31 17:43:56.851 10630 10657 V OpenXR_Actions: -- xrSuggestInteractionProfileBindings -
03-31 17:43:56.851 10630 10657 D SK_rust_Demos: Bounds updated: 3.2x3.6 at (-1,-2e-07,-0.3) (0,0.49,0,0.87)
03-31 17:43:56.851 10630 10657 D SK_rust_Demos: Initializing Audio
03-31 17:43:56.852 10630 10657 I AAudio  : AAudioStreamBuilder_openStream() called ----------------------------------------
03-31 17:43:56.852 10630 10657 I AudioStreamBuilder: rate   =  48000, channels  = 2, channelMask = 0x80000003, format   = 5, sharing = SH, dir = OUTPUT
03-31 17:43:56.852 10630 10657 I AudioStreamBuilder: device =      0, sessionId = -1, perfMode = 12, callback: ON with frames = 480
03-31 17:43:56.852 10630 10657 I AudioStreamBuilder: usage  =      0, contentType = 0, inputPreset = 0, allowedCapturePolicy = 0
03-31 17:43:56.852 10630 10657 I AudioStreamBuilder: privacy sensitive = false
03-31 17:43:56.852 10630 10657 I AudioStreamBuilder: opPackageName = (null)
03-31 17:43:56.852 10630 10657 I AudioStreamBuilder: attributionTag = (null)
03-31 17:43:56.852 10630 10657 D AudioStreamBuilder: build() enable (auto) aaudio output mmap via gk
03-31 17:43:56.852 10630 10657 D AudioStreamBuilder: build() package com.stereokit.rust_binding.demos denied mmap
03-31 17:43:56.852 10630 10657 D t_binding.demo: PlayerBase::PlayerBase()
03-31 17:43:56.852 10630 10657 D AudioStreamTrack: open(), request notificationFrames = 0, frameCount = 1440
03-31 17:43:56.868 10630 10657 I AudioTrack: createTrack_l(0): AUDIO_OUTPUT_FLAG_FAST successful; frameCount 1440 -> 1440
03-31 17:43:56.868 10630 10657 I AudioTrack: registerVolumetricWindowToken_l session=441 token=0x0
03-31 17:43:56.869 10630 10657 D AudioStreamTrack: open() flags changed from 0x00000104 to 0x00000004
03-31 17:43:56.869 10630 10657 D AAudioStream: setState(s#1) from 0 to 2
03-31 17:43:56.869 10630 10657 W libaudiotapper: connection to audiotapper service failed: not enabled
03-31 17:43:56.869 10630 10657 I AAudio  : AAudioStreamBuilder_openStream() returns 0 = AAUDIO_OK for s#1 ----------------
03-31 17:43:56.869 10630 10657 D AAudio  : AAudioStream_requestStart(s#1) called --------------
03-31 17:43:56.869 10630 10657 D AAudioStream: setState(s#1) from 2 to 3
03-31 17:43:56.880 10630 10657 D AAudio  : AAudioStream_requestStart(s#1) returned 0 ---------
03-31 17:43:56.884 10630 10649 D AudioStreamLegacy: onAudioDeviceUpdate(deviceId = 2)
03-31 17:43:56.887 10630 10790 D AAudioStream: setState(s#1) from 3 to 4
03-31 17:43:56.900 10630 10657 I SK_rust_Demos: Using audio backend: AAudio
03-31 17:43:56.900 10630 10657 D SK_rust_Demos: Initializing Defaults
03-31 17:43:57.000 10630 10785 I Telemetry: Time aligned, interrupted: 0
03-31 17:43:57.331 10630 10657 D SK_rust_Demos: Initializing Sprites
03-31 17:43:57.332 10630 10657 D SK_rust_Demos: Initializing Lines
03-31 17:43:57.332 10630 10657 D SK_rust_Demos: Initializing UI
03-31 17:43:57.342 10630 10657 D SK_rust_Demos: Initializing Tools
03-31 17:43:57.342 10630 10657 D SK_rust_Demos: Initializing Renderer
03-31 17:43:57.342 10630 10657 D SK_rust_Demos: Initializing World
03-31 17:43:57.342 10630 10657 D SK_rust_Demos: Bounds updated: 3.2x3.6 at (-1,-2e-07,-0.3) (0,0.49,0,0.87)
03-31 17:43:57.342 10630 10657 D SK_rust_Demos: Initializing Input
03-31 17:43:57.342 10630 10657 I OpenXR_Hands: ------------ xrCreateHandTrackerEXT -----------
03-31 17:43:57.342 10630 10657 I OpenXR_Hands: ------------ xrCreateHandTrackerEXT -----------
03-31 17:43:57.342 10630 10657 I SK_rust_Demos: Initialization successful
03-31 17:43:57.342 10630 10657 I SK_rust_Demos: <<< After init
03-31 17:43:57.342 10630 10657 W SK_rust_Demos: Go go go !!!
03-31 17:43:57.342 10630 10657 D SK_rust_Demos: ======================================================================================================================== !!
03-31 17:43:57.345 10630 10657 D SK_rust_Demos: sprite_create: Atlased sprites not implemented yet! All atlased sprites will be switched to single.
03-31 17:43:57.345 10630 10657 D SK_rust_Demos: Runtime Oculus / Device Oculus Quest2
03-31 17:43:57.460 10630 10657 D SK_rust_Demos: "mobiles.gltf"
03-31 17:43:57.460 10630 10657 D SK_rust_Demos: "mobiles.gltf/mesh/0_0_Icosphere"
03-31 17:43:57.460 10630 10657 D SK_rust_Demos: "mobiles.gltf/mesh/1_0_Plane"
03-31 17:43:57.460 10630 10657 D SK_rust_Demos: "mobiles.gltf/mesh/2_0_Icosphere.003"
03-31 17:43:57.460 10630 10657 D SK_rust_Demos: "mobiles.gltf/mesh/3_0_Icosphere.004"
03-31 17:43:57.461 10630 10657 D SK_rust_Demos: calcaire_blanc params:
03-31 17:43:57.461 10630 10657 D SK_rust_Demos:  --- color/Color128 : r:1, g:1, b:1, a:1 
03-31 17:43:57.461 10630 10657 D SK_rust_Demos:  --- emission_factor/Color128 : r:0, g:0, b:0, a:0 
03-31 17:43:57.461 10630 10657 D SK_rust_Demos:  --- tex_trans/Vec4 : [x:0, y:0, z:1, w:1] 
03-31 17:43:57.461 10630 10657 D SK_rust_Demos:  --- metallic/Float : 0 
03-31 17:43:57.461 10630 10657 D SK_rust_Demos:  --- roughness/Float : 0.20000008 
03-31 17:43:57.461 10630 10657 D SK_rust_Demos:  --- sk_cubemap/Texture : Texture data... 
03-31 17:43:57.461 10630 10657 D SK_rust_Demos:  --- diffuse/Texture : Texture data... 
03-31 17:43:57.461 10630 10657 D SK_rust_Demos:  --- emission/Texture : Texture data... 
03-31 17:43:57.461 10630 10657 D SK_rust_Demos:  --- metal/Texture : Texture data... 
03-31 17:43:57.461 10630 10657 D SK_rust_Demos:  --- occlusion/Texture : Texture data... 
03-31 17:43:57.590 10630 10657 D SK_rust_Demos: Passthrough Deactived at start !!
03-31 17:43:57.590 10630 10657 I SK_rust_Demos: There is 5 display rate:
03-31 17:43:57.590 10630 10657 I SK_rust_Demos:    60.0 
03-31 17:43:57.590 10630 10657 I SK_rust_Demos:    72.0 
03-31 17:43:57.590 10630 10657 I SK_rust_Demos:    80.0 
03-31 17:43:57.590 10630 10657 I SK_rust_Demos:    90.0 
03-31 17:43:57.590 10630 10657 I SK_rust_Demos:    120.0 
03-31 17:43:57.590 10630 10657 I SK_rust_Demos: Initial display rate is 72.0
03-31 17:43:57.590 10630 10657 D SK_rust_Demos: ===================================================================================================================== !!
03-31 17:43:57.590 10630 10657 D SK_rust_Demos: Thread id : None / ThreadId(2) 
03-31 17:43:57.590 10630 10657 D SK_rust_Demos: Process id : None / 10630 
03-31 17:43:57.591 10630 10657 I RuntimeIPCClient [RUNTIMEIPC]: InitServerStateBuffer: SUCCESS. 3, Client: com.stereokit.rust_binding.demos:com.stereokit.rust_binding.demos:10630, Server: com.oculus.systemdriver:com.oculus.vrruntimeservice (HandInputDataServer)
03-31 17:43:57.591 10630 10657 I RuntimeIPCClient [RUNTIMEIPC]: InitServerStateBuffer: SUCCESS. 4, Client: com.stereokit.rust_binding.demos:com.stereokit.rust_binding.demos:10630, Server: com.oculus.systemdriver:com.oculus.vrruntimeservice (HandInputDataServer)
03-31 17:43:58.023 10630 10785 I ClientSharedTelemetryStats: App memory usage: PSS=472 MiB, PrivateDirty=447 MiB, PrivateClean=11 MiB, GPU=182.7/182.9 MiB (100% allocated)
03-31 17:43:58.023 10630 10785 I VrApi   : FPS=0/72,Prd=0ms,Tear=0,Early=0,Stale=0,Stale2/5/10/max=0/0/0/0,VSnc=1,Lat=0,Fov=0,CPU4/GPU=3/2,2419/525MHz,OC=FF,TA=0/0/F0,SP=N/N/N,Mem=2092MHz,Free=2747MB,PLS=0,Temp=30.2C/0.0C,TW=0.00ms,App=0.00ms,GD=0.00ms,CPU&GPU=0.00ms,LCnt=0(DR0,LM0),GPU%=0.49,CPU%=0.34(W0.36),DSF=1.00,CFL=0.00/0.00,ICFLp95=0.00,LD=0,SF=0.00,LP=0,DVFS=0
03-31 17:43:59.000 10630 10785 I VrApi   : FPS=0/72,Prd=0ms,Tear=0,Early=0,Stale=0,Stale2/5/10/max=0/0/0/0,VSnc=1,Lat=0,Fov=0,CPU4/GPU=3/2,2419/525MHz,OC=FF,TA=0/0/F0,SP=N/N/N,Mem=2092MHz,Free=2747MB,PLS=0,Temp=30.2C/0.0C,TW=0.00ms,App=0.00ms,GD=0.00ms,CPU&GPU=0.00ms,LCnt=0(DR0,LM0),GPU%=0.49,CPU%=0.34(W0.36),DSF=1.00,CFL=0.00/0.00,ICFLp95=0.00,LD=0,SF=0.00,LP=0,DVFS=0
03-31 17:43:59.154 10630 10657 W SK_rust_Demos: Invalid texture format for calculating spherical harmonics, must be rgba32 or rgba128.
03-31 17:43:59.166 10630 10657 D SK_rust_Demos: Fly_Over: OriginMode is Floor 
03-31 17:43:59.166 10630 10657 I OpenXR_Passthrough: ------------ xrCreatePassthroughFB -----------
03-31 17:43:59.166 10630 10657 I ipcLoader [RUNTIMEIPC]: RuntimeIPC: Loader: IPC Service API Loader Version: 72 Jan 27 2025 22:28:39
03-31 17:43:59.166 10630 10657 I ipcLoader [RUNTIMEIPC]: RuntimeIPC: Using android_get_exported_namespace: libripcclient.oculus.so
03-31 17:43:59.166 10630 10657 I ipcLoader [RUNTIMEIPC]: RuntimeIPC: android_get_exported_namespace SUCCESS: libripcclient.oculus.so
03-31 17:43:59.167 10630 10657 I ClientProcessConnector [RUNTIMEIPC]: GetProcessConnection: :
03-31 17:43:59.169 10630 10657 I RuntimeIPCClient [RUNTIMEIPC]: Event buffer size (client): 8192
03-31 17:43:59.169 10630 10657 I RuntimeIPCClient [RUNTIMEIPC]: TryToGetIPCResourcesFromServer: RPC_CONNECTOR_CONNECT_TO_SERVER SUCCESS: Client: com.stereokit.rust_binding.demos:com.stereokit.rust_binding.demos:10630, Server: : (MrServiceIPCServer)
03-31 17:43:59.169 10630 10657 I RuntimeIPCClient [RUNTIMEIPC]: EnsureServerConnection: SUCCESS. Client: com.stereokit.rust_binding.demos:com.stereokit.rust_binding.demos:10630, Server: : (MrServiceIPCServer)
03-31 17:43:59.169 10630 10657 I RuntimeIPCClient [RUNTIMEIPC]: ConnectToServer: SUCCESS: Client: com.stereokit.rust_binding.demos:com.stereokit.rust_binding.demos:10630, Server: : (MrServiceIPCServer)
03-31 17:43:59.170 10630 10657 I OpenXR_Passthrough: xrCreatePassthroughFB: Created Insight MR Passthrough feature
03-31 17:43:59.170 10630 10657 I OpenXR_Passthrough: ------------ xrCreatePassthroughLayerFB -----------
03-31 17:43:59.170 10630 10657 I OpenXR_Passthrough: xrCreatePassthroughLayerFB: Created Insight MR layer
03-31 17:43:59.170 10630 10657 I SK_rust_Demos: Stepper HudNotif1 is initialized.
03-31 17:43:59.170 10630 10657 I SK_rust_Demos: Stepper HandMenuRadial1 is initialized.
03-31 17:43:59.170 10630 10657 I SK_rust_Demos: Stepper LogWindow is initialized.
03-31 17:43:59.170 10630 10657 I SK_rust_Demos: Stepper Screenshoot is initialized.
03-31 17:43:59.170 10630 10657 I SK_rust_Demos: Stepper FlyOver is initialized.
03-31 17:43:59.170 10630 10657 I SK_rust_Demos: Stepper PassthroughFbExt is initialized.
03-31 17:43:59.171 10630 10657 I SK_rust_Demos: App focus changed to : Active
03-31 17:43:59.172 10630 10657 D SK_rust_Demos: WokeUp
03-31 17:43:59.172 10630 10657 D SK_rust_Demos: UserEvent StepperAction::Add(..., type_id: ... , stepper_id:"hand_menu_radial_demo_1" )
03-31 17:43:59.172 10630 10657 D SK_rust_Demos: UserEvent StepperAction::Event( id:"hand_menu_radial_demo_1" => hand_menu_radial_focus->true )
