08-21 09:56:50.184 17656 17685 I [CT]    : SP:AF:AnchorFrameworkTelemetryHelper: Device information acquired: deviceFlavor: hollywood-user
08-21 09:56:50.184 17656 17727 W [CT]    : VIPER: No callback registered to set thread properties for type 'Foreground' with name 'AnchorFrameworkInstrumented'
08-21 09:56:50.185 17656 17685 I [CT]    : SP:AF:AnchorFrameworkTelemetryHelper: Device information acquired: deviceFlavor: hollywood-user
08-21 09:56:50.187 17656 17685 I [CT]    : SP:AF:AnchorFramework: AnchorFrameworkExperimentEnabled = false
08-21 09:56:50.188 17656 17685 I TREXLoadPolicy: InsightSdk: all features matched!
08-21 09:56:50.188 17656 17685 I TREX    : Loading plugin com.oculus.mrservice:libmrservice_plugin.so
08-21 09:56:50.189 17656 17685 D AndroidLibraryResolver: Loading 'libmrservice_plugin.so' from package 'com.oculus.mrservice'
08-21 09:56:50.192 17656 17685 D ApplicationLoaders: Returning zygote-cached class loader: /system/framework/android.test.base.jar
08-21 09:56:50.192 17656 17685 D ApplicationLoaders: Returning zygote-cached class loader: /system/framework/android.hidl.manager-V1.0-java.jar
08-21 09:56:50.192 17656 17685 D ApplicationLoaders: Returning zygote-cached class loader: /system/framework/android.hidl.base-V1.0-java.jar
08-21 09:56:50.197 17656 17685 I AndroidLibraryResolver: Attempting to find getAPIFunction64
08-21 09:56:50.197 17656 17685 V LibLoaderImpl: Loading 64-bit LibLoaderImpl.
08-21 09:56:50.197 17656 17685 V LibLoaderImpl: internalGetAPIFunction: loadLibrary 'loaderimpl'
08-21 09:56:50.197 17656 17685 V LibLoaderImpl: Using System.loadLibrary
08-21 09:56:50.198 17656 17685 I libloaderimpl: nativeSetClassLoader:0x1556
08-21 09:56:50.198 17656 17685 V LibLoaderImpl: internalGetAPIFunction: calling nativeGetAPIFunction
08-21 09:56:50.199 17656 17685 I libloaderimpl: LibLoaderImpl nativeGetAPIFunction.
08-21 09:56:50.199 17656 17685 I libloaderimpl: LibLoaderHandle SUCCESS
08-21 09:56:50.199 17656 17685 I libloaderimpl: LibLoaderImpl GetAPIFunction. libName: libmrservice_plugin.so, funcName: trex_GetPluginInfo
08-21 09:56:50.200 17656 17685 I libloaderimpl: LibLoaderImpl GetAPIFunction. libName: libmrservice_plugin.so, funcName: trex_Initialize
08-21 09:56:50.200 17656 17685 I libloaderimpl: LibLoaderImpl GetAPIFunction. libName: libmrservice_plugin.so, funcName: trex_Shutdown
08-21 09:56:50.202 17656 17685 I TREX    : Created plugin package context for com.oculus.mrservice
08-21 09:56:50.203 17656 17685 I TREX    : Loading plugin com.oculus.wearableinputservice:libtrex_emgwristband_client_plugin.so
08-21 09:56:50.203 17656 17685 I TREX    : package 'com.oculus.wearableinputservice' not found, skipping
08-21 09:56:50.203 17656 17685 I TREX    : Plugin 'com.oculus.wearableinputservice:libtrex_emgwristband_client_plugin.so' not loaded.
08-21 09:56:50.204 17656 17685 I PerformanceManagerInterface_Impl: PerformanceManagerInterface_Impl_V1: feature: 2: oculus.software.handtracking
08-21 09:56:50.204 17656 17685 I PerformanceManagerInterface_Impl: PerformanceManagerInterface_Impl_V1: feature: 4: oculus.software.face_tracking
08-21 09:56:50.204 17656 17685 I PerformanceManagerInterface_Impl: PerformanceManagerInterface_Impl_V1: feature: 5: oculus.software.eye_tracking
08-21 09:56:50.204 17656 17685 E TREX    : Interface 'WristbandClientInterface', version 6 was not found. Check debug build for more information.
08-21 09:56:50.204 17656 17685 W t_binding.demo: Accessing hidden method Landroid/app/Activity;->isResumed()Z (unsupported, reflection, allowed)
08-21 09:56:50.206 17656 17728 I OpenXR  : nativeOnActivityReady
08-21 09:56:50.207 17656 17685 I ThreadHelpers [RUNTIMEIPC]: RuntimeIPC::ThreadHelpers::SetState: threadName: JobPoolWorker, currentState: STATE_STOPPED, newState: STATE_STARTING
08-21 09:56:50.207 17656 17729 I ThreadHelpers [RUNTIMEIPC]: RuntimeIPC::ThreadHelpers::SetState: threadName: JobPoolWorker, currentState: STATE_STARTING, newState: STATE_RUNNING
08-21 09:56:50.208 17656 17685 I RuntimeIPCClient [RUNTIMEIPC]: Event buffer size (client): 8192
08-21 09:56:50.208 17656 17685 I RuntimeIPCClient [RUNTIMEIPC]: TryToGetIPCResourcesFromServer: RPC_CONNECTOR_CONNECT_TO_SERVER SUCCESS: Client: com.stereokit.rust_binding.demos:com.stereokit.rust_binding.demos:17656, Server: com.oculus.systemdriver:com.oculus.vrruntimeservice (RuntimeServiceDevice)
08-21 09:56:50.208 17656 17685 I RuntimeIPCClient [RUNTIMEIPC]: EnsureServerConnection: SUCCESS. Client: com.stereokit.rust_binding.demos:com.stereokit.rust_binding.demos:17656, Server: com.oculus.systemdriver:com.oculus.vrruntimeservice (RuntimeServiceDevice)
08-21 09:56:50.208 17656 17685 I RuntimeIPCClient [RUNTIMEIPC]: ConnectToServer: SUCCESS: Client: com.stereokit.rust_binding.demos:com.stereokit.rust_binding.demos:17656, Server: com.oculus.systemdriver:com.oculus.vrruntimeservice (RuntimeServiceDevice)
08-21 09:56:50.209 17656 17685 I RuntimeIPCClient [RUNTIMEIPC]: Shutdown: 1, Client: com.stereokit.rust_binding.demos:com.stereokit.rust_binding.demos:17656, Server: com.oculus.systemdriver:com.oculus.vrruntimeservice (RuntimeServiceDevice)
08-21 09:56:50.209 17656 17685 I RuntimeIPCClient [RUNTIMEIPC]: ReleaseRef: Remaining refs: 0, Client: com.stereokit.rust_binding.demos:com.stereokit.rust_binding.demos:17656, Server: com.oculus.systemdriver:com.oculus.vrruntimeservice (RuntimeServiceDevice)
08-21 09:56:50.209 17656 17685 I RuntimeIPCClient [RUNTIMEIPC]: DisconnectFromServer: 0, Client: com.stereokit.rust_binding.demos:com.stereokit.rust_binding.demos:17656, Server: com.oculus.systemdriver:com.oculus.vrruntimeservice (RuntimeServiceDevice)
08-21 09:56:50.211 17656 17729 I ThreadHelpers [RUNTIMEIPC]: RuntimeIPC::ThreadHelpers::SetState: threadName: JobPoolWorker, currentState: STATE_STOPPING, newState: STATE_STOPPED
08-21 09:56:50.211 17656 17685 I Distortion: Initializing Mesh Decenter Correction
08-21 09:56:50.212 17656 17685 I Distortion: SetLensPositions - iad=0.06485, left offset=0.000542816,-0.00139587, right offset=-0.000906337,-0.00141104
08-21 09:56:50.213 17656 17685 I VrRuntimeDeviceClient: DevicesSupported : 4 devices, quest2|questpro|quest3
08-21 09:56:50.213 17656 17685 I OpenXR  : IsSystem 0
08-21 09:56:50.213 17656 17685 I Distortion: Initializing Mesh Decenter Correction
08-21 09:56:50.214 17656 17685 I Distortion: SetLensPositions - iad=0.06485, left offset=0.000542816,-0.00139587, right offset=-0.000906337,-0.00141104
08-21 09:56:50.214 17656 17685 I OpenXR  : ----------- xrCreateInstance [end] ----------
08-21 09:56:50.214 17656 17685 V OpenXR-Loader: Verbose [GENERAL | xrCreateInstance | OpenXR-Loader] : Completed loader terminator
08-21 09:56:50.214 17656 17685 I OpenXR-Loader: Info [GENERAL | xrCreateInstance | OpenXR-Loader] : LoaderInstance::CreateInstance succeeded with 0 layers enabled and runtime interface - created instance = 0x0100000000000001
08-21 09:56:50.214 17656 17685 V OpenXR-Loader: Verbose [GENERAL | xrCreateInstance | OpenXR-Loader] : Completed loader trampoline
08-21 09:56:50.214 17656 17685 D SK_rust_Demos: Found OpenXR runtime: Oculus 68.597.0
08-21 09:56:50.215 17656 17685 V OpenXR-Loader: Verbose [GENERAL | xrCreateDebugUtilsMessengerEXT | OpenXR-Loader] : Entering loader trampoline
08-21 09:56:50.215 17656 17685 V OpenXR-Loader: Verbose [GENERAL | xrCreateDebugUtilsMessengerEXT | OpenXR-Loader] : Entering loader terminator
08-21 09:56:50.215 17656 17685 V OpenXR-Loader: Verbose [GENERAL | xrCreateDebugUtilsMessengerEXT | OpenXR-Loader] : Completed loader terminator
08-21 09:56:50.215 17656 17685 V OpenXR-Loader: Verbose [GENERAL | xrCreateDebugUtilsMessengerEXT | OpenXR-Loader] : Completed loader trampoline
08-21 09:56:50.215 17656 17685 D SK_rust_Demos: OpenXR requires GLES v3.0.0 - v3.2.0
08-21 09:56:50.215 17656 17685 I OpenXR  : ------------ xrCreateSession [start] -----------
08-21 09:56:50.216 17656 17685 I VrRuntimeClient: s->gRuntimeServiceSDKClient.InitClient
08-21 09:56:50.220 17656 17685 I ThreadHelpers [RUNTIMEIPC]: RuntimeIPC::ThreadHelpers::SetState: threadName: JobPoolWorker, currentState: STATE_STOPPED, newState: STATE_STARTING
08-21 09:56:50.220 17656 17732 I ThreadHelpers [RUNTIMEIPC]: RuntimeIPC::ThreadHelpers::SetState: threadName: JobPoolWorker, currentState: STATE_STARTING, newState: STATE_RUNNING
08-21 09:56:50.221 17656 17685 I RuntimeIPCClient [RUNTIMEIPC]: Event buffer size (client): 8192
08-21 09:56:50.221 17656 17685 I RuntimeIPCClient [RUNTIMEIPC]: TryToGetIPCResourcesFromServer: RPC_CONNECTOR_CONNECT_TO_SERVER SUCCESS: Client: com.stereokit.rust_binding.demos:com.stereokit.rust_binding.demos:17656, Server: com.oculus.systemdriver:com.oculus.vrruntimeservice (RuntimeServiceServer)
08-21 09:56:50.221 17656 17685 I RuntimeIPCClient [RUNTIMEIPC]: EnsureServerConnection: SUCCESS. Client: com.stereokit.rust_binding.demos:com.stereokit.rust_binding.demos:17656, Server: com.oculus.systemdriver:com.oculus.vrruntimeservice (RuntimeServiceServer)
08-21 09:56:50.221 17656 17685 I RuntimeIPCClient [RUNTIMEIPC]: ConnectToServer: SUCCESS: Client: com.stereokit.rust_binding.demos:com.stereokit.rust_binding.demos:17656, Server: com.oculus.systemdriver:com.oculus.vrruntimeservice (RuntimeServiceServer)
08-21 09:56:50.221 17656 17732 I VrRuntimeClient: s->gRuntimeServiceSDKClient.Connected: com.oculus.systemdriver:com.oculus.vrruntimeservice
08-21 09:56:50.221 17656 17732 I VrRuntimeClient: RegisterClient RequestDescriptor com.stereokit.rust_binding.demos:17656 clientType 0 clientFlags 0 clientSessionPlacement 0
08-21 09:56:50.227 17656 17732 I VrRuntimeClient: RegisterClient success 
08-21 09:56:50.227 17656 17732 I VrRuntimeClient: RuntimeIPC: ServiceConnected: SharedMemoryDebug: publicReadOnly SharedMemorySize=192 (com.stereokit.rust_binding.demos) sizeof(s->sharedMemoryPublicReadOnly)=216
08-21 09:56:50.228 17656 17732 I VrRuntimeClient: RuntimeIPC: ServiceConnected: SharedMemoryDebug: privateReadWrite SharedMemorySize=111800 (com.stereokit.rust_binding.demos) sizeof(privateSharedMemorySize)=8
08-21 09:56:50.228 17656 17732 I VrRuntimeClient: nativeRuntimeServiceConnected: SharedMemoryDebug: publicReadOnlyFd=158, privateReadWriteFd=159 (com.stereokit.rust_binding.demos)
08-21 09:56:50.233 17656 17685 I ThreadHelpers [RUNTIMEIPC]: RuntimeIPC::ThreadHelpers::SetState: threadName: JobPoolWorker, currentState: STATE_STOPPED, newState: STATE_STARTING
08-21 09:56:50.234 17656 17734 I ThreadHelpers [RUNTIMEIPC]: RuntimeIPC::ThreadHelpers::SetState: threadName: JobPoolWorker, currentState: STATE_STARTING, newState: STATE_RUNNING
08-21 09:56:50.234 17656 17685 I ThreadHelpers [RUNTIMEIPC]: RuntimeIPC::ThreadHelpers::SetState: threadName: RIPCNotifThread, currentState: STATE_STOPPED, newState: STATE_STARTING
08-21 09:56:50.234 17656 17735 I ThreadHelpers [RUNTIMEIPC]: RuntimeIPC::ThreadHelpers::SetState: threadName: RIPCNotifThread, currentState: STATE_STARTING, newState: STATE_RUNNING
08-21 09:56:50.234 17656 17685 I VrRuntimeClient: s->gRuntimeServiceSDKClient.InitClient SUCCESS. Version: 5.0, Custom: 1.0
08-21 09:56:50.234 17656 17685 I RuntimeIPCClientMgr [RUNTIMEIPC]: GetClientOptions
08-21 09:56:50.234 17656 17685 I VrRuntimeClient: Connected to VrRuntimeService on attempt 0
08-21 09:56:50.234 17656 17685 I OpenXR  : xrCreateSession: Connected to VrRuntimeService after 0.018246s
08-21 09:56:50.243 17656 17685 I VrRuntimeClient: SetPhaseSyncMode 1
08-21 09:56:50.243 17656 17685 I VrRuntimeClient: SetPhaseSyncMode 1
08-21 09:56:50.243 17656 17685 I OpenXR  : PhaseSync Mode: PHASE_SYNC
08-21 09:56:50.243 17656 17685 I VrRuntimeClient: VrRuntimeClient: Init
08-21 09:56:50.243 17656 17685 I PTKService: PTKServiceClient Init
08-21 09:56:50.244 17656 17685 I ThreadHelpers [RUNTIMEIPC]: RuntimeIPC::ThreadHelpers::SetState: threadName: JobPoolWorker, currentState: STATE_STOPPED, newState: STATE_STARTING
08-21 09:56:50.244 17656 17736 I ThreadHelpers [RUNTIMEIPC]: RuntimeIPC::ThreadHelpers::SetState: threadName: JobPoolWorker, currentState: STATE_STARTING, newState: STATE_RUNNING
08-21 09:56:50.245 17656 17685 I ClientProcessConnector [RUNTIMEIPC]: GetProcessConnection: com.oculus.vrshell:com.oculus.vrshell
08-21 09:56:50.246 17656 17685 I RuntimeIPCClient [RUNTIMEIPC]: Event buffer size (client): 8192
08-21 09:56:50.246 17656 17685 I RuntimeIPCClient [RUNTIMEIPC]: TryToGetIPCResourcesFromServer: RPC_CONNECTOR_CONNECT_TO_SERVER SUCCESS: Client: com.stereokit.rust_binding.demos:com.stereokit.rust_binding.demos:17656, Server: com.oculus.vrshell:com.oculus.vrshell (ptkserviceserver)
08-21 09:56:50.246 17656 17685 I RuntimeIPCClient [RUNTIMEIPC]: EnsureServerConnection: SUCCESS. Client: com.stereokit.rust_binding.demos:com.stereokit.rust_binding.demos:17656, Server: com.oculus.vrshell:com.oculus.vrshell (ptkserviceserver)
08-21 09:56:50.246 17656 17685 I RuntimeIPCClient [RUNTIMEIPC]: ConnectToServer: SUCCESS: Client: com.stereokit.rust_binding.demos:com.stereokit.rust_binding.demos:17656, Server: com.oculus.vrshell:com.oculus.vrshell (ptkserviceserver)
08-21 09:56:50.248 17656 17685 I RuntimeIPCClient [RUNTIMEIPC]: InitServerStateBuffer: SUCCESS. 0, Client: com.stereokit.rust_binding.demos:com.stereokit.rust_binding.demos:17656, Server: com.oculus.vrshell:com.oculus.vrshell (ptkserviceserver)
08-21 09:56:50.248 17656 17685 W ServerStateBuffer [RUNTIMEIPC]: IPCService: GetDataBegin: entryIndex < 0 || entryIndex >= numEntries_ || entryIndex >= trustedMaxEntries: 1, 3, 0
08-21 09:56:50.248 17656 17685 W ServerStateBuffer [RUNTIMEIPC]: IPCService: GetDataBegin: entryIndex < 0 || entryIndex >= numEntries_ || entryIndex >= trustedMaxEntries: 2, 3, 0
08-21 09:56:50.248 17656 17685 V OVR::Capture: Failed to open trace_marker ATrace file!
08-21 09:56:50.249 17656 17685 I RuntimeIPCClient [RUNTIMEIPC]: InitServerStateBuffer: SUCCESS. 0, Client: com.stereokit.rust_binding.demos:com.stereokit.rust_binding.demos:17656, Server: com.oculus.systemdriver:com.oculus.vrruntimeservice (RuntimeServiceServer)
08-21 09:56:50.249 17656 17685 I AudioCapture: AudioCapture::Init
08-21 09:56:50.250 17656 17685 I AudioCapture: AudioCapture::Init -> Initializing audio capture using direct OS Callbacks
08-21 09:56:50.250 17656 17685 I AudioCapture: AudioCapture::Init COMPLETE
08-21 09:56:50.251 17656 17685 I Foveation: Vulkan foveation tile offset enabled: 0
08-21 09:56:50.251 17656 17685 I Foveation: Vulkan foveation tile turn off enabled: 1
08-21 09:56:50.253 17656 17685 I ThreadHelpers [RUNTIMEIPC]: RuntimeIPC::ThreadHelpers::SetState: threadName: JobPoolWorker, currentState: STATE_STOPPED, newState: STATE_STARTING
08-21 09:56:50.254 17656 17739 I ThreadHelpers [RUNTIMEIPC]: RuntimeIPC::ThreadHelpers::SetState: threadName: JobPoolWorker, currentState: STATE_STARTING, newState: STATE_RUNNING
08-21 09:56:50.254 17656 17685 I ClientProcessConnector [RUNTIMEIPC]: GetProcessConnection: com.oculus.guardian:com.oculus.vrguardianservice
08-21 09:56:50.255 17656 17685 I RuntimeIPCClient [RUNTIMEIPC]: Event buffer size (client): 8192
08-21 09:56:50.255 17656 17685 I RuntimeIPCClient [RUNTIMEIPC]: TryToGetIPCResourcesFromServer: RPC_CONNECTOR_CONNECT_TO_SERVER SUCCESS: Client: com.stereokit.rust_binding.demos:com.stereokit.rust_binding.demos:17656, Server: com.oculus.guardian:com.oculus.vrguardianservice (guardianserver)
08-21 09:56:50.255 17656 17685 I RuntimeIPCClient [RUNTIMEIPC]: EnsureServerConnection: SUCCESS. Client: com.stereokit.rust_binding.demos:com.stereokit.rust_binding.demos:17656, Server: com.oculus.guardian:com.oculus.vrguardianservice (guardianserver)
08-21 09:56:50.255 17656 17685 I RuntimeIPCClient [RUNTIMEIPC]: ConnectToServer: SUCCESS: Client: com.stereokit.rust_binding.demos:com.stereokit.rust_binding.demos:17656, Server: com.oculus.guardian:com.oculus.vrguardianservice (guardianserver)
08-21 09:56:50.264 17656 17685 I VrGuardianClient: guardianSDKClient_ connected.
08-21 09:56:50.281 17656 17685 I VrRuntimeClient: Is120HzSupported: 1
08-21 09:56:50.281 17656 17685 I FaceEyeTrackingClientManager: [FaceEyeTrackingManager] Initializing FaceEyeTrackingClientManager...
08-21 09:56:50.285 17656 17685 I LogTimer: CPUTIME: VrRuntimeClient_Init took 42.6417 ms
08-21 09:56:50.285 17656 17685 I Distortion: Initializing Mesh Decenter Correction
08-21 09:56:50.288 17656 17685 I Distortion: SetLensPositions - iad=0.06485, left offset=0.000542816,-0.00139587, right offset=-0.000906337,-0.00141104
08-21 09:56:50.288 17656 17685 I Distortion: Initializing Mesh Decenter Correction
08-21 09:56:50.289 17656 17685 I Distortion: SetLensPositions - iad=0.06485, left offset=0.000542816,-0.00139587, right offset=-0.000906337,-0.00141104
08-21 09:56:50.289 17656 17685 I Colorspace: Quest 2 default OpenXR color space: P3 (new behavior)
08-21 09:56:50.290 17656 17685 I ClientInputSettings: SYSTEMBUTTONSPACE GKS freeze '1' 
08-21 09:56:50.290 17656 17685 I ClientInputSettings: SYSTEMBUTTONSPACE 'com.stereokit.rust_binding.demos' Freeze input '1' on home button down
08-21 09:56:50.290 17656 17685 I ClientInputSettings: HANDTRACKING: Hands V2.0 enforced.
08-21 09:56:50.290 17656 17685 I ClientInputSettings: HANDTRACKING: YES, in the GK oculus_mobile_enable_hand_tracking_frequency_inter
08-21 09:56:50.291 17656 17685 I ClientInputInterface: HANDTRACKING sethandtrackingfrequency 1
08-21 09:56:50.291 17656 17685 I ClientInputSettings: HANDTRACKING: YES, in the GK oculus_mobile_30hz_handtracking_downclocking
08-21 09:56:50.291 17656 17685 I ClientInputInterface: Set30HzHandtrackingDownclockingGKFlag 1
08-21 09:56:50.291 17656 17685 I ClientInputSettings: HANDTRACKING: NO, not in the GK oculus_mobile_enable_hand_emulation_of_controllers
08-21 09:56:50.291 17656 17685 I ClientInputInterface: HANDTRACKING SetHandTrackingControllerEmulationGkFlag 0
08-21 09:56:50.291 17656 17685 I InputHooks: InitializeInputHooks
08-21 09:56:50.291 17656 17685 I InputHooks: InitializeInputHooks create
08-21 09:56:50.291 17656 17685 I OpenXR  : Disable query on enumrated subaction paths fix on com.stereokit.rust_binding.demos.
08-21 09:56:50.291 17656 17685 I OpenXR  : Disable xrQuerySpacesFB to return multiple rooms on com.stereokit.rust_binding.demos.
08-21 09:56:50.291 17656 17685 I OpenXR  : Disable xrGetVisibilityMaskKHR on com.stereokit.rust_binding.demos.
08-21 09:56:50.291 17656 17685 I OpenXR  : Disable shareable component on Room from xrSetSpaceComponentStatusFB on com.stereokit.rust_binding.demos.
08-21 09:56:50.291 17656 17685 I OpenXR  : xrCreateSession: Activity is already in the ready state.
08-21 09:56:50.291 17656 17685 I XrRuntimeUtils: XrRuntimeUtils::CreateSession
08-21 09:56:50.291 17656 17685 I OpenXR_Aperture: ------------ ovrCreateApertureMETAX1 -----------
08-21 09:56:50.292 17656 17685 I OpenXR  : ------------ xrCreateSession [end] -----------
08-21 09:56:50.292 17656 17685 D SK_rust_Demos: System name: Oculus Quest2
08-21 09:56:50.292 17656 17685 D SK_rust_Demos: XR_MSFT_hand_interaction - Rejected - Hides menu button events on Quest.
08-21 09:56:50.293 17656 17685 D SK_rust_Demos: XR_EXT_hand_tracking - Ready.
08-21 09:56:50.293 17656 17685 D SK_rust_Demos: Set color space to XR_COLOR_SPACE_REC709_FB
08-21 09:56:50.293 17656 17685 D SK_rust_Demos: Creating view: PrimaryStereo color:rgba32_sRGB depth:depth24_stencil8 blend:Opaque
08-21 09:56:50.293 17656 17685 I OpenXR_Space: xrCreateReferenceSpace: Spaces info
08-21 09:56:50.293 17656 17685 I OpenXR_Space: xrCreateReferenceSpace: Local version=46
08-21 09:56:50.293 17656 17685 I OpenXR_Space: xrCreateReferenceSpace: RawFromLocal       = (-0.000, -0.447, -0.000, 0.894), (0.06, 0.56, 0.90)
08-21 09:56:50.293 17656 17685 I OpenXR_Space: xrCreateReferenceSpace: RawFromLocalTilted = (-0.219, -0.442, -0.161, 0.855), (0.06, 0.56, 0.90)
08-21 09:56:50.293 17656 17685 I OpenXR_Space: xrCreateReferenceSpace: Stage IsValid=true
08-21 09:56:50.293 17656 17685 I OpenXR_Space: xrCreateReferenceSpace: Stage HasActiveGuardian=true
08-21 09:56:50.293 17656 17685 I OpenXR_Space: xrCreateReferenceSpace: Stage Width=3.550621, Depth=3.577427
08-21 09:56:50.293 17656 17685 I OpenXR_Space: xrCreateReferenceSpace: RawFromStage       = (0.000, 0.539, 0.000, 0.842), (0.83, -0.49, -0.25)
08-21 09:56:50.328 17656 17685 I OpenXR  : PostSessionStateChange: XR_SESSION_STATE_UNKNOWN -> XR_SESSION_STATE_IDLE
08-21 09:56:50.328 17656 17685 I Deque   : AddEventToQueue called. eventInfo.type: 18, eventInfo.next: 1
08-21 09:56:50.328 17656 17685 I OpenXR  : PostSessionStateChange: XR_SESSION_STATE_IDLE -> XR_SESSION_STATE_READY
08-21 09:56:50.328 17656 17685 I Deque   : AddEventToQueue called. eventInfo.type: 18, eventInfo.next: 1
08-21 09:56:50.329 17656 17685 D SK_rust_Demos: OpenXR state: unknown -> idle
08-21 09:56:50.329 17656 17685 D SK_rust_Demos: OpenXR state: idle -> ready
08-21 09:56:50.329 17656 17685 I OpenXR  : ------------ xrBeginSession [start] -----------
08-21 09:56:50.329 17656 17685 I DRR     : DRR is supported: 1
08-21 09:56:50.329 17656 17685 I DRR     : DRR is enabled: 0
08-21 09:56:50.329 17656 17685 D OsSdkLoader: OSSDK loading module 'libheadtracker.oculus.so'
08-21 09:56:50.329 17656 17685 I Sensor  : OSSDKTRACKING Initializing controller tracking
08-21 09:56:50.329 17656 17685 I Sensor  : OSSDKTRACKING Controller tracker != nullpointer 0xb4000079d1f3bb30, 1
08-21 09:56:50.333 17656 17685 I DeviceStatus: nativeHeadsetEvent(0)
08-21 09:56:50.333 17656 17685 I VrRuntimeClient: SetCompositorClientFeatureFlag ClientFeatureFlag 0 
08-21 09:56:50.334 17656 17685 I RuntimeIPCClient [RUNTIMEIPC]: InitServerStateBuffer: SUCCESS. 0, Client: com.stereokit.rust_binding.demos:com.stereokit.rust_binding.demos:17656, Server: com.oculus.guardian:com.oculus.vrguardianservice (guardianserver)
08-21 09:56:50.334 17656 17685 I VrRuntimeClient: Mounted state at BeginSession: True
08-21 09:56:50.334 17656 17685 I AppLoadTimeTelemetryCommon: App load time recorded [packageName=com.stereokit.rust_binding.demos, time=0.583645, method="BeginSession", launchType="Launch"]
08-21 09:56:50.334 17656 17685 I LogTimer: CPUTIME: VrRuntimeClient_BeginSession took 5.6630 ms
08-21 09:56:50.336 17656 17685 D t_binding.demo: memorybroker::ClientConnection registered
08-21 09:56:50.341 17656 17685 I Distortion: Initializing Mesh Decenter Correction
08-21 09:56:50.342 17656 17685 I Distortion: SetLensPositions - iad=0.068064, left offset=0.00211089,-0.00139587, right offset=-0.00255225,-0.00141104
08-21 09:56:50.342 17656 17685 I Distortion: Initializing Mesh Decenter Correction
08-21 09:56:50.343 17656 17685 I Distortion: SetLensPositions - iad=0.068064, left offset=0.00211089,-0.00139587, right offset=-0.00255225,-0.00141104
08-21 09:56:50.344 17656 17685 I ClientInputSettings: HANDTRACKING: enabled input settings, setting hand mode control settings to ControllersOnly
08-21 09:56:50.344 17656 17685 I ClientInputSettings: HANDTRACKING package name is com.stereokit.rust_binding.demos
08-21 09:56:50.345 17656 17685 I ClientInputSettings: HANDTRACKING: Manifest Permission request for com.stereokit.rust_binding.demos
08-21 09:56:50.346 17656 17685 I ClientInputSettings: HANDTRACKING:  'com.stereokit.rust_binding.demos' Is hands or controller.
08-21 09:56:50.346 17656 17685 I ClientInputSettings: HANDTRACKING: feature flag set to 2
08-21 09:56:50.346 17656 17685 I ClientInputInterface: HANDTRACKING sethandmanifest 2
08-21 09:56:50.346 17656 17685 I InputHooks_Internal: Enabling Native Input Hooks
08-21 09:56:50.349 17656 17685 W t_binding.demo: Accessing hidden method Landroid/content/Context;->startServiceAsUser(Landroid/content/Intent;Landroid/os/UserHandle;)Landroid/content/ComponentName; (unsupported, reflection, allowed)
08-21 09:56:50.349 17656 17685 W t_binding.demo: Accessing hidden method Landroid/content/Context;->registerReceiverAsUser(Landroid/content/BroadcastReceiver;Landroid/os/UserHandle;Landroid/content/IntentFilter;Ljava/lang/String;Landroid/os/Handler;)Landroid/content/Intent; (unsupported, reflection, allowed)
08-21 09:56:50.349 17656 17685 I InputDeviceManager: ovrInputDeviceManager::Initialize
08-21 09:56:50.350 17656 17685 I [CT]    : HandPosePrediction: Set sampler config enum for v59 30 Hz
08-21 09:56:50.350 17656 17685 I [CT]    : HandPosePrediction: Set sampler config enum for v59 30 Hz
08-21 09:56:50.350 17656 17685 I InputDevice_Hand: BodyPoweredHands checkSysPropForBodyAPIOverride 0
08-21 09:56:50.350 17656 17685 I InputDevice_Hand: BodyPoweredHands checkSysPropForBodyAPIOverride 0
08-21 09:56:50.350 17656 17685 W InputDevice_TrackedRemote: Did not pass RIPC GK, fetching controller input data from shared memory
08-21 09:56:50.350 17656 17685 I InputDeviceManager: HANDTRACKING Root pose filter profile changed for freq to 17 from 0  inf: 1
08-21 09:56:50.351 17656 17685 I GL_Utils: egl = 1.5
08-21 09:56:50.351 17656 17685 I GL_Utils: es3 = TRUE
08-21 09:56:50.351 17656 17685 I GL_Utils: Found: GL_OES_vertex_array_object
08-21 09:56:50.351 17656 17685 I GL_Utils: Found: GL_QCOM_tiled_rendering
08-21 09:56:50.351 17656 17685 I GL_Utils: Found: GL_EXT_sRGB
08-21 09:56:50.351 17656 17685 I GL_Utils: Found: GL_EXT_sRGB_write_control
08-21 09:56:50.351 17656 17685 I GL_Utils: Found: GL_EXT_disjoint_timer_query
08-21 09:56:50.351 17656 17685 I GL_Utils: Found: GL_EXT_buffer_storage
08-21 09:56:50.351 17656 17685 I GL_Utils: Found: GL_EXT_memory_object
08-21 09:56:50.352 17656 17685 I GL_Utils: Found: GL_EXT_memory_object_fd
08-21 09:56:50.352 17656 17685 I GL_Utils: Found: GL_QCOM_texture_foveated
08-21 09:56:50.352 17656 17685 I GL_Utils: Found: GL_KHR_debug
08-21 09:56:50.352 17656 17685 I GL_Utils: Found: GL_OES_EGL_image
08-21 09:56:50.352 17656 17685 I GL_Utils: Found: GL_EXT_texture_border_clamp
08-21 09:56:50.352 17656 17685 I GL_Utils: Found: GL_EXT_texture_filter_anisotropic
08-21 09:56:50.352 17656 17685 I GL_Utils: Found: GL_OES_texture_view
08-21 09:56:50.352 17656 17685 I GL_Utils: Found: GL_EXT_texture_format_sRGB_override
08-21 09:56:50.352 17656 17685 I GL_Utils: Found: GL_IMG_texture_filter_cubic
08-21 09:56:50.352 17656 17685 I GL_Utils: Found: GL_EXT_clip_cull_distance
08-21 09:56:50.352 17656 17685 I GL_Utils: Found: GL_EXT_blend_func_extended
08-21 09:56:50.352 17656 17685 I PhaseSync: PhaseSync::PhaseSync PaddingLowerLimit 0.350000 StandardDeviations 2.000000 PaddingUpperLimit 0.750000 on instance 0
08-21 09:56:50.352 17656 17685 I FrameSync: FrameSync Initialized Instance 1
08-21 09:56:50.352 17656 17685 I VrRuntimeClient: PhaseSync Instance created
08-21 09:56:50.358 17656 17685 D CompatibilityChangeReporter: Compat change id reported: 160794467; UID 10153; state: ENABLED
08-21 09:56:50.359 17656 17685 W ServerStateBuffer [RUNTIMEIPC]: IPCService: GetDataBegin: entryIndex < 0 || entryIndex >= numEntries_ || entryIndex >= trustedMaxEntries: 5, 16, 0
08-21 09:56:50.359 17656 17685 I XrRuntimeUtils: XrRuntimeUtils::BeginSession
08-21 09:56:50.359 17656 17685 I XrRuntimeSystem_Client: BeginSession
08-21 09:56:50.360 17656 17685 I OpenXR  : usesManifestForCpuBoost:0
08-21 09:56:50.360 17656 17685 I OpenXR  : ------------ xrBeginSession [end] -----------
08-21 09:56:50.360 17656 17685 D SK_rust_Demos: OpenXR session began.
08-21 09:56:50.364 17656 17685 W ServerStateBuffer [RUNTIMEIPC]: IPCService: GetDataBegin: entryIndex < 0 || entryIndex >= numEntries_ || entryIndex >= trustedMaxEntries: 15, 16, 0
08-21 09:56:50.364 17656 17685 W ServerStateBuffer [RUNTIMEIPC]: IPCService: GetDataBegin: entryIndex < 0 || entryIndex >= numEntries_ || entryIndex >= trustedMaxEntries: 13, 16, 0
08-21 09:56:50.364 17656 17685 I AudioCapture: AudioCapture::PauseAudioCapture
08-21 09:56:50.366 17656 17685 I OpenXR  : Opaque frame needs background layer.
08-21 09:56:50.366 17656 17753 I FenceChecker: FenceChecker::MainLoop - started
08-21 09:56:50.366 17656 17750 I JniUtils: ovr_GetCurrentPackageSignature 
08-21 09:56:50.367 17656 17750 I Metrics : device model = Quest 2
08-21 09:56:50.368 17656 17750 I Telemetry: Aligning telemetry thread time, will wait for: 632 ms...
08-21 09:56:50.369 17656 17685 W ServerStateBuffer [RUNTIMEIPC]: IPCService: GetDataBegin: entryIndex < 0 || entryIndex >= numEntries_ || entryIndex >= trustedMaxEntries: 4, 16, 0
08-21 09:56:50.369 17656 17685 I OpenXR  : PostSessionStateChange: XR_SESSION_STATE_READY -> XR_SESSION_STATE_SYNCHRONIZED
08-21 09:56:50.369 17656 17685 I Deque   : AddEventToQueue called. eventInfo.type: 18, eventInfo.next: 1
08-21 09:56:50.369 17656 17685 D SK_rust_Demos: OpenXR state: ready -> synchronized
08-21 09:56:50.369 17656 17685 I OpenXR  : PostSessionStateChange: XR_SESSION_STATE_SYNCHRONIZED -> XR_SESSION_STATE_VISIBLE
08-21 09:56:50.371 17656 17685 I Deque   : AddEventToQueue called. eventInfo.type: 18, eventInfo.next: 1
08-21 09:56:50.371 17656 17685 I OpenXR  : PostSessionStateChange: XR_SESSION_STATE_VISIBLE -> XR_SESSION_STATE_FOCUSED
08-21 09:56:50.371 17656 17685 I Deque   : AddEventToQueue called. eventInfo.type: 18, eventInfo.next: 1
08-21 09:56:50.371 17656 17685 D SK_rust_Demos: OpenXR state: synchronized -> visible
08-21 09:56:50.371 17656 17685 D SK_rust_Demos: OpenXR state: visible -> focused
08-21 09:56:50.371 17656 17685 D SK_rust_Demos: Created local floor app space at an offset of (0,0,0) (0,0,0,1)
08-21 09:56:50.372 17656 17685 V OpenXR_Actions: -- xrSuggestInteractionProfileBindings -
08-21 09:56:50.372 17656 17685 V OpenXR_Actions: -- xrSuggestInteractionProfileBindings -
08-21 09:56:50.373 17656 17685 V OpenXR_Actions: -- xrSuggestInteractionProfileBindings -
08-21 09:56:50.373 17656 17685 V OpenXR_Actions: -- xrSuggestInteractionProfileBindings -
08-21 09:56:50.374 17656 17685 V OpenXR_Actions: xrSuggestInteractionProfileBindings: adding binding actionPathBinding=19, action=grip_pose, subactionMask=1, pathActionType=4
08-21 09:56:50.374 17656 17685 V OpenXR_Actions: xrSuggestInteractionProfileBindings: adding binding actionPathBinding=35, action=grip_pose, subactionMask=2, pathActionType=4
08-21 09:56:50.374 17656 17685 V OpenXR_Actions: xrSuggestInteractionProfileBindings: adding binding actionPathBinding=18, action=aim_pose, subactionMask=1, pathActionType=4
08-21 09:56:50.374 17656 17685 V OpenXR_Actions: xrSuggestInteractionProfileBindings: adding binding actionPathBinding=34, action=aim_pose, subactionMask=2, pathActionType=4
08-21 09:56:50.374 17656 17685 V OpenXR_Actions: xrSuggestInteractionProfileBindings: adding binding actionPathBinding=10, action=trigger, subactionMask=1, pathActionType=2
08-21 09:56:50.374 17656 17685 V OpenXR_Actions: xrSuggestInteractionProfileBindings: adding binding actionPathBinding=26, action=trigger, subactionMask=2, pathActionType=2
08-21 09:56:50.374 17656 17685 V OpenXR_Actions: xrSuggestInteractionProfileBindings: adding binding actionPathBinding=9, action=grip, subactionMask=1, pathActionType=2
08-21 09:56:50.374 17656 17685 V OpenXR_Actions: xrSuggestInteractionProfileBindings: adding binding actionPathBinding=25, action=grip, subactionMask=2, pathActionType=2
08-21 09:56:50.374 17656 17685 V OpenXR_Actions: xrSuggestInteractionProfileBindings: adding binding actionPathBinding=54, action=stick_xy, subactionMask=1, pathActionType=3
08-21 09:56:50.374 17656 17685 V OpenXR_Actions: xrSuggestInteractionProfileBindings: adding binding actionPathBinding=55, action=stick_xy, subactionMask=2, pathActionType=3
08-21 09:56:50.374 17656 17685 V OpenXR_Actions: xrSuggestInteractionProfileBindings: adding binding actionPathBinding=14, action=stick_click, subactionMask=1, pathActionType=1
08-21 09:56:50.374 17656 17685 V OpenXR_Actions: xrSuggestInteractionProfileBindings: adding binding actionPathBinding=30, action=stick_click, subactionMask=2, pathActionType=1
08-21 09:56:50.374 17656 17685 V OpenXR_Actions: xrSuggestInteractionProfileBindings: adding binding actionPathBinding=8, action=menu, subactionMask=1, pathActionType=1
08-21 09:56:50.374 17656 17685 V OpenXR_Actions: xrSuggestInteractionProfileBindings: adding binding actionPathBinding=4, action=button_x1, subactionMask=1, pathActionType=1
08-21 09:56:50.374 17656 17685 V OpenXR_Actions: xrSuggestInteractionProfileBindings: adding binding actionPathBinding=20, action=button_x1, subactionMask=2, pathActionType=1
08-21 09:56:50.374 17656 17685 V OpenXR_Actions: xrSuggestInteractionProfileBindings: adding binding actionPathBinding=6, action=button_x2, subactionMask=1, pathActionType=1
08-21 09:56:50.374 17656 17685 V OpenXR_Actions: xrSuggestInteractionProfileBindings: adding binding actionPathBinding=22, action=button_x2, subactionMask=2, pathActionType=1
08-21 09:56:50.374 17656 17685 V OpenXR_Actions: -- xrSuggestInteractionProfileBindings -
08-21 09:56:50.375 17656 17685 V OpenXR_Actions: xrSuggestInteractionProfileBindings: adding binding actionPathBinding=19, action=grip_pose, subactionMask=1, pathActionType=4
08-21 09:56:50.375 17656 17685 V OpenXR_Actions: xrSuggestInteractionProfileBindings: adding binding actionPathBinding=35, action=grip_pose, subactionMask=2, pathActionType=4
08-21 09:56:50.375 17656 17685 V OpenXR_Actions: xrSuggestInteractionProfileBindings: adding binding actionPathBinding=18, action=aim_pose, subactionMask=1, pathActionType=4
08-21 09:56:50.375 17656 17685 V OpenXR_Actions: xrSuggestInteractionProfileBindings: adding binding actionPathBinding=34, action=aim_pose, subactionMask=2, pathActionType=4
08-21 09:56:50.375 17656 17685 V OpenXR_Actions: xrSuggestInteractionProfileBindings: adding binding actionPathBinding=49, action=trigger, subactionMask=1, pathActionType=1
08-21 09:56:50.375 17656 17685 V OpenXR_Actions: xrSuggestInteractionProfileBindings: adding binding actionPathBinding=50, action=trigger, subactionMask=2, pathActionType=1
08-21 09:56:50.375 17656 17685 V OpenXR_Actions: xrSuggestInteractionProfileBindings: adding binding actionPathBinding=8, action=menu, subactionMask=1, pathActionType=1
08-21 09:56:50.375 17656 17685 V OpenXR_Actions: xrSuggestInteractionProfileBindings: adding binding actionPathBinding=51, action=menu, subactionMask=2, pathActionType=1
08-21 09:56:50.375 17656 17685 D SK_rust_Demos: Bounds updated: 3.6x3.6 at (-0.4,9e-08,-1) (0,0.86,0,0.51)
08-21 09:56:50.375 17656 17685 D SK_rust_Demos: Initializing Audio
08-21 09:56:50.376 17656 17685 I AAudio  : AAudioStreamBuilder_openStream() called ----------------------------------------
08-21 09:56:50.376 17656 17685 I AudioStreamBuilder: rate   =  48000, channels  = 2, channelMask = 0x80000003, format   = 5, sharing = SH, dir = OUTPUT
08-21 09:56:50.376 17656 17685 I AudioStreamBuilder: device =      0, sessionId = -1, perfMode = 12, callback: ON with frames = 480
08-21 09:56:50.376 17656 17685 I AudioStreamBuilder: usage  =      0, contentType = 0, inputPreset = 0, allowedCapturePolicy = 0
08-21 09:56:50.376 17656 17685 I AudioStreamBuilder: privacy sensitive = false
08-21 09:56:50.376 17656 17685 I AudioStreamBuilder: opPackageName = (null)
08-21 09:56:50.376 17656 17685 I AudioStreamBuilder: attributionTag = (null)
08-21 09:56:50.376 17656 17685 D AudioStreamBuilder: build() disable aaudio output mmap via gk
08-21 09:56:50.376 17656 17685 D t_binding.demo: PlayerBase::PlayerBase()
08-21 09:56:50.377 17656 17685 D AudioStreamTrack: open(), request notificationFrames = 0, frameCount = 1440
08-21 09:56:50.391 17656 17685 I AudioTrack: createTrack_l(1065353216): AUDIO_OUTPUT_FLAG_FAST successful; frameCount 1440 -> 1440
08-21 09:56:50.393 17656 17685 D AAudioStream: setState(s#1) from 0 to 2
08-21 09:56:50.393 17656 17685 D AudioStreamTrack: open() flags changed from 0x00000104 to 0x00000004
08-21 09:56:50.394 17656 17685 I AAudio  : AAudioStreamBuilder_openStream() returns 0 = AAUDIO_OK for s#1 ----------------
08-21 09:56:50.394 17656 17685 D AAudio  : AAudioStream_requestStart(s#1) called --------------
08-21 09:56:50.394 17656 17685 D AAudioStream: setState(s#1) from 2 to 3
08-21 09:56:50.405 17656 17685 D AAudio  : AAudioStream_requestStart(s#1) returned 0 ---------
08-21 09:56:50.425 17656 17674 D AudioStreamLegacy: onAudioDeviceUpdate(deviceId = 2)
08-21 09:56:50.428 17656 17755 D AAudioStream: setState(s#1) from 3 to 4
08-21 09:56:50.446 17656 17685 I SK_rust_Demos: Using audio backend: AAudio
08-21 09:56:50.446 17656 17685 D SK_rust_Demos: Initializing Defaults
08-21 09:56:50.907 17656 17685 D SK_rust_Demos: Initializing Sprites
08-21 09:56:50.907 17656 17685 D SK_rust_Demos: Initializing Lines
08-21 09:56:50.907 17656 17685 D SK_rust_Demos: Initializing UI
08-21 09:56:50.918 17656 17685 D SK_rust_Demos: Initializing Tools
08-21 09:56:50.918 17656 17685 D SK_rust_Demos: Initializing Renderer
08-21 09:56:50.918 17656 17685 D SK_rust_Demos: Initializing World
08-21 09:56:50.918 17656 17685 D SK_rust_Demos: Bounds updated: 3.6x3.6 at (-0.4,9e-08,-1) (0,0.86,0,0.51)
08-21 09:56:50.918 17656 17685 D SK_rust_Demos: Initializing Input
08-21 09:56:50.918 17656 17685 I OpenXR_Hands: ------------ xrCreateHandTrackerEXT -----------
08-21 09:56:50.918 17656 17685 I OpenXR_Hands: ------------ xrCreateHandTrackerEXT -----------
08-21 09:56:50.919 17656 17685 I SK_rust_Demos: Initialization successful
08-21 09:56:50.919 17656 17685 I SK_rust_Demos: <<< After init
08-21 09:56:50.919 17656 17685 W SK_rust_Demos: Go go go !!!
08-21 09:56:50.919 17656 17685 D SK_rust_Demos: ======================================================================================================================== !!
08-21 09:56:50.921 17656 17685 D SK_rust_Demos: sprite_create: Atlased sprites not implemented yet! All atlased sprites will be switched to single.
08-21 09:56:51.000 17656 17750 I Telemetry: Time aligned, interrupted: 0
08-21 09:56:51.055 17656 17685 D SK_rust_Demos: "mobiles.gltf"
08-21 09:56:51.056 17656 17685 D SK_rust_Demos: "mobiles.gltf/mesh/0_0_Icosphere"
08-21 09:56:51.056 17656 17685 D SK_rust_Demos: "mobiles.gltf/mesh/1_0_Plane"
08-21 09:56:51.056 17656 17685 D SK_rust_Demos: "mobiles.gltf/mesh/2_0_Icosphere.003"
08-21 09:56:51.056 17656 17685 D SK_rust_Demos: "mobiles.gltf/mesh/3_0_Icosphere.004"
08-21 09:56:51.056 17656 17685 D SK_rust_Demos: calcaire_blanc params:
08-21 09:56:51.056 17656 17685 D SK_rust_Demos:  --- color :RGBA : 1.0/1.0/7.317312e28 : 1.0000136
08-21 09:56:51.056 17656 17685 D SK_rust_Demos:  --- emission_factor :RGBA : 0.0/0.0/0.0 : 0.0
08-21 09:56:51.056 17656 17685 D SK_rust_Demos:  --- tex_trans :[x:0, y:0, z:0.0000000006783744, w:0.000950339]
08-21 09:56:51.056 17656 17685 D SK_rust_Demos:  --- metallic :0
08-21 09:56:51.056 17656 17685 D SK_rust_Demos:  --- roughness :0.20000008
08-21 09:56:51.056 17656 17685 D SK_rust_Demos:  --- sk_cubemap :default/tex
08-21 09:56:51.056 17656 17685 D SK_rust_Demos:  --- diffuse :default/tex
08-21 09:56:51.056 17656 17685 D SK_rust_Demos:  --- emission :default/tex
08-21 09:56:51.056 17656 17685 D SK_rust_Demos:  --- metal :mobiles.gltf/tex/1
08-21 09:56:51.056 17656 17685 D SK_rust_Demos:  --- occlusion :default/tex
08-21 09:56:51.168 17656 17685 D SK_rust_Demos: Passthrough Deactived at start !!
08-21 09:56:51.168 17656 17685 D SK_rust_Demos: ===================================================================================================================== !!
08-21 09:56:51.168 17656 17685 D SK_rust_Demos: Thread id : None / ThreadId(2) 
08-21 09:56:51.168 17656 17685 D SK_rust_Demos: Process id : None / 17656 
08-21 09:56:51.173 17656 17685 I RuntimeIPCClient [RUNTIMEIPC]: InitServerStateBuffer: SUCCESS. 3, Client: com.stereokit.rust_binding.demos:com.stereokit.rust_binding.demos:17656, Server: com.oculus.systemdriver:com.oculus.vrruntimeservice (HandInputDataServer)
08-21 09:56:51.181 17656 17685 I RuntimeIPCClient [RUNTIMEIPC]: InitServerStateBuffer: SUCCESS. 4, Client: com.stereokit.rust_binding.demos:com.stereokit.rust_binding.demos:17656, Server: com.oculus.systemdriver:com.oculus.vrruntimeservice (HandInputDataServer)
08-21 09:56:51.182 17656 17685 I Deque   : AddEventToQueue called. eventInfo.type: 52, eventInfo.next: 1
08-21 09:56:51.182 17656 17685 W OsSdk   : Requested historical tracking state too far in the past; oldest: 6565.109351s, requested: 6564.423370s
08-21 09:56:52.020 17656 17750 I ClientSharedTelemetryStats: App memory usage: PSS=489 MiB, PrivateDirty=468 MiB, PrivateClean=10 MiB, GPU=219.6/219.8 MiB (100% allocated)
08-21 09:56:52.020 17656 17750 I VrApi   : FPS=0/72,Prd=0ms,Tear=0,Early=0,Stale=0,Stale2/5/10/max=0/0/0/0,VSnc=1,Lat=0,Fov=0,CPU4/GPU=5/4,1478/525MHz,OC=FF,TA=0/0/70,SP=N/N/N,Mem=2092MHz,Free=2507MB,PLS=0,Temp=31.2C/0.0C,TW=0.00ms,App=0.00ms,GD=0.00ms,CPU&GPU=0.00ms,LCnt=0(DR0,LM0),GPU%=0.66,CPU%=0.95(W0.95),DSF=1.00,CFL=0.00/0.00,ICFLp95=0.00,LD=0,SF=0.00,LP=0,DVFS=0
08-21 09:56:52.175 17656 17685 I OpenXR_Passthrough: ------------ xrCreatePassthroughFB -----------
08-21 09:56:52.175 17656 17685 I ipcLoader [RUNTIMEIPC]: RuntimeIPC: Loader: IPC Service API Loader Version: 69 Jun  5 2024 22:54:35
08-21 09:56:52.175 17656 17685 I ipcLoader [RUNTIMEIPC]: RuntimeIPC: Using android_get_exported_namespace: libripcclient.oculus.so
08-21 09:56:52.176 17656 17685 I ipcLoader [RUNTIMEIPC]: RuntimeIPC: android_get_exported_namespace SUCCESS: libripcclient.oculus.so
08-21 09:56:52.177 17656 17685 I ThreadHelpers [RUNTIMEIPC]: RuntimeIPC::ThreadHelpers::SetState: threadName: JobPoolWorker, currentState: STATE_STOPPED, newState: STATE_STARTING
08-21 09:56:52.177 17656 17773 I ThreadHelpers [RUNTIMEIPC]: RuntimeIPC::ThreadHelpers::SetState: threadName: JobPoolWorker, currentState: STATE_STARTING, newState: STATE_RUNNING
08-21 09:56:52.188 17656 17685 I ClientProcessConnector [RUNTIMEIPC]: GetProcessConnection: :
08-21 09:56:52.191 17656 17685 I RuntimeIPCClient [RUNTIMEIPC]: Event buffer size (client): 8192
08-21 09:56:52.191 17656 17685 I RuntimeIPCClient [RUNTIMEIPC]: TryToGetIPCResourcesFromServer: RPC_CONNECTOR_CONNECT_TO_SERVER SUCCESS: Client: com.stereokit.rust_binding.demos:com.stereokit.rust_binding.demos:17656, Server: : (MrServiceIPCServer)
08-21 09:56:52.191 17656 17685 I ThreadHelpers [RUNTIMEIPC]: RuntimeIPC::ThreadHelpers::SetState: threadName: RIPCNotifThread, currentState: STATE_STOPPED, newState: STATE_STARTING
08-21 09:56:52.191 17656 17775 I ThreadHelpers [RUNTIMEIPC]: RuntimeIPC::ThreadHelpers::SetState: threadName: RIPCNotifThread, currentState: STATE_STARTING, newState: STATE_RUNNING
08-21 09:56:52.192 17656 17685 I RuntimeIPCClient [RUNTIMEIPC]: EnsureServerConnection: SUCCESS. Client: com.stereokit.rust_binding.demos:com.stereokit.rust_binding.demos:17656, Server: : (MrServiceIPCServer)
08-21 09:56:52.192 17656 17685 I RuntimeIPCClient [RUNTIMEIPC]: ConnectToServer: SUCCESS: Client: com.stereokit.rust_binding.demos:com.stereokit.rust_binding.demos:17656, Server: : (MrServiceIPCServer)
08-21 09:56:52.192 17656 17685 I OpenXR_Passthrough: xrCreatePassthroughFB: Created Insight MR Passthrough feature
08-21 09:56:52.192 17656 17685 I OpenXR_Passthrough: ------------ xrCreatePassthroughLayerFB -----------
08-21 09:56:52.193 17656 17685 I OpenXR_Passthrough: xrCreatePassthroughLayerFB: Created Insight MR layer
08-21 09:56:52.195 17656 17685 I SK_rust_Demos: App focus changed to : Active
08-21 09:56:52.195 17656 17685 D SK_rust_Demos: UserEvent StepperAction::Add(..., id:TypeId { t: (602063639087560067, 87895919173169038) }, type_id:"HandMenuStepper1"
08-21 09:56:52.233 17656 17685 I OpenXR_GPUMemTrace: OpenXR GPU memory tracing is enabled on heap(oculus.OpenXR) with id(2)
08-21 09:56:52.233 17656 17685 I OpenXR_GPUMemTrace: Swapchain creation, id=511, idx=0, MemoryAllocationSize: 40725 KB
08-21 09:56:52.233 17656 17685 I OpenXR_GPUMemTrace: Swapchain creation, id=511, idx=1, MemoryAllocationSize: 40725 KB
08-21 09:56:52.233 17656 17685 I OpenXR_GPUMemTrace: Swapchain creation, id=511, idx=2, MemoryAllocationSize: 40725 KB
08-21 09:56:52.290 17656 17685 I OpenXR_GPUMemTrace: Swapchain creation, id=512, idx=0, MemoryAllocationSize: 40725 KB
08-21 09:56:52.290 17656 17685 I OpenXR_GPUMemTrace: Swapchain creation, id=512, idx=1, MemoryAllocationSize: 40725 KB
08-21 09:56:52.290 17656 17685 I OpenXR_GPUMemTrace: Swapchain creation, id=512, idx=2, MemoryAllocationSize: 40725 KB
08-21 09:56:52.290 17656 17685 D SK_rust_Demos: Set swapchain: PrimaryStereo to 4320x2376
08-21 09:56:52.292 17656 17685 I AppLoadTimeTelemetryCommon: App load time recorded [packageName=com.stereokit.rust_binding.demos, time=2.540880, method="Unknown", launchType="Launch"]
08-21 09:56:52.314 17656 17685 D SK_rust_Demos: [sk_gpu] Clearing unsourced err: 0x502
08-21 09:56:52.324 17656 17685 D SK_rust_Demos: Switched left controller profile to khr/simple_controller
08-21 09:56:52.324 17656 17685 D SK_rust_Demos: Switched right controller profile to khr/simple_controller
08-21 09:56:52.368 17656 17685 W [CT]    : HandPoseSampler: Detected non-incrementing timestamp: 6566.648406543. Skip contribution to prediction filter and use previous pose
08-21 09:56:53.000 17656 17750 I VrApi   : FPS=1/72,Prd=0ms,Tear=0,Early=0,Stale=72,Stale2/5/10/max=0/0/0/0,VSnc=1,Lat=-1,Fov=0,CPU4/GPU=5/4,1478/525MHz,OC=FF,TA=0/0/70,SP=N/N/F,Mem=2092MHz,Free=2507MB,PLS=0,Temp=31.2C/0.0C,TW=3.83ms,App=0.00ms,GD=0.00ms,CPU&GPU=0.00ms,LCnt=4(DR0,LM0),GPU%=0.93,CPU%=0.20(W0.30),DSF=1.00,CFL=13.86/19.42,ICFLp95=17.12,LD=0,SF=0.00,LP=0,DVFS=0
08-21 09:56:54.000 17656 17750 I VrApi   : FPS=63/72,Prd=46ms,Tear=0,Early=15,Stale=36,Stale2/5/10/max=0/0/1/314,VSnc=1,Lat=-1,Fov=0,CPU4/GPU=3/4,1478/525MHz,OC=FF,TA=0/0/70,SP=N/N/F,Mem=1555MHz,Free=2507MB,PLS=0,Temp=31.2C/0.0C,TW=1.58ms,App=10.72ms,GD=0.00ms,CPU&GPU=15.78ms,LCnt=3(DR0,LM2),GPU%=0.96,CPU%=0.24(W0.41),DSF=1.00,CFL=13.61/19.41,ICFLp95=18.11,LD=0,SF=1.50,LP=0,DVFS=0
08-21 09:56:54.899 17656 17685 D SK_rust_Demos: UserEvent StepperAction::Remove( id:"HudNotif1"
08-21 09:56:55.000 17656 17750 I VrApi   : FPS=73/72,Prd=44ms,Tear=0,Early=21,Stale=1,Stale2/5/10/max=0/0/0/1,VSnc=1,Lat=-1,Fov=0,CPU4/GPU=2/4,1382/525MHz,OC=FF,TA=0/0/70,SP=N/N/F,Mem=1555MHz,Free=2507MB,PLS=0,Temp=31.2C/0.0C,TW=1.63ms,App=11.31ms,GD=0.00ms,CPU&GPU=13.96ms,LCnt=2(DR43,LM2),GPU%=0.93,CPU%=0.23(W0.45),DSF=1.00,CFL=13.99/19.50,ICFLp95=17.52,LD=0,SF=1.50,LP=0,DVFS=0
08-21 09:56:56.000 17656 17750 I VrApi   : FPS=72/72,Prd=42ms,Tear=0,Early=34,Stale=0,Stale2/5/10/max=0/0/0/0,VSnc=1,Lat=-1,Fov=0,CPU4/GPU=2/4,1171/525MHz,OC=FF,TA=0/0/70,SP=N/N/F,Mem=1555MHz,Free=2507MB,PLS=0,Temp=31.2C/0.0C,TW=1.63ms,App=11.22ms,GD=0.00ms,CPU&GPU=13.57ms,LCnt=2(DR72,LM2),GPU%=0.94,CPU%=0.23(W0.29),DSF=1.00,CFL=12.87/18.71,ICFLp95=16.51,LD=0,SF=1.50,LP=0,DVFS=0
08-21 09:56:57.000 17656 17750 I VrApi   : FPS=72/72,Prd=40ms,Tear=0,Early=0,Stale=0,Stale2/5/10/max=0/0/0/0,VSnc=1,Lat=-1,Fov=0,CPU4/GPU=2/4,1171/525MHz,OC=FF,TA=0/0/70,SP=N/N/F,Mem=1804MHz,Free=2507MB,PLS=0,Temp=32.0C/0.0C,TW=1.58ms,App=11.18ms,GD=0.00ms,CPU&GPU=14.76ms,LCnt=2(DR72,LM2),GPU%=0.94,CPU%=0.25(W0.42),DSF=1.00,CFL=12.38/17.80,ICFLp95=15.60,LD=0,SF=1.50,LP=0,DVFS=0
08-21 09:56:58.000 17656 17750 I VrApi   : FPS=72/72,Prd=39ms,Tear=0,Early=0,Stale=0,Stale2/5/10/max=0/0/0/0,VSnc=1,Lat=-1,Fov=0,CPU4/GPU=2/4,1171/525MHz,OC=FF,TA=0/0/70,SP=N/N/F,Mem=1804MHz,Free=2507MB,PLS=0,Temp=32.0C/0.0C,TW=1.57ms,App=11.18ms,GD=0.00ms,CPU&GPU=14.41ms,LCnt=2(DR72,LM2),GPU%=0.93,CPU%=0.26(W0.45),DSF=1.00,CFL=12.18/17.27,ICFLp95=15.21,LD=0,SF=1.50,LP=0,DVFS=0
08-21 09:56:59.000 17656 17750 I VrApi   : FPS=72/72,Prd=38ms,Tear=0,Early=0,Stale=0,Stale2/5/10/max=0/0/0/0,VSnc=1,Lat=-1,Fov=0,CPU4/GPU=2/4,1171/525MHz,OC=FF,TA=0/0/70,SP=N/N/F,Mem=1804MHz,Free=2507MB,PLS=0,Temp=32.0C/0.0C,TW=1.59ms,App=11.11ms,GD=0.00ms,CPU&GPU=14.53ms,LCnt=2(DR72,LM2),GPU%=0.93,CPU%=0.27(W0.30),DSF=1.00,CFL=11.86/17.19,ICFLp95=14.96,LD=0,SF=1.50,LP=0,DVFS=0
08-21 09:56:59.395 17656 17685 I AppLoadTimeTelemetryCommon: App load time recorded [packageName=com.stereokit.rust_binding.demos, time=9.644064, method="BeginFrame (500)", launchType="Launch"]
08-21 09:57:00.000 17656 17750 I VrApi   : FPS=72/72,Prd=38ms,Tear=0,Early=0,Stale=0,Stale2/5/10/max=0/0/0/0,VSnc=1,Lat=-1,Fov=0,CPU4/GPU=2/4,1171/525MHz,OC=FF,TA=0/0/70,SP=N/N/F,Mem=1804MHz,Free=2507MB,PLS=0,Temp=32.0C/0.0C,TW=1.57ms,App=11.11ms,GD=0.00ms,CPU&GPU=14.58ms,LCnt=2(DR72,LM2),GPU%=0.93,CPU%=0.28(W0.45),DSF=1.00,CFL=11.82/17.07,ICFLp95=14.87,LD=0,SF=1.50,LP=0,DVFS=0
08-21 09:57:00.205 17656 17685 E TREX    : Interface 'MrLightingEstimationInterface', version 1 was not found. Check debug build for more information.
08-21 09:57:01.001 17656 17750 I VrApi   : FPS=72/72,Prd=37ms,Tear=0,Early=0,Stale=0,Stale2/5/10/max=0/0/0/0,VSnc=1,Lat=-1,Fov=0,CPU4/GPU=2/4,1171/525MHz,OC=FF,TA=0/0/70,SP=N/N/F,Mem=1804MHz,Free=2507MB,PLS=0,Temp=32.0C/0.0C,TW=1.58ms,App=11.05ms,GD=0.00ms,CPU&GPU=14.79ms,LCnt=2(DR72,LM2),GPU%=0.93,CPU%=0.29(W0.38),DSF=1.00,CFL=11.76/16.91,ICFLp95=14.86,LD=0,SF=1.50,LP=0,DVFS=0
08-21 09:57:02.001 17656 17750 I VrApi   : FPS=72/72,Prd=37ms,Tear=0,Early=0,Stale=0,Stale2/5/10/max=0/0/0/0,VSnc=1,Lat=-1,Fov=0,CPU4/GPU=2/4,1171/525MHz,OC=FF,TA=0/0/70,SP=N/N/F,Mem=1804MHz,Free=2507MB,PLS=0,Temp=32.0C/0.0C,TW=1.57ms,App=11.14ms,GD=0.00ms,CPU&GPU=14.85ms,LCnt=2(DR72,LM2),GPU%=0.93,CPU%=0.21(W0.30),DSF=1.00,CFL=11.64/16.98,ICFLp95=14.84,LD=0,SF=1.50,LP=0,DVFS=0
08-21 09:57:02.073 17656 17749 I AppLoadTimeTelemetryCommon: App load time recorded [packageName=com.stereokit.rust_binding.demos, time=12.322625, method="Input", launchType="Launch"]
08-21 09:57:03.001 17656 17750 I VrApi   : FPS=72/72,Prd=37ms,Tear=0,Early=0,Stale=0,Stale2/5/10/max=0/0/0/0,VSnc=1,Lat=-1,Fov=0,CPU4/GPU=2/4,1171/525MHz,OC=FF,TA=0/0/70,SP=N/N/F,Mem=1804MHz,Free=2507MB,PLS=0,Temp=32.0C/0.0C,TW=1.57ms,App=11.13ms,GD=0.00ms,CPU&GPU=14.87ms,LCnt=2(DR72,LM2),GPU%=0.93,CPU%=0.20(W0.36),DSF=1.00,CFL=11.61/17.09,ICFLp95=14.77,LD=0,SF=1.50,LP=0,DVFS=0
08-21 09:57:03.758 17656 17685 I SK_rust_Demos: Starting scene: Anim1
08-21 09:57:03.772 17656 17685 I SK_rust_Demos: model node count : 4 !!!
08-21 09:57:03.772 17656 17685 I SK_rust_Demos: ---- : Some("Ico1") id: 0 
08-21 09:57:03.772 17656 17685 I SK_rust_Demos: ------- material : "auto/material_190"
