08-22 18:28:08.171 14015 14040 I RuntimeIPCClient [RUNTIMEIPC]: TryToGetIPCResourcesFromServer: RPC_CONNECTOR_CONNECT_TO_SERVER SUCCESS: Client: com.stereokit.rust_binding.demos:com.stereokit.rust_binding.demos:14015, Server: com.oculus.systemdriver:com.oculus.vrruntimeservice (DynamicObjectTrackingServer)
08-22 18:28:08.171 14015 14040 I RuntimeIPCClient [RUNTIMEIPC]: EnsureServerConnection: SUCCESS. Client: com.stereokit.rust_binding.demos:com.stereokit.rust_binding.demos:14015, Server: com.oculus.systemdriver:com.oculus.vrruntimeservice (DynamicObjectTrackingServer)
08-22 18:28:08.171 14015 14040 I RuntimeIPCClient [RUNTIMEIPC]: ConnectToServer: SUCCESS: Client: com.stereokit.rust_binding.demos:com.stereokit.rust_binding.demos:14015, Server: com.oculus.systemdriver:com.oculus.vrruntimeservice (DynamicObjectTrackingServer)
08-22 18:28:08.173 14015 14040 I [CT]    : SP:AF:AnchorFramework: Using TrackingService
08-22 18:28:08.173 14015 14040 I ThreadHelpers [RUNTIMEIPC]: RuntimeIPC::ThreadHelpers::SetState: threadName: JobPoolWorker, currentState: STATE_STOPPED, newState: STATE_STARTING
08-22 18:28:08.173 14015 14171 I ThreadHelpers [RUNTIMEIPC]: RuntimeIPC::ThreadHelpers::SetState: threadName: JobPoolWorker, currentState: STATE_STARTING, newState: STATE_RUNNING
08-22 18:28:08.175 14015 14040 I RuntimeIPCClient [RUNTIMEIPC]: Event buffer size (client): 8192
08-22 18:28:08.175 14015 14040 I RuntimeIPCClient [RUNTIMEIPC]: TryToGetIPCResourcesFromServer: RPC_CONNECTOR_CONNECT_TO_SERVER SUCCESS: Client: com.stereokit.rust_binding.demos:com.stereokit.rust_binding.demos:14015, Server: native_process.system:/system_ext/bin/trackingservice (SlamAnchorServer)
08-22 18:28:08.175 14015 14040 I RuntimeIPCClient [RUNTIMEIPC]: EnsureServerConnection: SUCCESS. Client: com.stereokit.rust_binding.demos:com.stereokit.rust_binding.demos:14015, Server: native_process.system:/system_ext/bin/trackingservice (SlamAnchorServer)
08-22 18:28:08.175 14015 14040 I RuntimeIPCClient [RUNTIMEIPC]: ConnectToServer: SUCCESS: Client: com.stereokit.rust_binding.demos:com.stereokit.rust_binding.demos:14015, Server: native_process.system:/system_ext/bin/trackingservice (SlamAnchorServer)
08-22 18:28:08.175 14015 14040 I [CT]    : SP:AF:AnchorFramework: Creating CPUThreadPoolScheduler AnchorFramework Scheduler
08-22 18:28:08.175 14015 14173 W [CT]    : VIPER: No callback registered to set thread properties for type 'Foreground' with name 'AnchorFrameworkVROS'
08-22 18:28:08.176 14015 14040 I ThreadHelpers [RUNTIMEIPC]: RuntimeIPC::ThreadHelpers::SetState: threadName: RIPCNotifThread, currentState: STATE_STOPPED, newState: STATE_STARTING
08-22 18:28:08.176 14015 14175 I ThreadHelpers [RUNTIMEIPC]: RuntimeIPC::ThreadHelpers::SetState: threadName: RIPCNotifThread, currentState: STATE_STARTING, newState: STATE_RUNNING
08-22 18:28:08.176 14015 14176 W [CT]    : VIPER: No callback registered to set thread properties for type 'Foreground' with name 'SlamAnchorPersistenceRuntimeIpcClient'
08-22 18:28:08.183 14015 14040 I [CT]    : SP:SpatialAnchorConfig: ensureInitialized: Gatekeeper Name: xr_scene_anchor_deviation_telemetry is set to true
08-22 18:28:08.186 14015 14040 I [CT]    : SP:SpatialAnchorConfig: ensureInitialized: Gatekeeper Name: oculus_enable_rigid_scene is set to true
08-22 18:28:08.191 14015 14040 I [CT]    : SP:SpatialAnchorConfig: ensureInitialized: Gatekeeper Name: oculus_rigid_scene_telemetry is set to true
08-22 18:28:08.191 14015 14040 I [CT]    : SP:AF:AnchorFrameworkTelemetryHelper: Device information acquired: deviceFlavor: hollywood-user
08-22 18:28:08.191 14015 14180 W [CT]    : VIPER: No callback registered to set thread properties for type 'Foreground' with name 'AnchorFrameworkInstrumented'
08-22 18:28:08.191 14015 14040 I [CT]    : SP:AF:AnchorFrameworkTelemetryHelper: Device information acquired: deviceFlavor: hollywood-user
08-22 18:28:08.195 14015 14040 I [CT]    : SP:AF:AnchorFramework: AnchorFrameworkExperimentEnabled = false
08-22 18:28:08.195 14015 14040 I TREXLoadPolicy: InsightSdk: all features matched!
08-22 18:28:08.195 14015 14040 I TREX    : Loading plugin com.oculus.mrservice:libmrservice_plugin.so
08-22 18:28:08.196 14015 14040 D AndroidLibraryResolver: Loading 'libmrservice_plugin.so' from package 'com.oculus.mrservice'
08-22 18:28:08.199 14015 14040 D ApplicationLoaders: Returning zygote-cached class loader: /system/framework/android.test.base.jar
08-22 18:28:08.199 14015 14040 D ApplicationLoaders: Returning zygote-cached class loader: /system/framework/android.hidl.manager-V1.0-java.jar
08-22 18:28:08.200 14015 14040 D ApplicationLoaders: Returning zygote-cached class loader: /system/framework/android.hidl.base-V1.0-java.jar
08-22 18:28:08.206 14015 14040 I AndroidLibraryResolver: Attempting to find getAPIFunction64
08-22 18:28:08.206 14015 14040 V LibLoaderImpl: Loading 64-bit LibLoaderImpl.
08-22 18:28:08.206 14015 14040 V LibLoaderImpl: internalGetAPIFunction: loadLibrary 'loaderimpl'
08-22 18:28:08.206 14015 14040 V LibLoaderImpl: Using System.loadLibrary
08-22 18:28:08.207 14015 14040 I libloaderimpl: nativeSetClassLoader:0x1556
08-22 18:28:08.207 14015 14040 V LibLoaderImpl: internalGetAPIFunction: calling nativeGetAPIFunction
08-22 18:28:08.207 14015 14040 I libloaderimpl: LibLoaderImpl nativeGetAPIFunction.
08-22 18:28:08.207 14015 14040 I libloaderimpl: LibLoaderHandle SUCCESS
08-22 18:28:08.207 14015 14040 I libloaderimpl: LibLoaderImpl GetAPIFunction. libName: libmrservice_plugin.so, funcName: trex_GetPluginInfo
08-22 18:28:08.211 14015 14040 I libloaderimpl: LibLoaderImpl GetAPIFunction. libName: libmrservice_plugin.so, funcName: trex_Initialize
08-22 18:28:08.211 14015 14040 I libloaderimpl: LibLoaderImpl GetAPIFunction. libName: libmrservice_plugin.so, funcName: trex_Shutdown
08-22 18:28:08.213 14015 14040 I TREX    : Created plugin package context for com.oculus.mrservice
08-22 18:28:08.215 14015 14040 I TREX    : Loading plugin com.oculus.wearableinputservice:libtrex_emgwristband_client_plugin.so
08-22 18:28:08.215 14015 14040 I TREX    : package 'com.oculus.wearableinputservice' not found, skipping
08-22 18:28:08.215 14015 14040 I TREX    : Plugin 'com.oculus.wearableinputservice:libtrex_emgwristband_client_plugin.so' not loaded.
08-22 18:28:08.215 14015 14040 I PerformanceManagerInterface_Impl: PerformanceManagerInterface_Impl_V1: feature: 2: oculus.software.handtracking
08-22 18:28:08.215 14015 14040 I PerformanceManagerInterface_Impl: PerformanceManagerInterface_Impl_V1: feature: 4: oculus.software.face_tracking
08-22 18:28:08.215 14015 14040 I PerformanceManagerInterface_Impl: PerformanceManagerInterface_Impl_V1: feature: 5: oculus.software.eye_tracking
08-22 18:28:08.215 14015 14040 E TREX    : Interface 'WristbandClientInterface', version 6 was not found. Check debug build for more information.
08-22 18:28:08.216 14015 14040 W t_binding.demo: Accessing hidden method Landroid/app/Activity;->isResumed()Z (unsupported, reflection, allowed)
08-22 18:28:08.218 14015 14183 I OpenXR  : nativeOnActivityReady
08-22 18:28:08.219 14015 14040 I ThreadHelpers [RUNTIMEIPC]: RuntimeIPC::ThreadHelpers::SetState: threadName: JobPoolWorker, currentState: STATE_STOPPED, newState: STATE_STARTING
08-22 18:28:08.219 14015 14184 I ThreadHelpers [RUNTIMEIPC]: RuntimeIPC::ThreadHelpers::SetState: threadName: JobPoolWorker, currentState: STATE_STARTING, newState: STATE_RUNNING
08-22 18:28:08.221 14015 14040 I RuntimeIPCClient [RUNTIMEIPC]: Event buffer size (client): 8192
08-22 18:28:08.221 14015 14040 I RuntimeIPCClient [RUNTIMEIPC]: TryToGetIPCResourcesFromServer: RPC_CONNECTOR_CONNECT_TO_SERVER SUCCESS: Client: com.stereokit.rust_binding.demos:com.stereokit.rust_binding.demos:14015, Server: com.oculus.systemdriver:com.oculus.vrruntimeservice (RuntimeServiceDevice)
08-22 18:28:08.221 14015 14040 I RuntimeIPCClient [RUNTIMEIPC]: EnsureServerConnection: SUCCESS. Client: com.stereokit.rust_binding.demos:com.stereokit.rust_binding.demos:14015, Server: com.oculus.systemdriver:com.oculus.vrruntimeservice (RuntimeServiceDevice)
08-22 18:28:08.221 14015 14040 I RuntimeIPCClient [RUNTIMEIPC]: ConnectToServer: SUCCESS: Client: com.stereokit.rust_binding.demos:com.stereokit.rust_binding.demos:14015, Server: com.oculus.systemdriver:com.oculus.vrruntimeservice (RuntimeServiceDevice)
08-22 18:28:08.236 14015 14040 I RuntimeIPCClient [RUNTIMEIPC]: Shutdown: 1, Client: com.stereokit.rust_binding.demos:com.stereokit.rust_binding.demos:14015, Server: com.oculus.systemdriver:com.oculus.vrruntimeservice (RuntimeServiceDevice)
08-22 18:28:08.236 14015 14040 I RuntimeIPCClient [RUNTIMEIPC]: ReleaseRef: Remaining refs: 0, Client: com.stereokit.rust_binding.demos:com.stereokit.rust_binding.demos:14015, Server: com.oculus.systemdriver:com.oculus.vrruntimeservice (RuntimeServiceDevice)
08-22 18:28:08.236 14015 14040 I RuntimeIPCClient [RUNTIMEIPC]: DisconnectFromServer: 0, Client: com.stereokit.rust_binding.demos:com.stereokit.rust_binding.demos:14015, Server: com.oculus.systemdriver:com.oculus.vrruntimeservice (RuntimeServiceDevice)
08-22 18:28:08.237 14015 14184 I ThreadHelpers [RUNTIMEIPC]: RuntimeIPC::ThreadHelpers::SetState: threadName: JobPoolWorker, currentState: STATE_STOPPING, newState: STATE_STOPPED
08-22 18:28:08.237 14015 14040 I Distortion: Initializing Mesh Decenter Correction
08-22 18:28:08.238 14015 14040 I Distortion: SetLensPositions - iad=0.06485, left offset=0.000542816,-0.00139587, right offset=-0.000906337,-0.00141104
08-22 18:28:08.239 14015 14040 I VrRuntimeDeviceClient: DevicesSupported : 4 devices, quest2|questpro|quest3
08-22 18:28:08.240 14015 14040 I OpenXR  : IsSystem 0
08-22 18:28:08.240 14015 14040 I Distortion: Initializing Mesh Decenter Correction
08-22 18:28:08.243 14015 14040 I Distortion: SetLensPositions - iad=0.06485, left offset=0.000542816,-0.00139587, right offset=-0.000906337,-0.00141104
08-22 18:28:08.243 14015 14040 I OpenXR  : ----------- xrCreateInstance [end] ----------
08-22 18:28:08.243 14015 14040 V OpenXR-Loader: Verbose [GENERAL | xrCreateInstance | OpenXR-Loader] : Completed loader terminator
08-22 18:28:08.243 14015 14040 I OpenXR-Loader: Info [GENERAL | xrCreateInstance | OpenXR-Loader] : LoaderInstance::CreateInstance succeeded with 0 layers enabled and runtime interface - created instance = 0x0100000000000001
08-22 18:28:08.243 14015 14040 V OpenXR-Loader: Verbose [GENERAL | xrCreateInstance | OpenXR-Loader] : Completed loader trampoline
08-22 18:28:08.243 14015 14040 D SK_rust_Demos: Found OpenXR runtime: Oculus 68.597.0
08-22 18:28:08.243 14015 14040 V OpenXR-Loader: Verbose [GENERAL | xrCreateDebugUtilsMessengerEXT | OpenXR-Loader] : Entering loader trampoline
08-22 18:28:08.243 14015 14040 V OpenXR-Loader: Verbose [GENERAL | xrCreateDebugUtilsMessengerEXT | OpenXR-Loader] : Entering loader terminator
08-22 18:28:08.243 14015 14040 V OpenXR-Loader: Verbose [GENERAL | xrCreateDebugUtilsMessengerEXT | OpenXR-Loader] : Completed loader terminator
08-22 18:28:08.243 14015 14040 V OpenXR-Loader: Verbose [GENERAL | xrCreateDebugUtilsMessengerEXT | OpenXR-Loader] : Completed loader trampoline
08-22 18:28:08.243 14015 14040 D SK_rust_Demos: OpenXR requires GLES v3.0.0 - v3.2.0
08-22 18:28:08.243 14015 14040 I OpenXR  : ------------ xrCreateSession [start] -----------
08-22 18:28:08.245 14015 14040 I VrRuntimeClient: s->gRuntimeServiceSDKClient.InitClient
08-22 18:28:08.248 14015 14040 I ThreadHelpers [RUNTIMEIPC]: RuntimeIPC::ThreadHelpers::SetState: threadName: JobPoolWorker, currentState: STATE_STOPPED, newState: STATE_STARTING
08-22 18:28:08.248 14015 14191 I ThreadHelpers [RUNTIMEIPC]: RuntimeIPC::ThreadHelpers::SetState: threadName: JobPoolWorker, currentState: STATE_STARTING, newState: STATE_RUNNING
08-22 18:28:08.251 14015 14040 I RuntimeIPCClient [RUNTIMEIPC]: Event buffer size (client): 8192
08-22 18:28:08.251 14015 14040 I RuntimeIPCClient [RUNTIMEIPC]: TryToGetIPCResourcesFromServer: RPC_CONNECTOR_CONNECT_TO_SERVER SUCCESS: Client: com.stereokit.rust_binding.demos:com.stereokit.rust_binding.demos:14015, Server: com.oculus.systemdriver:com.oculus.vrruntimeservice (RuntimeServiceServer)
08-22 18:28:08.251 14015 14040 I RuntimeIPCClient [RUNTIMEIPC]: EnsureServerConnection: SUCCESS. Client: com.stereokit.rust_binding.demos:com.stereokit.rust_binding.demos:14015, Server: com.oculus.systemdriver:com.oculus.vrruntimeservice (RuntimeServiceServer)
08-22 18:28:08.251 14015 14040 I RuntimeIPCClient [RUNTIMEIPC]: ConnectToServer: SUCCESS: Client: com.stereokit.rust_binding.demos:com.stereokit.rust_binding.demos:14015, Server: com.oculus.systemdriver:com.oculus.vrruntimeservice (RuntimeServiceServer)
08-22 18:28:08.251 14015 14191 I VrRuntimeClient: s->gRuntimeServiceSDKClient.Connected: com.oculus.systemdriver:com.oculus.vrruntimeservice
08-22 18:28:08.251 14015 14191 I VrRuntimeClient: RegisterClient RequestDescriptor com.stereokit.rust_binding.demos:14015 clientType 0 clientFlags 0 clientSessionPlacement 0
08-22 18:28:08.260 14015 14191 I VrRuntimeClient: RegisterClient success 
08-22 18:28:08.260 14015 14191 I VrRuntimeClient: RuntimeIPC: ServiceConnected: SharedMemoryDebug: publicReadOnly SharedMemorySize=192 (com.stereokit.rust_binding.demos) sizeof(s->sharedMemoryPublicReadOnly)=216
08-22 18:28:08.261 14015 14191 I VrRuntimeClient: RuntimeIPC: ServiceConnected: SharedMemoryDebug: privateReadWrite SharedMemorySize=111800 (com.stereokit.rust_binding.demos) sizeof(privateSharedMemorySize)=8
08-22 18:28:08.262 14015 14191 I VrRuntimeClient: nativeRuntimeServiceConnected: SharedMemoryDebug: publicReadOnlyFd=159, privateReadWriteFd=160 (com.stereokit.rust_binding.demos)
08-22 18:28:08.266 14015 14040 I ThreadHelpers [RUNTIMEIPC]: RuntimeIPC::ThreadHelpers::SetState: threadName: JobPoolWorker, currentState: STATE_STOPPED, newState: STATE_STARTING
08-22 18:28:08.267 14015 14194 I ThreadHelpers [RUNTIMEIPC]: RuntimeIPC::ThreadHelpers::SetState: threadName: JobPoolWorker, currentState: STATE_STARTING, newState: STATE_RUNNING
08-22 18:28:08.267 14015 14040 I ThreadHelpers [RUNTIMEIPC]: RuntimeIPC::ThreadHelpers::SetState: threadName: RIPCNotifThread, currentState: STATE_STOPPED, newState: STATE_STARTING
08-22 18:28:08.267 14015 14195 I ThreadHelpers [RUNTIMEIPC]: RuntimeIPC::ThreadHelpers::SetState: threadName: RIPCNotifThread, currentState: STATE_STARTING, newState: STATE_RUNNING
08-22 18:28:08.267 14015 14040 I VrRuntimeClient: s->gRuntimeServiceSDKClient.InitClient SUCCESS. Version: 5.0, Custom: 1.0
08-22 18:28:08.267 14015 14040 I RuntimeIPCClientMgr [RUNTIMEIPC]: GetClientOptions
08-22 18:28:08.267 14015 14040 I VrRuntimeClient: Connected to VrRuntimeService on attempt 0
08-22 18:28:08.267 14015 14040 I OpenXR  : xrCreateSession: Connected to VrRuntimeService after 0.022051s
08-22 18:28:08.272 14015 14040 I VrRuntimeClient: SetPhaseSyncMode 1
08-22 18:28:08.272 14015 14040 I VrRuntimeClient: SetPhaseSyncMode 1
08-22 18:28:08.272 14015 14040 I OpenXR  : PhaseSync Mode: PHASE_SYNC
08-22 18:28:08.272 14015 14040 I VrRuntimeClient: VrRuntimeClient: Init
08-22 18:28:08.273 14015 14040 I PTKService: PTKServiceClient Init
08-22 18:28:08.274 14015 14040 I ThreadHelpers [RUNTIMEIPC]: RuntimeIPC::ThreadHelpers::SetState: threadName: JobPoolWorker, currentState: STATE_STOPPED, newState: STATE_STARTING
08-22 18:28:08.274 14015 14196 I ThreadHelpers [RUNTIMEIPC]: RuntimeIPC::ThreadHelpers::SetState: threadName: JobPoolWorker, currentState: STATE_STARTING, newState: STATE_RUNNING
08-22 18:28:08.274 14015 14040 I ClientProcessConnector [RUNTIMEIPC]: GetProcessConnection: com.oculus.vrshell:com.oculus.vrshell
08-22 18:28:08.275 14015 14040 I RuntimeIPCClient [RUNTIMEIPC]: Event buffer size (client): 8192
08-22 18:28:08.275 14015 14040 I RuntimeIPCClient [RUNTIMEIPC]: TryToGetIPCResourcesFromServer: RPC_CONNECTOR_CONNECT_TO_SERVER SUCCESS: Client: com.stereokit.rust_binding.demos:com.stereokit.rust_binding.demos:14015, Server: com.oculus.vrshell:com.oculus.vrshell (ptkserviceserver)
08-22 18:28:08.275 14015 14040 I RuntimeIPCClient [RUNTIMEIPC]: EnsureServerConnection: SUCCESS. Client: com.stereokit.rust_binding.demos:com.stereokit.rust_binding.demos:14015, Server: com.oculus.vrshell:com.oculus.vrshell (ptkserviceserver)
08-22 18:28:08.275 14015 14040 I RuntimeIPCClient [RUNTIMEIPC]: ConnectToServer: SUCCESS: Client: com.stereokit.rust_binding.demos:com.stereokit.rust_binding.demos:14015, Server: com.oculus.vrshell:com.oculus.vrshell (ptkserviceserver)
08-22 18:28:08.277 14015 14040 I RuntimeIPCClient [RUNTIMEIPC]: InitServerStateBuffer: SUCCESS. 0, Client: com.stereokit.rust_binding.demos:com.stereokit.rust_binding.demos:14015, Server: com.oculus.vrshell:com.oculus.vrshell (ptkserviceserver)
08-22 18:28:08.277 14015 14040 W ServerStateBuffer [RUNTIMEIPC]: IPCService: GetDataBegin: entryIndex < 0 || entryIndex >= numEntries_ || entryIndex >= trustedMaxEntries: 1, 3, 0
08-22 18:28:08.277 14015 14040 W ServerStateBuffer [RUNTIMEIPC]: IPCService: GetDataBegin: entryIndex < 0 || entryIndex >= numEntries_ || entryIndex >= trustedMaxEntries: 2, 3, 0
08-22 18:28:08.277 14015 14040 V OVR::Capture: Failed to open trace_marker ATrace file!
08-22 18:28:08.277 14015 14040 I RuntimeIPCClient [RUNTIMEIPC]: InitServerStateBuffer: SUCCESS. 0, Client: com.stereokit.rust_binding.demos:com.stereokit.rust_binding.demos:14015, Server: com.oculus.systemdriver:com.oculus.vrruntimeservice (RuntimeServiceServer)
08-22 18:28:08.278 14015 14040 I AudioCapture: AudioCapture::Init
08-22 18:28:08.278 14015 14040 I AudioCapture: AudioCapture::Init -> Initializing audio capture using direct OS Callbacks
08-22 18:28:08.278 14015 14040 I AudioCapture: AudioCapture::Init COMPLETE
08-22 18:28:08.278 14015 14040 I Foveation: Vulkan foveation tile offset enabled: 0
08-22 18:28:08.278 14015 14040 I Foveation: Vulkan foveation tile turn off enabled: 1
08-22 18:28:08.279 14015 14040 I ThreadHelpers [RUNTIMEIPC]: RuntimeIPC::ThreadHelpers::SetState: threadName: JobPoolWorker, currentState: STATE_STOPPED, newState: STATE_STARTING
08-22 18:28:08.279 14015 14199 I ThreadHelpers [RUNTIMEIPC]: RuntimeIPC::ThreadHelpers::SetState: threadName: JobPoolWorker, currentState: STATE_STARTING, newState: STATE_RUNNING
08-22 18:28:08.280 14015 14040 I ClientProcessConnector [RUNTIMEIPC]: GetProcessConnection: com.oculus.guardian:com.oculus.vrguardianservice
08-22 18:28:08.282 14015 14040 I RuntimeIPCClient [RUNTIMEIPC]: Event buffer size (client): 8192
08-22 18:28:08.282 14015 14040 I RuntimeIPCClient [RUNTIMEIPC]: TryToGetIPCResourcesFromServer: RPC_CONNECTOR_CONNECT_TO_SERVER SUCCESS: Client: com.stereokit.rust_binding.demos:com.stereokit.rust_binding.demos:14015, Server: com.oculus.guardian:com.oculus.vrguardianservice (guardianserver)
08-22 18:28:08.282 14015 14040 I RuntimeIPCClient [RUNTIMEIPC]: EnsureServerConnection: SUCCESS. Client: com.stereokit.rust_binding.demos:com.stereokit.rust_binding.demos:14015, Server: com.oculus.guardian:com.oculus.vrguardianservice (guardianserver)
08-22 18:28:08.282 14015 14040 I RuntimeIPCClient [RUNTIMEIPC]: ConnectToServer: SUCCESS: Client: com.stereokit.rust_binding.demos:com.stereokit.rust_binding.demos:14015, Server: com.oculus.guardian:com.oculus.vrguardianservice (guardianserver)
08-22 18:28:08.288 14015 14040 I VrGuardianClient: guardianSDKClient_ connected.
08-22 18:28:08.298 14015 14040 I VrRuntimeClient: Is120HzSupported: 1
08-22 18:28:08.298 14015 14040 I FaceEyeTrackingClientManager: [FaceEyeTrackingManager] Initializing FaceEyeTrackingClientManager...
08-22 18:28:08.302 14015 14040 I LogTimer: CPUTIME: VrRuntimeClient_Init took 29.0700 ms
08-22 18:28:08.302 14015 14040 I Distortion: Initializing Mesh Decenter Correction
08-22 18:28:08.303 14015 14040 I Distortion: SetLensPositions - iad=0.06485, left offset=0.000542816,-0.00139587, right offset=-0.000906337,-0.00141104
08-22 18:28:08.303 14015 14040 I Distortion: Initializing Mesh Decenter Correction
08-22 18:28:08.304 14015 14040 I Distortion: SetLensPositions - iad=0.06485, left offset=0.000542816,-0.00139587, right offset=-0.000906337,-0.00141104
08-22 18:28:08.304 14015 14040 I Colorspace: Quest 2 default OpenXR color space: P3 (new behavior)
08-22 18:28:08.306 14015 14040 I ClientInputSettings: SYSTEMBUTTONSPACE GKS freeze '1' 
08-22 18:28:08.306 14015 14040 I ClientInputSettings: SYSTEMBUTTONSPACE 'com.stereokit.rust_binding.demos' Freeze input '1' on home button down
08-22 18:28:08.306 14015 14040 I ClientInputSettings: HANDTRACKING: Hands V2.0 enforced.
08-22 18:28:08.306 14015 14040 I ClientInputSettings: HANDTRACKING: YES, in the GK oculus_mobile_enable_hand_tracking_frequency_inter
08-22 18:28:08.306 14015 14040 I ClientInputInterface: HANDTRACKING sethandtrackingfrequency 1
08-22 18:28:08.306 14015 14040 I ClientInputSettings: HANDTRACKING: YES, in the GK oculus_mobile_30hz_handtracking_downclocking
08-22 18:28:08.306 14015 14040 I ClientInputInterface: Set30HzHandtrackingDownclockingGKFlag 1
08-22 18:28:08.306 14015 14040 I ClientInputSettings: HANDTRACKING: NO, not in the GK oculus_mobile_enable_hand_emulation_of_controllers
08-22 18:28:08.306 14015 14040 I ClientInputInterface: HANDTRACKING SetHandTrackingControllerEmulationGkFlag 0
08-22 18:28:08.306 14015 14040 I InputHooks: InitializeInputHooks
08-22 18:28:08.306 14015 14040 I InputHooks: InitializeInputHooks create
08-22 18:28:08.306 14015 14040 I OpenXR  : Disable query on enumrated subaction paths fix on com.stereokit.rust_binding.demos.
08-22 18:28:08.306 14015 14040 I OpenXR  : Disable xrQuerySpacesFB to return multiple rooms on com.stereokit.rust_binding.demos.
08-22 18:28:08.306 14015 14040 I OpenXR  : Disable xrGetVisibilityMaskKHR on com.stereokit.rust_binding.demos.
08-22 18:28:08.306 14015 14040 I OpenXR  : Disable shareable component on Room from xrSetSpaceComponentStatusFB on com.stereokit.rust_binding.demos.
08-22 18:28:08.306 14015 14040 I OpenXR  : xrCreateSession: Activity is already in the ready state.
08-22 18:28:08.306 14015 14040 I XrRuntimeUtils: XrRuntimeUtils::CreateSession
08-22 18:28:08.306 14015 14040 I OpenXR_Aperture: ------------ ovrCreateApertureMETAX1 -----------
08-22 18:28:08.308 14015 14040 I OpenXR  : ------------ xrCreateSession [end] -----------
08-22 18:28:08.308 14015 14040 D SK_rust_Demos: System name: Oculus Quest2
08-22 18:28:08.308 14015 14040 D SK_rust_Demos: XR_MSFT_hand_interaction - Rejected - Hides menu button events on Quest.
08-22 18:28:08.308 14015 14040 D SK_rust_Demos: XR_EXT_hand_tracking - Ready.
08-22 18:28:08.308 14015 14040 D SK_rust_Demos: Set color space to XR_COLOR_SPACE_REC709_FB
08-22 18:28:08.308 14015 14040 D SK_rust_Demos: Creating view: PrimaryStereo color:rgba32_sRGB depth:depth24_stencil8 blend:Opaque
08-22 18:28:08.308 14015 14040 I OpenXR_Space: xrCreateReferenceSpace: Spaces info
08-22 18:28:08.308 14015 14040 I OpenXR_Space: xrCreateReferenceSpace: Local version=132
08-22 18:28:08.308 14015 14040 I OpenXR_Space: xrCreateReferenceSpace: RawFromLocal       = (-0.000, -0.539, -0.000, 0.842), (0.10, -0.12, 0.06)
08-22 18:28:08.308 14015 14040 I OpenXR_Space: xrCreateReferenceSpace: RawFromLocalTilted = (-0.288, -0.507, -0.187, 0.791), (0.10, -0.12, 0.06)
08-22 18:28:08.308 14015 14040 I OpenXR_Space: xrCreateReferenceSpace: Stage IsValid=true
08-22 18:28:08.308 14015 14040 I OpenXR_Space: xrCreateReferenceSpace: Stage HasActiveGuardian=true
08-22 18:28:08.308 14015 14040 I OpenXR_Space: xrCreateReferenceSpace: Stage Width=3.550621, Depth=3.577428
08-22 18:28:08.308 14015 14040 I OpenXR_Space: xrCreateReferenceSpace: RawFromStage       = (0.000, 0.736, 0.000, 0.677), (0.13, -1.15, -1.30)
08-22 18:28:08.342 14015 14040 I OpenXR  : PostSessionStateChange: XR_SESSION_STATE_UNKNOWN -> XR_SESSION_STATE_IDLE
08-22 18:28:08.343 14015 14040 I Deque   : AddEventToQueue called. eventInfo.type: 18, eventInfo.next: 1
08-22 18:28:08.343 14015 14040 I OpenXR  : PostSessionStateChange: XR_SESSION_STATE_IDLE -> XR_SESSION_STATE_READY
08-22 18:28:08.343 14015 14040 I Deque   : AddEventToQueue called. eventInfo.type: 18, eventInfo.next: 1
08-22 18:28:08.343 14015 14040 D SK_rust_Demos: OpenXR state: unknown -> idle
08-22 18:28:08.343 14015 14040 D SK_rust_Demos: OpenXR state: idle -> ready
08-22 18:28:08.343 14015 14040 I OpenXR  : ------------ xrBeginSession [start] -----------
08-22 18:28:08.343 14015 14040 I DRR     : DRR is supported: 1
08-22 18:28:08.343 14015 14040 I DRR     : DRR is enabled: 0
08-22 18:28:08.343 14015 14040 D OsSdkLoader: OSSDK loading module 'libheadtracker.oculus.so'
08-22 18:28:08.344 14015 14040 I Sensor  : OSSDKTRACKING Initializing controller tracking
08-22 18:28:08.344 14015 14040 I Sensor  : OSSDKTRACKING Controller tracker != nullpointer 0xb40000724db78b30, 1
08-22 18:28:08.347 14015 14040 I DeviceStatus: nativeHeadsetEvent(0)
08-22 18:28:08.348 14015 14040 I VrRuntimeClient: SetCompositorClientFeatureFlag ClientFeatureFlag 0 
08-22 18:28:08.349 14015 14040 I RuntimeIPCClient [RUNTIMEIPC]: InitServerStateBuffer: SUCCESS. 0, Client: com.stereokit.rust_binding.demos:com.stereokit.rust_binding.demos:14015, Server: com.oculus.guardian:com.oculus.vrguardianservice (guardianserver)
08-22 18:28:08.349 14015 14040 I VrRuntimeClient: Mounted state at BeginSession: True
08-22 18:28:08.349 14015 14040 I AppLoadTimeTelemetryCommon: App load time recorded [packageName=com.stereokit.rust_binding.demos, time=5.059163, method="BeginSession", launchType="Launch"]
08-22 18:28:08.349 14015 14040 I LogTimer: CPUTIME: VrRuntimeClient_BeginSession took 5.6817 ms
08-22 18:28:08.349 14015 14040 D t_binding.demo: memorybroker::ClientConnection registered
08-22 18:28:08.351 14015 14040 I Distortion: Initializing Mesh Decenter Correction
08-22 18:28:08.353 14015 14040 I Distortion: SetLensPositions - iad=0.0681352, left offset=0.00214652,-0.00139587, right offset=-0.00258787,-0.00141104
08-22 18:28:08.353 14015 14040 I Distortion: Initializing Mesh Decenter Correction
08-22 18:28:08.354 14015 14040 I Distortion: SetLensPositions - iad=0.0681352, left offset=0.00214652,-0.00139587, right offset=-0.00258787,-0.00141104
08-22 18:28:08.355 14015 14040 I ClientInputSettings: HANDTRACKING: enabled input settings, setting hand mode control settings to ControllersOnly
08-22 18:28:08.355 14015 14040 I ClientInputSettings: HANDTRACKING package name is com.stereokit.rust_binding.demos
08-22 18:28:08.356 14015 14040 I ClientInputSettings: HANDTRACKING: Manifest Permission request for com.stereokit.rust_binding.demos
08-22 18:28:08.356 14015 14040 I ClientInputSettings: HANDTRACKING:  'com.stereokit.rust_binding.demos' Is hands or controller.
08-22 18:28:08.356 14015 14040 I ClientInputSettings: HANDTRACKING: feature flag set to 2
08-22 18:28:08.356 14015 14040 I ClientInputInterface: HANDTRACKING sethandmanifest 2
08-22 18:28:08.357 14015 14040 I InputHooks_Internal: Enabling Native Input Hooks
08-22 18:28:08.359 14015 14040 W t_binding.demo: Accessing hidden method Landroid/content/Context;->startServiceAsUser(Landroid/content/Intent;Landroid/os/UserHandle;)Landroid/content/ComponentName; (unsupported, reflection, allowed)
08-22 18:28:08.359 14015 14040 W t_binding.demo: Accessing hidden method Landroid/content/Context;->registerReceiverAsUser(Landroid/content/BroadcastReceiver;Landroid/os/UserHandle;Landroid/content/IntentFilter;Ljava/lang/String;Landroid/os/Handler;)Landroid/content/Intent; (unsupported, reflection, allowed)
08-22 18:28:08.360 14015 14040 I InputDeviceManager: ovrInputDeviceManager::Initialize
08-22 18:28:08.360 14015 14040 I [CT]    : HandPosePrediction: Set sampler config enum for v59 30 Hz
08-22 18:28:08.360 14015 14040 I [CT]    : HandPosePrediction: Set sampler config enum for v59 30 Hz
08-22 18:28:08.360 14015 14040 I InputDevice_Hand: BodyPoweredHands checkSysPropForBodyAPIOverride 0
08-22 18:28:08.360 14015 14040 I InputDevice_Hand: BodyPoweredHands checkSysPropForBodyAPIOverride 0
08-22 18:28:08.360 14015 14040 W InputDevice_TrackedRemote: Did not pass RIPC GK, fetching controller input data from shared memory
08-22 18:28:08.360 14015 14040 I InputDeviceManager: HANDTRACKING Root pose filter profile changed for freq to 17 from 0  inf: 1
08-22 18:28:08.360 14015 14040 I GL_Utils: egl = 1.5
08-22 18:28:08.360 14015 14040 I GL_Utils: es3 = TRUE
08-22 18:28:08.361 14015 14040 I GL_Utils: Found: GL_OES_vertex_array_object
08-22 18:28:08.361 14015 14040 I GL_Utils: Found: GL_QCOM_tiled_rendering
08-22 18:28:08.361 14015 14040 I GL_Utils: Found: GL_EXT_sRGB
08-22 18:28:08.361 14015 14040 I GL_Utils: Found: GL_EXT_sRGB_write_control
08-22 18:28:08.361 14015 14040 I GL_Utils: Found: GL_EXT_disjoint_timer_query
08-22 18:28:08.361 14015 14040 I GL_Utils: Found: GL_EXT_buffer_storage
08-22 18:28:08.361 14015 14040 I GL_Utils: Found: GL_EXT_memory_object
08-22 18:28:08.361 14015 14040 I GL_Utils: Found: GL_EXT_memory_object_fd
08-22 18:28:08.361 14015 14040 I GL_Utils: Found: GL_QCOM_texture_foveated
08-22 18:28:08.362 14015 14040 I GL_Utils: Found: GL_KHR_debug
08-22 18:28:08.362 14015 14040 I GL_Utils: Found: GL_OES_EGL_image
08-22 18:28:08.362 14015 14040 I GL_Utils: Found: GL_EXT_texture_border_clamp
08-22 18:28:08.362 14015 14040 I GL_Utils: Found: GL_EXT_texture_filter_anisotropic
08-22 18:28:08.362 14015 14040 I GL_Utils: Found: GL_OES_texture_view
08-22 18:28:08.362 14015 14040 I GL_Utils: Found: GL_EXT_texture_format_sRGB_override
08-22 18:28:08.362 14015 14040 I GL_Utils: Found: GL_IMG_texture_filter_cubic
08-22 18:28:08.362 14015 14040 I GL_Utils: Found: GL_EXT_clip_cull_distance
08-22 18:28:08.362 14015 14040 I GL_Utils: Found: GL_EXT_blend_func_extended
08-22 18:28:08.362 14015 14040 I PhaseSync: PhaseSync::PhaseSync PaddingLowerLimit 0.350000 StandardDeviations 2.000000 PaddingUpperLimit 0.750000 on instance 0
08-22 18:28:08.362 14015 14040 I FrameSync: FrameSync Initialized Instance 1
08-22 18:28:08.362 14015 14040 I VrRuntimeClient: PhaseSync Instance created
08-22 18:28:08.368 14015 14040 D CompatibilityChangeReporter: Compat change id reported: 160794467; UID 10153; state: ENABLED
08-22 18:28:08.368 14015 14040 W ServerStateBuffer [RUNTIMEIPC]: IPCService: GetDataBegin: entryIndex < 0 || entryIndex >= numEntries_ || entryIndex >= trustedMaxEntries: 5, 16, 0
08-22 18:28:08.368 14015 14040 I XrRuntimeUtils: XrRuntimeUtils::BeginSession
08-22 18:28:08.368 14015 14040 I XrRuntimeSystem_Client: BeginSession
08-22 18:28:08.369 14015 14040 I OpenXR  : usesManifestForCpuBoost:0
08-22 18:28:08.369 14015 14040 I OpenXR  : ------------ xrBeginSession [end] -----------
08-22 18:28:08.369 14015 14040 D SK_rust_Demos: OpenXR session began.
08-22 18:28:08.372 14015 14207 I JniUtils: ovr_GetCurrentPackageSignature 
08-22 18:28:08.373 14015 14207 I Metrics : device model = Quest 2
08-22 18:28:08.373 14015 14207 I Telemetry: Aligning telemetry thread time, will wait for: 627 ms...
08-22 18:28:08.374 14015 14040 W ServerStateBuffer [RUNTIMEIPC]: IPCService: GetDataBegin: entryIndex < 0 || entryIndex >= numEntries_ || entryIndex >= trustedMaxEntries: 15, 16, 0
08-22 18:28:08.374 14015 14040 W ServerStateBuffer [RUNTIMEIPC]: IPCService: GetDataBegin: entryIndex < 0 || entryIndex >= numEntries_ || entryIndex >= trustedMaxEntries: 13, 16, 0
08-22 18:28:08.374 14015 14040 I AudioCapture: AudioCapture::PauseAudioCapture
08-22 18:28:08.375 14015 14040 I OpenXR  : Opaque frame needs background layer.
08-22 18:28:08.375 14015 14209 I FenceChecker: FenceChecker::MainLoop - started
08-22 18:28:08.377 14015 14040 W ServerStateBuffer [RUNTIMEIPC]: IPCService: GetDataBegin: entryIndex < 0 || entryIndex >= numEntries_ || entryIndex >= trustedMaxEntries: 4, 16, 0
08-22 18:28:08.378 14015 14040 I OpenXR  : PostSessionStateChange: XR_SESSION_STATE_READY -> XR_SESSION_STATE_SYNCHRONIZED
08-22 18:28:08.378 14015 14040 I Deque   : AddEventToQueue called. eventInfo.type: 18, eventInfo.next: 1
08-22 18:28:08.378 14015 14040 D SK_rust_Demos: OpenXR state: ready -> synchronized
08-22 18:28:08.378 14015 14040 I OpenXR  : PostSessionStateChange: XR_SESSION_STATE_SYNCHRONIZED -> XR_SESSION_STATE_VISIBLE
08-22 18:28:08.380 14015 14040 I Deque   : AddEventToQueue called. eventInfo.type: 18, eventInfo.next: 1
08-22 18:28:08.380 14015 14040 I OpenXR  : PostSessionStateChange: XR_SESSION_STATE_VISIBLE -> XR_SESSION_STATE_FOCUSED
08-22 18:28:08.380 14015 14040 I Deque   : AddEventToQueue called. eventInfo.type: 18, eventInfo.next: 1
08-22 18:28:08.380 14015 14040 D SK_rust_Demos: OpenXR state: synchronized -> visible
08-22 18:28:08.380 14015 14040 D SK_rust_Demos: OpenXR state: visible -> focused
08-22 18:28:08.380 14015 14040 D SK_rust_Demos: Created local floor app space at an offset of (0,0,0) (0,0,0,1)
08-22 18:28:08.380 14015 14040 V OpenXR_Actions: -- xrSuggestInteractionProfileBindings -
08-22 18:28:08.381 14015 14040 V OpenXR_Actions: -- xrSuggestInteractionProfileBindings -
08-22 18:28:08.381 14015 14040 V OpenXR_Actions: -- xrSuggestInteractionProfileBindings -
08-22 18:28:08.382 14015 14040 V OpenXR_Actions: -- xrSuggestInteractionProfileBindings -
08-22 18:28:08.382 14015 14040 V OpenXR_Actions: xrSuggestInteractionProfileBindings: adding binding actionPathBinding=19, action=grip_pose, subactionMask=1, pathActionType=4
08-22 18:28:08.382 14015 14040 V OpenXR_Actions: xrSuggestInteractionProfileBindings: adding binding actionPathBinding=35, action=grip_pose, subactionMask=2, pathActionType=4
08-22 18:28:08.382 14015 14040 V OpenXR_Actions: xrSuggestInteractionProfileBindings: adding binding actionPathBinding=18, action=aim_pose, subactionMask=1, pathActionType=4
08-22 18:28:08.382 14015 14040 V OpenXR_Actions: xrSuggestInteractionProfileBindings: adding binding actionPathBinding=34, action=aim_pose, subactionMask=2, pathActionType=4
08-22 18:28:08.382 14015 14040 V OpenXR_Actions: xrSuggestInteractionProfileBindings: adding binding actionPathBinding=10, action=trigger, subactionMask=1, pathActionType=2
08-22 18:28:08.382 14015 14040 V OpenXR_Actions: xrSuggestInteractionProfileBindings: adding binding actionPathBinding=26, action=trigger, subactionMask=2, pathActionType=2
08-22 18:28:08.382 14015 14040 V OpenXR_Actions: xrSuggestInteractionProfileBindings: adding binding actionPathBinding=9, action=grip, subactionMask=1, pathActionType=2
08-22 18:28:08.382 14015 14040 V OpenXR_Actions: xrSuggestInteractionProfileBindings: adding binding actionPathBinding=25, action=grip, subactionMask=2, pathActionType=2
08-22 18:28:08.382 14015 14040 V OpenXR_Actions: xrSuggestInteractionProfileBindings: adding binding actionPathBinding=54, action=stick_xy, subactionMask=1, pathActionType=3
08-22 18:28:08.382 14015 14040 V OpenXR_Actions: xrSuggestInteractionProfileBindings: adding binding actionPathBinding=55, action=stick_xy, subactionMask=2, pathActionType=3
08-22 18:28:08.382 14015 14040 V OpenXR_Actions: xrSuggestInteractionProfileBindings: adding binding actionPathBinding=14, action=stick_click, subactionMask=1, pathActionType=1
08-22 18:28:08.382 14015 14040 V OpenXR_Actions: xrSuggestInteractionProfileBindings: adding binding actionPathBinding=30, action=stick_click, subactionMask=2, pathActionType=1
08-22 18:28:08.382 14015 14040 V OpenXR_Actions: xrSuggestInteractionProfileBindings: adding binding actionPathBinding=8, action=menu, subactionMask=1, pathActionType=1
08-22 18:28:08.382 14015 14040 V OpenXR_Actions: xrSuggestInteractionProfileBindings: adding binding actionPathBinding=4, action=button_x1, subactionMask=1, pathActionType=1
08-22 18:28:08.382 14015 14040 V OpenXR_Actions: xrSuggestInteractionProfileBindings: adding binding actionPathBinding=20, action=button_x1, subactionMask=2, pathActionType=1
08-22 18:28:08.382 14015 14040 V OpenXR_Actions: xrSuggestInteractionProfileBindings: adding binding actionPathBinding=6, action=button_x2, subactionMask=1, pathActionType=1
08-22 18:28:08.382 14015 14040 V OpenXR_Actions: xrSuggestInteractionProfileBindings: adding binding actionPathBinding=22, action=button_x2, subactionMask=2, pathActionType=1
08-22 18:28:08.382 14015 14040 V OpenXR_Actions: -- xrSuggestInteractionProfileBindings -
08-22 18:28:08.383 14015 14040 V OpenXR_Actions: xrSuggestInteractionProfileBindings: adding binding actionPathBinding=19, action=grip_pose, subactionMask=1, pathActionType=4
08-22 18:28:08.383 14015 14040 V OpenXR_Actions: xrSuggestInteractionProfileBindings: adding binding actionPathBinding=35, action=grip_pose, subactionMask=2, pathActionType=4
08-22 18:28:08.383 14015 14040 V OpenXR_Actions: xrSuggestInteractionProfileBindings: adding binding actionPathBinding=18, action=aim_pose, subactionMask=1, pathActionType=4
08-22 18:28:08.383 14015 14040 V OpenXR_Actions: xrSuggestInteractionProfileBindings: adding binding actionPathBinding=34, action=aim_pose, subactionMask=2, pathActionType=4
08-22 18:28:08.383 14015 14040 V OpenXR_Actions: xrSuggestInteractionProfileBindings: adding binding actionPathBinding=49, action=trigger, subactionMask=1, pathActionType=1
08-22 18:28:08.383 14015 14040 V OpenXR_Actions: xrSuggestInteractionProfileBindings: adding binding actionPathBinding=50, action=trigger, subactionMask=2, pathActionType=1
08-22 18:28:08.383 14015 14040 V OpenXR_Actions: xrSuggestInteractionProfileBindings: adding binding actionPathBinding=8, action=menu, subactionMask=1, pathActionType=1
08-22 18:28:08.383 14015 14040 V OpenXR_Actions: xrSuggestInteractionProfileBindings: adding binding actionPathBinding=51, action=menu, subactionMask=2, pathActionType=1
08-22 18:28:08.383 14015 14040 D SK_rust_Demos: Bounds updated: 3.6x3.6 at (-1,1e-07,-0.6) (0,0.98,0,0.17)
08-22 18:28:08.383 14015 14040 D SK_rust_Demos: Initializing Audio
08-22 18:28:08.384 14015 14040 I AAudio  : AAudioStreamBuilder_openStream() called ----------------------------------------
08-22 18:28:08.384 14015 14040 I AudioStreamBuilder: rate   =  48000, channels  = 2, channelMask = 0x80000003, format   = 5, sharing = SH, dir = OUTPUT
08-22 18:28:08.384 14015 14040 I AudioStreamBuilder: device =      0, sessionId = -1, perfMode = 12, callback: ON with frames = 480
08-22 18:28:08.384 14015 14040 I AudioStreamBuilder: usage  =      0, contentType = 0, inputPreset = 0, allowedCapturePolicy = 0
08-22 18:28:08.384 14015 14040 I AudioStreamBuilder: privacy sensitive = false
08-22 18:28:08.384 14015 14040 I AudioStreamBuilder: opPackageName = (null)
08-22 18:28:08.384 14015 14040 I AudioStreamBuilder: attributionTag = (null)
08-22 18:28:08.384 14015 14040 D AudioStreamBuilder: build() disable aaudio output mmap via gk
08-22 18:28:08.384 14015 14040 D t_binding.demo: PlayerBase::PlayerBase()
08-22 18:28:08.384 14015 14040 D AudioStreamTrack: open(), request notificationFrames = 0, frameCount = 1440
08-22 18:28:08.392 14015 14040 I AudioTrack: createTrack_l(1065353216): AUDIO_OUTPUT_FLAG_FAST successful; frameCount 1440 -> 1440
08-22 18:28:08.393 14015 14040 D AAudioStream: setState(s#1) from 0 to 2
08-22 18:28:08.393 14015 14040 D AudioStreamTrack: open() flags changed from 0x00000104 to 0x00000004
08-22 18:28:08.394 14015 14040 I AAudio  : AAudioStreamBuilder_openStream() returns 0 = AAUDIO_OK for s#1 ----------------
08-22 18:28:08.394 14015 14040 D AAudio  : AAudioStream_requestStart(s#1) called --------------
08-22 18:28:08.394 14015 14040 D AAudioStream: setState(s#1) from 2 to 3
08-22 18:28:08.403 14015 14040 D AAudio  : AAudioStream_requestStart(s#1) returned 0 ---------
08-22 18:28:08.417 14015 14029 D AudioStreamLegacy: onAudioDeviceUpdate(deviceId = 2)
08-22 18:28:08.421 14015 14211 D AAudioStream: setState(s#1) from 3 to 4
08-22 18:28:08.423 14015 14040 I SK_rust_Demos: Using audio backend: AAudio
08-22 18:28:08.423 14015 14040 D SK_rust_Demos: Initializing Defaults
08-22 18:28:08.869 14015 14015 I OpenXR  : nativeOnActivityPaused
08-22 18:28:08.869 14015 14015 D STKit-rs: android_activity::activity_impl::glue: Pause: 0xb40000724db6a8c0
08-22 18:28:08.898 14015 14040 D SK_rust_Demos: Initializing Sprites
08-22 18:28:08.898 14015 14040 D SK_rust_Demos: Initializing Lines
08-22 18:28:08.898 14015 14040 D SK_rust_Demos: Initializing UI
08-22 18:28:08.909 14015 14040 D SK_rust_Demos: Initializing Tools
08-22 18:28:08.910 14015 14040 D SK_rust_Demos: Initializing Renderer
08-22 18:28:08.910 14015 14040 D SK_rust_Demos: Initializing World
08-22 18:28:08.910 14015 14040 D SK_rust_Demos: Bounds updated: 3.6x3.6 at (-1,1e-07,-0.6) (0,0.98,0,0.17)
08-22 18:28:08.910 14015 14040 D SK_rust_Demos: Initializing Input
08-22 18:28:08.910 14015 14040 I OpenXR_Hands: ------------ xrCreateHandTrackerEXT -----------
08-22 18:28:08.910 14015 14040 I OpenXR_Hands: ------------ xrCreateHandTrackerEXT -----------
08-22 18:28:08.910 14015 14040 I SK_rust_Demos: Initialization successful
08-22 18:28:08.910 14015 14040 I SK_rust_Demos: <<< After init
08-22 18:28:08.910 14015 14040 W SK_rust_Demos: Go go go !!!
08-22 18:28:08.910 14015 14040 D SK_rust_Demos: ======================================================================================================================== !!
08-22 18:28:08.913 14015 14040 D SK_rust_Demos: sprite_create: Atlased sprites not implemented yet! All atlased sprites will be switched to single.
08-22 18:28:09.000 14015 14207 I Telemetry: Time aligned, interrupted: 0
08-22 18:28:09.035 14015 14040 D SK_rust_Demos: "mobiles.gltf"
08-22 18:28:09.035 14015 14040 D SK_rust_Demos: "mobiles.gltf/mesh/0_0_Icosphere"
08-22 18:28:09.035 14015 14040 D SK_rust_Demos: "mobiles.gltf/mesh/1_0_Plane"
08-22 18:28:09.035 14015 14040 D SK_rust_Demos: "mobiles.gltf/mesh/2_0_Icosphere.003"
08-22 18:28:09.035 14015 14040 D SK_rust_Demos: "mobiles.gltf/mesh/3_0_Icosphere.004"
08-22 18:28:09.035 14015 14040 D SK_rust_Demos: calcaire_blanc params:
08-22 18:28:09.035 14015 14040 D SK_rust_Demos:  --- color :RGBA : 1.0/1.0/7.317312e28 : 1.0000136
08-22 18:28:09.036 14015 14040 D SK_rust_Demos:  --- emission_factor :RGBA : 0.0/0.0/0.0 : 0.0
08-22 18:28:09.036 14015 14040 D SK_rust_Demos:  --- tex_trans :[x:0, y:0, z:0.0000000006783744, w:0.000950339]
08-22 18:28:09.036 14015 14040 D SK_rust_Demos:  --- metallic :0
08-22 18:28:09.036 14015 14040 D SK_rust_Demos:  --- roughness :0.20000008
08-22 18:28:09.036 14015 14040 D SK_rust_Demos:  --- sk_cubemap :default/tex
08-22 18:28:09.036 14015 14040 D SK_rust_Demos:  --- diffuse :default/tex
08-22 18:28:09.036 14015 14040 D SK_rust_Demos:  --- emission :default/tex
08-22 18:28:09.036 14015 14040 D SK_rust_Demos:  --- metal :mobiles.gltf/tex/1
08-22 18:28:09.036 14015 14040 D SK_rust_Demos:  --- occlusion :default/tex
08-22 18:28:09.154 14015 14040 D SK_rust_Demos: Passthrough Deactived at start !!
08-22 18:28:09.154 14015 14040 D SK_rust_Demos: ===================================================================================================================== !!
08-22 18:28:09.154 14015 14040 D SK_rust_Demos: Thread id : None / ThreadId(2) 
08-22 18:28:09.154 14015 14040 D SK_rust_Demos: Process id : None / 14015 
08-22 18:28:09.154 14015 14040 I VrRuntimeClient: Client has lost focus.
08-22 18:28:09.154 14015 14040 I OpenXR  : PostSessionStateChange: XR_SESSION_STATE_FOCUSED -> XR_SESSION_STATE_VISIBLE
08-22 18:28:09.156 14015 14040 I Deque   : AddEventToQueue called. eventInfo.type: 18, eventInfo.next: 1
08-22 18:28:09.156 14015 14040 I OpenXR  : PostSessionStateChange: XR_SESSION_STATE_VISIBLE -> XR_SESSION_STATE_SYNCHRONIZED
08-22 18:28:09.156 14015 14040 I Deque   : AddEventToQueue called. eventInfo.type: 18, eventInfo.next: 1
08-22 18:28:09.156 14015 14040 I OpenXR  : PostSessionStateChange: XR_SESSION_STATE_SYNCHRONIZED -> XR_SESSION_STATE_STOPPING
08-22 18:28:09.157 14015 14040 I Deque   : AddEventToQueue called. eventInfo.type: 18, eventInfo.next: 1
08-22 18:28:09.157 14015 14040 D SK_rust_Demos: OpenXR state: focused -> visible
08-22 18:28:09.157 14015 14040 D SK_rust_Demos: OpenXR state: visible -> synchronized
08-22 18:28:09.157 14015 14040 D SK_rust_Demos: OpenXR state: synchronized -> stopping
08-22 18:28:09.157 14015 14040 I OpenXR  : ------------ xrEndSession [start] -----------
08-22 18:28:09.157 14015 14040 I XrRuntimeUtils: XrRuntimeUtils::EndSession
08-22 18:28:09.164 14015 14040 I Sensor  : OSSDKTRACKING Shutdown tracking
08-22 18:28:09.164 14015 14040 I VrRuntimeClient: EndSession. Restore the audio capture policy to default value
08-22 18:28:09.164 14015 14040 W ScreenCaptureHelper: setInhibitAudioCapture: Restore audio capture. Init policy: 1
08-22 18:28:09.165 14015 14040 I LogTimer: CPUTIME: VrRuntimeClient_EndSession took 8.3243 ms
08-22 18:28:09.167 14015 14040 I InputDeviceManager: ovrInputDeviceManager::~ovrInputDeviceManager
08-22 18:28:09.167 14015 14040 I OSHandDataQuerier: OSSDKTRACKING shutting down handsTracker_
08-22 18:28:09.167 14015 14040 I OSHandDataQuerier: OSSDKTRACKING shutting down handsTracker_
08-22 18:28:09.167 14015 14040 I InputHooks_Internal: Disabling Native Input Hooks
08-22 18:28:09.181 14015 14206 I ClientInputThread_Internal: InputThreadRun ShutdownRequest received
08-22 18:28:09.181 14015 14040 I ClientInputTrackedKeyboardManager: TRACKEDKEYBOARD ClearTrackedObjectManager called on client
08-22 18:28:09.188 14015 14209 I FenceChecker: FenceChecker::MainLoop - ended
08-22 18:28:09.189 14015 14040 I VrRuntimeClient: PhaseSync Instance deleted
08-22 18:28:09.190 14015 14040 I OpenXR  : PostSessionStateChange: XR_SESSION_STATE_STOPPING -> XR_SESSION_STATE_IDLE
08-22 18:28:09.190 14015 14040 I Deque   : AddEventToQueue called. eventInfo.type: 18, eventInfo.next: 1
08-22 18:28:09.190 14015 14040 I OpenXR  : ------------ xrEndSession [end] -----------
08-22 18:28:09.190 14015 14040 D SK_rust_Demos: OpenXR state: stopping -> idle
08-22 18:28:10.323 14015 14040 I OpenXR_Passthrough: ------------ xrCreatePassthroughFB -----------
08-22 18:28:10.323 14015 14040 I ipcLoader [RUNTIMEIPC]: RuntimeIPC: Loader: IPC Service API Loader Version: 69 Jun  5 2024 22:54:35
08-22 18:28:10.323 14015 14040 I ipcLoader [RUNTIMEIPC]: RuntimeIPC: Using android_get_exported_namespace: libripcclient.oculus.so
08-22 18:28:10.324 14015 14040 I ipcLoader [RUNTIMEIPC]: RuntimeIPC: android_get_exported_namespace SUCCESS: libripcclient.oculus.so
08-22 18:28:10.324 14015 14040 I ThreadHelpers [RUNTIMEIPC]: RuntimeIPC::ThreadHelpers::SetState: threadName: JobPoolWorker, currentState: STATE_STOPPED, newState: STATE_STARTING
08-22 18:28:10.325 14015 14302 I ThreadHelpers [RUNTIMEIPC]: RuntimeIPC::ThreadHelpers::SetState: threadName: JobPoolWorker, currentState: STATE_STARTING, newState: STATE_RUNNING
08-22 18:28:10.326 14015 14040 I ClientProcessConnector [RUNTIMEIPC]: GetProcessConnection: :
08-22 18:28:10.329 14015 14040 I RuntimeIPCClient [RUNTIMEIPC]: Event buffer size (client): 8192
08-22 18:28:10.329 14015 14040 I RuntimeIPCClient [RUNTIMEIPC]: TryToGetIPCResourcesFromServer: RPC_CONNECTOR_CONNECT_TO_SERVER SUCCESS: Client: com.stereokit.rust_binding.demos:com.stereokit.rust_binding.demos:14015, Server: : (MrServiceIPCServer)
08-22 18:28:10.329 14015 14040 I ThreadHelpers [RUNTIMEIPC]: RuntimeIPC::ThreadHelpers::SetState: threadName: RIPCNotifThread, currentState: STATE_STOPPED, newState: STATE_STARTING
08-22 18:28:10.329 14015 14304 I ThreadHelpers [RUNTIMEIPC]: RuntimeIPC::ThreadHelpers::SetState: threadName: RIPCNotifThread, currentState: STATE_STARTING, newState: STATE_RUNNING
08-22 18:28:10.330 14015 14040 I RuntimeIPCClient [RUNTIMEIPC]: EnsureServerConnection: SUCCESS. Client: com.stereokit.rust_binding.demos:com.stereokit.rust_binding.demos:14015, Server: : (MrServiceIPCServer)
08-22 18:28:10.330 14015 14040 I RuntimeIPCClient [RUNTIMEIPC]: ConnectToServer: SUCCESS: Client: com.stereokit.rust_binding.demos:com.stereokit.rust_binding.demos:14015, Server: : (MrServiceIPCServer)
08-22 18:28:10.330 14015 14040 I OpenXR_Passthrough: xrCreatePassthroughFB: Created Insight MR Passthrough feature
08-22 18:28:10.330 14015 14040 I OpenXR_Passthrough: ------------ xrCreatePassthroughLayerFB -----------
08-22 18:28:10.330 14015 14040 I OpenXR_Passthrough: xrCreatePassthroughLayerFB: Created Insight MR layer
08-22 18:28:10.332 14015 14040 I SK_rust_Demos: App focus changed to : Hidden
08-22 18:28:10.343 14015 14015 D STKit-rs: android_activity::activity_impl::glue: Resume: 0xb40000724db6a8c0
08-22 18:28:10.344 14015 14040 D SK_rust_Demos: UserEvent StepperAction::Add(..., id:TypeId { t: (602063639087560067, 87895919173169038) }, type_id:"HandMenuStepper1"
08-22 18:28:10.344 14015 14183 I OpenXR  : nativeOnActivityReady
08-22 18:28:10.378 14015 14040 D SK_rust_Demos: Sleeping until OpenXR session wakes
08-22 18:28:10.378 14015 14040 W Telemetry: [OpenXR] Unsupported threadType; 2
08-22 18:28:10.385 14015 14040 D AAudio  : AAudioStream_requestStop(s#1) called
08-22 18:28:10.386 14015 14040 D AAudioStream: setState(s#1) from 4 to 9
08-22 18:28:10.386 14015 14040 D AudioTrack: stop(87): called with 95808 frames delivered
08-22 18:28:10.389 14015 14040 D AAudioStream: setState(s#1) from 9 to 10
08-22 18:28:10.489 14015 14040 I OpenXR  : PostSessionStateChange: XR_SESSION_STATE_IDLE -> XR_SESSION_STATE_READY
08-22 18:28:10.489 14015 14040 I Deque   : AddEventToQueue called. eventInfo.type: 18, eventInfo.next: 1
08-22 18:28:10.489 14015 14040 D SK_rust_Demos: OpenXR state: idle -> ready
08-22 18:28:10.489 14015 14040 I OpenXR  : ------------ xrBeginSession [start] -----------
08-22 18:28:10.489 14015 14040 I DRR     : DRR is supported: 1
08-22 18:28:10.489 14015 14040 I DRR     : DRR is enabled: 0
08-22 18:28:10.489 14015 14040 I Sensor  : OSSDKTRACKING Initializing controller tracking
08-22 18:28:10.489 14015 14040 I Sensor  : OSSDKTRACKING Controller tracker != nullpointer 0xb400007134645790, 1
08-22 18:28:10.492 14015 14040 I DeviceStatus: nativeHeadsetEvent(0)
08-22 18:28:10.492 14015 14040 I VrRuntimeClient: SetCompositorClientFeatureFlag ClientFeatureFlag 0 
08-22 18:28:10.494 14015 14040 I VrRuntimeClient: Mounted state at BeginSession: True
