Using package `stereokit-rust` in `/home/mv/dvlt/StereoKit-rust/Cargo.toml`
 'lib/arm64-v8a/libmain.so'...
 'lib/arm64-v8a/libc++_shared.so'...
 'lib/x86_64/libc++_shared.so'...
 'lib/x86_64/libmain.so'...
Verifying alignment of /home/mv/dvlt/StereoKit-rust/target/debug/apk/examples/main.apk (4)...
      49 AndroidManifest.xml (OK - compressed)
    2372 assets/anchors.txt (OK)
    2484 assets/center.glb (OK)
   31748 assets/cuve.glb (OK)
  212300 assets/fonts/Inter/Inter-Italic-VariableFont_opsz_wght.ttf (OK)
 1116916 assets/fonts/Inter/Inter-VariableFont_opsz_wght.ttf (OK)
 1991680 assets/fonts/Inter/OFL.txt (OK)
 1996212 assets/fonts/Inter/README.txt (OK)
 2000528 assets/fonts/Noto_Emoji/NotoEmoji-VariableFont_wght.ttf (OK)
 3998204 assets/fonts/Noto_Emoji/OFL.txt (OK)
 4002692 assets/fonts/Noto_Emoji/README.txt (OK)
 4004996 assets/hdri/giza/back.png (OK)
 7727452 assets/hdri/giza/bottom.png (OK)
14948084 assets/hdri/giza/cubemap_rgba32.ktx2 (OK)
16957384 assets/hdri/giza/front.png (OK)
20720140 assets/hdri/giza/left.png (OK)
23597564 assets/hdri/giza/right.png (OK)
26918012 assets/hdri/giza/top.png (OK)
27116328 assets/hdri/sky_dawn.hdr (OK)
60670880 assets/icons/checked.png (OK)
60675848 assets/icons/fly_over.png (OK)
60694300 assets/icons/hamburger.png (OK)
60702668 assets/icons/log_viewer.png (OK)
60717760 assets/icons/radio.png (OK)
60723784 assets/icons/readme.md (OK)
60723912 assets/icons/screenshot.png (OK)
60739396 assets/mobiles.gltf (OK)
64034092 assets/plane.glb (OK)
64120912 assets/shaders/blinker.hlsl.sks (OK)
64125448 assets/shaders/brick_pbr.hlsl.sks (OK)
64139100 assets/shaders/hud.hlsl.sks (OK)
64141404 assets/shaders/hud_text.hlsl.sks (OK)
64143984 assets/shaders/large_tile_pbr.hlsl.sks (OK)
64153020 assets/shaders/water_pbr.hlsl.sks (OK)
64162592 assets/shaders/water_pbr2.hlsl.sks (OK)
64171816 assets/sounds/no.wav (OK)
64237324 assets/sounds/plane_engine.mp3 (OK)
64869660 assets/sounds/plane_engine2.mp3 (OK)
65499376 assets/textures/exit.jpeg (OK)
65568880 assets/textures/log_viewer.jpeg (OK)
65645936 assets/textures/micro.jpeg (OK)
65716120 assets/textures/open_gltf.jpeg (OK)
65826268 assets/textures/parquet2/parquet2.ktx2 (OK)
71419236 assets/textures/parquet2/parquet2ao.ktx2 (OK)
77012208 assets/textures/parquet2/parquet2metal.ktx2 (OK)
82605184 assets/textures/parquet2/parquet2roughness.ktx2 (OK)
88198136 assets/textures/readme.md (OK)
88198268 assets/textures/screenshot.jpeg (OK)
88268108 assets/textures/sound.jpeg (OK)
88346352 assets/textures/water/bump_large.ktx2 (OK)
93939324 assets/textures/water/bump_large_inverse.ktx2 (OK)
99532300 assets/textures/water/bump_large_limestone.ktx2 (OK)
105125272 assets/textures/water/bump_large_tiles.ktx2 (OK)
110718220 assets/vr_splash.png (OK)
110945940 res/mipmap-hdpi-v4/app_icon.png (OK)
110953324 res/mipmap-ldpi-v4/app_icon.png (OK)
110955848 res/mipmap-mdpi-v4/app_icon.png (OK)
110959704 res/mipmap-xhdpi-v4/app_icon.png (OK)
110971300 res/mipmap-xxhdpi-v4/app_icon.png (OK)
110993100 res/mipmap-xxxhdpi-v4/app_icon.png (OK)
111024992 resources.arsc (OK)
111026368 lib/arm64-v8a/libmain.so (OK)
157747700 lib/arm64-v8a/libc++_shared.so (OK)
159542536 lib/x86_64/libc++_shared.so (OK)
161160196 lib/x86_64/libmain.so (OK)
Verification succesful
Signing `/home/mv/dvlt/StereoKit-rust/target/debug/apk/examples/main.apk` with keystore `/home/mv/.android/debug.keystore`
Serving...
Performing Incremental Install
Success
Install command complete in 2242 ms
Starting: Intent { act=android.intent.action.MAIN cmp=com.stereokit.rust_binding.demos/android.app.NativeActivity }
--------- beginning of main
03-31 17:43:55.559 10630 10630 I t_binding.demo: Late-enabling -Xcheck:jni
03-31 17:43:55.691 10630 10630 D CompatibilityChangeReporter: Compat change id reported: 171979766; UID 10158; state: ENABLED
03-31 17:43:55.698 10630 10630 W System  : ClassLoader referenced unknown path: 
03-31 17:43:55.705 10630 10630 V GraphicsEnvironment: Lazy GPU memory allocation for 'com.stereokit.rust_binding.demos': false
03-31 17:43:55.706 10630 10630 V GraphicsEnvironment: ANGLE Developer option for 'com.stereokit.rust_binding.demos' set to: 'default'
03-31 17:43:55.706 10630 10630 V GraphicsEnvironment: ANGLE GameManagerService for com.stereokit.rust_binding.demos: false
03-31 17:43:55.706 10630 10630 V GraphicsEnvironment: Neither updatable production driver nor prerelease driver is supported.
03-31 17:43:55.707 10630 10630 D CompatibilityChangeReporter: Compat change id reported: 175409949; UID 10158; state: DISABLED
03-31 17:43:55.707 10630 10630 D CompatibilityChangeReporter: Compat change id reported: 175409951; UID 10158; state: ENABLED
03-31 17:43:55.707 10630 10630 D CompatibilityChangeReporter: Compat change id reported: 175409956; UID 10158; state: DISABLED
03-31 17:43:55.708 10630 10630 D CompatibilityChangeReporter: Compat change id reported: 175409950; UID 10158; state: DISABLED
03-31 17:43:55.708 10630 10630 D NetworkSecurityConfig: No Network Security Config specified, using platform default
03-31 17:43:55.708 10630 10630 D CompatibilityChangeReporter: Compat change id reported: 175409952; UID 10158; state: DISABLED
03-31 17:43:55.709 10630 10630 D NetworkSecurityConfig: No Network Security Config specified, using platform default
03-31 17:43:55.719 10630 10630 D VrosSpatialAudio: Immersive activity detected, skip VrosSpatialAudio init
03-31 17:43:55.736 10630 10630 D STKit-rs: android_activity::activity_impl::glue: Start: 0xb400007ac5dc6a00
03-31 17:43:55.736 10630 10657 D StereoKit: MainEvent Start 
03-31 17:43:55.737 10630 10630 D STKit-rs: android_activity::activity_impl::glue: Resume: 0xb400007ac5dc6a00
03-31 17:43:55.737 10630 10657 D StereoKit: MainEvent Resume { loader: StateLoader { app: AndroidAppInner { jvm: CloneJavaVM { jvm: JavaVM(0xb400007ac5c43380) }, native_activity: NativeActivityGlue { inner: WaitableNativeActivityState { activity: 0xb400007ac5dc6a00, mutex: Mutex { data: NativeActivityState { msg_read: 63, msg_write: 64, config: Configuration { mcc: 0, mnc: None, lang: Some("fr"), country: Some("FR"), orientation: Land, touchscreen: NoTouch, density: Some(200), keyboard: NoKeys, navigation: NoNav, keys_hidden: Soft, nav_hidden: Any, sdk_version: 32, screen_size: XLarge, screen_long: Yes, ui_mode_type: Normal, ui_mode_night: Yes }, saved_state: [], input_queue: 0x0, window: None, content_rect: ARect { left: 0, top: 0, right: 0, bottom: 0 }, activity_state: Resume, destroy_requested: false, thread_state: Running, app_has_saved_state: false, destroyed: false, redraw_needed: false, pending_input_queue: 0x0, pending_window: None }, poisoned: false, .. }, cond: Condvar { .. } } }, looper: Looper { ptr: 0xb400007ac5c3d360 }, key_map_binding: 
03-31 17:43:55.740 10630 10630 D CompatibilityChangeReporter: Compat change id reported: 175409955; UID 10158; state: DISABLED
03-31 17:43:55.741 10630 10630 D CompatibilityChangeReporter: Compat change id reported: 175409954; UID 10158; state: DISABLED
03-31 17:43:55.749 10630 10630 D STKit-rs: android_activity::activity_impl::glue: InputQueueCreated: 0xb400007ac5dc6a00 -- 0xb400007aa8ac7000
03-31 17:43:55.757 10630 10630 D STKit-rs: android_activity::activity_impl::glue: NativeWindowCreated: 0xb400007ac5dc6a00 -- 0xb400007aa8aaa810
03-31 17:43:55.757 10630 10630 D STKit-rs: android_activity::activity_impl::glue: NativeWindowResized: 0xb400007ac5dc6a00 -- 0xb400007aa8aaa810
03-31 17:43:55.757 10630 10657 D StereoKit: MainEvent InitWindow 
03-31 17:43:55.757 10630 10657 D StereoKit: MainEvent WindowResized 
03-31 17:43:55.758 10630 10630 D STKit-rs: android_activity::activity_impl::glue: ContentRectChanged: 0xb400007ac5dc6a00 -- 0x7ff3356f88
03-31 17:43:55.758 10630 10657 D StereoKit: MainEvent ContentRectChanged 
03-31 17:43:55.758 10630 10630 D STKit-rs: android_activity::activity_impl::glue: NativeWindowRedrawNeeded: 0xb400007ac5dc6a00 -- 0xb400007aa8aaa810
03-31 17:43:55.758 10630 10657 D StereoKit: MainEvent RedrawNeeded 
03-31 17:43:55.775 10630 10630 D STKit-rs: android_activity::activity_impl::glue: WindowFocusChanged: 0xb400007ac5dc6a00 -- 1
03-31 17:43:55.776 10630 10657 D StereoKit: MainEvent GainedFocus 
03-31 17:43:55.776 10630 10657 D StereoKit: sk_init : context: 0xb400007ac5c43380 / jvm: 0x1286
03-31 17:43:55.776 10630 10657 I StereoKit: Before init >>>
03-31 17:43:55.776 10630 10657 D SK_rust_Demos: Initializing StereoKit v0.4.0 Android ARM64...
03-31 17:43:55.777 10630 10657 D SK_rust_Demos: Initializing Assets
03-31 17:43:55.869 10630 10657 D SK_rust_Demos: Initializing Platform
03-31 17:43:55.869 10630 10657 I AdrenoGLES-0: QUALCOMM build                   : 65abd894ce, I0e57be7f16
03-31 17:43:55.869 10630 10657 I AdrenoGLES-0: Build Date                       : 03/12/25
03-31 17:43:55.869 10630 10657 I AdrenoGLES-0: OpenGL ES Shader Compiler Version: E031.48.00.00
03-31 17:43:55.869 10630 10657 I AdrenoGLES-0: Local Branch                     : 
03-31 17:43:55.869 10630 10657 I AdrenoGLES-0: Remote Branch                    : refs/tags/AU_LINUX_ANDROID_LA.UM.9.12.1.11.00.00.890.145
03-31 17:43:55.869 10630 10657 I AdrenoGLES-0: Remote Branch                    : NONE
03-31 17:43:55.869 10630 10657 I AdrenoGLES-0: Reconstruct Branch               : NOTHING
03-31 17:43:55.869 10630 10657 I AdrenoGLES-0: Build Config                     : S P 10.0.7 AArch64
03-31 17:43:55.869 10630 10657 I AdrenoGLES-0: Driver Path                      : /vendor/lib64/egl/libGLESv2_adreno.so
03-31 17:43:55.869 10630 10657 I AdrenoGLES-0: Driver Version                   : 0805.0
03-31 17:43:55.869 10630 10657 I AdrenoGLES-0: Process Name                     : com.stereokit.rust_binding.demos
03-31 17:43:55.873 10630 10657 I AdrenoGLES-0: PFP: 0x016dd112, ME: 0x00000000
03-31 17:43:55.879 10630 10657 D SK_rust_Demos: [sk_gpu] EGL version 1.5
03-31 17:43:55.880 10630 10657 D SK_rust_Demos: [sk_gpu] Couldn't load gl function glPolygonMode
03-31 17:43:55.882 10630 10657 D SK_rust_Demos: [sk_gpu] Couldn't load gl function glGetTexImage
03-31 17:43:55.882 10630 10657 D SK_rust_Demos: [sk_gpu] Using OpenGL: OpenGL ES 3.2 V@0805.0 (GIT@65abd894ce, I0e57be7f16, 1741732703) (Date:03/12/25)
03-31 17:43:55.882 10630 10657 D SK_rust_Demos: [sk_gpu] Device: Adreno (TM) 650
03-31 17:43:55.882 10630 10657 D SK_rust_Demos: [sk_gpu] Debug info enabled.
03-31 17:43:55.882 10630 10657 D SK_rust_Demos: Starting a XR mode app
03-31 17:43:55.883 10630 10657 V OpenXR-Loader: Verbose [GENERAL | xrInitializeLoaderKHR | OpenXR-Loader] : Entering loader trampoline
03-31 17:43:55.883 10630 10657 V OpenXR-Loader: Verbose [GENERAL | xrEnumerateInstanceExtensionProperties | OpenXR-Loader] : Entering loader trampoline
03-31 17:43:55.884 10630 10657 I OpenXR-Loader: getActiveRuntimeCursor: Querying URI: content://org.khronos.openxr.runtime_broker/openxr/1/abi/arm64-v8a/runtimes/active
03-31 17:43:55.888 10630 10657 W OpenXR-Loader: Null cursor when querying installable content resolver.
03-31 17:43:55.888 10630 10657 I OpenXR-Loader: getActiveRuntimeCursor: Querying URI: content://org.khronos.openxr.system_runtime_broker/openxr/1/abi/arm64-v8a/runtimes/active
03-31 17:43:55.892 10630 10657 W OpenXR-Loader: Null cursor when querying system content resolver.
03-31 17:43:55.892 10630 10657 E OpenXR-Loader: Could access neither the installable nor system runtime broker.
03-31 17:43:55.892 10630 10657 I OpenXR-Loader: Info [GENERAL | xrEnumerateInstanceExtensionProperties | OpenXR-Loader] : RuntimeManifestFile::FindManifestFiles - using global runtime file /odm/etc/openxr/1/active_runtime.aarch64.json
03-31 17:43:55.892 10630 10657 I OpenXR-Loader: Info [GENERAL |  | OpenXR-Loader] : RuntimeManifestFile::CreateIfValid - attempting to load /odm/etc/openxr/1/active_runtime.aarch64.json
03-31 17:43:55.893 10630 10657 I OpenXR-Loader: Info [GENERAL | xrEnumerateInstanceExtensionProperties | OpenXR-Loader] : RuntimeInterface::LoadRuntime forwarding xrInitializeLoaderKHR call to runtime before calling xrNegotiateLoaderRuntimeInterface.
03-31 17:43:55.893 10630 10657 V OpenXR  : OpenXRForwardLoader::xrInitializeLoaderKHR [start]
03-31 17:43:55.897 10630 10657 D ApplicationLoaders: Returning zygote-cached class loader: /system/framework/android.test.base.jar
03-31 17:43:55.897 10630 10657 D ApplicationLoaders: Returning zygote-cached class loader: /system/framework/android.hidl.manager-V1.0-java.jar
03-31 17:43:55.897 10630 10657 D ApplicationLoaders: Returning zygote-cached class loader: /system/framework/android.hidl.base-V1.0-java.jar
03-31 17:43:55.905 10630 10657 I OpenXR  : Loading 64-bit Runtime.
03-31 17:43:55.911 10630 10657 I VrRuntimeClient: VrRuntimeClient(): 0x7a3f7346c8
03-31 17:43:55.911 10630 10657 D OsSdkLoader: OSSDK loading module 'libossdk.oculus.so'
03-31 17:43:55.925 10630 10657 D vulkan  : searching for layers in '/data/app/~~Uwiuxgq0A0yYfDKrkUhrkg==/com.stereokit.rust_binding.demos-JOaHkFXh5cyfJsSLrkp79Q==/lib/arm64'
03-31 17:43:55.925 10630 10657 D vulkan  : searching for layers in '/data/app/~~Uwiuxgq0A0yYfDKrkUhrkg==/com.stereokit.rust_binding.demos-JOaHkFXh5cyfJsSLrkp79Q==/base.apk!/lib/arm64-v8a'
03-31 17:43:55.925 10630 10657 D vulkan  : searching for layers in '/apex/com.meta.xr/priv-app/VrDriver/VrDriver.apk!/lib/arm64-v8a'
03-31 17:43:55.925 10630 10657 I DriverLoader: Calling into SetLegacyVrApiEntryPointOverride
03-31 17:43:55.925 10630 10657 I VrApi_DriverLoader: SetLegacyVrApiEntryPointOverride: calling sprintf
03-31 17:43:55.925 10630 10657 I VrApi_DriverLoader: SetLegacyVrApiEntryPointOverride: env buffer is '0x7a3f694a20'
03-31 17:43:55.925 10630 10657 I VrApi_DriverLoader: SetLegacyVrApiEntryPointOverride: calling setenv
03-31 17:43:55.925 10630 10657 I DriverLoader: Creating Temp JNIEnv
03-31 17:43:55.925 10630 10657 I DriverLoader: Calling FindClass
03-31 17:43:55.925 10630 10657 I DriverLoader: Calling RegisterNativeVrApiLoaderMethods
03-31 17:43:55.925 10630 10657 I VrApi_DriverLoader: RegisterNativeVrApiLoaderMethods: calling RegisterNatives
03-31 17:43:55.925 10630 10657 I DriverLoader: Calling RegisterNativeXrLoaderMethods
03-31 17:43:55.925 10630 10657 I OpenXR_DriverLoader: RegisterNativeVrApiLoaderMethods: calling RegisterNatives
03-31 17:43:55.925 10630 10657 I DriverLoader: Exiting JNI_OnLoad
03-31 17:43:55.926 10630 10657 I OpenXR_ClientState: OpenXRClientState::create - from xrInitializeLoaderKHR
03-31 17:43:55.926 10630 10657 I XrRuntimeSharedClientState: SharedClientState::create called from 'OpenXRClientState::init'
03-31 17:43:55.926 10630 10657 I ipcLoader [RUNTIMEIPC]: RuntimeIPC: Loader: IPC Service API Loader Version: 72 Mar  6 2025 12:41:18
03-31 17:43:55.926 10630 10657 I ipcLoader [RUNTIMEIPC]: RuntimeIPC: Using android_get_exported_namespace: libripcclient.oculus.so
03-31 17:43:55.927 10630 10657 I ipcLoader [RUNTIMEIPC]: RuntimeIPC: android_get_exported_namespace SUCCESS: libripcclient.oculus.so
03-31 17:43:55.928 10630 10657 I MultiInstanceDetector [RUNTIMEIPC]: Multiple instances check passed. Socket name: INSTANCE_DETECTOR:10630
03-31 17:43:55.928 10630 10657 D OsSdkLoader: OSSDK loading module 'libossdk.oculus.so'
03-31 17:43:55.930 10630 10668 I DeadlockObserver [RUNTIMEIPC]: MainLoop starting
03-31 17:43:55.930 10630 10657 I DeadlockObserver [RUNTIMEIPC]: DeadlockObserver Init SUCCESS with defaultKillThreshold: 30.000000
03-31 17:43:55.930 10630 10657 W RuntimeIPCSystem [RUNTIMEIPC]: Init: Java VM is null
03-31 17:43:55.939 10630 10657 I BrokerRPC [RUNTIMEIPC]: InitRPCToServiceInternal: Success
03-31 17:43:55.940 10630 10657 I RuntimeIPCSystem [RUNTIMEIPC]: RuntimeIPCSystem: Init SUCCESS
03-31 17:43:55.941 10630 10657 I ClientProcessConnector [RUNTIMEIPC]: GetProcessConnection: com.oculus.systemdriver:com.oculus.vrruntimeservice
03-31 17:43:55.942 10630 10657 I RuntimeIPCClient [RUNTIMEIPC]: Event buffer size (client): 8192
03-31 17:43:55.942 10630 10657 I RuntimeIPCClient [RUNTIMEIPC]: TryToGetIPCResourcesFromServer: RPC_CONNECTOR_CONNECT_TO_SERVER SUCCESS: Client: com.stereokit.rust_binding.demos:com.stereokit.rust_binding.demos:10630, Server: com.oculus.systemdriver:com.oculus.vrruntimeservice (gkcache)
03-31 17:43:55.942 10630 10657 I RuntimeIPCClient [RUNTIMEIPC]: EnsureServerConnection: SUCCESS. Client: com.stereokit.rust_binding.demos:com.stereokit.rust_binding.demos:10630, Server: com.oculus.systemdriver:com.oculus.vrruntimeservice (gkcache)
03-31 17:43:55.942 10630 10657 I RuntimeIPCClient [RUNTIMEIPC]: ConnectToServer: SUCCESS: Client: com.stereokit.rust_binding.demos:com.stereokit.rust_binding.demos:10630, Server: com.oculus.systemdriver:com.oculus.vrruntimeservice (gkcache)
03-31 17:43:55.943 10630 10657 I RuntimeIPCClient [RUNTIMEIPC]: InitServerStateBuffer: SUCCESS. 0, Client: com.stereokit.rust_binding.demos:com.stereokit.rust_binding.demos:10630, Server: com.oculus.systemdriver:com.oculus.vrruntimeservice (gkcache)
03-31 17:43:55.943 10630 10657 I OpenXR_ClientState: Client state creation succeeded.
03-31 17:43:55.943 10630 10657 V OpenXR  : OpenXRForwardLoader::xrInitializeLoaderKHR [end]
03-31 17:43:55.943 10630 10657 V OpenXR  : OpenXRForwardLoader::xrNegotiateLoaderRuntimeInterface [start]
03-31 17:43:55.944 10630 10657 V OpenXR  : OpenXRForwardLoader::xrNegotiateLoaderRuntimeInterface [end]
03-31 17:43:55.944 10630 10657 I OpenXR-Loader: Info [GENERAL | xrEnumerateInstanceExtensionProperties | OpenXR-Loader] : RuntimeInterface::LoadRuntime succeeded loading runtime defined in manifest file /odm/etc/openxr/1/active_runtime.aarch64.json using interface version 1 and OpenXR API version 1.0
03-31 17:43:55.946 10630 10657 I OpenXR  : IsFirstParty 0
03-31 17:43:55.948 10630 10657 I OpenXR  : IsPrivileged 0
03-31 17:43:55.948 10630 10657 I OpenXR  : Is_X_PartnerGateKeeper
03-31 17:43:55.948 10630 10657 I OpenXR  : PGK Status: exp = 0, dc = false
03-31 17:43:55.948 10630 10657 I OpenXR  : oculus_first_access = false
03-31 17:43:55.948 10630 10657 I OpenXR  : Extension status: P
03-31 17:43:55.948 10630 10657 I OpenXR  : IsFirstParty 0
03-31 17:43:55.949 10630 10657 I OpenXR  : IsSystem 0
03-31 17:43:55.953 10630 10657 W libc    : Access denied finding property "ro.vendor.product.model_extended"
03-31 17:43:55.953 10630 10657 W GkCacheQuerierClient: getGkValue: Query result for 'oculus_xrruntime:oculus_trex_body_full_killsw' not successful: 4
03-31 17:43:55.953 10630 10657 W GkHelper: GkHelper: query failed, result code: 4
03-31 17:43:55.953 10630 10657 I OpenXR  : checkTrexKillswitchGk 'oculus_trex_body_full_killsw' = false
03-31 17:43:55.953 10630 10657 I OpenXR  : PassesGKKillswitch 1
03-31 17:43:55.953 10630 10657 I OpenXR  : xrEnumerateInstanceExtensionProperties: skipping extension=`XR_FBX1_spatial_entity` due to: Tier=40 extState=P deviceIsExpEnabled=false expManifestSet=true isFirstPartyApp=false isSystemApp=false
03-31 17:43:55.953 10630 10657 I OpenXR  : xrEnumerateInstanceExtensionProperties: skipping extension=`XR_FBX2_spatial_entity` due to: Tier=40 extState=P deviceIsExpEnabled=false expManifestSet=true isFirstPartyApp=false isSystemApp=false
03-31 17:43:55.954 10630 10657 I OpenXR  : checkTrexKillswitchGk 'oculus_trex_render_model_killsw' = false
03-31 17:43:55.954 10630 10657 I OpenXR  : PassesGKKillswitch 1
03-31 17:43:55.954 10630 10657 I OpenXR  : xrEnumerateInstanceExtensionProperties: skipping extension=`XR_FBX1_spatial_entity_query` due to: Tier=40 extState=P deviceIsExpEnabled=false expManifestSet=true isFirstPartyApp=false isSystemApp=false
03-31 17:43:55.954 10630 10657 I OpenXR  : xrEnumerateInstanceExtensionProperties: skipping extension=`XR_FBX2_spatial_entity_query` due to: Tier=40 extState=P deviceIsExpEnabled=false expManifestSet=true isFirstPartyApp=false isSystemApp=false
03-31 17:43:55.954 10630 10657 W GkCacheQuerierClient: getGkValue: Query result for 'oculus_xrruntime:oculus_trex_anchor_persistence_discovery_killsw' not successful: 4
03-31 17:43:55.954 10630 10657 W GkHelper: GkHelper: query failed, result code: 4
03-31 17:43:55.954 10630 10657 I OpenXR  : checkTrexKillswitchGk 'oculus_trex_anchor_persistence_discovery_killsw' = false
03-31 17:43:55.954 10630 10657 I OpenXR  : PassesGKKillswitch 1
03-31 17:43:55.954 10630 10657 W GkCacheQuerierClient: getGkValue: Query result for 'oculus_xrruntime:oculus_trex_anchor_persistence_discovery_killsw' not successful: 4
03-31 17:43:55.954 10630 10657 W GkHelper: GkHelper: query failed, result code: 4
03-31 17:43:55.954 10630 10657 I OpenXR  : checkTrexKillswitchGk 'oculus_trex_anchor_persistence_discovery_killsw' = false
03-31 17:43:55.954 10630 10657 I OpenXR  : PassesGKKillswitch 1
03-31 17:43:55.954 10630 10657 I OpenXR  : xrEnumerateInstanceExtensionProperties: skipping extension=`XR_FBX1_touch_controller_extras` due to: Tier=40 extState=P deviceIsExpEnabled=false expManifestSet=true isFirstPartyApp=false isSystemApp=false
03-31 17:43:55.954 10630 10657 I OpenXR  : xrEnumerateInstanceExtensionProperties: skipping extension=`XR_FBX1_spatial_entity_storage` due to: Tier=40 extState=P deviceIsExpEnabled=false expManifestSet=true isFirstPartyApp=false isSystemApp=false
03-31 17:43:55.955 10630 10657 I OpenXR  : xrEnumerateInstanceExtensionProperties: skipping extension=`XR_FBX2_spatial_entity_storage` due to: Tier=40 extState=P deviceIsExpEnabled=false expManifestSet=true isFirstPartyApp=false isSystemApp=false
03-31 17:43:55.955 10630 10657 I OpenXR  : xrEnumerateInstanceExtensionProperties: skipping extension 'XR_META_local_dimming' as device requirements requirements (16) are not met.
03-31 17:43:55.955 10630 10657 I OpenXR  : xrEnumerateInstanceExtensionProperties: skipping extension 'XR_META_foveation_eye_tracked' as feature requirements (1) are not met.
03-31 17:43:55.955 10630 10657 I OpenXR  : xrEnumerateInstanceExtensionProperties: skipping extension 'XR_FB_eye_tracking_social' as feature requirements (1) are not met.
03-31 17:43:55.955 10630 10657 I OpenXR  : xrEnumerateInstanceExtensionProperties: skipping extension=`XR_FBX1_composition_layer_settings` due to: Tier=40 extState=P deviceIsExpEnabled=false expManifestSet=true isFirstPartyApp=false isSystemApp=false
03-31 17:43:55.955 10630 10657 I OpenXR  : xrEnumerateInstanceExtensionProperties: skipping extension=`XR_FBX1_composition_layer_depth_test` due to: Tier=40 extState=P deviceIsExpEnabled=false expManifestSet=true isFirstPartyApp=false isSystemApp=false
03-31 17:43:55.955 10630 10657 I OpenXR  : xrEnumerateInstanceExtensionProperties: skipping extension 'XR_EXT_eye_gaze_interaction' as feature requirements (1) are not met.
03-31 17:43:55.955 10630 10657 I OpenXR  : xrEnumerateInstanceExtensionProperties: skipping extension 'XR_META_hand_tracking_wide_motion_mode' as device requirements requirements (33) are not met.
03-31 17:43:55.955 10630 10657 I OpenXR  : xrEnumerateInstanceExtensionProperties: skipping extension=`XR_EXTX1_hand_tracking_data_source` due to: Tier=40 extState=P deviceIsExpEnabled=false expManifestSet=true isFirstPartyApp=false isSystemApp=false
03-31 17:43:55.955 10630 10657 I OpenXR  : xrEnumerateInstanceExtensionProperties: skipping extension=`XR_METAX1_performance_metrics` due to: Tier=40 extState=P deviceIsExpEnabled=false expManifestSet=true isFirstPartyApp=false isSystemApp=false
03-31 17:43:55.955 10630 10657 I OpenXR  : xrEnumerateInstanceExtensionProperties: skipping extension=`XR_METAX1_virtual_keyboard` due to: Tier=40 extState=P deviceIsExpEnabled=false expManifestSet=true isFirstPartyApp=false isSystemApp=false
03-31 17:43:55.955 10630 10657 I OpenXR  : xrEnumerateInstanceExtensionProperties: skipping extension=`XR_METAX2_virtual_keyboard` due to: Tier=40 extState=P deviceIsExpEnabled=false expManifestSet=true isFirstPartyApp=false isSystemApp=false
03-31 17:43:55.955 10630 10657 I OpenXR  : xrEnumerateInstanceExtensionProperties: skipping extension=`XR_EXTX1_event_channel` due to: Tier=40 extState=P deviceIsExpEnabled=false expManifestSet=true isFirstPartyApp=false isSystemApp=false
03-31 17:43:55.955 10630 10657 I OpenXR  : xrEnumerateInstanceExtensionProperties: skipping extension=`XR_METAX1_environment_depth` due to: Tier=40 extState=P deviceIsExpEnabled=false expManifestSet=true isFirstPartyApp=false isSystemApp=false
03-31 17:43:55.955 10630 10657 I OpenXR  : xrEnumerateInstanceExtensionProperties: skipping extension=`XR_METAX2_environment_depth` due to: Tier=40 extState=P deviceIsExpEnabled=false expManifestSet=true isFirstPartyApp=false isSystemApp=false
03-31 17:43:55.955 10630 10657 W GkCacheQuerierClient: getGkValue: Query result for 'oculus_xrruntime:oculus_trex_environment_depth_tier3_killsw' not successful: 4
03-31 17:43:55.955 10630 10657 W GkHelper: GkHelper: query failed, result code: 4
03-31 17:43:55.955 10630 10657 I OpenXR  : checkTrexKillswitchGk 'oculus_trex_environment_depth_tier3_killsw' = false
03-31 17:43:55.955 10630 10657 I OpenXR  : PassesGKKillswitch 1
03-31 17:43:55.955 10630 10657 I OpenXR  : xrEnumerateInstanceExtensionProperties: skipping extension 'XR_META_environment_depth' as device requirements requirements (33) are not met.
03-31 17:43:55.955 10630 10657 I OpenXR  : xrEnumerateInstanceExtensionProperties: skipping extension=`XR_EXT_palm_pose` due to: Tier=40 extState=P deviceIsExpEnabled=false expManifestSet=true isFirstPartyApp=false isSystemApp=false
03-31 17:43:55.955 10630 10657 W GkCacheQuerierClient: getGkValue: Query result for 'oculus_xrruntime:oculus_trex_body_fidelity_killsw' not successful: 4
03-31 17:43:55.955 10630 10657 W GkHelper: GkHelper: query failed, result code: 4
03-31 17:43:55.955 10630 10657 I OpenXR  : checkTrexKillswitchGk 'oculus_trex_body_fidelity_killsw' = false
03-31 17:43:55.955 10630 10657 I OpenXR  : PassesGKKillswitch 1
03-31 17:43:55.955 10630 10657 W GkCacheQuerierClient: getGkValue: Query result for 'oculus_xrruntime:oculus_trex_body_calibration_killsw' not successful: 4
03-31 17:43:55.955 10630 10657 W GkHelper: GkHelper: query failed, result code: 4
03-31 17:43:55.955 10630 10657 I OpenXR  : checkTrexKillswitchGk 'oculus_trex_body_calibration_killsw' = false
03-31 17:43:55.955 10630 10657 I OpenXR  : PassesGKKillswitch 1
03-31 17:43:55.955 10630 10657 I OpenXR  : xrEnumerateInstanceExtensionProperties: skipping extension=`XR_METAX1_dynamic_object_tracker` due to: Tier=40 extState=P deviceIsExpEnabled=false expManifestSet=true isFirstPartyApp=false isSystemApp=false
03-31 17:43:55.956 10630 10657 I OpenXR  : xrEnumerateInstanceExtensionProperties: skipping extension 'XR_META_dynamic_object_tracker' as device requirements requirements (33) are not met.
03-31 17:43:55.956 10630 10657 I OpenXR  : xrEnumerateInstanceExtensionProperties: skipping extension 'XR_META_dynamic_object_keyboard' as device requirements requirements (33) are not met.
03-31 17:43:55.956 10630 10657 V OpenXR-Loader: Verbose [GENERAL | xrEnumerateInstanceExtensionProperties | OpenXR-Loader] : Completed loader trampoline
03-31 17:43:55.956 10630 10657 V OpenXR-Loader: Verbose [GENERAL | xrEnumerateInstanceExtensionProperties | OpenXR-Loader] : Entering loader trampoline
03-31 17:43:55.956 10630 10657 V OpenXR-Loader: Verbose [GENERAL | xrEnumerateInstanceExtensionProperties | OpenXR-Loader] : Completed loader trampoline
03-31 17:43:55.956 10630 10657 V OpenXR-Loader: Verbose [GENERAL | xrEnumerateApiLayerProperties | OpenXR-Loader] : Entering loader trampoline
03-31 17:43:55.957 10630 10657 V OpenXR-Loader: Verbose [GENERAL | xrEnumerateApiLayerProperties | OpenXR-Loader] : Entering loader trampoline
03-31 17:43:55.957 10630 10657 V OpenXR-Loader: Verbose [GENERAL | xrCreateInstance | OpenXR-Loader] : Entering loader trampoline
03-31 17:43:55.957 10630 10657 V OpenXR-Loader: Verbose [GENERAL | xrCreateInstance | OpenXR-Loader] : Entering LoaderInstance::CreateInstance
03-31 17:43:55.957 10630 10657 V OpenXR-Loader: Verbose [GENERAL | xrCreateInstance | OpenXR-Loader] : Entering loader terminator
03-31 17:43:55.957 10630 10657 I OpenXR  : ----------- xrCreateInstance [start] ----------
03-31 17:43:55.957 10630 10657 I OpenXR_ClientState: OpenXRClientState::create - from xrCreateInstance
03-31 17:43:55.957 10630 10657 I VersionGater: App OpenXR version is 1.0.41
03-31 17:43:55.957 10630 10657 I VersionGater: Version gate state: 1111 1111 1111 1110 
03-31 17:43:55.958 10630 10657 I OpenXR  : [OATS] Creating OATS instance
03-31 17:43:55.958 10630 10657 I OpenXR  : [OATS] Successfully created OATS instance
03-31 17:43:55.965 10630 10657 I TREX    : Initializing TREX for client 8355a4209dc81152...
03-31 17:43:55.965 10630 10657 I TREX    : Initializing system...
03-31 17:43:55.965 10630 10657 I XrRuntimeSystem_Client: BodyPoweredHands checkSysPropForBodyAPIOverride 0
03-31 17:43:55.965 10630 10657 I TREXLoadPolicy: RenderModelPlugin: all features matched!
03-31 17:43:55.965 10630 10657 I TREXLoadPolicy: RenderModelPlugin: all permissions matched!
03-31 17:43:55.966 10630 10657 I TREX    : Created plugin package context for com.oculus.systemdriver
03-31 17:43:55.966 10630 10657 I PTKService: PTKServiceClient Init
03-31 17:43:55.968 10630 10657 I ClientProcessConnector [RUNTIMEIPC]: GetProcessConnection: com.oculus.vrshell:com.oculus.vrshell
03-31 17:43:55.970 10630 10657 I RuntimeIPCClient [RUNTIMEIPC]: Event buffer size (client): 8192
03-31 17:43:55.970 10630 10657 I RuntimeIPCClient [RUNTIMEIPC]: TryToGetIPCResourcesFromServer: RPC_CONNECTOR_CONNECT_TO_SERVER SUCCESS: Client: com.stereokit.rust_binding.demos:com.stereokit.rust_binding.demos:10630, Server: com.oculus.vrshell:com.oculus.vrshell (ptkserviceserver)
03-31 17:43:55.971 10630 10657 I RuntimeIPCClient [RUNTIMEIPC]: EnsureServerConnection: SUCCESS. Client: com.stereokit.rust_binding.demos:com.stereokit.rust_binding.demos:10630, Server: com.oculus.vrshell:com.oculus.vrshell (ptkserviceserver)
03-31 17:43:55.971 10630 10657 I RuntimeIPCClient [RUNTIMEIPC]: ConnectToServer: SUCCESS: Client: com.stereokit.rust_binding.demos:com.stereokit.rust_binding.demos:10630, Server: com.oculus.vrshell:com.oculus.vrshell (ptkserviceserver)
03-31 17:43:55.974 10630 10657 I RuntimeIPCClient [RUNTIMEIPC]: Event buffer size (client): 8192
03-31 17:43:55.974 10630 10657 I RuntimeIPCClient [RUNTIMEIPC]: TryToGetIPCResourcesFromServer: RPC_CONNECTOR_CONNECT_TO_SERVER SUCCESS: Client: com.stereokit.rust_binding.demos:com.stereokit.rust_binding.demos:10630, Server: com.oculus.systemdriver:com.oculus.vrruntimeservice (RenderModelServer)
03-31 17:43:55.974 10630 10657 I RuntimeIPCClient [RUNTIMEIPC]: EnsureServerConnection: SUCCESS. Client: com.stereokit.rust_binding.demos:com.stereokit.rust_binding.demos:10630, Server: com.oculus.systemdriver:com.oculus.vrruntimeservice (RenderModelServer)
03-31 17:43:55.974 10630 10657 I RuntimeIPCClient [RUNTIMEIPC]: ConnectToServer: SUCCESS: Client: com.stereokit.rust_binding.demos:com.stereokit.rust_binding.demos:10630, Server: com.oculus.systemdriver:com.oculus.vrruntimeservice (RenderModelServer)
03-31 17:43:55.975 10630 10657 W GkCacheQuerierClient: getGkValue: Query result for 'oculus_xrruntime:oculus_trex_insightsdk_killsw' not successful: 4
03-31 17:43:55.975 10630 10657 I TREXLoadPolicy: Plugin 'com.oculus.mrservice:': GK killswitch is enabled! Plugin will be skipped!
03-31 17:43:55.975 10630 10657 I TREX    : Created plugin package context for com.oculus.systemdriver
03-31 17:43:55.979 10630 10657 I RuntimeIPCClient [RUNTIMEIPC]: Event buffer size (client): 8192
03-31 17:43:55.979 10630 10657 I RuntimeIPCClient [RUNTIMEIPC]: TryToGetIPCResourcesFromServer: RPC_CONNECTOR_CONNECT_TO_SERVER SUCCESS: Client: com.stereokit.rust_binding.demos:com.stereokit.rust_binding.demos:10630, Server: com.oculus.systemdriver:com.oculus.vrruntimeservice (HapticsServer)
03-31 17:43:55.979 10630 10657 I RuntimeIPCClient [RUNTIMEIPC]: EnsureServerConnection: SUCCESS. Client: com.stereokit.rust_binding.demos:com.stereokit.rust_binding.demos:10630, Server: com.oculus.systemdriver:com.oculus.vrruntimeservice (HapticsServer)
03-31 17:43:55.979 10630 10657 I RuntimeIPCClient [RUNTIMEIPC]: ConnectToServer: SUCCESS: Client: com.stereokit.rust_binding.demos:com.stereokit.rust_binding.demos:10630, Server: com.oculus.systemdriver:com.oculus.vrruntimeservice (HapticsServer)
03-31 17:43:55.979 10630 10657 I TREX    : Loading EMGSDK Client Plugin
03-31 17:43:55.979 10630 10657 I TREX    : Created plugin package context for com.oculus.systemdriver
03-31 17:43:55.982 10630 10657 I RuntimeIPCClient [RUNTIMEIPC]: Event buffer size (client): 8192
03-31 17:43:55.982 10630 10657 I RuntimeIPCClient [RUNTIMEIPC]: TryToGetIPCResourcesFromServer: RPC_CONNECTOR_CONNECT_TO_SERVER SUCCESS: Client: com.stereokit.rust_binding.demos:com.stereokit.rust_binding.demos:10630, Server: com.oculus.systemdriver:com.oculus.vrruntimeservice (HandInputDataServer)
03-31 17:43:55.982 10630 10657 I RuntimeIPCClient [RUNTIMEIPC]: EnsureServerConnection: SUCCESS. Client: com.stereokit.rust_binding.demos:com.stereokit.rust_binding.demos:10630, Server: com.oculus.systemdriver:com.oculus.vrruntimeservice (HandInputDataServer)
03-31 17:43:55.982 10630 10657 I RuntimeIPCClient [RUNTIMEIPC]: ConnectToServer: SUCCESS: Client: com.stereokit.rust_binding.demos:com.stereokit.rust_binding.demos:10630, Server: com.oculus.systemdriver:com.oculus.vrruntimeservice (HandInputDataServer)
03-31 17:43:55.985 10630 10657 I TREX    : Created plugin package context for com.oculus.systemdriver
03-31 17:43:55.988 10630 10657 I RuntimeIPCClient [RUNTIMEIPC]: Event buffer size (client): 8192
03-31 17:43:55.988 10630 10657 I RuntimeIPCClient [RUNTIMEIPC]: TryToGetIPCResourcesFromServer: RPC_CONNECTOR_CONNECT_TO_SERVER SUCCESS: Client: com.stereokit.rust_binding.demos:com.stereokit.rust_binding.demos:10630, Server: com.oculus.systemdriver:com.oculus.vrruntimeservice (ControllerIPCServer)
03-31 17:43:55.988 10630 10657 I RuntimeIPCClient [RUNTIMEIPC]: EnsureServerConnection: SUCCESS. Client: com.stereokit.rust_binding.demos:com.stereokit.rust_binding.demos:10630, Server: com.oculus.systemdriver:com.oculus.vrruntimeservice (ControllerIPCServer)
03-31 17:43:55.988 10630 10657 I RuntimeIPCClient [RUNTIMEIPC]: ConnectToServer: SUCCESS: Client: com.stereokit.rust_binding.demos:com.stereokit.rust_binding.demos:10630, Server: com.oculus.systemdriver:com.oculus.vrruntimeservice (ControllerIPCServer)
03-31 17:43:55.989 10630 10657 I TrexControllerClientPlugin: ControllerClientBase::Initialize success
03-31 17:43:55.989 10630 10657 W GkCacheQuerierClient: getGkValue: Query result for 'oculus_xrruntime:oculus_trex_insight_debug_killsw' not successful: 4
03-31 17:43:55.990 10630 10657 I TREXLoadPolicy: BodyApiClientPlugin: all features matched!
03-31 17:43:55.990 10630 10657 I TREX    : Loading plugin com.oculus.bodyapiservice:libbodyapiplugin.so
03-31 17:43:55.992 10630 10657 D AndroidLibraryResolver: Loading 'libbodyapiplugin.so' from package 'com.oculus.bodyapiservice'
03-31 17:43:55.994 10630 10657 D ApplicationLoaders: Returning zygote-cached class loader: /system/framework/android.test.base.jar
03-31 17:43:55.998 10630 10657 I AndroidLibraryResolver: Attempting to find getAPIFunction64
03-31 17:43:55.998 10630 10657 V LibLoaderImpl: Loading 64-bit LibLoaderImpl.
03-31 17:43:55.998 10630 10657 V LibLoaderImpl: internalGetAPIFunction: loadLibrary 'loaderimpl'
03-31 17:43:55.998 10630 10657 V LibLoaderImpl: Using System.loadLibrary
03-31 17:43:55.999 10630 10657 I libloaderimpl: nativeSetClassLoader:0x1496
03-31 17:43:55.999 10630 10657 V LibLoaderImpl: internalGetAPIFunction: calling nativeGetAPIFunction
03-31 17:43:55.999 10630 10657 I libloaderimpl: LibLoaderImpl nativeGetAPIFunction.
03-31 17:43:56.000 10630 10657 I libloaderimpl: LibLoaderHandle SUCCESS
03-31 17:43:56.000 10630 10657 I libloaderimpl: LibLoaderImpl GetAPIFunction. libName: libbodyapiplugin.so, funcName: trex_GetPluginInfo
03-31 17:43:56.000 10630 10657 I libloaderimpl: LibLoaderImpl GetAPIFunction. libName: libbodyapiplugin.so, funcName: trex_Initialize
03-31 17:43:56.000 10630 10657 I libloaderimpl: LibLoaderImpl GetAPIFunction. libName: libbodyapiplugin.so, funcName: trex_Shutdown
03-31 17:43:56.001 10630 10657 I TREX    : Created plugin package context for com.oculus.bodyapiservice
03-31 17:43:56.002 10630 10657 I [CT]    : BodyApiPlugin: BodyApiClientInterface7 initialized.
03-31 17:43:56.002 10630 10657 I ipcLoader [RUNTIMEIPC]: RuntimeIPC: Loader: IPC Service API Loader Version: 72 Mar  5 2025 20:31:56
03-31 17:43:56.002 10630 10657 I ipcLoader [RUNTIMEIPC]: RuntimeIPC: Using android_get_exported_namespace: libripcclient.oculus.so
03-31 17:43:56.002 10630 10657 I ipcLoader [RUNTIMEIPC]: RuntimeIPC: android_get_exported_namespace SUCCESS: libripcclient.oculus.so
03-31 17:43:56.006 10630 10657 W RuntimeIPCClient [RUNTIMEIPC]: TryToGetIPCResourcesFromServer FAILED in 0.060990 ms
03-31 17:43:56.006 10630 10657 I RuntimeIPCClient [RUNTIMEIPC]: EnsureServerConnection: TryToGetIPCResourcesFromServer FAILED, allowOfflineInitialization=true, isReconnecting=false: Client: com.stereokit.rust_binding.demos:com.stereokit.rust_binding.demos:10630, Server: com.oculus.bodyapiservice:com.oculus.bodyapiservice (BodyApiServiceServer)
03-31 17:43:56.006 10630 10657 W RuntimeIPCClient [RUNTIMEIPC]: ConnectToServer: EnsureServerConnection FAILED: Client: com.stereokit.rust_binding.demos:com.stereokit.rust_binding.demos:10630, Server: com.oculus.bodyapiservice:com.oculus.bodyapiservice (BodyApiServiceServer), allowOfflineInitialization=true
03-31 17:43:56.006 10630 10657 I RuntimeIPCClient [RUNTIMEIPC]: ConnectToServer: initialized offline: Client: com.stereokit.rust_binding.demos:com.stereokit.rust_binding.demos:10630, Server: com.oculus.bodyapiservice:com.oculus.bodyapiservice (BodyApiServiceServer)
03-31 17:43:56.006 10630 10657 I TREXLoadPolicy: SpatialPersistenceClientPlugin: all permissions matched!
03-31 17:43:56.006 10630 10657 I TREX    : Loading plugin com.facebook.spatial_persistence_service:libplugin.so
03-31 17:43:56.007 10630 10657 D AndroidLibraryResolver: Loading 'libplugin.so' from package 'com.facebook.spatial_persistence_service'
03-31 17:43:56.009 10630 10657 D ApplicationLoaders: Returning zygote-cached class loader: /system/framework/android.test.base.jar
03-31 17:43:56.013 10630 10657 I AndroidLibraryResolver: Attempting to find getAPIFunction64
03-31 17:43:56.013 10630 10657 V LibLoaderImpl: Loading 64-bit LibLoaderImpl.
03-31 17:43:56.013 10630 10657 V LibLoaderImpl: internalGetAPIFunction: loadLibrary 'loaderimpl'
03-31 17:43:56.013 10630 10657 V LibLoaderImpl: Using System.loadLibrary
03-31 17:43:56.014 10630 10657 I libloaderimpl: nativeSetClassLoader:0x14b6
03-31 17:43:56.014 10630 10657 V LibLoaderImpl: internalGetAPIFunction: calling nativeGetAPIFunction
03-31 17:43:56.014 10630 10657 I libloaderimpl: LibLoaderImpl nativeGetAPIFunction.
03-31 17:43:56.015 10630 10657 I libloaderimpl: LibLoaderHandle SUCCESS
03-31 17:43:56.015 10630 10657 I libloaderimpl: LibLoaderImpl GetAPIFunction. libName: libplugin.so, funcName: trex_GetPluginInfo
03-31 17:43:56.016 10630 10657 I libloaderimpl: LibLoaderImpl GetAPIFunction. libName: libplugin.so, funcName: trex_Initialize
03-31 17:43:56.016 10630 10657 I libloaderimpl: LibLoaderImpl GetAPIFunction. libName: libplugin.so, funcName: trex_Shutdown
03-31 17:43:56.017 10630 10657 I TREX    : Created plugin package context for com.facebook.spatial_persistence_service
03-31 17:43:56.018 10630 10657 I [CT]    : SP:TREX:SpatialPersistencePlugin: SpatialPersistencePlugin::trex_Initialize called for client 9463650651982008658.
03-31 17:43:56.018 10630 10657 I [CT]    : Anchor:LogLevelHelper: setGlobalLogLevelFromSysprop: Set log level to info: 3
03-31 17:43:56.018 10630 10657 I [CT]    : SP:AF:AnchorFramework: Creating CPUThreadPoolScheduler AnchorFramework Scheduler
03-31 17:43:56.018 10630 10690 W [CT]    : VIPER: No callback registered to set thread properties for type 'Foreground' with name 'SP:AF:InsightAnchorApi'
03-31 17:43:56.022 10630 10657 W [CT]    : SP:DeviceConfig: Failed to query device config param: name=oculus_plane_freespace_integration
03-31 17:43:56.022 10630 10657 I [CT]    : SP:SpatialAnchorConfig: ensureInitialized: Gatekeeper Name: oculus_plane_freespace_integration is set to false
03-31 17:43:56.022 10630 10657 I ipcLoader [RUNTIMEIPC]: RuntimeIPC: Loader: IPC Service API Loader Version: 72 Dec 15 2024 04:18:42
03-31 17:43:56.022 10630 10657 I ipcLoader [RUNTIMEIPC]: RuntimeIPC: Using android_get_exported_namespace: libripcclient.oculus.so
03-31 17:43:56.023 10630 10657 I ipcLoader [RUNTIMEIPC]: RuntimeIPC: android_get_exported_namespace SUCCESS: libripcclient.oculus.so
03-31 17:43:56.026 10630 10657 I RuntimeIPCClient [RUNTIMEIPC]: Event buffer size (client): 8192
03-31 17:43:56.026 10630 10657 I RuntimeIPCClient [RUNTIMEIPC]: TryToGetIPCResourcesFromServer: RPC_CONNECTOR_CONNECT_TO_SERVER SUCCESS: Client: com.stereokit.rust_binding.demos:com.stereokit.rust_binding.demos:10630, Server: com.oculus.systemdriver:com.oculus.vrruntimeservice (DynamicObjectTrackingServer)
03-31 17:43:56.026 10630 10657 I RuntimeIPCClient [RUNTIMEIPC]: EnsureServerConnection: SUCCESS. Client: com.stereokit.rust_binding.demos:com.stereokit.rust_binding.demos:10630, Server: com.oculus.systemdriver:com.oculus.vrruntimeservice (DynamicObjectTrackingServer)
03-31 17:43:56.026 10630 10657 I RuntimeIPCClient [RUNTIMEIPC]: ConnectToServer: SUCCESS: Client: com.stereokit.rust_binding.demos:com.stereokit.rust_binding.demos:10630, Server: com.oculus.systemdriver:com.oculus.vrruntimeservice (DynamicObjectTrackingServer)
03-31 17:43:56.026 10630 10657 I [CT]    : SP:AF:AnchorFramework: Using TrackingService
03-31 17:43:56.027 10630 10657 I ClientProcessConnector [RUNTIMEIPC]: GetProcessConnection: native_process.system:/system_ext/bin/trackingservice
03-31 17:43:56.030 10630 10657 I RuntimeIPCClient [RUNTIMEIPC]: Event buffer size (client): 8192
03-31 17:43:56.030 10630 10657 I RuntimeIPCClient [RUNTIMEIPC]: TryToGetIPCResourcesFromServer: RPC_CONNECTOR_CONNECT_TO_SERVER SUCCESS: Client: com.stereokit.rust_binding.demos:com.stereokit.rust_binding.demos:10630, Server: native_process.system:/system_ext/bin/trackingservice (SlamAnchorServer)
03-31 17:43:56.030 10630 10657 I RuntimeIPCClient [RUNTIMEIPC]: EnsureServerConnection: SUCCESS. Client: com.stereokit.rust_binding.demos:com.stereokit.rust_binding.demos:10630, Server: native_process.system:/system_ext/bin/trackingservice (SlamAnchorServer)
03-31 17:43:56.030 10630 10657 I RuntimeIPCClient [RUNTIMEIPC]: ConnectToServer: SUCCESS: Client: com.stereokit.rust_binding.demos:com.stereokit.rust_binding.demos:10630, Server: native_process.system:/system_ext/bin/trackingservice (SlamAnchorServer)
03-31 17:43:56.030 10630 10657 D OsSdkLoader: OSSDK loading module 'libheadtracker.oculus.so'
03-31 17:43:56.031 10630 10657 D MemoryBrokerClient: memorybroker::ClientConnection ctor
03-31 17:43:56.031 10630 10657 D OsSdkLoader: OSSDK loading module 'libossdk.oculus.so'
03-31 17:43:56.032 10630 10657 I [CT]    : SP:AF:AnchorFrameworkTelemetryHelper: Device information acquired: deviceFlavor: hollywood-user
03-31 17:43:56.032 10630 10657 I [CT]    : SP:AF:AnchorFramework: Creating CPUThreadPoolScheduler AnchorFramework Scheduler
03-31 17:43:56.033 10630 10698 W [CT]    : VIPER: No callback registered to set thread properties for type 'Foreground' with name 'AnchorFrameworkVROS'
03-31 17:43:56.033 10630 10701 W [CT]    : VIPER: No callback registered to set thread properties for type 'Foreground' with name 'SlamAnchorPersistenceRuntimeIpcClient'
03-31 17:43:56.039 10630 10657 I [CT]    : SP:SpatialAnchorConfig: ensureInitialized: Gatekeeper Name: xr_scene_anchor_deviation_telemetry is set to true
03-31 17:43:56.042 10630 10657 I [CT]    : SP:SpatialAnchorConfig: ensureInitialized: Gatekeeper Name: oculus_enable_rigid_scene is set to true
03-31 17:43:56.046 10630 10657 I [CT]    : SP:SpatialAnchorConfig: ensureInitialized: Gatekeeper Name: oculus_rigid_scene_telemetry is set to true
03-31 17:43:56.052 10630 10657 I [CT]    : SP:SpatialAnchorConfig: ensureInitialized: Gatekeeper Name: oculus_scene_consistency_experiment is set to false
03-31 17:43:56.055 10630 10657 I [CT]    : SP:SpatialAnchorConfig: ensureInitialized: Gatekeeper Name: oculus_scene_mrspace is set to false
03-31 17:43:56.060 10630 10657 I [CT]    : SP:SpatialAnchorConfig: ensureInitialized: Gatekeeper Name: oculus_scene_mr_space_telemetry is set to false
03-31 17:43:56.060 10630 10720 W [CT]    : VIPER: No callback registered to set thread properties for type 'Foreground' with name 'AnchorFrameworkInstrumented'
03-31 17:43:56.061 10630 10657 I [CT]    : SP:AF:AnchorFrameworkTelemetryHelper: Device information acquired: deviceFlavor: hollywood-user
03-31 17:43:56.064 10630 10657 I [CT]    : SP:AF:AnchorFramework: AnchorFrameworkExperimentEnabled = false
03-31 17:43:56.064 10630 10657 I TREXLoadPolicy: InsightSdk: all features matched!
03-31 17:43:56.064 10630 10657 I TREX    : Loading plugin com.oculus.mrservice:libmrservice_plugin.so
03-31 17:43:56.065 10630 10657 D AndroidLibraryResolver: Loading 'libmrservice_plugin.so' from package 'com.oculus.mrservice'
03-31 17:43:56.067 10630 10657 D ApplicationLoaders: Returning zygote-cached class loader: /system/framework/android.test.base.jar
03-31 17:43:56.068 10630 10657 D ApplicationLoaders: Returning zygote-cached class loader: /system/framework/android.hidl.manager-V1.0-java.jar
03-31 17:43:56.068 10630 10657 D ApplicationLoaders: Returning zygote-cached class loader: /system/framework/android.hidl.base-V1.0-java.jar
03-31 17:43:56.072 10630 10657 I AndroidLibraryResolver: Attempting to find getAPIFunction64
03-31 17:43:56.072 10630 10657 V LibLoaderImpl: Loading 64-bit LibLoaderImpl.
03-31 17:43:56.072 10630 10657 V LibLoaderImpl: internalGetAPIFunction: loadLibrary 'loaderimpl'
03-31 17:43:56.072 10630 10657 V LibLoaderImpl: Using System.loadLibrary
03-31 17:43:56.073 10630 10657 I libloaderimpl: nativeSetClassLoader:0x15b6
03-31 17:43:56.073 10630 10657 V LibLoaderImpl: internalGetAPIFunction: calling nativeGetAPIFunction
03-31 17:43:56.073 10630 10657 I libloaderimpl: LibLoaderImpl nativeGetAPIFunction.
03-31 17:43:56.073 10630 10657 I libloaderimpl: LibLoaderHandle SUCCESS
03-31 17:43:56.073 10630 10657 I libloaderimpl: LibLoaderImpl GetAPIFunction. libName: libmrservice_plugin.so, funcName: trex_GetPluginInfo
03-31 17:43:56.074 10630 10657 I libloaderimpl: LibLoaderImpl GetAPIFunction. libName: libmrservice_plugin.so, funcName: trex_Initialize
03-31 17:43:56.074 10630 10657 I libloaderimpl: LibLoaderImpl GetAPIFunction. libName: libmrservice_plugin.so, funcName: trex_Shutdown
03-31 17:43:56.075 10630 10657 I TREX    : Created plugin package context for com.oculus.mrservice
03-31 17:43:56.075 10630 10657 W libc    : Access denied finding property "ro.vendor.hw.device_config"
03-31 17:43:56.075 10630 10657 W libc    : Access denied finding property "ro.vendor.product.model_extended"
03-31 17:43:56.075 10630 10657 I TREX    : Loading plugin com.oculus.wearableinputservice:libtrex_emgwristband_client_plugin.so
03-31 17:43:56.076 10630 10657 I TREX    : package 'com.oculus.wearableinputservice' not found, skipping
03-31 17:43:56.076 10630 10657 I TREX    : Plugin 'com.oculus.wearableinputservice:libtrex_emgwristband_client_plugin.so' not loaded.
03-31 17:43:56.076 10630 10657 I TREXLoadPolicy: PeerDiscoveryClientPlugin: all permissions matched!
03-31 17:43:56.076 10630 10657 I TREX    : Loading plugin com.facebook.wearable.system.location.service:libtrex_peer_discovery_client_plugin.so
03-31 17:43:56.077 10630 10657 D AndroidLibraryResolver: Loading 'libtrex_peer_discovery_client_plugin.so' from package 'com.facebook.wearable.system.location.service'
03-31 17:43:56.079 10630 10657 D ApplicationLoaders: Returning zygote-cached class loader: /system/framework/android.test.base.jar
03-31 17:43:56.083 10630 10657 I AndroidLibraryResolver: Attempting to find getAPIFunction64
03-31 17:43:56.084 10630 10657 I libloaderimpl: nativeSetClassLoader:0x15d6
03-31 17:43:56.084 10630 10657 I libloaderimpl: LibLoaderImpl nativeGetAPIFunction.
03-31 17:43:56.084 10630 10657 I libloaderimpl: LibLoaderHandle SUCCESS
03-31 17:43:56.085 10630 10657 I libloaderimpl: LibLoaderImpl GetAPIFunction. libName: libtrex_peer_discovery_client_plugin.so, funcName: trex_GetPluginInfo
03-31 17:43:56.085 10630 10657 I libloaderimpl: LibLoaderImpl GetAPIFunction. libName: libtrex_peer_discovery_client_plugin.so, funcName: trex_Initialize
03-31 17:43:56.085 10630 10657 I libloaderimpl: LibLoaderImpl GetAPIFunction. libName: libtrex_peer_discovery_client_plugin.so, funcName: trex_Shutdown
03-31 17:43:56.086 10630 10657 I TREX    : Created plugin package context for com.facebook.wearable.system.location.service
03-31 17:43:56.086 10630 10657 I ipcLoader [RUNTIMEIPC]: RuntimeIPC: Loader: IPC Service API Loader Version: 72 Dec 12 2024 03:24:20
03-31 17:43:56.090 10630 10657 I ClientProcessConnector [RUNTIMEIPC]: GetProcessConnection: com.facebook.wearable.system.location.service:com.facebook.wearable.system.location.service
03-31 17:43:56.092 10630 10657 I RuntimeIPCClient [RUNTIMEIPC]: Event buffer size (client): 8192
03-31 17:43:56.092 10630 10657 I RuntimeIPCClient [RUNTIMEIPC]: TryToGetIPCResourcesFromServer: RPC_CONNECTOR_CONNECT_TO_SERVER SUCCESS: Client: com.stereokit.rust_binding.demos:com.stereokit.rust_binding.demos:10630, Server: com.facebook.wearable.system.location.service:com.facebook.wearable.system.location.service (PeerDiscoveryServer)
03-31 17:43:56.092 10630 10657 I RuntimeIPCClient [RUNTIMEIPC]: EnsureServerConnection: SUCCESS. Client: com.stereokit.rust_binding.demos:com.stereokit.rust_binding.demos:10630, Server: com.facebook.wearable.system.location.service:com.facebook.wearable.system.location.service (PeerDiscoveryServer)
