Using package `stereokit-rust` in `/home/mv/dvlt/abacaba/stereokit-rust/Cargo.toml`
 'lib/arm64-v8a/libc++_shared.so'...
 'lib/arm64-v8a/libopenxr_loader.so'...
 'lib/arm64-v8a/libmain.so'...
Verifying alignment of /home/mv/dvlt/abacaba/stereokit-rust/target/debug/apk/examples/main.apk (4)...
      49 AndroidManifest.xml (OK - compressed)
    1972 assets/center.glb (OK)
   31236 assets/cuve.glb (OK)
  211768 assets/fonts/Courier Prime Italic.ttf (OK)
  308024 assets/fonts/Courier Prime.ttf (OK)
  406232 assets/fonts/OFL.txt (OK)
  410804 assets/fonts/Read me.txt (OK)
  412392 assets/hdri/sky_dawn.hdr (OK)
33966944 assets/icons/checked.png (OK)
33971912 assets/icons/hamburger.png (OK)
33980280 assets/icons/log_viewer.png (OK)
33995372 assets/icons/radio.png (OK)
34001400 assets/icons/screenshot.png (OK)
34016884 assets/mobiles.gltf (OK)
37311580 assets/plane.glb (OK)
37398400 assets/shaders/blinker.hlsl.sks (OK)
37414940 assets/shaders/hud.hlsl.sks (OK)
37429616 assets/shaders/hud_text.hlsl.sks (OK)
37445456 assets/shaders/large_tile_pbr.hlsl.sks (OK)
37483112 assets/shaders/water_pbr.hlsl.sks (OK)
37523696 assets/shaders/water_pbr2.hlsl.sks (OK)
37562648 assets/sounds/no.wav (OK)
37628156 assets/sounds/plane_engine.mp3 (OK)
38260492 assets/sounds/plane_engine2.mp3 (OK)
38890208 assets/textures/exit.jpeg (OK)
38959712 assets/textures/log_viewer.jpeg (OK)
39036772 assets/textures/open_gltf.jpeg (OK)
39146920 assets/textures/parquet2/parquet2.ktx2 (OK)
44739888 assets/textures/parquet2/parquet2ao.ktx2 (OK)
50332860 assets/textures/parquet2/parquet2metal.ktx2 (OK)
55925836 assets/textures/parquet2/parquet2roughness.ktx2 (OK)
61518788 assets/textures/readme.md (OK)
61518920 assets/textures/screenshot.jpeg (OK)
61588760 assets/textures/sound.jpeg (OK)
61667004 assets/textures/water/bump_large.ktx2 (OK)
67259976 assets/textures/water/bump_large_inverse.ktx2 (OK)
72852952 assets/textures/water/bump_large_limestone.ktx2 (OK)
78445924 assets/textures/water/bump_large_tiles.ktx2 (OK)
84038872 assets/vr_splash.png (OK)
84266592 res/mipmap-hdpi-v4/app_icon.png (OK)
84273976 res/mipmap-ldpi-v4/app_icon.png (OK)
84276500 res/mipmap-mdpi-v4/app_icon.png (OK)
84280356 res/mipmap-xhdpi-v4/app_icon.png (OK)
84291952 res/mipmap-xxhdpi-v4/app_icon.png (OK)
84313752 res/mipmap-xxxhdpi-v4/app_icon.png (OK)
84345644 resources.arsc (OK)
84347024 lib/arm64-v8a/libc++_shared.so (OK)
86141864 lib/arm64-v8a/libopenxr_loader.so (OK)
88410000 lib/arm64-v8a/libmain.so (OK)
Verification succesful
Signing `/home/mv/dvlt/abacaba/stereokit-rust/target/debug/apk/examples/main.apk` with keystore `/home/mv/.android/debug.keystore`
Serving...
Performing Incremental Install
Success
Install command complete in 2694 ms
Starting: Intent { act=android.intent.action.MAIN cmp=com.stereokit.rust_binding.demos/android.app.NativeActivity }
Status: ok
LaunchState: COLD
Activity: com.stereokit.rust_binding.demos/android.app.NativeActivity
TotalTime: 336
WaitTime: 356
Complete
Launched with PID 21416
--------- beginning of main
09-27 14:01:35.052 21416 21416 I t_binding.demo: Late-enabling -Xcheck:jni
09-27 14:01:35.111 21416 21416 D CompatibilityChangeReporter: Compat change id reported: 171979766; UID 10153; state: ENABLED[33m09-27 14:01:35.132 21416 21416 W System  : ClassLoader referenced unknown path: 
09-27 14:01:35.144 21416 21416 V GraphicsEnvironment: Lazy GPU memory allocation for 'com.stereokit.rust_binding.demos': false
09-27 14:01:35.145 21416 21416 V GraphicsEnvironment: ANGLE Developer option for 'com.stereokit.rust_binding.demos' set to: 'default'
09-27 14:01:35.145 21416 21416 V GraphicsEnvironment: ANGLE GameManagerService for com.stereokit.rust_binding.demos: false
09-27 14:01:35.145 21416 21416 V GraphicsEnvironment: Neither updatable production driver nor prerelease driver is supported.
09-27 14:01:35.146 21416 21416 D CompatibilityChangeReporter: Compat change id reported: 175409949; UID 10153; state: DISABLED
09-27 14:01:35.146 21416 21416 D CompatibilityChangeReporter: Compat change id reported: 175409951; UID 10153; state: ENABLED
09-27 14:01:35.146 21416 21416 D CompatibilityChangeReporter: Compat change id reported: 175409956; UID 10153; state: DISABLED
09-27 14:01:35.147 21416 21416 D CompatibilityChangeReporter: Compat change id reported: 175409950; UID 10153; state: DISABLED
09-27 14:01:35.147 21416 21416 D NetworkSecurityConfig: No Network Security Config specified, using platform default
09-27 14:01:35.147 21416 21416 D CompatibilityChangeReporter: Compat change id reported: 175409952; UID 10153; state: DISABLED
09-27 14:01:35.148 21416 21416 D NetworkSecurityConfig: No Network Security Config specified, using platform default
09-27 14:01:35.156 21416 21416 I VrosSpatialAudio: init with null
09-27 14:01:35.176 21416 21416 D STKit-rs: android_activity::activity_impl::glue: Start: 0xb4000078d23c6780
09-27 14:01:35.176 21416 21439 D StereoKit: MainEvent Start 
09-27 14:01:35.178 21416 21416 D STKit-rs: android_activity::activity_impl::glue: Resume: 0xb4000078d23c6780
09-27 14:01:35.179 21416 21439 D StereoKit: MainEvent Resume { loader: StateLoader { app: AndroidAppInner { jvm: CloneJavaVM { jvm: JavaVM(0xb4000078d2243380) }, native_activity: NativeActivityGlue { inner: WaitableNativeActivityState { activity: 0xb4000078d23c6780, mutex: Mutex { data: NativeActivityState { msg_read: 60, msg_write: 61, config: Configuration { mcc: 0, mnc: None, lang: Some("fr"), country: Some("FR"), orientation: Land, touchscreen: NoTouch, density: Some(290), keyboard: NoKeys, navigation: NoNav, keys_hidden: Soft, nav_hidden: Any, sdk_version: 32, screen_size: XLarge, screen_long: Yes, ui_mode_type: Normal, ui_mode_night: Yes }, saved_state: [], input_queue: 0x0, window: None, content_rect: ARect { left: 0, top: 0, right: 0, bottom: 0 }, activity_state: Resume, destroy_requested: false, thread_state: Running, app_has_saved_state: false, destroyed: false, redraw_needed: false, pending_input_queue: 0x0, pending_window: None }, poisoned: false, .. }, cond: Condvar { .. } } }, looper: Looper { ptr: 0xb4000078d223cd40 }, key_map_binding: 
09-27 14:01:35.184 21416 21416 D CompatibilityChangeReporter: Compat change id reported: 175409955; UID 10153; state: DISABLED
09-27 14:01:35.185 21416 21416 D CompatibilityChangeReporter: Compat change id reported: 175409954; UID 10153; state: DISABLED
09-27 14:01:35.202 21416 21416 D STKit-rs: android_activity::activity_impl::glue: InputQueueCreated: 0xb4000078d23c6780 -- 0xb4000078d23e9200
09-27 14:01:35.211 21416 21416 D STKit-rs: android_activity::activity_impl::glue: NativeWindowCreated: 0xb4000078d23c6780 -- 0xb4000078b3496810
09-27 14:01:35.211 21416 21416 D STKit-rs: android_activity::activity_impl::glue: NativeWindowResized: 0xb4000078d23c6780 -- 0xb4000078b3496810
09-27 14:01:35.211 21416 21439 D StereoKit: MainEvent InitWindow 
09-27 14:01:35.211 21416 21439 D StereoKit: MainEvent WindowResized 
09-27 14:01:35.211 21416 21416 D STKit-rs: android_activity::activity_impl::glue: ContentRectChanged: 0xb4000078d23c6780 -- 0x7ff9b14498
09-27 14:01:35.211 21416 21439 D StereoKit: MainEvent ContentRectChanged 
09-27 14:01:35.212 21416 21416 D STKit-rs: android_activity::activity_impl::glue: NativeWindowRedrawNeeded: 0xb4000078d23c6780 -- 0xb4000078b3496810
09-27 14:01:35.212 21416 21439 D StereoKit: MainEvent RedrawNeeded 
09-27 14:01:35.271 21416 21416 D STKit-rs: android_activity::activity_impl::glue: WindowFocusChanged: 0xb4000078d23c6780 -- 1
09-27 14:01:35.271 21416 21439 D StereoKit: MainEvent GainedFocus 
09-27 14:01:35.271 21416 21439 D StereoKit: sk_init : context: 0xb4000078d2243380 / jvm: 0x1276
09-27 14:01:35.271 21416 21439 I StereoKit: Before init >>>
09-27 14:01:35.271 21416 21439 D SK_rust_Demos: Initializing StereoKit v0.4.0 Android ARM64...
09-27 14:01:35.271 21416 21439 D SK_rust_Demos: Initializing Assets
09-27 14:01:35.351 21416 21439 D SK_rust_Demos: Initializing Platform
09-27 14:01:35.351 21416 21439 I AdrenoGLES-0: QUALCOMM build                   : 152ee662e2, I2cc3c1a376
09-27 14:01:35.351 21416 21439 I AdrenoGLES-0: Build Date                       : 08/05/24
09-27 14:01:35.351 21416 21439 I AdrenoGLES-0: OpenGL ES Shader Compiler Version: E031.47.01.00
09-27 14:01:35.351 21416 21439 I AdrenoGLES-0: Local Branch                     : 
09-27 14:01:35.351 21416 21439 I AdrenoGLES-0: Remote Branch                    : refs/tags/AU_LINUX_ANDROID_LA.UM.9.12.1.11.00.00.890.145
09-27 14:01:35.351 21416 21439 I AdrenoGLES-0: Remote Branch                    : NONE
09-27 14:01:35.351 21416 21439 I AdrenoGLES-0: Reconstruct Branch               : NOTHING
09-27 14:01:35.351 21416 21439 I AdrenoGLES-0: Build Config                     : S P 10.0.7 AArch64
09-27 14:01:35.351 21416 21439 I AdrenoGLES-0: Driver Path                      : /vendor/lib64/egl/libGLESv2_adreno.so
09-27 14:01:35.351 21416 21439 I AdrenoGLES-0: Driver Version                   : 0786.0
09-27 14:01:35.351 21416 21439 I AdrenoGLES-0: Process Name                     : com.stereokit.rust_binding.demos
09-27 14:01:35.372 21416 21439 I AdrenoGLES-0: PFP: 0x016dd112, ME: 0x00000000
09-27 14:01:35.378 21416 21439 D SK_rust_Demos: [sk_gpu] EGL version 1.5
09-27 14:01:35.379 21416 21439 D SK_rust_Demos: [sk_gpu] Couldn't load gl function glPolygonMode
09-27 14:01:35.381 21416 21439 D SK_rust_Demos: [sk_gpu] Couldn't load gl function glGetTexImage
09-27 14:01:35.382 21416 21439 D SK_rust_Demos: [sk_gpu] Using OpenGL: OpenGL ES 3.2 V@0786.0 (GIT@152ee662e2, I2cc3c1a376, 1722802028) (Date:08/05/24)
09-27 14:01:35.382 21416 21439 D SK_rust_Demos: [sk_gpu] Device: Adreno (TM) 650
09-27 14:01:35.382 21416 21439 D SK_rust_Demos: [sk_gpu] Debug info enabled.
09-27 14:01:35.382 21416 21439 D SK_rust_Demos: Starting a XR mode app
09-27 14:01:35.382 21416 21439 V OpenXR-Loader: Verbose [GENERAL | xrInitializeLoaderKHR | OpenXR-Loader] : Entering loader trampoline
09-27 14:01:35.383 21416 21439 V OpenXR-Loader: Verbose [GENERAL | xrEnumerateInstanceExtensionProperties | OpenXR-Loader] : Entering loader trampoline
09-27 14:01:35.383 21416 21439 I OpenXR-Loader: getActiveRuntimeCursor: Querying URI: content://org.khronos.openxr.runtime_broker/openxr/1/abi/arm64-v8a/runtimes/active
09-27 14:01:35.389 21416 21439 W OpenXR-Loader: Null cursor when querying installable content resolver.
09-27 14:01:35.389 21416 21439 I OpenXR-Loader: getActiveRuntimeCursor: Querying URI: content://org.khronos.openxr.system_runtime_broker/openxr/1/abi/arm64-v8a/runtimes/active
09-27 14:01:35.391 21416 21439 W OpenXR-Loader: Null cursor when querying system content resolver.
09-27 14:01:35.391 21416 21439 E OpenXR-Loader: Could access neither the installable nor system runtime broker.
09-27 14:01:35.391 21416 21439 I OpenXR-Loader: Info [GENERAL | xrEnumerateInstanceExtensionProperties | OpenXR-Loader] : RuntimeManifestFile::FindManifestFiles - using global runtime file /system/etc/openxr/1/active_runtime.aarch64.json
09-27 14:01:35.391 21416 21439 I OpenXR-Loader: Info [GENERAL |  | OpenXR-Loader] : RuntimeManifestFile::CreateIfValid - attempting to load /system/etc/openxr/1/active_runtime.aarch64.json
09-27 14:01:35.395 21416 21439 I OpenXR-Loader: Info [GENERAL | xrEnumerateInstanceExtensionProperties | OpenXR-Loader] : RuntimeInterface::LoadRuntime forwarding xrInitializeLoaderKHR call to runtime before calling xrNegotiateLoaderRuntimeInterface.
09-27 14:01:35.395 21416 21439 V OpenXR  : OpenXRForwardLoader::xrInitializeLoaderKHR [start]
09-27 14:01:35.401 21416 21439 D ApplicationLoaders: Returning zygote-cached class loader: /system/framework/android.test.base.jar
09-27 14:01:35.401 21416 21439 D ApplicationLoaders: Returning zygote-cached class loader: /system/framework/android.hidl.manager-V1.0-java.jar
09-27 14:01:35.401 21416 21439 D ApplicationLoaders: Returning zygote-cached class loader: /system/framework/android.hidl.base-V1.0-java.jar
09-27 14:01:35.412 21416 21439 I OpenXR  : Loading 64-bit Runtime.
09-27 14:01:35.422 21416 21439 D vulkan  : searching for layers in '/data/app/~~VTm5wzJMuHtvpimg1b9TYw==/com.stereokit.rust_binding.demos-EVIvYHTKMBFaivv-7ym-mA==/lib/arm64'
09-27 14:01:35.422 21416 21439 D vulkan  : searching for layers in '/data/app/~~VTm5wzJMuHtvpimg1b9TYw==/com.stereokit.rust_binding.demos-EVIvYHTKMBFaivv-7ym-mA==/base.apk!/lib/arm64-v8a'
09-27 14:01:35.423 21416 21439 D OsSdkLoader: OSSDK loading module 'libossdk.oculus.so'
09-27 14:01:35.455 21416 21439 I DriverLoader: Calling into SetLegacyVrApiEntryPointOverride
09-27 14:01:35.456 21416 21439 I VrApi_DriverLoader: SetLegacyVrApiEntryPointOverride: calling sprintf
09-27 14:01:35.456 21416 21439 I VrApi_DriverLoader: SetLegacyVrApiEntryPointOverride: env buffer is '0x78548694fc'
09-27 14:01:35.456 21416 21439 I VrApi_DriverLoader: SetLegacyVrApiEntryPointOverride: calling setenv
09-27 14:01:35.456 21416 21439 I DriverLoader: Creating Temp JNIEnv
09-27 14:01:35.456 21416 21439 I DriverLoader: Calling FindClass
09-27 14:01:35.456 21416 21439 I DriverLoader: Calling RegisterNativeVrApiLoaderMethods
09-27 14:01:35.456 21416 21439 I VrApi_DriverLoader: RegisterNativeVrApiLoaderMethods: calling RegisterNatives
09-27 14:01:35.456 21416 21439 I DriverLoader: Calling RegisterNativeXrLoaderMethods
09-27 14:01:35.456 21416 21439 I OpenXR_DriverLoader: RegisterNativeVrApiLoaderMethods: calling RegisterNatives
09-27 14:01:35.456 21416 21439 I DriverLoader: Exiting JNI_OnLoad
09-27 14:01:35.456 21416 21439 I OpenXR_ClientState: OpenXRClientState::create - from xrInitializeLoaderKHR
09-27 14:01:35.456 21416 21439 I XrRuntimeSharedClientState: SharedClientState::create called from 'OpenXRClientState::init'
09-27 14:01:35.456 21416 21439 I ipcLoader [RUNTIMEIPC]: RuntimeIPC: Loader: IPC Service API Loader Version: 69 Jul 11 2024 23:22:42
09-27 14:01:35.456 21416 21439 I ipcLoader [RUNTIMEIPC]: RuntimeIPC: Using android_get_exported_namespace: libripcclient.oculus.so
09-27 14:01:35.457 21416 21439 I ipcLoader [RUNTIMEIPC]: RuntimeIPC: android_get_exported_namespace SUCCESS: libripcclient.oculus.so
09-27 14:01:35.458 21416 21439 I MultiInstanceDetector [RUNTIMEIPC]: Multiple instances check passed. Socket name: INSTANCE_DETECTOR:21416
09-27 14:01:35.458 21416 21439 D OsSdkLoader: OSSDK loading module 'libossdk.oculus.so'
09-27 14:01:35.459 21416 21439 I ThreadHelpers [RUNTIMEIPC]: RuntimeIPC::ThreadHelpers::SetState: threadName: DLObserver, currentState: STATE_STOPPED, newState: STATE_STARTING
09-27 14:01:35.459 21416 21457 I ThreadHelpers [RUNTIMEIPC]: RuntimeIPC::ThreadHelpers::SetState: threadName: DLObserver, currentState: STATE_STARTING, newState: STATE_RUNNING
09-27 14:01:35.459 21416 21457 I DeadlockObserver [RUNTIMEIPC]: MainLoop starting
09-27 14:01:35.459 21416 21439 I DeadlockObserver [RUNTIMEIPC]: DeadlockObserver Init SUCCESS with defaultKillThreshold: 30.000000
09-27 14:01:35.459 21416 21439 W RuntimeIPCSystem [RUNTIMEIPC]: Init: Java VM is null
09-27 14:01:35.469 21416 21439 I ThreadHelpers [RUNTIMEIPC]: RuntimeIPC::ThreadHelpers::SetState: threadName: IpcDCReqHandler, currentState: STATE_STOPPED, newState: STATE_STARTING
09-27 14:01:35.469 21416 21459 I ThreadHelpers [RUNTIMEIPC]: RuntimeIPC::ThreadHelpers::SetState: threadName: IpcDCReqHandler, currentState: STATE_STARTING, newState: STATE_RUNNING
09-27 14:01:35.469 21416 21459 D IPCDataChannelServer [RUNTIMEIPC]: Connected: 1, broker_package:broker_process:0
09-27 14:01:35.469 21416 21439 I BrokerRPC [RUNTIMEIPC]: InitRPCToServiceInternal: Success
09-27 14:01:35.469 21416 21439 I ThreadHelpers [RUNTIMEIPC]: RuntimeIPC::ThreadHelpers::SetState: threadName: RIPCSystem, currentState: STATE_STOPPED, newState: STATE_STARTING
09-27 14:01:35.469 21416 21460 I ThreadHelpers [RUNTIMEIPC]: RuntimeIPC::ThreadHelpers::SetState: threadName: RIPCSystem, currentState: STATE_STARTING, newState: STATE_RUNNING
09-27 14:01:35.469 21416 21439 I RuntimeIPCSystem [RUNTIMEIPC]: RuntimeIPCSystem: Init SUCCESS
09-27 14:01:35.473 21416 21439 I ThreadHelpers [RUNTIMEIPC]: RuntimeIPC::ThreadHelpers::SetState: threadName: JobPoolWorker, currentState: STATE_STOPPED, newState: STATE_STARTING
09-27 14:01:35.473 21416 21461 I ThreadHelpers [RUNTIMEIPC]: RuntimeIPC::ThreadHelpers::SetState: threadName: JobPoolWorker, currentState: STATE_STARTING, newState: STATE_RUNNING
09-27 14:01:35.473 21416 21439 I ClientProcessConnector [RUNTIMEIPC]: GetProcessConnection: com.oculus.systemdriver:com.oculus.vrruntimeservice
09-27 14:01:35.474 21416 21439 I RuntimeIPCClient [RUNTIMEIPC]: Event buffer size (client): 8192
09-27 14:01:35.474 21416 21439 I RuntimeIPCClient [RUNTIMEIPC]: TryToGetIPCResourcesFromServer: RPC_CONNECTOR_CONNECT_TO_SERVER SUCCESS: Client: com.stereokit.rust_binding.demos:com.stereokit.rust_binding.demos:21416, Server: com.oculus.systemdriver:com.oculus.vrruntimeservice (gkcache)
09-27 14:01:35.474 21416 21439 I RuntimeIPCClient [RUNTIMEIPC]: EnsureServerConnection: SUCCESS. Client: com.stereokit.rust_binding.demos:com.stereokit.rust_binding.demos:21416, Server: com.oculus.systemdriver:com.oculus.vrruntimeservice (gkcache)
09-27 14:01:35.474 21416 21439 I RuntimeIPCClient [RUNTIMEIPC]: ConnectToServer: SUCCESS: Client: com.stereokit.rust_binding.demos:com.stereokit.rust_binding.demos:21416, Server: com.oculus.systemdriver:com.oculus.vrruntimeservice (gkcache)
09-27 14:01:35.475 21416 21439 I RuntimeIPCClient [RUNTIMEIPC]: InitServerStateBuffer: SUCCESS. 0, Client: com.stereokit.rust_binding.demos:com.stereokit.rust_binding.demos:21416, Server: com.oculus.systemdriver:com.oculus.vrruntimeservice (gkcache)
09-27 14:01:35.475 21416 21439 I ThreadHelpers [RUNTIMEIPC]: RuntimeIPC::ThreadHelpers::SetState: threadName: RIPCNotifThread, currentState: STATE_STOPPED, newState: STATE_STARTING
09-27 14:01:35.475 21416 21463 I ThreadHelpers [RUNTIMEIPC]: RuntimeIPC::ThreadHelpers::SetState: threadName: RIPCNotifThread, currentState: STATE_STARTING, newState: STATE_RUNNING
09-27 14:01:35.475 21416 21439 I OpenXR_ClientState: Client state creation succeeded.
09-27 14:01:35.475 21416 21439 V OpenXR  : OpenXRForwardLoader::xrInitializeLoaderKHR [end]
09-27 14:01:35.475 21416 21439 V OpenXR  : OpenXRForwardLoader::xrNegotiateLoaderRuntimeInterface [start]
09-27 14:01:35.476 21416 21439 V OpenXR  : OpenXRForwardLoader::xrNegotiateLoaderRuntimeInterface [end]
09-27 14:01:35.476 21416 21439 I OpenXR-Loader: Info [GENERAL | xrEnumerateInstanceExtensionProperties | OpenXR-Loader] : RuntimeInterface::LoadRuntime succeeded loading runtime defined in manifest file /system/etc/openxr/1/active_runtime.aarch64.json using interface version 1 and OpenXR API version 1.0
09-27 14:01:35.478 21416 21439 I OpenXR  : IsFirstParty 0
09-27 14:01:35.479 21416 21439 W t_binding.demo: Accessing hidden method Landroid/content/pm/ApplicationInfo;->isPrivilegedApp()Z (blocked,test-api, reflection, denied)
09-27 14:01:35.479 21416 21439 W t_binding.demo: If this is a platform test consider enabling VMRuntime.ALLOW_TEST_API_ACCESS change id for this package.
09-27 14:01:35.479 21416 21439 I OpenXR  : IsPrivileged 0
09-27 14:01:35.479 21416 21439 I OpenXR  : Is_X_PartnerGateKeeper
09-27 14:01:35.479 21416 21439 I OpenXR  : PGK Status: exp = 0, dc = false
09-27 14:01:35.479 21416 21439 I OpenXR  : oculus_first_access = false
09-27 14:01:35.479 21416 21439 I OpenXR  : Extension status: P
09-27 14:01:35.480 21416 21439 I OpenXR  : IsFirstParty 0
09-27 14:01:35.480 21416 21439 I OpenXR  : IsSystem 0
09-27 14:01:35.489 21416 21439 W libc    : Access denied finding property "ro.vendor.product.model_extended"
09-27 14:01:35.490 21416 21439 W GkCacheQuerierClient: getGkValue: Query result for 'oculus_xrruntime:oculus_trex_body_full_killsw' not successful: 4
09-27 14:01:35.490 21416 21439 W GkHelper: GkHelper: query failed, result code: 4
09-27 14:01:35.490 21416 21439 I OpenXR  : checkTrexKillswitchGk 'oculus_trex_body_full_killsw' = false
09-27 14:01:35.490 21416 21439 I OpenXR  : PassesGKKillswitch 1
09-27 14:01:35.490 21416 21439 I OpenXR  : xrEnumerateInstanceExtensionProperties: skipping extension=`XR_FB_keyboard_tracking` due to: missing uses-permission string `com.oculus.permission.TRACKED_KEYBOARD` from AndroidManifest in package `com.stereokit.rust_binding.demos`
09-27 14:01:35.490 21416 21439 I OpenXR  : xrEnumerateInstanceExtensionProperties: skipping extension=`XR_FBX1_spatial_entity` due to: Tier=40 extState=P deviceIsExpEnabled=false expManifestSet=true isFirstPartyApp=false isSystemApp=false
09-27 14:01:35.490 21416 21439 I OpenXR  : xrEnumerateInstanceExtensionProperties: skipping extension=`XR_FBX2_spatial_entity` due to: Tier=40 extState=P deviceIsExpEnabled=false expManifestSet=true isFirstPartyApp=false isSystemApp=false
09-27 14:01:35.491 21416 21439 I OpenXR  : checkTrexKillswitchGk 'oculus_trex_insightsdk_killsw' = false
09-27 14:01:35.491 21416 21439 I OpenXR  : PassesGKKillswitch 1
09-27 14:01:35.491 21416 21439 I OpenXR  : checkTrexKillswitchGk 'oculus_trex_insightsdk_killsw' = false
09-27 14:01:35.491 21416 21439 I OpenXR  : PassesGKKillswitch 1
09-27 14:01:35.491 21416 21439 I OpenXR  : xrEnumerateInstanceExtensionProperties: skipping extension=`XR_METAX1_passthrough_color_lut` due to: Tier=40 extState=P deviceIsExpEnabled=false expManifestSet=true isFirstPartyApp=false isSystemApp=false
09-27 14:01:35.491 21416 21439 I OpenXR  : checkTrexKillswitchGk 'oculus_trex_insightsdk_killsw' = false
09-27 14:01:35.491 21416 21439 I OpenXR  : PassesGKKillswitch 1
09-27 14:01:35.491 21416 21439 I OpenXR  : checkTrexKillswitchGk 'oculus_trex_render_model_killsw' = false
09-27 14:01:35.491 21416 21439 I OpenXR  : PassesGKKillswitch 1
09-27 14:01:35.491 21416 21439 I OpenXR  : xrEnumerateInstanceExtensionProperties: skipping extension=`XR_FBX1_spatial_entity_query` due to: Tier=40 extState=P deviceIsExpEnabled=false expManifestSet=true isFirstPartyApp=false isSystemApp=false
09-27 14:01:35.491 21416 21439 I OpenXR  : xrEnumerateInstanceExtensionProperties: skipping extension=`XR_FBX2_spatial_entity_query` due to: Tier=40 extState=P deviceIsExpEnabled=false expManifestSet=true isFirstPartyApp=false isSystemApp=false
09-27 14:01:35.491 21416 21439 W GkCacheQuerierClient: getGkValue: Query result for 'oculus_xrruntime:oculus_trex_anchor_persistence_discovery_killsw' not successful: 4
09-27 14:01:35.491 21416 21439 W GkHelper: GkHelper: query failed, result code: 4
09-27 14:01:35.491 21416 21439 I OpenXR  : checkTrexKillswitchGk 'oculus_trex_anchor_persistence_discovery_killsw' = false
09-27 14:01:35.491 21416 21439 I OpenXR  : PassesGKKillswitch 1
09-27 14:01:35.491 21416 21439 W GkCacheQuerierClient: getGkValue: Query result for 'oculus_xrruntime:oculus_trex_anchor_persistence_discovery_killsw' not successful: 4
09-27 14:01:35.491 21416 21439 W GkHelper: GkHelper: query failed, result code: 4
09-27 14:01:35.491 21416 21439 I OpenXR  : checkTrexKillswitchGk 'oculus_trex_anchor_persistence_discovery_killsw' = false
09-27 14:01:35.491 21416 21439 I OpenXR  : PassesGKKillswitch 1
09-27 14:01:35.491 21416 21439 I OpenXR  : xrEnumerateInstanceExtensionProperties: skipping extension=`XR_FBX1_touch_controller_extras` due to: Tier=40 extState=P deviceIsExpEnabled=false expManifestSet=true isFirstPartyApp=false isSystemApp=false
09-27 14:01:35.491 21416 21439 I OpenXR  : xrEnumerateInstanceExtensionProperties: skipping extension=`XR_FBX1_spatial_entity_storage` due to: Tier=40 extState=P deviceIsExpEnabled=false expManifestSet=true isFirstPartyApp=false isSystemApp=false
09-27 14:01:35.491 21416 21439 I OpenXR  : xrEnumerateInstanceExtensionProperties: skipping extension=`XR_FBX2_spatial_entity_storage` due to: Tier=40 extState=P deviceIsExpEnabled=false expManifestSet=true isFirstPartyApp=false isSystemApp=false
09-27 14:01:35.492 21416 21439 I OpenXR  : xrEnumerateInstanceExtensionProperties: skipping extension 'XR_META_local_dimming' as device requirements requirements (16) are not met.
09-27 14:01:35.492 21416 21439 I OpenXR  : xrEnumerateInstanceExtensionProperties: skipping extension 'XR_META_foveation_eye_tracked' as feature requirements (1) are not met.
09-27 14:01:35.492 21416 21439 I OpenXR  : xrEnumerateInstanceExtensionProperties: skipping extension 'XR_FB_eye_tracking_social' as feature requirements (1) are not met.
09-27 14:01:35.492 21416 21439 I OpenXR  : checkTrexKillswitchGk 'oculus_trex_insightsdk_killsw' = false
09-27 14:01:35.492 21416 21439 I OpenXR  : PassesGKKillswitch 1
09-27 14:01:35.492 21416 21439 I OpenXR  : xrEnumerateInstanceExtensionProperties: skipping extension=`XR_FBX1_composition_layer_settings` due to: Tier=40 extState=P deviceIsExpEnabled=false expManifestSet=true isFirstPartyApp=false isSystemApp=false
09-27 14:01:35.492 21416 21439 I OpenXR  : xrEnumerateInstanceExtensionProperties: skipping extension=`XR_FBX1_composition_layer_depth_test` due to: Tier=40 extState=P deviceIsExpEnabled=false expManifestSet=true isFirstPartyApp=false isSystemApp=false
09-27 14:01:35.492 21416 21439 I OpenXR  : xrEnumerateInstanceExtensionProperties: skipping extension 'XR_EXT_eye_gaze_interaction' as feature requirements (1) are not met.
09-27 14:01:35.492 21416 21439 I OpenXR  : xrEnumerateInstanceExtensionProperties: skipping extension 'XR_META_hand_tracking_wide_motion_mode' as device requirements requirements (33) are not met.
09-27 14:01:35.492 21416 21439 I OpenXR  : xrEnumerateInstanceExtensionProperties: skipping extension=`XR_EXTX1_hand_tracking_data_source` due to: Tier=40 extState=P deviceIsExpEnabled=false expManifestSet=true isFirstPartyApp=false isSystemApp=false
09-27 14:01:35.492 21416 21439 I OpenXR  : xrEnumerateInstanceExtensionProperties: skipping extension=`XR_METAX1_performance_metrics` due to: Tier=40 extState=P deviceIsExpEnabled=false expManifestSet=true isFirstPartyApp=false isSystemApp=false
09-27 14:01:35.492 21416 21439 I OpenXR  : xrEnumerateInstanceExtensionProperties: skipping extension=`XR_METAX1_virtual_keyboard` due to: Tier=40 extState=P deviceIsExpEnabled=false expManifestSet=true isFirstPartyApp=false isSystemApp=false
09-27 14:01:35.492 21416 21439 I OpenXR  : xrEnumerateInstanceExtensionProperties: skipping extension=`XR_METAX2_virtual_keyboard` due to: Tier=40 extState=P deviceIsExpEnabled=false expManifestSet=true isFirstPartyApp=false isSystemApp=false
09-27 14:01:35.492 21416 21439 I OpenXR  : xrEnumerateInstanceExtensionProperties: skipping extension=`XR_EXTX1_event_channel` due to: Tier=40 extState=P deviceIsExpEnabled=false expManifestSet=true isFirstPartyApp=false isSystemApp=false
09-27 14:01:35.492 21416 21439 I OpenXR  : xrEnumerateInstanceExtensionProperties: skipping extension=`XR_METAX1_environment_depth` due to: Tier=40 extState=P deviceIsExpEnabled=false expManifestSet=true isFirstPartyApp=false isSystemApp=false
09-27 14:01:35.492 21416 21439 I OpenXR  : xrEnumerateInstanceExtensionProperties: skipping extension=`XR_METAX2_environment_depth` due to: Tier=40 extState=P deviceIsExpEnabled=false expManifestSet=true isFirstPartyApp=false isSystemApp=false
09-27 14:01:35.493 21416 21439 W GkCacheQuerierClient: getGkValue: Query result for 'oculus_xrruntime:oculus_trex_environment_depth_tier3_killsw' not successful: 4
09-27 14:01:35.493 21416 21439 W GkHelper: GkHelper: query failed, result code: 4
09-27 14:01:35.493 21416 21439 I OpenXR  : checkTrexKillswitchGk 'oculus_trex_environment_depth_tier3_killsw' = false
09-27 14:01:35.493 21416 21439 I OpenXR  : PassesGKKillswitch 1
09-27 14:01:35.493 21416 21439 I OpenXR  : xrEnumerateInstanceExtensionProperties: skipping extension 'XR_META_environment_depth' as device requirements requirements (33) are not met.
09-27 14:01:35.493 21416 21439 I OpenXR  : xrEnumerateInstanceExtensionProperties: skipping extension=`XR_EXT_palm_pose` due to: Tier=40 extState=P deviceIsExpEnabled=false expManifestSet=true isFirstPartyApp=false isSystemApp=false
09-27 14:01:35.493 21416 21439 W GkCacheQuerierClient: getGkValue: Query result for 'oculus_xrruntime:oculus_trex_body_fidelity_killsw' not successful: 4
09-27 14:01:35.493 21416 21439 W GkHelper: GkHelper: query failed, result code: 4
09-27 14:01:35.493 21416 21439 I OpenXR  : checkTrexKillswitchGk 'oculus_trex_body_fidelity_killsw' = false
09-27 14:01:35.493 21416 21439 I OpenXR  : PassesGKKillswitch 1
09-27 14:01:35.493 21416 21439 W GkCacheQuerierClient: getGkValue: Query result for 'oculus_xrruntime:oculus_trex_body_calibration_killsw' not successful: 4
09-27 14:01:35.493 21416 21439 W GkHelper: GkHelper: query failed, result code: 4
09-27 14:01:35.493 21416 21439 I OpenXR  : checkTrexKillswitchGk 'oculus_trex_body_calibration_killsw' = false
09-27 14:01:35.493 21416 21439 I OpenXR  : PassesGKKillswitch 1
09-27 14:01:35.493 21416 21439 V OpenXR-Loader: Verbose [GENERAL | xrEnumerateInstanceExtensionProperties | OpenXR-Loader] : Completed loader trampoline
09-27 14:01:35.493 21416 21439 V OpenXR-Loader: Verbose [GENERAL | xrEnumerateInstanceExtensionProperties | OpenXR-Loader] : Entering loader trampoline
09-27 14:01:35.494 21416 21439 V OpenXR-Loader: Verbose [GENERAL | xrEnumerateInstanceExtensionProperties | OpenXR-Loader] : Completed loader trampoline
09-27 14:01:35.494 21416 21439 V OpenXR-Loader: Verbose [GENERAL | xrEnumerateApiLayerProperties | OpenXR-Loader] : Entering loader trampoline
09-27 14:01:35.494 21416 21439 V OpenXR-Loader: Verbose [GENERAL | xrEnumerateApiLayerProperties | OpenXR-Loader] : Entering loader trampoline
09-27 14:01:35.495 21416 21439 V OpenXR-Loader: Verbose [GENERAL | xrCreateInstance | OpenXR-Loader] : Entering loader trampoline
09-27 14:01:35.496 21416 21439 V OpenXR-Loader: Verbose [GENERAL | xrCreateInstance | OpenXR-Loader] : Entering LoaderInstance::CreateInstance
09-27 14:01:35.496 21416 21439 V OpenXR-Loader: Verbose [GENERAL | xrCreateInstance | OpenXR-Loader] : Entering loader terminator
09-27 14:01:35.496 21416 21439 I OpenXR  : ----------- xrCreateInstance [start] ----------
09-27 14:01:35.496 21416 21439 I VersionGater: App OpenXR version is 1.0.41
09-27 14:01:35.496 21416 21439 I VersionGater: Version gate state: 1111 1111 1111 111
09-27 14:01:35.498 21416 21439 I TREX    : Initializing TREX for client 18ea821728541b12...
09-27 14:01:35.498 21416 21439 I TREX    : Initializing system...
09-27 14:01:35.498 21416 21439 I XrRuntimeSystem_Client: BodyPoweredHands checkSysPropForBodyAPIOverride 0
09-27 14:01:35.498 21416 21439 I TREXLoadPolicy: RenderModelPlugin: all features matched!
09-27 14:01:35.498 21416 21439 I TREXLoadPolicy: RenderModelPlugin: all permissions matched!
09-27 14:01:35.499 21416 21439 I TREX    : Created plugin package context for com.oculus.systemdriver
09-27 14:01:35.500 21416 21439 I PTKService: PTKServiceClient Init
09-27 14:01:35.502 21416 21439 I ThreadHelpers [RUNTIMEIPC]: RuntimeIPC::ThreadHelpers::SetState: threadName: JobPoolWorker, currentState: STATE_STOPPED, newState: STATE_STARTING
09-27 14:01:35.502 21416 21465 I ThreadHelpers [RUNTIMEIPC]: RuntimeIPC::ThreadHelpers::SetState: threadName: JobPoolWorker, currentState: STATE_STARTING, newState: STATE_RUNNING
09-27 14:01:35.503 21416 21439 I ClientProcessConnector [RUNTIMEIPC]: GetProcessConnection: com.oculus.vrshell:com.oculus.vrshell
09-27 14:01:35.504 21416 21439 I RuntimeIPCClient [RUNTIMEIPC]: Event buffer size (client): 8192
09-27 14:01:35.504 21416 21439 I RuntimeIPCClient [RUNTIMEIPC]: TryToGetIPCResourcesFromServer: RPC_CONNECTOR_CONNECT_TO_SERVER SUCCESS: Client: com.stereokit.rust_binding.demos:com.stereokit.rust_binding.demos:21416, Server: com.oculus.vrshell:com.oculus.vrshell (ptkserviceserver)
09-27 14:01:35.504 21416 21439 I RuntimeIPCClient [RUNTIMEIPC]: EnsureServerConnection: SUCCESS. Client: com.stereokit.rust_binding.demos:com.stereokit.rust_binding.demos:21416, Server: com.oculus.vrshell:com.oculus.vrshell (ptkserviceserver)
09-27 14:01:35.504 21416 21439 I RuntimeIPCClient [RUNTIMEIPC]: ConnectToServer: SUCCESS: Client: com.stereokit.rust_binding.demos:com.stereokit.rust_binding.demos:21416, Server: com.oculus.vrshell:com.oculus.vrshell (ptkserviceserver)
09-27 14:01:35.512 21416 21439 I ThreadHelpers [RUNTIMEIPC]: RuntimeIPC::ThreadHelpers::SetState: threadName: JobPoolWorker, currentState: STATE_STOPPED, newState: STATE_STARTING
09-27 14:01:35.512 21416 21467 I ThreadHelpers [RUNTIMEIPC]: RuntimeIPC::ThreadHelpers::SetState: threadName: JobPoolWorker, currentState: STATE_STARTING, newState: STATE_RUNNING
09-27 14:01:35.513 21416 21439 I RuntimeIPCClient [RUNTIMEIPC]: Event buffer size (client): 8192
09-27 14:01:35.513 21416 21439 I RuntimeIPCClient [RUNTIMEIPC]: TryToGetIPCResourcesFromServer: RPC_CONNECTOR_CONNECT_TO_SERVER SUCCESS: Client: com.stereokit.rust_binding.demos:com.stereokit.rust_binding.demos:21416, Server: com.oculus.systemdriver:com.oculus.vrruntimeservice (RenderModelServer)
09-27 14:01:35.513 21416 21439 I RuntimeIPCClient [RUNTIMEIPC]: EnsureServerConnection: SUCCESS. Client: com.stereokit.rust_binding.demos:com.stereokit.rust_binding.demos:21416, Server: com.oculus.systemdriver:com.oculus.vrruntimeservice (RenderModelServer)
09-27 14:01:35.513 21416 21439 I RuntimeIPCClient [RUNTIMEIPC]: ConnectToServer: SUCCESS: Client: com.stereokit.rust_binding.demos:com.stereokit.rust_binding.demos:21416, Server: com.oculus.systemdriver:com.oculus.vrruntimeservice (RenderModelServer)
09-27 14:01:35.513 21416 21439 I TREXLoadPolicy: KeyboardTrackingPlugin: all features matched!
09-27 14:01:35.513 21416 21439 I TREXLoadPolicy: Plugin 'com.oculus.mrservice:': GK killswitch is enabled! Plugin will be skipped!
09-27 14:01:35.514 21416 21439 I TREX    : Created plugin package context for com.oculus.systemdriver
09-27 14:01:35.517 21416 21439 I ThreadHelpers [RUNTIMEIPC]: RuntimeIPC::ThreadHelpers::SetState: threadName: JobPoolWorker, currentState: STATE_STOPPED, newState: STATE_STARTING
09-27 14:01:35.517 21416 21470 I ThreadHelpers [RUNTIMEIPC]: RuntimeIPC::ThreadHelpers::SetState: threadName: JobPoolWorker, currentState: STATE_STARTING, newState: STATE_RUNNING
09-27 14:01:35.518 21416 21439 I RuntimeIPCClient [RUNTIMEIPC]: Event buffer size (client): 8192
09-27 14:01:35.518 21416 21439 I RuntimeIPCClient [RUNTIMEIPC]: TryToGetIPCResourcesFromServer: RPC_CONNECTOR_CONNECT_TO_SERVER SUCCESS: Client: com.stereokit.rust_binding.demos:com.stereokit.rust_binding.demos:21416, Server: com.oculus.systemdriver:com.oculus.vrruntimeservice (HapticsServer)
09-27 14:01:35.518 21416 21439 I RuntimeIPCClient [RUNTIMEIPC]: EnsureServerConnection: SUCCESS. Client: com.stereokit.rust_binding.demos:com.stereokit.rust_binding.demos:21416, Server: com.oculus.systemdriver:com.oculus.vrruntimeservice (HapticsServer)
09-27 14:01:35.518 21416 21439 I RuntimeIPCClient [RUNTIMEIPC]: ConnectToServer: SUCCESS: Client: com.stereokit.rust_binding.demos:com.stereokit.rust_binding.demos:21416, Server: com.oculus.systemdriver:com.oculus.vrruntimeservice (HapticsServer)
09-27 14:01:35.518 21416 21439 I TREX    : Loading EMGSDK Client Plugin
09-27 14:01:35.519 21416 21439 I TREX    : Created plugin package context for com.oculus.systemdriver
09-27 14:01:35.521 21416 21439 I ThreadHelpers [RUNTIMEIPC]: RuntimeIPC::ThreadHelpers::SetState: threadName: JobPoolWorker, currentState: STATE_STOPPED, newState: STATE_STARTING
09-27 14:01:35.521 21416 21472 I ThreadHelpers [RUNTIMEIPC]: RuntimeIPC::ThreadHelpers::SetState: threadName: JobPoolWorker, currentState: STATE_STARTING, newState: STATE_RUNNING
09-27 14:01:35.522 21416 21439 I RuntimeIPCClient [RUNTIMEIPC]: Event buffer size (client): 8192
09-27 14:01:35.522 21416 21439 I RuntimeIPCClient [RUNTIMEIPC]: TryToGetIPCResourcesFromServer: RPC_CONNECTOR_CONNECT_TO_SERVER SUCCESS: Client: com.stereokit.rust_binding.demos:com.stereokit.rust_binding.demos:21416, Server: com.oculus.systemdriver:com.oculus.vrruntimeservice (HandInputDataServer)
09-27 14:01:35.522 21416 21439 I RuntimeIPCClient [RUNTIMEIPC]: EnsureServerConnection: SUCCESS. Client: com.stereokit.rust_binding.demos:com.stereokit.rust_binding.demos:21416, Server: com.oculus.systemdriver:com.oculus.vrruntimeservice (HandInputDataServer)
09-27 14:01:35.522 21416 21439 I RuntimeIPCClient [RUNTIMEIPC]: ConnectToServer: SUCCESS: Client: com.stereokit.rust_binding.demos:com.stereokit.rust_binding.demos:21416, Server: com.oculus.systemdriver:com.oculus.vrruntimeservice (HandInputDataServer)
09-27 14:01:35.525 21416 21439 E TREX    : Loaded HandInputDataClientPlugin
09-27 14:01:35.526 21416 21439 I TREX    : Created plugin package context for com.oculus.systemdriver
09-27 14:01:35.528 21416 21439 I ThreadHelpers [RUNTIMEIPC]: RuntimeIPC::ThreadHelpers::SetState: threadName: JobPoolWorker, currentState: STATE_STOPPED, newState: STATE_STARTING
09-27 14:01:35.528 21416 21474 I ThreadHelpers [RUNTIMEIPC]: RuntimeIPC::ThreadHelpers::SetState: threadName: JobPoolWorker, currentState: STATE_STARTING, newState: STATE_RUNNING
09-27 14:01:35.530 21416 21439 I RuntimeIPCClient [RUNTIMEIPC]: Event buffer size (client): 8192
09-27 14:01:35.530 21416 21439 I RuntimeIPCClient [RUNTIMEIPC]: TryToGetIPCResourcesFromServer: RPC_CONNECTOR_CONNECT_TO_SERVER SUCCESS: Client: com.stereokit.rust_binding.demos:com.stereokit.rust_binding.demos:21416, Server: com.oculus.systemdriver:com.oculus.vrruntimeservice (ControllerIPCServer)
09-27 14:01:35.530 21416 21439 I RuntimeIPCClient [RUNTIMEIPC]: EnsureServerConnection: SUCCESS. Client: com.stereokit.rust_binding.demos:com.stereokit.rust_binding.demos:21416, Server: com.oculus.systemdriver:com.oculus.vrruntimeservice (ControllerIPCServer)
09-27 14:01:35.530 21416 21439 I RuntimeIPCClient [RUNTIMEIPC]: ConnectToServer: SUCCESS: Client: com.stereokit.rust_binding.demos:com.stereokit.rust_binding.demos:21416, Server: com.oculus.systemdriver:com.oculus.vrruntimeservice (ControllerIPCServer)
09-27 14:01:35.530 21416 21439 I TrexControllerClientPlugin: ControllerClientBase::Initialize success
09-27 14:01:35.530 21416 21439 I TREXLoadPolicy: BodyApiClientPlugin: all features matched!
09-27 14:01:35.530 21416 21439 I TREX    : Loading plugin com.oculus.bodyapiservice:libbodyapiplugin.so
09-27 14:01:35.534 21416 21439 D AndroidLibraryResolver: Loading 'libbodyapiplugin.so' from package 'com.oculus.bodyapiservice'
09-27 14:01:35.537 21416 21439 D ApplicationLoaders: Returning zygote-cached class loader: /system/framework/android.test.base.jar
09-27 14:01:35.545 21416 21439 I AndroidLibraryResolver: Attempting to find getAPIFunction64
09-27 14:01:35.545 21416 21439 V LibLoaderImpl: Loading 64-bit LibLoaderImpl.
09-27 14:01:35.545 21416 21439 V LibLoaderImpl: internalGetAPIFunction: loadLibrary 'loaderimpl'
09-27 14:01:35.545 21416 21439 V LibLoaderImpl: Using System.loadLibrary
09-27 14:01:35.547 21416 21439 I libloaderimpl: nativeSetClassLoader:0x1496
09-27 14:01:35.547 21416 21439 V LibLoaderImpl: internalGetAPIFunction: calling nativeGetAPIFunction
09-27 14:01:35.547 21416 21439 I libloaderimpl: LibLoaderImpl nativeGetAPIFunction.
09-27 14:01:35.547 21416 21439 I libloaderimpl: LibLoaderHandle SUCCESS
09-27 14:01:35.547 21416 21439 I libloaderimpl: LibLoaderImpl GetAPIFunction. libName: libbodyapiplugin.so, funcName: trex_GetPluginInfo
09-27 14:01:35.548 21416 21439 I libloaderimpl: LibLoaderImpl GetAPIFunction. libName: libbodyapiplugin.so, funcName: trex_Initialize
09-27 14:01:35.548 21416 21439 I libloaderimpl: LibLoaderImpl GetAPIFunction. libName: libbodyapiplugin.so, funcName: trex_Shutdown
09-27 14:01:35.549 21416 21439 I TREX    : Created plugin package context for com.oculus.bodyapiservice
09-27 14:01:35.550 21416 21439 I [CT]    : BodyApiPlugin: BodyApiClientInterface7 initialized.
09-27 14:01:35.550 21416 21439 I ipcLoader [RUNTIMEIPC]: RuntimeIPC: Loader: IPC Service API Loader Version: 69 Jul 11 2024 23:55:17
09-27 14:01:35.550 21416 21439 I ipcLoader [RUNTIMEIPC]: RuntimeIPC: Using android_get_exported_namespace: libripcclient.oculus.so
09-27 14:01:35.551 21416 21439 I ipcLoader [RUNTIMEIPC]: RuntimeIPC: android_get_exported_namespace SUCCESS: libripcclient.oculus.so
09-27 14:01:35.557 21416 21439 I ThreadHelpers [RUNTIMEIPC]: RuntimeIPC::ThreadHelpers::SetState: threadName: JobPoolWorker, currentState: STATE_STOPPED, newState: STATE_STARTING
09-27 14:01:35.558 21416 21476 I ThreadHelpers [RUNTIMEIPC]: RuntimeIPC::ThreadHelpers::SetState: threadName: JobPoolWorker, currentState: STATE_STARTING, newState: STATE_RUNNING
09-27 14:01:35.559 21416 21439 D RuntimeIPCClient [RUNTIMEIPC]: TryToGetIPCResourcesFromServer: Failed to get process connection : Client: com.stereokit.rust_binding.demos:com.stereokit.rust_binding.demos:21416, Server: com.oculus.bodyapiservice:com.oculus.bodyapiservice (BodyApiServiceServer)
09-27 14:01:35.559 21416 21439 W RuntimeIPCClient [RUNTIMEIPC]: TryToGetIPCResourcesFromServer FAILED in 0.707187 ms
09-27 14:01:35.559 21416 21439 I RuntimeIPCClient [RUNTIMEIPC]: EnsureServerConnection: TryToGetIPCResourcesFromServer FAILED, allowOfflineInitialization=true, isReconnecting=false: Client: com.stereokit.rust_binding.demos:com.stereokit.rust_binding.demos:21416, Server: com.oculus.bodyapiservice:com.oculus.bodyapiservice (BodyApiServiceServer)
09-27 14:01:35.559 21416 21439 W RuntimeIPCClient [RUNTIMEIPC]: ConnectToServer: EnsureServerConnection FAILED: Client: com.stereokit.rust_binding.demos:com.stereokit.rust_binding.demos:21416, Server: com.oculus.bodyapiservice:com.oculus.bodyapiservice (BodyApiServiceServer), allowOfflineInitialization=true
09-27 14:01:35.559 21416 21439 I RuntimeIPCClient [RUNTIMEIPC]: ConnectToServer: initialized offline: Client: com.stereokit.rust_binding.demos:com.stereokit.rust_binding.demos:21416, Server: com.oculus.bodyapiservice:com.oculus.bodyapiservice (BodyApiServiceServer)
09-27 14:01:35.560 21416 21439 I TREXLoadPolicy: SpatialPersistenceClientPlugin: all permissions matched!
09-27 14:01:35.560 21416 21439 I TREX    : Loading plugin com.facebook.spatial_persistence_service:libplugin.so
09-27 14:01:35.561 21416 21439 D AndroidLibraryResolver: Loading 'libplugin.so' from package 'com.facebook.spatial_persistence_service'
09-27 14:01:35.564 21416 21439 D ApplicationLoaders: Returning zygote-cached class loader: /system/framework/android.test.base.jar
09-27 14:01:35.572 21416 21439 I AndroidLibraryResolver: Attempting to find getAPIFunction64
09-27 14:01:35.572 21416 21439 V LibLoaderImpl: Loading 64-bit LibLoaderImpl.
09-27 14:01:35.572 21416 21439 V LibLoaderImpl: internalGetAPIFunction: loadLibrary 'loaderimpl'
09-27 14:01:35.572 21416 21439 V LibLoaderImpl: Using System.loadLibrary
09-27 14:01:35.574 21416 21439 I libloaderimpl: nativeSetClassLoader:0x14b6
09-27 14:01:35.574 21416 21439 V LibLoaderImpl: internalGetAPIFunction: calling nativeGetAPIFunction
09-27 14:01:35.574 21416 21439 I libloaderimpl: LibLoaderImpl nativeGetAPIFunction.
09-27 14:01:35.574 21416 21439 I libloaderimpl: LibLoaderHandle SUCCESS
09-27 14:01:35.574 21416 21439 I libloaderimpl: LibLoaderImpl GetAPIFunction. libName: libplugin.so, funcName: trex_GetPluginInfo
09-27 14:01:35.576 21416 21439 E QuickPerformanceLoggerImpl: [WARNING] QPL unimplemented, call QplMrProvider::initialize() first
09-27 14:01:35.576 21416 21439 I libloaderimpl: LibLoaderImpl GetAPIFunction. libName: libplugin.so, funcName: trex_Initialize
09-27 14:01:35.576 21416 21439 I libloaderimpl: LibLoaderImpl GetAPIFunction. libName: libplugin.so, funcName: trex_Shutdown
09-27 14:01:35.577 21416 21439 I TREX    : Created plugin package context for com.facebook.spatial_persistence_service
09-27 14:01:35.578 21416 21439 I [CT]    : SP:TREX:SpatialPersistencePlugin: SpatialPersistencePlugin::trex_Initialize called for client 1795390437433023250.
09-27 14:01:35.578 21416 21439 I [CT]    : Anchor:LogLevelHelper: setGlobalLogLevelFromSysprop: Set log level to info: 3
09-27 14:01:35.579 21416 21439 I [CT]    : SP:AF:AnchorFramework: Creating CPUThreadPoolScheduler AnchorFramework Scheduler
09-27 14:01:35.579 21416 21477 W [CT]    : VIPER: No callback registered to set thread properties for type 'Foreground' with name 'SP:AF:InsightAnchorApi'
09-27 14:01:35.593 21416 21439 W [CT]    : SP:DeviceConfig: Failed to query device config param: name=oculus_plane_freespace_integration
09-27 14:01:35.593 21416 21439 I [CT]    : SP:SpatialAnchorConfig: ensureInitialized: Gatekeeper Name: oculus_plane_freespace_integration is set to false
09-27 14:01:35.594 21416 21439 I ipcLoader [RUNTIMEIPC]: RuntimeIPC: Loader: IPC Service API Loader Version: 69 Jul 11 2024 23:14:42
09-27 14:01:35.594 21416 21439 I ipcLoader [RUNTIMEIPC]: RuntimeIPC: Using android_get_exported_namespace: libripcclient.oculus.so
09-27 14:01:35.594 21416 21439 I ipcLoader [RUNTIMEIPC]: RuntimeIPC: android_get_exported_namespace SUCCESS: libripcclient.oculus.so
09-27 14:01:35.597 21416 21439 I ThreadHelpers [RUNTIMEIPC]: RuntimeIPC::ThreadHelpers::SetState: threadName: JobPoolWorker, currentState: STATE_STOPPED, newState: STATE_STARTING
09-27 14:01:35.597 21416 21480 I ThreadHelpers [RUNTIMEIPC]: RuntimeIPC::ThreadHelpers::SetState: threadName: JobPoolWorker, currentState: STATE_STARTING, newState: STATE_RUNNING
09-27 14:01:35.599 21416 21439 I RuntimeIPCClient [RUNTIMEIPC]: Event buffer size (client): 8192
09-27 14:01:35.599 21416 21439 I RuntimeIPCClient [RUNTIMEIPC]: TryToGetIPCResourcesFromServer: RPC_CONNECTOR_CONNECT_TO_SERVER SUCCESS: Client: com.stereokit.rust_binding.demos:com.stereokit.rust_binding.demos:21416, Server: com.oculus.systemdriver:com.oculus.vrruntimeservice (DynamicObjectTrackingServer)
09-27 14:01:35.599 21416 21439 I RuntimeIPCClient [RUNTIMEIPC]: EnsureServerConnection: SUCCESS. Client: com.stereokit.rust_binding.demos:com.stereokit.rust_binding.demos:21416, Server: com.oculus.systemdriver:com.oculus.vrruntimeservice (DynamicObjectTrackingServer)
09-27 14:01:35.599 21416 21439 I RuntimeIPCClient [RUNTIMEIPC]: ConnectToServer: SUCCESS: Client: com.stereokit.rust_binding.demos:com.stereokit.rust_binding.demos:21416, Server: com.oculus.systemdriver:com.oculus.vrruntimeservice (DynamicObjectTrackingServer)
09-27 14:01:35.600 21416 21439 I [CT]    : SP:AF:AnchorFramework: Using TrackingService
09-27 14:01:35.600 21416 21439 I ThreadHelpers [RUNTIMEIPC]: RuntimeIPC::ThreadHelpers::SetState: threadName: JobPoolWorker, currentState: STATE_STOPPED, newState: STATE_STARTING
09-27 14:01:35.600 21416 21482 I ThreadHelpers [RUNTIMEIPC]: RuntimeIPC::ThreadHelpers::SetState: threadName: JobPoolWorker, currentState: STATE_STARTING, newState: STATE_RUNNING
09-27 14:01:35.601 21416 21439 I ClientProcessConnector [RUNTIMEIPC]: GetProcessConnection: native_process.system:/system_ext/bin/trackingservice
09-27 14:01:35.604 21416 21439 I RuntimeIPCClient [RUNTIMEIPC]: Event buffer size (client): 8192
09-27 14:01:35.604 21416 21439 I RuntimeIPCClient [RUNTIMEIPC]: TryToGetIPCResourcesFromServer: RPC_CONNECTOR_CONNECT_TO_SERVER SUCCESS: Client: com.stereokit.rust_binding.demos:com.stereokit.rust_binding.demos:21416, Server: native_process.system:/system_ext/bin/trackingservice (SlamAnchorServer)
09-27 14:01:35.604 21416 21439 I RuntimeIPCClient [RUNTIMEIPC]: EnsureServerConnection: SUCCESS. Client: com.stereokit.rust_binding.demos:com.stereokit.rust_binding.demos:21416, Server: native_process.system:/system_ext/bin/trackingservice (SlamAnchorServer)
09-27 14:01:35.604 21416 21439 I RuntimeIPCClient [RUNTIMEIPC]: ConnectToServer: SUCCESS: Client: com.stereokit.rust_binding.demos:com.stereokit.rust_binding.demos:21416, Server: native_process.system:/system_ext/bin/trackingservice (SlamAnchorServer)
09-27 14:01:35.604 21416 21439 D OsSdkLoader: OSSDK loading module 'libheadtracker.oculus.so'
09-27 14:01:35.605 21416 21439 D t_binding.demo: memorybroker::ClientConnection ctor
09-27 14:01:35.605 21416 21439 D OsSdkLoader: OSSDK loading module 'libossdk.oculus.so'
09-27 14:01:35.606 21416 21439 I [CT]    : SP:AF:AnchorFramework: Creating CPUThreadPoolScheduler AnchorFramework Scheduler
09-27 14:01:35.606 21416 21484 W [CT]    : VIPER: No callback registered to set thread properties for type 'Foreground' with name 'AnchorFrameworkVROS'
09-27 14:01:35.607 21416 21439 I ThreadHelpers [RUNTIMEIPC]: RuntimeIPC::ThreadHelpers::SetState: threadName: RIPCNotifThread, currentState: STATE_STOPPED, newState: STATE_STARTING
09-27 14:01:35.607 21416 21486 I ThreadHelpers [RUNTIMEIPC]: RuntimeIPC::ThreadHelpers::SetState: threadName: RIPCNotifThread, currentState: STATE_STARTING, newState: STATE_RUNNING
09-27 14:01:35.607 21416 21487 W [CT]    : VIPER: No callback registered to set thread properties for type 'Foreground' with name 'SlamAnchorPersistenceRuntimeIpcClient'
09-27 14:01:35.612 21416 21439 I [CT]    : SP:SpatialAnchorConfig: ensureInitialized: Gatekeeper Name: xr_scene_anchor_deviation_telemetry is set to true
09-27 14:01:35.618 21416 21439 I [CT]    : SP:SpatialAnchorConfig: ensureInitialized: Gatekeeper Name: oculus_enable_rigid_scene is set to true
09-27 14:01:35.621 21416 21439 I [CT]    : SP:SpatialAnchorConfig: ensureInitialized: Gatekeeper Name: oculus_rigid_scene_telemetry is set to true
09-27 14:01:35.621 21416 21439 I [CT]    : SP:AF:AnchorFrameworkTelemetryHelper: Device information acquired: deviceFlavor: hollywood-user
09-27 14:01:35.621 21416 21500 W [CT]    : VIPER: No callback registered to set thread properties for type 'Foreground' with name 'AnchorFrameworkInstrumented'
09-27 14:01:35.622 21416 21439 I [CT]    : SP:AF:AnchorFrameworkTelemetryHelper: Device information acquired: deviceFlavor: hollywood-user
09-27 14:01:35.628 21416 21439 I [CT]    : SP:AF:AnchorFramework: AnchorFrameworkExperimentEnabled = false
09-27 14:01:35.628 21416 21439 I TREXLoadPolicy: InsightSdk: all features matched!
09-27 14:01:35.628 21416 21439 I TREX    : Loading plugin com.oculus.mrservice:libmrservice_plugin.so
09-27 14:01:35.629 21416 21439 D AndroidLibraryResolver: Loading 'libmrservice_plugin.so' from package 'com.oculus.mrservice'
