09-27 14:02:37.971 21416 21439 I RuntimeIPCClient [RUNTIMEIPC]: ReleaseRef: Remaining refs: 0, Client: com.stereokit.rust_binding.demos:com.stereokit.rust_binding.demos:21416, Server: com.oculus.systemdriver:com.oculus.vrruntimeservice (RuntimeServiceServer)
09-27 14:02:37.971 21416 21510 I ThreadHelpers [RUNTIMEIPC]: RuntimeIPC::ThreadHelpers::SetState: threadName: RIPCNotifThread, currentState: STATE_STOPPING, newState: STATE_STOPPED
09-27 14:02:37.971 21416 21509 I ThreadHelpers [RUNTIMEIPC]: RuntimeIPC::ThreadHelpers::SetState: threadName: JobPoolWorker, currentState: STATE_STOPPING, newState: STATE_STOPPED
09-27 14:02:37.971 21416 21439 I RuntimeIPCClient [RUNTIMEIPC]: DisconnectFromServer: 0, Client: com.stereokit.rust_binding.demos:com.stereokit.rust_binding.demos:21416, Server: com.oculus.systemdriver:com.oculus.vrruntimeservice (RuntimeServiceServer)
09-27 14:02:37.972 21416 21507 I ThreadHelpers [RUNTIMEIPC]: RuntimeIPC::ThreadHelpers::SetState: threadName: JobPoolWorker, currentState: STATE_STOPPING, newState: STATE_STOPPED
09-27 14:02:37.972 21416 21439 I RuntimeIPCClient [RUNTIMEIPC]: Shutdown: 2, Client: com.stereokit.rust_binding.demos:com.stereokit.rust_binding.demos:21416, Server: com.oculus.vrshell:com.oculus.vrshell (ptkserviceserver)
09-27 14:02:37.972 21416 21439 I RuntimeIPCClient [RUNTIMEIPC]: ReleaseRef: Remaining refs: 1, Client: com.stereokit.rust_binding.demos:com.stereokit.rust_binding.demos:21416, Server: com.oculus.vrshell:com.oculus.vrshell (ptkserviceserver)
09-27 14:02:37.972 21416 21439 I OpenXR_Passthrough: Destroying Insight MR feature via parent scope.
09-27 14:02:37.976 21416 21439 I OpenXR_Passthrough: Destroying Insight MR layer via parent scope.
09-27 14:02:37.976 21416 21439 E [CT]    : MIXEDREALITY: TREX-PT: Failed to get session from passthrough feature
09-27 14:02:37.976 21416 21439 I OpenXR  : ------------ xrDestroySession [end] -----------
09-27 14:02:37.976 21416 21439 V OpenXR-Loader: Verbose [GENERAL | xrDestroyInstance | OpenXR-Loader] : Entering loader trampoline
09-27 14:02:37.977 21416 21439 V OpenXR-Loader: Verbose [GENERAL | xrDestroyInstance | OpenXR-Loader] : Entering loader terminator
09-27 14:02:37.977 21416 21439 I OpenXR  : ------------ xrDestroyInstance [start] -----------
09-27 14:02:37.977 21416 21439 I TREX    : Shutting down system...
09-27 14:02:37.977 21416 21439 I RuntimeIPCClient [RUNTIMEIPC]: Shutdown: 1, Client: com.stereokit.rust_binding.demos:com.stereokit.rust_binding.demos:21416, Server: com.oculus.vrshell:com.oculus.vrshell (ptkserviceserver)
09-27 14:02:37.977 21416 21439 I RuntimeIPCClient [RUNTIMEIPC]: ReleaseRef: Remaining refs: 0, Client: com.stereokit.rust_binding.demos:com.stereokit.rust_binding.demos:21416, Server: com.oculus.vrshell:com.oculus.vrshell (ptkserviceserver)
09-27 14:02:37.977 21416 21439 I RuntimeIPCClient [RUNTIMEIPC]: DisconnectFromServer: 0, Client: com.stereokit.rust_binding.demos:com.stereokit.rust_binding.demos:21416, Server: com.oculus.vrshell:com.oculus.vrshell (ptkserviceserver)
09-27 14:02:37.978 21416 21465 I ThreadHelpers [RUNTIMEIPC]: RuntimeIPC::ThreadHelpers::SetState: threadName: JobPoolWorker, currentState: STATE_STOPPING, newState: STATE_STOPPED
09-27 14:02:37.978 21416 21439 I RuntimeIPCClient [RUNTIMEIPC]: Shutdown: 1, Client: com.stereokit.rust_binding.demos:com.stereokit.rust_binding.demos:21416, Server: com.oculus.systemdriver:com.oculus.vrruntimeservice (RenderModelServer)
09-27 14:02:37.978 21416 21439 I RuntimeIPCClient [RUNTIMEIPC]: ReleaseRef: Remaining refs: 0, Client: com.stereokit.rust_binding.demos:com.stereokit.rust_binding.demos:21416, Server: com.oculus.systemdriver:com.oculus.vrruntimeservice (RenderModelServer)
09-27 14:02:37.978 21416 21439 I RuntimeIPCClient [RUNTIMEIPC]: DisconnectFromServer: 0, Client: com.stereokit.rust_binding.demos:com.stereokit.rust_binding.demos:21416, Server: com.oculus.systemdriver:com.oculus.vrruntimeservice (RenderModelServer)
09-27 14:02:37.978 21416 21467 I ThreadHelpers [RUNTIMEIPC]: RuntimeIPC::ThreadHelpers::SetState: threadName: JobPoolWorker, currentState: STATE_STOPPING, newState: STATE_STOPPED
09-27 14:02:37.978 21416 21439 I RuntimeIPCClient [RUNTIMEIPC]: Shutdown: 1, Client: com.stereokit.rust_binding.demos:com.stereokit.rust_binding.demos:21416, Server: com.oculus.systemdriver:com.oculus.vrruntimeservice (HapticsServer)
09-27 14:02:37.978 21416 21439 I RuntimeIPCClient [RUNTIMEIPC]: ReleaseRef: Remaining refs: 0, Client: com.stereokit.rust_binding.demos:com.stereokit.rust_binding.demos:21416, Server: com.oculus.systemdriver:com.oculus.vrruntimeservice (HapticsServer)
09-27 14:02:37.978 21416 21439 I RuntimeIPCClient [RUNTIMEIPC]: DisconnectFromServer: 0, Client: com.stereokit.rust_binding.demos:com.stereokit.rust_binding.demos:21416, Server: com.oculus.systemdriver:com.oculus.vrruntimeservice (HapticsServer)
09-27 14:02:37.979 21416 21470 I ThreadHelpers [RUNTIMEIPC]: RuntimeIPC::ThreadHelpers::SetState: threadName: JobPoolWorker, currentState: STATE_STOPPING, newState: STATE_STOPPED
09-27 14:02:37.979 21416 21439 I RuntimeIPCClient [RUNTIMEIPC]: Shutdown: 1, Client: com.stereokit.rust_binding.demos:com.stereokit.rust_binding.demos:21416, Server: com.oculus.systemdriver:com.oculus.vrruntimeservice (HandInputDataServer)
09-27 14:02:37.979 21416 21439 I RuntimeIPCClient [RUNTIMEIPC]: ReleaseRef: Remaining refs: 0, Client: com.stereokit.rust_binding.demos:com.stereokit.rust_binding.demos:21416, Server: com.oculus.systemdriver:com.oculus.vrruntimeservice (HandInputDataServer)
09-27 14:02:37.979 21416 21439 I RuntimeIPCClient [RUNTIMEIPC]: DisconnectFromServer: 0, Client: com.stereokit.rust_binding.demos:com.stereokit.rust_binding.demos:21416, Server: com.oculus.systemdriver:com.oculus.vrruntimeservice (HandInputDataServer)
09-27 14:02:37.979 21416 21472 I ThreadHelpers [RUNTIMEIPC]: RuntimeIPC::ThreadHelpers::SetState: threadName: JobPoolWorker, currentState: STATE_STOPPING, newState: STATE_STOPPED
09-27 14:02:37.979 21416 21439 I RuntimeIPCClient [RUNTIMEIPC]: Shutdown: 1, Client: com.stereokit.rust_binding.demos:com.stereokit.rust_binding.demos:21416, Server: com.oculus.systemdriver:com.oculus.vrruntimeservice (ControllerIPCServer)
09-27 14:02:37.979 21416 21439 I RuntimeIPCClient [RUNTIMEIPC]: ReleaseRef: Remaining refs: 0, Client: com.stereokit.rust_binding.demos:com.stereokit.rust_binding.demos:21416, Server: com.oculus.systemdriver:com.oculus.vrruntimeservice (ControllerIPCServer)
09-27 14:02:37.979 21416 21439 I RuntimeIPCClient [RUNTIMEIPC]: DisconnectFromServer: 0, Client: com.stereokit.rust_binding.demos:com.stereokit.rust_binding.demos:21416, Server: com.oculus.systemdriver:com.oculus.vrruntimeservice (ControllerIPCServer)
09-27 14:02:37.980 21416 21474 I ThreadHelpers [RUNTIMEIPC]: RuntimeIPC::ThreadHelpers::SetState: threadName: JobPoolWorker, currentState: STATE_STOPPING, newState: STATE_STOPPED
09-27 14:02:37.980 21416 21439 I RuntimeIPCClient [RUNTIMEIPC]: Shutdown: 1, Client: com.stereokit.rust_binding.demos:com.stereokit.rust_binding.demos:21416, Server: com.oculus.bodyapiservice:com.oculus.bodyapiservice (BodyApiServiceServer)
09-27 14:02:37.980 21416 21439 I RuntimeIPCClient [RUNTIMEIPC]: ReleaseRef: Remaining refs: 0, Client: com.stereokit.rust_binding.demos:com.stereokit.rust_binding.demos:21416, Server: com.oculus.bodyapiservice:com.oculus.bodyapiservice (BodyApiServiceServer)
09-27 14:02:37.980 21416 21439 I RuntimeIPCClient [RUNTIMEIPC]: DisconnectFromServer: 0, Client: com.stereokit.rust_binding.demos:com.stereokit.rust_binding.demos:21416, Server: com.oculus.bodyapiservice:com.oculus.bodyapiservice (BodyApiServiceServer)
09-27 14:02:37.980 21416 21476 I ThreadHelpers [RUNTIMEIPC]: RuntimeIPC::ThreadHelpers::SetState: threadName: JobPoolWorker, currentState: STATE_STOPPING, newState: STATE_STOPPED
09-27 14:02:37.980 21416 21439 I [CT]    : SP:TREX:SpatialPersistencePlugin: SpatialPersistencePlugin::trex_Shutdown called for client 1795390437433023250.
09-27 14:02:37.980 21416 21439 I RuntimeIPCClient [RUNTIMEIPC]: Shutdown: 1, Client: com.stereokit.rust_binding.demos:com.stereokit.rust_binding.demos:21416, Server: native_process.system:/system_ext/bin/trackingservice (SlamAnchorServer)
09-27 14:02:37.980 21416 21439 I RuntimeIPCClient [RUNTIMEIPC]: ReleaseRef: Remaining refs: 0, Client: com.stereokit.rust_binding.demos:com.stereokit.rust_binding.demos:21416, Server: native_process.system:/system_ext/bin/trackingservice (SlamAnchorServer)
09-27 14:02:37.980 21416 21439 I ThreadHelpers [RUNTIMEIPC]: RuntimeIPC::ThreadHelpers::SetState: threadName: JobPoolWorker, currentState: STATE_STOPPED, newState: STATE_STARTING
09-27 14:02:37.981 21416 21918 I ThreadHelpers [RUNTIMEIPC]: RuntimeIPC::ThreadHelpers::SetState: threadName: JobPoolWorker, currentState: STATE_STARTING, newState: STATE_RUNNING
09-27 14:02:37.981 21416 21486 I ThreadHelpers [RUNTIMEIPC]: RuntimeIPC::ThreadHelpers::SetState: threadName: RIPCNotifThread, currentState: STATE_STOPPING, newState: STATE_STOPPED
09-27 14:02:37.981 21416 21918 I ThreadHelpers [RUNTIMEIPC]: RuntimeIPC::ThreadHelpers::SetState: threadName: JobPoolWorker, currentState: STATE_STOPPING, newState: STATE_STOPPED
09-27 14:02:37.981 21416 21439 I RuntimeIPCClient [RUNTIMEIPC]: DisconnectFromServer: 0, Client: com.stereokit.rust_binding.demos:com.stereokit.rust_binding.demos:21416, Server: native_process.system:/system_ext/bin/trackingservice (SlamAnchorServer)
09-27 14:02:37.981 21416 21482 I ThreadHelpers [RUNTIMEIPC]: RuntimeIPC::ThreadHelpers::SetState: threadName: JobPoolWorker, currentState: STATE_STOPPING, newState: STATE_STOPPED
09-27 14:02:37.982 21416 21439 I RuntimeIPCClient [RUNTIMEIPC]: Shutdown: 1, Client: com.stereokit.rust_binding.demos:com.stereokit.rust_binding.demos:21416, Server: com.oculus.systemdriver:com.oculus.vrruntimeservice (DynamicObjectTrackingServer)
09-27 14:02:37.982 21416 21439 I RuntimeIPCClient [RUNTIMEIPC]: ReleaseRef: Remaining refs: 0, Client: com.stereokit.rust_binding.demos:com.stereokit.rust_binding.demos:21416, Server: com.oculus.systemdriver:com.oculus.vrruntimeservice (DynamicObjectTrackingServer)
09-27 14:02:37.982 21416 21439 I RuntimeIPCClient [RUNTIMEIPC]: DisconnectFromServer: 0, Client: com.stereokit.rust_binding.demos:com.stereokit.rust_binding.demos:21416, Server: com.oculus.systemdriver:com.oculus.vrruntimeservice (DynamicObjectTrackingServer)
09-27 14:02:37.982 21416 21480 I ThreadHelpers [RUNTIMEIPC]: RuntimeIPC::ThreadHelpers::SetState: threadName: JobPoolWorker, currentState: STATE_STOPPING, newState: STATE_STOPPED
09-27 14:02:37.982 21416 21439 D t_binding.demo: memorybroker::ClientConnection dtor
09-27 14:02:37.983 21416 21439 D t_binding.demo: memorybroker::ClientConnection unregistered
09-27 14:02:37.983 21416 21439 E [CT]    : SP:AF:InsightAnchorApi: DestroySession session is invalid.
09-27 14:02:37.983 21416 21439 I [CT]    : MIXEDREALITY: TREX: Shutting down Insight MR plugin.
09-27 14:02:37.983 21416 21439 I RuntimeIPCClient [RUNTIMEIPC]: Shutdown: 1, Client: com.stereokit.rust_binding.demos:com.stereokit.rust_binding.demos:21416, Server: : (MrServiceIPCServer)
09-27 14:02:37.983 21416 21439 I RuntimeIPCClient [RUNTIMEIPC]: ReleaseRef: Remaining refs: 0, Client: com.stereokit.rust_binding.demos:com.stereokit.rust_binding.demos:21416, Server: : (MrServiceIPCServer)
09-27 14:02:37.983 21416 21439 I ThreadHelpers [RUNTIMEIPC]: RuntimeIPC::ThreadHelpers::SetState: threadName: JobPoolWorker, currentState: STATE_STOPPED, newState: STATE_STARTING
09-27 14:02:37.984 21416 21919 I ThreadHelpers [RUNTIMEIPC]: RuntimeIPC::ThreadHelpers::SetState: threadName: JobPoolWorker, currentState: STATE_STARTING, newState: STATE_RUNNING
09-27 14:02:37.984 21416 21643 I ThreadHelpers [RUNTIMEIPC]: RuntimeIPC::ThreadHelpers::SetState: threadName: RIPCNotifThread, currentState: STATE_STOPPING, newState: STATE_STOPPED
09-27 14:02:37.984 21416 21919 I ThreadHelpers [RUNTIMEIPC]: RuntimeIPC::ThreadHelpers::SetState: threadName: JobPoolWorker, currentState: STATE_STOPPING, newState: STATE_STOPPED
09-27 14:02:37.984 21416 21439 I RuntimeIPCClient [RUNTIMEIPC]: DisconnectFromServer: 0, Client: com.stereokit.rust_binding.demos:com.stereokit.rust_binding.demos:21416, Server: : (MrServiceIPCServer)
09-27 14:02:37.984 21416 21641 I ThreadHelpers [RUNTIMEIPC]: RuntimeIPC::ThreadHelpers::SetState: threadName: JobPoolWorker, currentState: STATE_STOPPING, newState: STATE_STOPPED
09-27 14:02:37.984 21416 21439 I TREX    : Shutting down interface manager.
09-27 14:02:37.985 21416 21439 I OpenXR  : ------------ xrDestroyInstance [end]-----------
09-27 14:02:37.985 21416 21439 V OpenXR-Loader: Verbose [GENERAL | xrDestroyInstance | OpenXR-Loader] : Completed loader terminator
09-27 14:02:37.985 21416 21439 I OpenXR-Loader: Info [GENERAL | xrDestroyInstance | OpenXR-Loader] : Destroying LoaderInstance = 0xb4000078d239b700
09-27 14:02:37.985 21416 21439 V OpenXR-Loader: Verbose [GENERAL | xrDestroyInstance | OpenXR-Loader] : Completed loader trampoline
09-27 14:02:37.985 21416 21439 I OpenXR-Loader: Info [GENERAL | xrDestroyInstance | OpenXR-Loader] : RuntimeInterface::UnloadRuntime - Unloading RuntimeInterface
09-27 14:02:37.985 21416 21439 I OpenXR-Loader: Info [GENERAL |  | OpenXR-Loader] : RuntimeInterface being destroyed.
09-27 14:02:38.032 21416 21439 I SK_rust_Demos: Session Performance Report:
09-27 14:02:38.032 21416 21439 I SK_rust_Demos: ______________________________________________________
09-27 14:02:38.032 21416 21439 I SK_rust_Demos: |         System | Initialize |     Step |  Shutdown |
09-27 14:02:38.032 21416 21439 I SK_rust_Demos: |________________|____________|__________|___________|
09-27 14:02:38.032 21416 21439 I SK_rust_Demos: |       Defaults |   593.47ms |          |    1.08ms |
09-27 14:02:38.032 21416 21439 I SK_rust_Demos: |     FrameBegin |            |  0.581ms |           |
09-27 14:02:38.032 21416 21439 I SK_rust_Demos: |          Input |     0.34ms |          |    0.11ms |
09-27 14:02:38.032 21416 21439 I SK_rust_Demos: |       Renderer |     0.11ms |  0.002ms |    0.14ms |
09-27 14:02:38.032 21416 21439 I SK_rust_Demos: |             UI |    13.47ms |  0.036ms |    0.22ms |
09-27 14:02:38.032 21416 21439 I SK_rust_Demos: |       Platform |   508.15ms |          |   91.87ms |
09-27 14:02:38.032 21416 21439 I SK_rust_Demos: |            App |  1080.66ms | 37.152ms |           |
09-27 14:02:38.032 21416 21439 I SK_rust_Demos: |      Animation |            |  0.001ms |    0.00ms |
09-27 14:02:38.032 21416 21439 I SK_rust_Demos: |          Tools |     0.30ms |  0.002ms |    0.13ms |
09-27 14:02:38.032 21416 21439 I SK_rust_Demos: |          Lines |     0.03ms |  0.043ms |    0.02ms |
09-27 14:02:38.032 21416 21439 I SK_rust_Demos: |        Sprites |     0.07ms |  0.000ms |    0.01ms |
09-27 14:02:38.032 21416 21439 I SK_rust_Demos: |           Text |            |  0.039ms |    0.20ms |
09-27 14:02:38.032 21416 21439 I SK_rust_Demos: |         UILate |            |  0.006ms |           |
09-27 14:02:38.032 21416 21439 I SK_rust_Demos: |          World |     0.09ms |  0.001ms |    0.01ms |
09-27 14:02:38.032 21416 21439 I SK_rust_Demos: |    FrameRender |            |  2.800ms |           |
09-27 14:02:38.032 21416 21439 I SK_rust_Demos: |         Assets |    79.26ms |  0.002ms |    0.21ms |
09-27 14:02:38.033 21416 21439 I SK_rust_Demos: |          Audio |    73.94ms |  0.012ms |    7.95ms |
09-27 14:02:38.033 21416 21439 I SK_rust_Demos: |________________|____________|__________|___________|
09-27 14:02:38.047 21416 21439 I VulkanLoaderAndroid: ovrVulkanLoader::Unload
09-27 14:02:38.060 21416 21439 I BpBinder: onLastStrongRef automatically unlinking death recipients: <uncached descriptor>
09-27 14:02:38.060 21416 21439 I BpBinder: onLastStrongRef automatically unlinking death recipients: <uncached descriptor>
09-27 14:02:38.061 21416 21439 I BpBinder: onLastStrongRef automatically unlinking death recipients: <uncached descriptor>
