08-22 18:28:35.031 14015 14015 D STKit-rs: android_activity::activity_impl::glue: Start: 0xb40000724db6a8c0
08-22 18:28:35.232 14015 14183 I OpenXR  : nativeOnActivityReady
08-22 18:28:35.234 14015 14015 D STKit-rs: android_activity::activity_impl::glue: Resume: 0xb40000724db6a8c0
08-22 18:28:35.431 14015 14015 I Choreographer: Skipped 47 frames!  The application may be doing too much work on its main thread.
08-22 18:28:35.435 14015 14015 D STKit-rs: android_activity::activity_impl::glue: NativeWindowCreated: 0xb40000724db6a8c0 -- 0xb40000724db8a810
08-22 18:28:35.630 14015 14040 I SK_rust_Demos: Resumed !!
08-22 18:28:35.631 14015 14015 D STKit-rs: android_activity::activity_impl::glue: NativeWindowResized: 0xb40000724db6a8c0 -- 0xb40000724db8a810
08-22 18:28:35.631 14015 14015 D STKit-rs: android_activity::activity_impl::glue: NativeWindowRedrawNeeded: 0xb40000724db6a8c0 -- 0xb40000724db8a810
08-22 18:28:35.634 14015 14015 D STKit-rs: android_activity::activity_impl::glue: WindowFocusChanged: 0xb40000724db6a8c0 -- 1
08-22 18:28:35.648 14015 14015 D STKit-rs: android_activity::activity_impl::glue: NativeWindowRedrawNeeded: 0xb40000724db6a8c0 -- 0xb40000724db8a810
08-22 18:28:36.031 14015 14040 D SK_rust_Demos: RedrawRequested: Time to wake up
08-22 18:28:36.064 14015 14040 D SK_rust_Demos: Sleeping until OpenXR session wakes
08-22 18:28:36.064 14015 14040 W Telemetry: [OpenXR] Unsupported threadType; 2
08-22 18:28:36.064 14015 14040 D AAudio  : AAudioStream_requestStop(s#1) called
08-22 18:28:36.064 14015 14040 D AAudioStream: setState(s#1) from 4 to 9
08-22 18:28:36.064 14015 14040 D AudioTrack: stop(87): called with 133248 frames delivered
08-22 18:28:36.065 14015 14040 D AAudioStream: setState(s#1) from 9 to 10
08-22 18:28:36.165 14015 14040 I OpenXR  : PostSessionStateChange: XR_SESSION_STATE_IDLE -> XR_SESSION_STATE_READY
08-22 18:28:36.165 14015 14040 I Deque   : AddEventToQueue called. eventInfo.type: 18, eventInfo.next: 1
08-22 18:28:36.166 14015 14040 D SK_rust_Demos: OpenXR state: idle -> ready
08-22 18:28:36.166 14015 14040 I OpenXR  : ------------ xrBeginSession [start] -----------
08-22 18:28:36.166 14015 14040 I DRR     : DRR is supported: 1
08-22 18:28:36.166 14015 14040 I DRR     : DRR is enabled: 0
08-22 18:28:36.166 14015 14040 I Sensor  : OSSDKTRACKING Initializing controller tracking
08-22 18:28:36.166 14015 14040 I Sensor  : OSSDKTRACKING Controller tracker != nullpointer 0xb40000724db74990, 1
08-22 18:28:36.168 14015 14040 I DeviceStatus: nativeHeadsetEvent(0)
08-22 18:28:36.170 14015 14040 I VrRuntimeClient: SetCompositorClientFeatureFlag ClientFeatureFlag 0 
08-22 18:28:36.173 14015 14040 I VrRuntimeClient: Mounted state at BeginSession: True
08-22 18:28:36.173 14015 14040 I LogTimer: CPUTIME: VrRuntimeClient_BeginSession took 7.4431 ms
08-22 18:28:36.173 14015 14040 I Distortion: Initializing Mesh Decenter Correction
08-22 18:28:36.174 14015 14040 I Distortion: SetLensPositions - iad=0.0680323, left offset=0.00209505,-0.00139587, right offset=-0.00253641,-0.00141104
08-22 18:28:36.174 14015 14040 I Distortion: Initializing Mesh Decenter Correction
08-22 18:28:36.175 14015 14040 I Distortion: SetLensPositions - iad=0.0680323, left offset=0.00209505,-0.00139587, right offset=-0.00253641,-0.00141104
08-22 18:28:36.176 14015 14040 I ClientInputSettings: HANDTRACKING: enabled input settings, setting hand mode control settings to ControllersOnly
08-22 18:28:36.176 14015 14040 I ClientInputSettings: HANDTRACKING package name is com.stereokit.rust_binding.demos
08-22 18:28:36.176 14015 14040 I ClientInputSettings: HANDTRACKING: Manifest Permission request for com.stereokit.rust_binding.demos
08-22 18:28:36.176 14015 14040 I ClientInputSettings: HANDTRACKING:  'com.stereokit.rust_binding.demos' Is hands or controller.
08-22 18:28:36.176 14015 14040 I ClientInputSettings: HANDTRACKING: feature flag set to 2
08-22 18:28:36.176 14015 14040 I ClientInputInterface: HANDTRACKING sethandmanifest 2
08-22 18:28:36.176 14015 14040 I InputHooks_Internal: Enabling Native Input Hooks
08-22 18:28:36.177 14015 14040 I InputDeviceManager: ovrInputDeviceManager::Initialize
08-22 18:28:36.177 14015 14040 I [CT]    : HandPosePrediction: Set sampler config enum for v59 30 Hz
08-22 18:28:36.177 14015 14040 I [CT]    : HandPosePrediction: Set sampler config enum for v59 30 Hz
08-22 18:28:36.179 14015 14040 I InputDevice_Hand: BodyPoweredHands checkSysPropForBodyAPIOverride 0
08-22 18:28:36.179 14015 14040 I InputDevice_Hand: BodyPoweredHands checkSysPropForBodyAPIOverride 0
08-22 18:28:36.179 14015 14040 I InputDeviceManager: HANDTRACKING Root pose filter profile changed for freq to 17 from 0  inf: 1
08-22 18:28:36.179 14015 14040 I PhaseSync: PhaseSync::PhaseSync PaddingLowerLimit 0.350000 StandardDeviations 2.000000 PaddingUpperLimit 0.750000 on instance 10
08-22 18:28:36.179 14015 14040 I FrameSync: FrameSync Initialized Instance 11
08-22 18:28:36.179 14015 14040 I VrRuntimeClient: PhaseSync Instance created
08-22 18:28:36.191 14015 14040 I XrRuntimeUtils: XrRuntimeUtils::BeginSession
08-22 18:28:36.191 14015 14040 I XrRuntimeSystem_Client: BeginSession
08-22 18:28:36.191 14015 14040 I [CT]    : MIXEDREALITY: TREX: Resuming Insight MR session.
08-22 18:28:36.191 14015 14040 I OpenXR  : usesManifestForCpuBoost:0
08-22 18:28:36.191 14015 14040 I OpenXR  : ------------ xrBeginSession [end] -----------
08-22 18:28:36.192 14015 14040 D SK_rust_Demos: OpenXR session began.
08-22 18:28:36.192 14015 14040 D AAudio  : AAudioStream_requestStart(s#1) called --------------
08-22 18:28:36.192 14015 14040 D AAudioStream: setState(s#1) from 10 to 3
08-22 18:28:36.194 14015 14645 I JniUtils: ovr_GetCurrentPackageSignature 
08-22 18:28:36.195 14015 14645 I Metrics : device model = Quest 2
08-22 18:28:36.195 14015 14645 I Telemetry: Aligning telemetry thread time, will wait for: 805 ms...
08-22 18:28:36.203 14015 14040 D AAudio  : AAudioStream_requestStart(s#1) returned 0 ---------
08-22 18:28:36.217 14015 14031 D AudioStreamLegacy: onAudioDeviceUpdate(deviceId = 2)
08-22 18:28:36.220 14015 14211 D AAudioStream: setState(s#1) from 3 to 4
08-22 18:28:36.223 14015 14040 D SK_rust_Demos: Resuming from sleep
08-22 18:28:36.226 14015 14040 D SK_rust_Demos: GainedFocus: Time to wake up
08-22 18:28:36.239 14015 14647 I FenceChecker: FenceChecker::MainLoop - started
08-22 18:28:36.243 14015 14040 I OpenXR  : PostSessionStateChange: XR_SESSION_STATE_READY -> XR_SESSION_STATE_SYNCHRONIZED
08-22 18:28:36.244 14015 14040 I Deque   : AddEventToQueue called. eventInfo.type: 18, eventInfo.next: 1
08-22 18:28:36.244 14015 14040 D SK_rust_Demos: OpenXR state: ready -> synchronized
08-22 18:28:36.244 14015 14040 I OpenXR  : PostSessionStateChange: XR_SESSION_STATE_SYNCHRONIZED -> XR_SESSION_STATE_VISIBLE
08-22 18:28:36.246 14015 14040 I Deque   : AddEventToQueue called. eventInfo.type: 18, eventInfo.next: 1
08-22 18:28:36.246 14015 14040 I OpenXR  : PostSessionStateChange: XR_SESSION_STATE_VISIBLE -> XR_SESSION_STATE_FOCUSED
08-22 18:28:36.246 14015 14040 I Deque   : AddEventToQueue called. eventInfo.type: 18, eventInfo.next: 1
08-22 18:28:36.246 14015 14040 D SK_rust_Demos: OpenXR state: synchronized -> visible
08-22 18:28:36.246 14015 14040 D SK_rust_Demos: OpenXR state: visible -> focused
08-22 18:28:36.247 14015 14040 I SK_rust_Demos: App focus changed to : Active
08-22 18:28:36.248 14015 14040 D SK_rust_Demos: WokeUp
08-22 18:28:36.248 14015 14040 D SK_rust_Demos: RedrawRequested: Time to wake up
08-22 18:28:36.264 14015 14040 D SK_rust_Demos: WokeUp
08-22 18:28:36.946 14015 14040 I RuntimeIPCClient [RUNTIMEIPC]: InitServerStateBuffer: SUCCESS. 3, Client: com.stereokit.rust_binding.demos:com.stereokit.rust_binding.demos:14015, Server: com.oculus.systemdriver:com.oculus.vrruntimeservice (HandInputDataServer)
08-22 18:28:36.946 14015 14040 I RuntimeIPCClient [RUNTIMEIPC]: InitServerStateBuffer: SUCCESS. 4, Client: com.stereokit.rust_binding.demos:com.stereokit.rust_binding.demos:14015, Server: com.oculus.systemdriver:com.oculus.vrruntimeservice (HandInputDataServer)
08-22 18:28:36.946 14015 14040 I Deque   : AddEventToQueue called. eventInfo.type: 52, eventInfo.next: 1
08-22 18:28:36.958 14015 14040 D SK_rust_Demos: Switched left controller profile to khr/simple_controller
08-22 18:28:36.958 14015 14040 D SK_rust_Demos: Switched right controller profile to khr/simple_controller
08-22 18:28:37.000 14015 14645 I Telemetry: Time aligned, interrupted: 0
08-22 18:28:38.010 14015 14645 I ClientSharedTelemetryStats: App memory usage: PSS=545 MiB, PrivateDirty=529 MiB, PrivateClean=7 MiB, GPU=359.9/360.1 MiB (100% allocated)
08-22 18:28:38.010 14015 14645 I VrApi   : FPS=73/72,Prd=40ms,Tear=0,Early=1,Stale=12,Stale2/5/10/max=0/0/3/315,VSnc=1,Lat=-1,Fov=0,CPU4/GPU=3/4,1478/525MHz,OC=FF,TA=0/0/70,SP=N/N/F,Mem=2092MHz,Free=2267MB,PLS=0,Temp=32.5C/0.0C,TW=1.79ms,App=10.94ms,GD=0.47ms,CPU&GPU=13.95ms,LCnt=2(DR65,LM2),GPU%=0.96,CPU%=0.09(W0.27),DSF=1.00,CFL=12.52/19.58,ICFLp95=18.08,LD=0,SF=1.50,LP=0,DVFS=0
08-22 18:28:39.000 14015 14645 I VrApi   : FPS=72/72,Prd=41ms,Tear=0,Early=0,Stale=0,Stale2/5/10/max=0/0/0/0,VSnc=1,Lat=-1,Fov=0,CPU4/GPU=2/4,1171/525MHz,OC=FF,TA=0/0/70,SP=N/N/F,Mem=2092MHz,Free=2267MB,PLS=0,Temp=32.5C/0.0C,TW=1.26ms,App=10.55ms,GD=0.00ms,CPU&GPU=13.64ms,LCnt=1(DR70,LM0),GPU%=0.86,CPU%=0.11(W0.27),DSF=1.00,CFL=13.37/19.35,ICFLp95=17.73,LD=0,SF=1.50,LP=0,DVFS=0
08-22 18:28:39.152 14015 14015 I OpenXR  : nativeOnActivityPaused
08-22 18:28:39.152 14015 14015 D STKit-rs: android_activity::activity_impl::glue: Pause: 0xb40000724db6a8c0
08-22 18:28:39.159 14015 14040 I OpenXR  : PostSessionStateChange: XR_SESSION_STATE_FOCUSED -> XR_SESSION_STATE_VISIBLE
08-22 18:28:39.210 14015 14040 I Deque   : AddEventToQueue called. eventInfo.type: 18, eventInfo.next: 1
08-22 18:28:39.210 14015 14040 I OpenXR  : PostSessionStateChange: XR_SESSION_STATE_VISIBLE -> XR_SESSION_STATE_SYNCHRONIZED
08-22 18:28:39.211 14015 14040 I Deque   : AddEventToQueue called. eventInfo.type: 18, eventInfo.next: 1
08-22 18:28:39.211 14015 14040 I OpenXR  : PostSessionStateChange: XR_SESSION_STATE_SYNCHRONIZED -> XR_SESSION_STATE_STOPPING
08-22 18:28:39.212 14015 14040 I Deque   : AddEventToQueue called. eventInfo.type: 18, eventInfo.next: 1
08-22 18:28:39.213 14015 14040 D SK_rust_Demos: OpenXR state: focused -> visible
08-22 18:28:39.213 14015 14040 D SK_rust_Demos: OpenXR state: visible -> synchronized
08-22 18:28:39.213 14015 14040 D SK_rust_Demos: OpenXR state: synchronized -> stopping
08-22 18:28:39.213 14015 14040 I OpenXR  : ------------ xrEndSession [start] -----------
08-22 18:28:39.213 14015 14040 I XrRuntimeUtils: XrRuntimeUtils::EndSession
08-22 18:28:39.213 14015 14040 I [CT]    : MIXEDREALITY: TREX: Suspending Insight MR session.
08-22 18:28:39.216 14015 14040 I Sensor  : OSSDKTRACKING Shutdown tracking
08-22 18:28:39.216 14015 14040 I VrRuntimeClient: EndSession. Restore the audio capture policy to default value
08-22 18:28:39.217 14015 14040 I LogTimer: CPUTIME: VrRuntimeClient_EndSession took 1.5639 ms
08-22 18:28:39.217 14015 14040 I InputDeviceManager: ovrInputDeviceManager::~ovrInputDeviceManager
08-22 18:28:39.217 14015 14040 I OSHandDataQuerier: OSSDKTRACKING shutting down handsTracker_
08-22 18:28:39.217 14015 14040 I OSHandDataQuerier: OSSDKTRACKING shutting down handsTracker_
08-22 18:28:39.217 14015 14040 I InputHooks_Internal: Disabling Native Input Hooks
08-22 18:28:39.221 14015 14644 I ClientInputThread_Internal: InputThreadRun ShutdownRequest received
08-22 18:28:39.221 14015 14040 I ClientInputTrackedKeyboardManager: TRACKEDKEYBOARD ClearTrackedObjectManager called on client
08-22 18:28:39.227 14015 14647 I FenceChecker: FenceChecker::MainLoop - ended
08-22 18:28:39.227 14015 14040 I VrRuntimeClient: PhaseSync Instance deleted
08-22 18:28:39.228 14015 14040 I OpenXR  : PostSessionStateChange: XR_SESSION_STATE_STOPPING -> XR_SESSION_STATE_IDLE
08-22 18:28:39.228 14015 14040 I Deque   : AddEventToQueue called. eventInfo.type: 18, eventInfo.next: 1
08-22 18:28:39.228 14015 14040 I OpenXR  : ------------ xrEndSession [end] -----------
08-22 18:28:39.228 14015 14040 I VrRuntimeClient: Client has gained focus.
08-22 18:28:39.228 14015 14040 D SK_rust_Demos: OpenXR state: stopping -> idle
08-22 18:28:39.229 14015 14040 I SK_rust_Demos: App focus changed to : Hidden
08-22 18:28:39.230 14015 14040 D SK_rust_Demos: Time to sleep
08-22 18:28:39.235 14015 14015 D STKit-rs: android_activity::activity_impl::glue: NativeWindowDestroyed: 0xb40000724db6a8c0 -- 0xb40000724db8a810
08-22 18:28:39.430 14015 14040 I SK_rust_Demos: SkClosure Suspended !!
08-22 18:28:39.540 14015 14175 I [CT]    : SlamAnchorClientRuntimeIPC: Handling rebase for 7 anchors.
08-22 18:28:39.540 14015 14168 I [CT]    : SlamAnchorClientRuntimeIPC: Handling rebase for 7 anchors.
08-22 18:28:39.631 14015 14015 D STKit-rs: android_activity::activity_impl::glue: Stop: 0xb40000724db6a8c0
08-22 18:28:39.832 14015 14015 D STKit-rs: android_activity::activity_impl::glue: SaveInstanceState: 0xb40000724db6a8c0
08-22 18:28:40.232 14015 14015 D STKit-rs: android_activity::activity_impl::glue: Saved state = 0x0, len = 0
08-22 18:28:40.232 14015 14015 I Choreographer: Skipped 117 frames!  The application may be doing too much work on its main thread.
08-22 18:28:40.236 14015 14015 D STKit-rs: android_activity::activity_impl::glue: Start: 0xb40000724db6a8c0
08-22 18:28:40.432 14015 14015 D STKit-rs: android_activity::activity_impl::glue: Resume: 0xb40000724db6a8c0
08-22 18:28:40.433 14015 14183 I OpenXR  : nativeOnActivityReady
08-22 18:28:40.635 14015 14015 I Choreographer: Skipped 47 frames!  The application may be doing too much work on its main thread.
08-22 18:28:40.639 14015 14015 D STKit-rs: android_activity::activity_impl::glue: NativeWindowCreated: 0xb40000724db6a8c0 -- 0xb40000724db8a810
08-22 18:28:40.832 14015 14040 I SK_rust_Demos: Resumed !!
08-22 18:28:40.832 14015 14015 D STKit-rs: android_activity::activity_impl::glue: NativeWindowResized: 0xb40000724db6a8c0 -- 0xb40000724db8a810
08-22 18:28:40.833 14015 14015 D STKit-rs: android_activity::activity_impl::glue: NativeWindowRedrawNeeded: 0xb40000724db6a8c0 -- 0xb40000724db8a810
08-22 18:28:40.834 14015 14015 D STKit-rs: android_activity::activity_impl::glue: WindowFocusChanged: 0xb40000724db6a8c0 -- 1
08-22 18:28:41.233 14015 14040 D SK_rust_Demos: RedrawRequested: Time to wake up
08-22 18:28:41.266 14015 14040 D SK_rust_Demos: Sleeping until OpenXR session wakes
08-22 18:28:41.266 14015 14040 W Telemetry: [OpenXR] Unsupported threadType; 2
08-22 18:28:41.266 14015 14040 D AAudio  : AAudioStream_requestStop(s#1) called
08-22 18:28:41.266 14015 14040 D AAudioStream: setState(s#1) from 4 to 9
08-22 18:28:41.266 14015 14040 D AudioTrack: stop(87): called with 243648 frames delivered
08-22 18:28:41.267 14015 14040 D AAudioStream: setState(s#1) from 9 to 10
08-22 18:28:41.367 14015 14040 I Deque   : AddEventToQueue called. eventInfo.type: 40, eventInfo.next: 1
08-22 18:28:41.367 14015 14040 I OpenXR  : PostSessionStateChange: XR_SESSION_STATE_IDLE -> XR_SESSION_STATE_READY
08-22 18:28:41.368 14015 14040 I Deque   : AddEventToQueue called. eventInfo.type: 18, eventInfo.next: 1
08-22 18:28:41.368 14015 14040 D SK_rust_Demos: Created local floor app space at an offset of (0,0,0) (0,0,0,1)
08-22 18:28:41.368 14015 14040 D SK_rust_Demos: Bounds updated: 3.6x3.6 at (-0.5,0,-1) (0,0.88,0,0.47)
08-22 18:28:41.368 14015 14040 D SK_rust_Demos: OpenXR state: idle -> ready
08-22 18:28:41.368 14015 14040 I OpenXR  : ------------ xrBeginSession [start] -----------
08-22 18:28:41.368 14015 14040 I DRR     : DRR is supported: 1
08-22 18:28:41.368 14015 14040 I DRR     : DRR is enabled: 0
08-22 18:28:41.369 14015 14040 I Sensor  : OSSDKTRACKING Initializing controller tracking
08-22 18:28:41.369 14015 14040 I Sensor  : OSSDKTRACKING Controller tracker != nullpointer 0xb40000724db74990, 1
08-22 18:28:41.374 14015 14040 I DeviceStatus: nativeHeadsetEvent(0)
08-22 18:28:41.375 14015 14040 I VrRuntimeClient: SetCompositorClientFeatureFlag ClientFeatureFlag 0 
08-22 18:28:41.376 14015 14040 I VrRuntimeClient: Mounted state at BeginSession: True
08-22 18:28:41.377 14015 14040 I LogTimer: CPUTIME: VrRuntimeClient_BeginSession took 8.2408 ms
08-22 18:28:41.377 14015 14040 I Distortion: Initializing Mesh Decenter Correction
08-22 18:28:41.379 14015 14040 I Distortion: SetLensPositions - iad=0.0680323, left offset=0.00209505,-0.00139587, right offset=-0.00253641,-0.00141104
08-22 18:28:41.379 14015 14040 I Distortion: Initializing Mesh Decenter Correction
08-22 18:28:41.380 14015 14040 I Distortion: SetLensPositions - iad=0.0680323, left offset=0.00209505,-0.00139587, right offset=-0.00253641,-0.00141104
08-22 18:28:41.381 14015 14040 I ClientInputSettings: HANDTRACKING: enabled input settings, setting hand mode control settings to ControllersOnly
08-22 18:28:41.381 14015 14040 I ClientInputSettings: HANDTRACKING package name is com.stereokit.rust_binding.demos
08-22 18:28:41.383 14015 14040 I ClientInputSettings: HANDTRACKING: Manifest Permission request for com.stereokit.rust_binding.demos
08-22 18:28:41.385 14015 14040 I ClientInputSettings: HANDTRACKING:  'com.stereokit.rust_binding.demos' Is hands or controller.
08-22 18:28:41.385 14015 14040 I ClientInputSettings: HANDTRACKING: feature flag set to 2
08-22 18:28:41.385 14015 14040 I ClientInputInterface: HANDTRACKING sethandmanifest 2
08-22 18:28:41.385 14015 14040 I InputHooks_Internal: Enabling Native Input Hooks
08-22 18:28:41.385 14015 14040 I InputDeviceManager: ovrInputDeviceManager::Initialize
08-22 18:28:41.385 14015 14040 I [CT]    : HandPosePrediction: Set sampler config enum for v59 30 Hz
08-22 18:28:41.385 14015 14040 I [CT]    : HandPosePrediction: Set sampler config enum for v59 30 Hz
08-22 18:28:41.386 14015 14040 I InputDevice_Hand: BodyPoweredHands checkSysPropForBodyAPIOverride 0
08-22 18:28:41.387 14015 14040 I InputDevice_Hand: BodyPoweredHands checkSysPropForBodyAPIOverride 0
08-22 18:28:41.387 14015 14040 I InputDeviceManager: HANDTRACKING Root pose filter profile changed for freq to 17 from 0  inf: 1
08-22 18:28:41.387 14015 14040 I PhaseSync: PhaseSync::PhaseSync PaddingLowerLimit 0.350000 StandardDeviations 2.000000 PaddingUpperLimit 0.750000 on instance 12
08-22 18:28:41.387 14015 14040 I FrameSync: FrameSync Initialized Instance 13
08-22 18:28:41.387 14015 14040 I VrRuntimeClient: PhaseSync Instance created
08-22 18:28:41.395 14015 14040 I XrRuntimeUtils: XrRuntimeUtils::BeginSession
08-22 18:28:41.395 14015 14040 I XrRuntimeSystem_Client: BeginSession
08-22 18:28:41.395 14015 14040 I [CT]    : MIXEDREALITY: TREX: Resuming Insight MR session.
08-22 18:28:41.396 14015 14040 I OpenXR  : usesManifestForCpuBoost:0
08-22 18:28:41.396 14015 14040 I OpenXR  : ------------ xrBeginSession [end] -----------
08-22 18:28:41.396 14015 14040 D SK_rust_Demos: OpenXR session began.
08-22 18:28:41.396 14015 14040 W OsSdk   : Requested historical tracking state too far in the past; oldest: 24208.607966s, requested: 24206.689521s
08-22 18:28:41.396 14015 14040 D AAudio  : AAudioStream_requestStart(s#1) called --------------
08-22 18:28:41.396 14015 14040 D AAudioStream: setState(s#1) from 10 to 3
08-22 18:28:41.397 14015 14746 I JniUtils: ovr_GetCurrentPackageSignature 
08-22 18:28:41.398 14015 14746 I Metrics : device model = Quest 2
08-22 18:28:41.399 14015 14746 I Telemetry: Aligning telemetry thread time, will wait for: 601 ms...
08-22 18:28:41.408 14015 14040 D AAudio  : AAudioStream_requestStart(s#1) returned 0 ---------
08-22 18:28:41.417 14015 14032 D AudioStreamLegacy: onAudioDeviceUpdate(deviceId = 2)
08-22 18:28:41.420 14015 14211 D AAudioStream: setState(s#1) from 3 to 4
08-22 18:28:41.428 14015 14040 D SK_rust_Demos: Resuming from sleep
08-22 18:28:41.429 14015 14040 D SK_rust_Demos: GainedFocus: Time to wake up
08-22 18:28:41.442 14015 14749 I FenceChecker: FenceChecker::MainLoop - started
08-22 18:28:41.445 14015 14040 I OpenXR  : PostSessionStateChange: XR_SESSION_STATE_READY -> XR_SESSION_STATE_SYNCHRONIZED
08-22 18:28:41.445 14015 14040 I Deque   : AddEventToQueue called. eventInfo.type: 18, eventInfo.next: 1
08-22 18:28:41.445 14015 14040 D SK_rust_Demos: OpenXR state: ready -> synchronized
08-22 18:28:41.445 14015 14040 I OpenXR  : PostSessionStateChange: XR_SESSION_STATE_SYNCHRONIZED -> XR_SESSION_STATE_VISIBLE
08-22 18:28:41.447 14015 14040 I Deque   : AddEventToQueue called. eventInfo.type: 18, eventInfo.next: 1
08-22 18:28:41.447 14015 14040 I OpenXR  : PostSessionStateChange: XR_SESSION_STATE_VISIBLE -> XR_SESSION_STATE_FOCUSED
08-22 18:28:41.447 14015 14040 I Deque   : AddEventToQueue called. eventInfo.type: 18, eventInfo.next: 1
08-22 18:28:41.447 14015 14040 D SK_rust_Demos: OpenXR state: synchronized -> visible
08-22 18:28:41.447 14015 14040 D SK_rust_Demos: OpenXR state: visible -> focused
08-22 18:28:41.448 14015 14040 I SK_rust_Demos: App focus changed to : Active
08-22 18:28:41.449 14015 14040 D SK_rust_Demos: WokeUp
08-22 18:28:41.450 14015 14040 I AppLoadTimeTelemetryCommon: App load time recorded [packageName=com.stereokit.rust_binding.demos, time=1.420585, method="Unknown", launchType="Resume"]
08-22 18:28:42.000 14015 14746 I Telemetry: Time aligned, interrupted: 0
08-22 18:28:43.011 14015 14746 I ClientSharedTelemetryStats: App memory usage: PSS=545 MiB, PrivateDirty=529 MiB, PrivateClean=7 MiB, GPU=359.9/360.1 MiB (100% allocated)
08-22 18:28:43.011 14015 14746 I VrApi   : FPS=73/72,Prd=47ms,Tear=0,Early=0,Stale=22,Stale2/5/10/max=0/0/1/205,VSnc=1,Lat=-1,Fov=0,CPU4/GPU=2/4,1478/525MHz,OC=FF,TA=0/0/70,SP=N/N/F,Mem=2092MHz,Free=2290MB,PLS=0,Temp=32.5C/0.0C,TW=2.13ms,App=11.30ms,GD=0.00ms,CPU&GPU=15.59ms,LCnt=4(DR56,LM4),GPU%=0.96,CPU%=0.10(W0.30),DSF=1.00,CFL=13.09/19.51,ICFLp95=18.03,LD=0,SF=1.50,LP=0,DVFS=0
08-22 18:28:43.272 14015 14040 E TREX    : Interface 'MrLightingEstimationInterface', version 1 was not found. Check debug build for more information.
08-22 18:28:44.000 14015 14746 I VrApi   : FPS=72/72,Prd=43ms,Tear=0,Early=22,Stale=0,Stale2/5/10/max=0/0/0/0,VSnc=1,Lat=-1,Fov=0,CPU4/GPU=2/4,1478/525MHz,OC=FF,TA=0/0/70,SP=N/N/F,Mem=2092MHz,Free=2290MB,PLS=0,Temp=32.5C/0.0C,TW=1.74ms,App=11.16ms,GD=0.00ms,CPU&GPU=14.04ms,LCnt=3(DR67,LM3),GPU%=0.94,CPU%=0.10(W0.29),DSF=1.00,CFL=13.61/21.81,ICFLp95=18.06,LD=0,SF=1.50,LP=0,DVFS=0
08-22 18:28:45.000 14015 14746 I VrApi   : FPS=72/72,Prd=40ms,Tear=0,Early=0,Stale=0,Stale2/5/10/max=0/0/0/0,VSnc=1,Lat=-1,Fov=0,CPU4/GPU=2/4,1478/525MHz,OC=FF,TA=0/0/70,SP=N/N/F,Mem=2092MHz,Free=2290MB,PLS=0,Temp=32.7C/0.0C,TW=1.26ms,App=10.12ms,GD=0.00ms,CPU&GPU=13.10ms,LCnt=1(DR70,LM0),GPU%=0.84,CPU%=0.09(W0.24),DSF=1.00,CFL=13.45/19.66,ICFLp95=17.63,LD=0,SF=1.50,LP=0,DVFS=0
08-22 18:28:46.000 14015 14746 I VrApi   : FPS=72/72,Prd=40ms,Tear=0,Early=0,Stale=0,Stale2/5/10/max=0/0/0/0,VSnc=1,Lat=-1,Fov=0,CPU4/GPU=2/4,1171/525MHz,OC=FF,TA=0/0/70,SP=N/N/F,Mem=1555MHz,Free=2290MB,PLS=0,Temp=32.7C/0.0C,TW=1.62ms,App=10.86ms,GD=0.00ms,CPU&GPU=14.43ms,LCnt=2(DR70,LM2),GPU%=0.91,CPU%=0.11(W0.29),DSF=1.00,CFL=13.53/19.29,ICFLp95=17.51,LD=0,SF=1.50,LP=0,DVFS=0
08-22 18:28:46.109 14015 14745 I AppLoadTimeTelemetryCommon: App load time recorded [packageName=com.stereokit.rust_binding.demos, time=6.079632, method="Input", launchType="Resume"]
08-22 18:28:46.270 14015 14040 D SK_rust_Demos: Closure Thread id : None / ThreadId(2) 
08-22 18:28:46.271 14015 14040 D SK_rust_Demos: Closure Process id : None / 14015 
08-22 18:28:46.283 14015 14040 I SK_rust_Demos: SkClosure LoopExiting !!
08-22 18:28:46.283 14015 14040 I SK_rust_Demos: QuitReason is User
08-22 18:28:46.284 14015 14040 D SK_rust_Demos: Closure Thread id : None / ThreadId(2) 
08-22 18:28:46.284 14015 14040 D SK_rust_Demos: Closure Process id : None / 14015 
08-22 18:28:46.285 14015 14040 I SK_rust_Demos: SkClosure Exiting !!
08-22 18:28:46.286 14015 14040 I OpenXR_Hands: ------------ xrDestroyHandTrackerEXT -----------
08-22 18:28:46.286 14015 14040 I OpenXR_Hands: ------------ xrDestroyHandTrackerEXT -----------
08-22 18:28:46.288 14015 14040 D AAudio  : AAudioStream_close(s#1) called ---------------
08-22 18:28:46.288 14015 14040 D AAudioStream: setState(s#1) from 4 to 11
08-22 18:28:46.288 14015 14040 D AudioTrack: stop(87): called with 235104 frames delivered
08-22 18:28:46.289 14015 14040 D AAudioStream: setState(s#1) from 11 to 12
08-22 18:28:46.289 14015 14040 D AAudioStream: ~AudioStream(s#1) mPlayerBase strongCount = 2
08-22 18:28:46.289 14015 14040 D AAudio  : AAudioStream_close(s#1) returned 0 ---------
08-22 18:28:46.290 14015 14040 I OpenXR_GPUMemTrace: Swapchain deletion destroy id=877, idx=0
08-22 18:28:46.290 14015 14040 I OpenXR_GPUMemTrace: Swapchain deletion destroy id=877, idx=1
08-22 18:28:46.290 14015 14040 I OpenXR_GPUMemTrace: Swapchain deletion destroy id=877, idx=2
08-22 18:28:46.296 14015 14040 I OpenXR_GPUMemTrace: Swapchain deletion destroy id=878, idx=0
08-22 18:28:46.296 14015 14040 I OpenXR_GPUMemTrace: Swapchain deletion destroy id=878, idx=1
08-22 18:28:46.296 14015 14040 I OpenXR_GPUMemTrace: Swapchain deletion destroy id=878, idx=2
08-22 18:28:46.297 14015 14040 V OpenXR-Loader: Verbose [GENERAL | xrDestroyDebugUtilsMessengerEXT | OpenXR-Loader] : Entering loader trampoline
08-22 18:28:46.297 14015 14040 V OpenXR-Loader: Verbose [GENERAL | xrDestroyDebugUtilsMessengerEXT | OpenXR-Loader] : Entering loader terminator
08-22 18:28:46.297 14015 14040 V OpenXR-Loader: Verbose [GENERAL | xrDestroyDebugUtilsMessengerEXT | OpenXR-Loader] : Completed loader terminator
08-22 18:28:46.297 14015 14040 V OpenXR-Loader: Verbose [GENERAL | xrDestroyDebugUtilsMessengerEXT | OpenXR-Loader] : Completed loader trampoline
08-22 18:28:46.297 14015 14040 I OpenXR  : ------------ xrDestroySession [start] -----------
08-22 18:28:46.298 14015 14040 W Telemetry: [OpenXR] xrDestroySession: Session is in running state.; 
08-22 18:28:46.298 14015 14040 I XrRuntimeUtils: XrRuntimeUtils::EndSession
08-22 18:28:46.299 14015 14040 I [CT]    : MIXEDREALITY: TREX: Suspending Insight MR session.
08-22 18:28:46.309 14015 14040 I Sensor  : OSSDKTRACKING Shutdown tracking
08-22 18:28:46.309 14015 14040 I VrRuntimeClient: EndSession. Restore the audio capture policy to default value
08-22 18:28:46.309 14015 14040 I LogTimer: CPUTIME: VrRuntimeClient_EndSession took 1.3454 ms
08-22 18:28:46.310 14015 14040 I InputDeviceManager: ovrInputDeviceManager::~ovrInputDeviceManager
08-22 18:28:46.310 14015 14040 I OSHandDataQuerier: OSSDKTRACKING shutting down handsTracker_
08-22 18:28:46.310 14015 14040 I OSHandDataQuerier: OSSDKTRACKING shutting down handsTracker_
08-22 18:28:46.310 14015 14040 I InputHooks_Internal: Disabling Native Input Hooks
08-22 18:28:46.318 14015 14745 I ClientInputThread_Internal: InputThreadRun ShutdownRequest received
08-22 18:28:46.318 14015 14040 I ClientInputTrackedKeyboardManager: TRACKEDKEYBOARD ClearTrackedObjectManager called on client
08-22 18:28:46.324 14015 14749 I FenceChecker: FenceChecker::MainLoop - ended
08-22 18:28:46.324 14015 14040 I VrRuntimeClient: PhaseSync Instance deleted
08-22 18:28:46.324 14015 14040 I XrRuntimeUtils: XrRuntimeUtils::DestroySession
08-22 18:28:46.325 14015 14040 I VulkanLoaderAndroid: ovrVulkanLoader::Unload
08-22 18:28:46.325 14015 14040 I AudioCapture: AudioCapture::Shutdown
08-22 18:28:46.325 14015 14040 I AudioCapture: AudioCapture::StopAudioConsumerThread
08-22 18:28:46.325 14015 14040 I AudioCapture: AudioCapture::StopAudioConsumerThread COMPLETE
08-22 18:28:46.325 14015 14040 I AudioCapture: AudioCapture::Shutdown COMPLETE
08-22 18:28:46.325 14015 14040 I VrGuardianClient: Shutdown
08-22 18:28:46.325 14015 14040 I RuntimeIPCClient [RUNTIMEIPC]: Shutdown: 1, Client: com.stereokit.rust_binding.demos:com.stereokit.rust_binding.demos:14015, Server: com.oculus.guardian:com.oculus.vrguardianservice (guardianserver)
08-22 18:28:46.325 14015 14040 I RuntimeIPCClient [RUNTIMEIPC]: ReleaseRef: Remaining refs: 0, Client: com.stereokit.rust_binding.demos:com.stereokit.rust_binding.demos:14015, Server: com.oculus.guardian:com.oculus.vrguardianservice (guardianserver)
08-22 18:28:46.325 14015 14040 I RuntimeIPCClient [RUNTIMEIPC]: DisconnectFromServer: 0, Client: com.stereokit.rust_binding.demos:com.stereokit.rust_binding.demos:14015, Server: com.oculus.guardian:com.oculus.vrguardianservice (guardianserver)
08-22 18:28:46.325 14015 14199 I ThreadHelpers [RUNTIMEIPC]: RuntimeIPC::ThreadHelpers::SetState: threadName: JobPoolWorker, currentState: STATE_STOPPING, newState: STATE_STOPPED
08-22 18:28:46.326 14015 14040 I FaceEyeTrackingClientManager: [FaceEyeTrackingManager] FaceEyeTrackingClientManager Shutdown.
08-22 18:28:46.326 14015 14040 I VrRuntimeClient: Restore the audio capture policy to default value
08-22 18:28:46.326 14015 14040 I LogTimer: CPUTIME: VrRuntimeClient_Shutdown took 0.7963 ms
08-22 18:28:46.326 14015 14040 I VrRuntimeClient: ServiceDisconnected
08-22 18:28:46.326 14015 14040 I RuntimeIPCClient [RUNTIMEIPC]: Shutdown: 1, Client: com.stereokit.rust_binding.demos:com.stereokit.rust_binding.demos:14015, Server: com.oculus.systemdriver:com.oculus.vrruntimeservice (RuntimeServiceServer)
08-22 18:28:46.326 14015 14040 I RuntimeIPCClient [RUNTIMEIPC]: ReleaseRef: Remaining refs: 0, Client: com.stereokit.rust_binding.demos:com.stereokit.rust_binding.demos:14015, Server: com.oculus.systemdriver:com.oculus.vrruntimeservice (RuntimeServiceServer)
08-22 18:28:46.326 14015 14195 I ThreadHelpers [RUNTIMEIPC]: RuntimeIPC::ThreadHelpers::SetState: threadName: RIPCNotifThread, currentState: STATE_STOPPING, newState: STATE_STOPPED
08-22 18:28:46.326 14015 14194 I ThreadHelpers [RUNTIMEIPC]: RuntimeIPC::ThreadHelpers::SetState: threadName: JobPoolWorker, currentState: STATE_STOPPING, newState: STATE_STOPPED
08-22 18:28:46.326 14015 14040 I RuntimeIPCClient [RUNTIMEIPC]: DisconnectFromServer: 0, Client: com.stereokit.rust_binding.demos:com.stereokit.rust_binding.demos:14015, Server: com.oculus.systemdriver:com.oculus.vrruntimeservice (RuntimeServiceServer)
08-22 18:28:46.327 14015 14191 I ThreadHelpers [RUNTIMEIPC]: RuntimeIPC::ThreadHelpers::SetState: threadName: JobPoolWorker, currentState: STATE_STOPPING, newState: STATE_STOPPED
08-22 18:28:46.327 14015 14040 I RuntimeIPCClient [RUNTIMEIPC]: Shutdown: 1, Client: com.stereokit.rust_binding.demos:com.stereokit.rust_binding.demos:14015, Server: com.oculus.vrshell:com.oculus.vrshell (ptkserviceserver)
08-22 18:28:46.327 14015 14040 I RuntimeIPCClient [RUNTIMEIPC]: ReleaseRef: Remaining refs: 0, Client: com.stereokit.rust_binding.demos:com.stereokit.rust_binding.demos:14015, Server: com.oculus.vrshell:com.oculus.vrshell (ptkserviceserver)
08-22 18:28:46.327 14015 14040 I RuntimeIPCClient [RUNTIMEIPC]: DisconnectFromServer: 0, Client: com.stereokit.rust_binding.demos:com.stereokit.rust_binding.demos:14015, Server: com.oculus.vrshell:com.oculus.vrshell (ptkserviceserver)
08-22 18:28:46.327 14015 14196 I ThreadHelpers [RUNTIMEIPC]: RuntimeIPC::ThreadHelpers::SetState: threadName: JobPoolWorker, currentState: STATE_STOPPING, newState: STATE_STOPPED
08-22 18:28:46.327 14015 14040 I OpenXR_Passthrough: Destroying Insight MR feature via parent scope.
08-22 18:28:46.328 14015 14040 I OpenXR_Passthrough: Destroying Insight MR layer via parent scope.
08-22 18:28:46.328 14015 14040 E [CT]    : MIXEDREALITY: TREX-PT: Failed to get session from passthrough feature
08-22 18:28:46.328 14015 14040 I OpenXR  : ------------ xrDestroySession [end] -----------
08-22 18:28:46.328 14015 14040 V OpenXR-Loader: Verbose [GENERAL | xrDestroyInstance | OpenXR-Loader] : Entering loader trampoline
08-22 18:28:46.328 14015 14040 V OpenXR-Loader: Verbose [GENERAL | xrDestroyInstance | OpenXR-Loader] : Entering loader terminator
08-22 18:28:46.329 14015 14040 I OpenXR  : ------------ xrDestroyInstance [start] -----------
08-22 18:28:46.329 14015 14040 I TREX    : Shutting down system...
08-22 18:28:46.329 14015 14040 I RuntimeIPCClient [RUNTIMEIPC]: Shutdown: 1, Client: com.stereokit.rust_binding.demos:com.stereokit.rust_binding.demos:14015, Server: com.oculus.systemdriver:com.oculus.vrruntimeservice (HapticsServer)
08-22 18:28:46.329 14015 14040 I RuntimeIPCClient [RUNTIMEIPC]: ReleaseRef: Remaining refs: 0, Client: com.stereokit.rust_binding.demos:com.stereokit.rust_binding.demos:14015, Server: com.oculus.systemdriver:com.oculus.vrruntimeservice (HapticsServer)
08-22 18:28:46.329 14015 14040 I RuntimeIPCClient [RUNTIMEIPC]: DisconnectFromServer: 0, Client: com.stereokit.rust_binding.demos:com.stereokit.rust_binding.demos:14015, Server: com.oculus.systemdriver:com.oculus.vrruntimeservice (HapticsServer)
08-22 18:28:46.329 14015 14138 I ThreadHelpers [RUNTIMEIPC]: RuntimeIPC::ThreadHelpers::SetState: threadName: JobPoolWorker, currentState: STATE_STOPPING, newState: STATE_STOPPED
08-22 18:28:46.330 14015 14040 I RuntimeIPCClient [RUNTIMEIPC]: Shutdown: 1, Client: com.stereokit.rust_binding.demos:com.stereokit.rust_binding.demos:14015, Server: com.oculus.systemdriver:com.oculus.vrruntimeservice (HandInputDataServer)
08-22 18:28:46.330 14015 14040 I RuntimeIPCClient [RUNTIMEIPC]: ReleaseRef: Remaining refs: 0, Client: com.stereokit.rust_binding.demos:com.stereokit.rust_binding.demos:14015, Server: com.oculus.systemdriver:com.oculus.vrruntimeservice (HandInputDataServer)
08-22 18:28:46.330 14015 14040 I RuntimeIPCClient [RUNTIMEIPC]: DisconnectFromServer: 0, Client: com.stereokit.rust_binding.demos:com.stereokit.rust_binding.demos:14015, Server: com.oculus.systemdriver:com.oculus.vrruntimeservice (HandInputDataServer)
08-22 18:28:46.330 14015 14140 I ThreadHelpers [RUNTIMEIPC]: RuntimeIPC::ThreadHelpers::SetState: threadName: JobPoolWorker, currentState: STATE_STOPPING, newState: STATE_STOPPED
08-22 18:28:46.330 14015 14040 I RuntimeIPCClient [RUNTIMEIPC]: Shutdown: 1, Client: com.stereokit.rust_binding.demos:com.stereokit.rust_binding.demos:14015, Server: com.oculus.systemdriver:com.oculus.vrruntimeservice (ControllerIPCServer)
08-22 18:28:46.330 14015 14040 I RuntimeIPCClient [RUNTIMEIPC]: ReleaseRef: Remaining refs: 0, Client: com.stereokit.rust_binding.demos:com.stereokit.rust_binding.demos:14015, Server: com.oculus.systemdriver:com.oculus.vrruntimeservice (ControllerIPCServer)
08-22 18:28:46.330 14015 14040 I RuntimeIPCClient [RUNTIMEIPC]: DisconnectFromServer: 0, Client: com.stereokit.rust_binding.demos:com.stereokit.rust_binding.demos:14015, Server: com.oculus.systemdriver:com.oculus.vrruntimeservice (ControllerIPCServer)
08-22 18:28:46.330 14015 14149 I ThreadHelpers [RUNTIMEIPC]: RuntimeIPC::ThreadHelpers::SetState: threadName: JobPoolWorker, currentState: STATE_STOPPING, newState: STATE_STOPPED
08-22 18:28:46.330 14015 14040 I [CT]    : SP:TREX:SpatialPersistencePlugin: SpatialPersistencePlugin::trex_Shutdown called for client 1795390437433023250.
08-22 18:28:46.331 14015 14040 I RuntimeIPCClient [RUNTIMEIPC]: Shutdown: 1, Client: com.stereokit.rust_binding.demos:com.stereokit.rust_binding.demos:14015, Server: native_process.system:/system_ext/bin/trackingservice (SlamAnchorServer)
08-22 18:28:46.331 14015 14040 I RuntimeIPCClient [RUNTIMEIPC]: ReleaseRef: Remaining refs: 0, Client: com.stereokit.rust_binding.demos:com.stereokit.rust_binding.demos:14015, Server: native_process.system:/system_ext/bin/trackingservice (SlamAnchorServer)
08-22 18:28:46.331 14015 14040 I ThreadHelpers [RUNTIMEIPC]: RuntimeIPC::ThreadHelpers::SetState: threadName: JobPoolWorker, currentState: STATE_STOPPED, newState: STATE_STARTING
08-22 18:28:46.331 14015 14776 I ThreadHelpers [RUNTIMEIPC]: RuntimeIPC::ThreadHelpers::SetState: threadName: JobPoolWorker, currentState: STATE_STARTING, newState: STATE_RUNNING
08-22 18:28:46.331 14015 14175 I ThreadHelpers [RUNTIMEIPC]: RuntimeIPC::ThreadHelpers::SetState: threadName: RIPCNotifThread, currentState: STATE_STOPPING, newState: STATE_STOPPED
08-22 18:28:46.331 14015 14776 I ThreadHelpers [RUNTIMEIPC]: RuntimeIPC::ThreadHelpers::SetState: threadName: JobPoolWorker, currentState: STATE_STOPPING, newState: STATE_STOPPED
08-22 18:28:46.331 14015 14040 I RuntimeIPCClient [RUNTIMEIPC]: DisconnectFromServer: 0, Client: com.stereokit.rust_binding.demos:com.stereokit.rust_binding.demos:14015, Server: native_process.system:/system_ext/bin/trackingservice (SlamAnchorServer)
08-22 18:28:46.332 14015 14171 I ThreadHelpers [RUNTIMEIPC]: RuntimeIPC::ThreadHelpers::SetState: threadName: JobPoolWorker, currentState: STATE_STOPPING, newState: STATE_STOPPED
08-22 18:28:46.332 14015 14040 I RuntimeIPCClient [RUNTIMEIPC]: Shutdown: 1, Client: com.stereokit.rust_binding.demos:com.stereokit.rust_binding.demos:14015, Server: native_process.system:/system_ext/bin/trackingservice (SlamAnchorServer)
08-22 18:28:46.332 14015 14040 I RuntimeIPCClient [RUNTIMEIPC]: ReleaseRef: Remaining refs: 0, Client: com.stereokit.rust_binding.demos:com.stereokit.rust_binding.demos:14015, Server: native_process.system:/system_ext/bin/trackingservice (SlamAnchorServer)
08-22 18:28:46.332 14015 14040 I ThreadHelpers [RUNTIMEIPC]: RuntimeIPC::ThreadHelpers::SetState: threadName: JobPoolWorker, currentState: STATE_STOPPED, newState: STATE_STARTING
08-22 18:28:46.332 14015 14777 I ThreadHelpers [RUNTIMEIPC]: RuntimeIPC::ThreadHelpers::SetState: threadName: JobPoolWorker, currentState: STATE_STARTING, newState: STATE_RUNNING
08-22 18:28:46.332 14015 14168 I ThreadHelpers [RUNTIMEIPC]: RuntimeIPC::ThreadHelpers::SetState: threadName: RIPCNotifThread, currentState: STATE_STOPPING, newState: STATE_STOPPED
08-22 18:28:46.332 14015 14777 I ThreadHelpers [RUNTIMEIPC]: RuntimeIPC::ThreadHelpers::SetState: threadName: JobPoolWorker, currentState: STATE_STOPPING, newState: STATE_STOPPED
08-22 18:28:46.332 14015 14040 I RuntimeIPCClient [RUNTIMEIPC]: DisconnectFromServer: 0, Client: com.stereokit.rust_binding.demos:com.stereokit.rust_binding.demos:14015, Server: native_process.system:/system_ext/bin/trackingservice (SlamAnchorServer)
08-22 18:28:46.332 14015 14165 I ThreadHelpers [RUNTIMEIPC]: RuntimeIPC::ThreadHelpers::SetState: threadName: JobPoolWorker, currentState: STATE_STOPPING, newState: STATE_STOPPED
08-22 18:28:46.333 14015 14040 I RuntimeIPCClient [RUNTIMEIPC]: Shutdown: 1, Client: com.stereokit.rust_binding.demos:com.stereokit.rust_binding.demos:14015, Server: com.oculus.systemdriver:com.oculus.vrruntimeservice (DynamicObjectTrackingServer)
08-22 18:28:46.333 14015 14040 I RuntimeIPCClient [RUNTIMEIPC]: ReleaseRef: Remaining refs: 0, Client: com.stereokit.rust_binding.demos:com.stereokit.rust_binding.demos:14015, Server: com.oculus.systemdriver:com.oculus.vrruntimeservice (DynamicObjectTrackingServer)
08-22 18:28:46.333 14015 14040 I RuntimeIPCClient [RUNTIMEIPC]: DisconnectFromServer: 0, Client: com.stereokit.rust_binding.demos:com.stereokit.rust_binding.demos:14015, Server: com.oculus.systemdriver:com.oculus.vrruntimeservice (DynamicObjectTrackingServer)
08-22 18:28:46.333 14015 14169 I ThreadHelpers [RUNTIMEIPC]: RuntimeIPC::ThreadHelpers::SetState: threadName: JobPoolWorker, currentState: STATE_STOPPING, newState: STATE_STOPPED
08-22 18:28:46.333 14015 14040 D t_binding.demo: memorybroker::ClientConnection dtor
08-22 18:28:46.338 14015 14040 D t_binding.demo: memorybroker::ClientConnection unregistered
08-22 18:28:46.338 14015 14040 E [CT]    : SP:AF:InsightAnchorApi: DestroySession session is invalid.
08-22 18:28:46.338 14015 14040 E [CT]    : SP:AF:InsightAnchorApi: DestroySession session is invalid.
08-22 18:28:46.338 14015 14040 I [CT]    : MIXEDREALITY: TREX: Shutting down Insight MR plugin.
08-22 18:28:46.338 14015 14040 I RuntimeIPCClient [RUNTIMEIPC]: Shutdown: 1, Client: com.stereokit.rust_binding.demos:com.stereokit.rust_binding.demos:14015, Server: : (MrServiceIPCServer)
08-22 18:28:46.338 14015 14040 I RuntimeIPCClient [RUNTIMEIPC]: ReleaseRef: Remaining refs: 0, Client: com.stereokit.rust_binding.demos:com.stereokit.rust_binding.demos:14015, Server: : (MrServiceIPCServer)
08-22 18:28:46.338 14015 14040 I ThreadHelpers [RUNTIMEIPC]: RuntimeIPC::ThreadHelpers::SetState: threadName: JobPoolWorker, currentState: STATE_STOPPED, newState: STATE_STARTING
08-22 18:28:46.339 14015 14778 I ThreadHelpers [RUNTIMEIPC]: RuntimeIPC::ThreadHelpers::SetState: threadName: JobPoolWorker, currentState: STATE_STARTING, newState: STATE_RUNNING
08-22 18:28:46.339 14015 14304 I ThreadHelpers [RUNTIMEIPC]: RuntimeIPC::ThreadHelpers::SetState: threadName: RIPCNotifThread, currentState: STATE_STOPPING, newState: STATE_STOPPED
08-22 18:28:46.339 14015 14778 I ThreadHelpers [RUNTIMEIPC]: RuntimeIPC::ThreadHelpers::SetState: threadName: JobPoolWorker, currentState: STATE_STOPPING, newState: STATE_STOPPED
08-22 18:28:46.339 14015 14040 I RuntimeIPCClient [RUNTIMEIPC]: DisconnectFromServer: 0, Client: com.stereokit.rust_binding.demos:com.stereokit.rust_binding.demos:14015, Server: : (MrServiceIPCServer)
08-22 18:28:46.339 14015 14302 I ThreadHelpers [RUNTIMEIPC]: RuntimeIPC::ThreadHelpers::SetState: threadName: JobPoolWorker, currentState: STATE_STOPPING, newState: STATE_STOPPED
08-22 18:28:46.339 14015 14040 I TREX    : Shutting down interface manager.
08-22 18:28:46.340 14015 14040 I OpenXR  : ------------ xrDestroyInstance [end]-----------
08-22 18:28:46.340 14015 14040 V OpenXR-Loader: Verbose [GENERAL | xrDestroyInstance | OpenXR-Loader] : Completed loader terminator
08-22 18:28:46.340 14015 14040 I OpenXR-Loader: Info [GENERAL | xrDestroyInstance | OpenXR-Loader] : Destroying LoaderInstance = 0xb40000724db3aa60
08-22 18:28:46.340 14015 14040 V OpenXR-Loader: Verbose [GENERAL | xrDestroyInstance | OpenXR-Loader] : Completed loader trampoline
08-22 18:28:46.340 14015 14040 I OpenXR-Loader: Info [GENERAL | xrDestroyInstance | OpenXR-Loader] : RuntimeInterface::UnloadRuntime - Unloading RuntimeInterface
08-22 18:28:46.340 14015 14040 I OpenXR-Loader: Info [GENERAL |  | OpenXR-Loader] : RuntimeInterface being destroyed.
08-22 18:28:46.394 14015 14040 I SK_rust_Demos: Session Performance Report:
08-22 18:28:46.394 14015 14040 I SK_rust_Demos: ______________________________________________________
08-22 18:28:46.395 14015 14040 I SK_rust_Demos: |         System | Initialize |     Step |  Shutdown |
08-22 18:28:46.395 14015 14040 I SK_rust_Demos: |________________|____________|__________|___________|
08-22 18:28:46.395 14015 14040 I SK_rust_Demos: |       Defaults |   474.64ms |          |    1.20ms |
08-22 18:28:46.395 14015 14040 I SK_rust_Demos: |     FrameBegin |            |  0.630ms |           |
08-22 18:28:46.395 14015 14040 I SK_rust_Demos: |          Input |     0.32ms |          |    0.12ms |
08-22 18:28:46.395 14015 14040 I SK_rust_Demos: |       Renderer |     0.11ms |  0.002ms |    0.13ms |
08-22 18:28:46.395 14015 14040 I SK_rust_Demos: |             UI |    11.27ms |  0.030ms |    0.24ms |
08-22 18:28:46.395 14015 14040 I SK_rust_Demos: |       Platform |   411.85ms |          |  104.42ms |
08-22 18:28:46.395 14015 14040 I SK_rust_Demos: |            App |   243.92ms | 13.357ms |           |
08-22 18:28:46.395 14015 14040 I SK_rust_Demos: |      Animation |            |  0.001ms |    0.00ms |
08-22 18:28:46.395 14015 14040 I SK_rust_Demos: |          Tools |     0.23ms |  0.002ms |    0.12ms |
08-22 18:28:46.395 14015 14040 I SK_rust_Demos: |          Lines |     0.02ms |  0.042ms |    0.02ms |
08-22 18:28:46.395 14015 14040 I SK_rust_Demos: |        Sprites |     0.05ms |  0.000ms |    0.01ms |
08-22 18:28:46.395 14015 14040 I SK_rust_Demos: |           Text |            |  0.046ms |    0.19ms |
08-22 18:28:46.395 14015 14040 I SK_rust_Demos: |         UILate |            |  0.005ms |           |
08-22 18:28:46.395 14015 14040 I SK_rust_Demos: |          World |     0.08ms |  0.001ms |    0.01ms |
08-22 18:28:46.395 14015 14040 I SK_rust_Demos: |    FrameRender |            |  3.037ms |           |
08-22 18:28:46.395 14015 14040 I SK_rust_Demos: |         Assets |    88.29ms |  0.020ms |    0.23ms |
08-22 18:28:46.395 14015 14040 I SK_rust_Demos: |          Audio |    40.19ms |  0.011ms |    1.89ms |
08-22 18:28:46.395 14015 14040 I SK_rust_Demos: |________________|____________|__________|___________|
08-22 18:28:46.400 14015 14040 I VulkanLoaderAndroid: ovrVulkanLoader::Unload
08-22 18:28:46.423 14015 14040 I BpBinder: onLastStrongRef automatically unlinking death recipients: <uncached descriptor>
08-22 18:28:46.423 14015 14040 I BpBinder: onLastStrongRef automatically unlinking death recipients: <uncached descriptor>
08-22 18:28:46.424 14015 14040 I BpBinder: onLastStrongRef automatically unlinking death recipients: <uncached descriptor>