09-27 14:01:35.880 21416 21459 I ThreadHelpers [RUNTIMEIPC]: RuntimeIPC::ThreadHelpers::SetState: threadName: JobPoolWorker, currentState: STATE_STOPPED, newState: STATE_STARTING
09-27 14:01:35.880 21416 21540 I ThreadHelpers [RUNTIMEIPC]: RuntimeIPC::ThreadHelpers::SetState: threadName: JobPoolWorker, currentState: STATE_STARTING, newState: STATE_RUNNING
09-27 14:01:35.880 21416 21540 I RuntimeIPCClientMgr [RUNTIMEIPC]: UpdateServerConnectivity: Received server connectivity notification. Connected servers: [BodyApiServiceServer], disconnected servers: []
09-27 14:01:35.881 21416 21540 I ClientProcessConnector [RUNTIMEIPC]: GetProcessConnection: com.oculus.bodyapiservice:com.oculus.bodyapiservice
09-27 14:01:35.882 21416 21540 I RuntimeIPCClient [RUNTIMEIPC]: Event buffer size (client): 8192
09-27 14:01:35.882 21416 21540 I RuntimeIPCClient [RUNTIMEIPC]: TryToGetIPCResourcesFromServer: RPC_CONNECTOR_CONNECT_TO_SERVER SUCCESS: Client: com.stereokit.rust_binding.demos:com.stereokit.rust_binding.demos:21416, Server: com.oculus.bodyapiservice:com.oculus.bodyapiservice (BodyApiServiceServer)
09-27 14:01:35.882 21416 21540 I RuntimeIPCClient [RUNTIMEIPC]: EnsureServerConnection: SUCCESS. Client: com.stereokit.rust_binding.demos:com.stereokit.rust_binding.demos:21416, Server: com.oculus.bodyapiservice:com.oculus.bodyapiservice (BodyApiServiceServer)
09-27 14:01:35.882 21416 21540 I RuntimeIPCClientMgr [RUNTIMEIPC]: UpdateServerConnectivity: EnsureServerConnection SUCCESS: Client: com.stereokit.rust_binding.demos:com.stereokit.rust_binding.demos:21416, Server: com.oculus.bodyapiservice:com.oculus.bodyapiservice (BodyApiServiceServer), attempt 1
09-27 14:01:35.892 21416 21439 I AudioTrack: createTrack_l(7209055): AUDIO_OUTPUT_FLAG_FAST successful; frameCount 1440 -> 1440
09-27 14:01:35.892 21416 21439 I AudioTrack: registerVolumetricWindowToken_l session=561 token=0x0
09-27 14:01:35.895 21416 21439 D AAudioStream: setState(s#1) from 0 to 2
09-27 14:01:35.897 21416 21439 D AudioStreamTrack: open() flags changed from 0x00000104 to 0x00000004
09-27 14:01:35.897 21416 21439 W libaudiotapper: connection to audiotapper service failed: not enabled
09-27 14:01:35.897 21416 21439 I AAudio  : AAudioStreamBuilder_openStream() returns 0 = AAUDIO_OK for s#1 ----------------
09-27 14:01:35.897 21416 21439 D AAudio  : AAudioStream_requestStart(s#1) called --------------
09-27 14:01:35.897 21416 21439 D AAudioStream: setState(s#1) from 2 to 3
09-27 14:01:35.913 21416 21439 D AAudio  : AAudioStream_requestStart(s#1) returned 0 ---------
09-27 14:01:35.925 21416 21441 D AudioStreamLegacy: onAudioDeviceUpdate(deviceId = 2)
09-27 14:01:35.931 21416 21536 D AAudioStream: setState(s#1) from 3 to 4
09-27 14:01:35.933 21416 21439 I SK_rust_Demos: Using audio backend: AAudio
09-27 14:01:35.933 21416 21439 D SK_rust_Demos: Initializing Defaults
09-27 14:01:36.000 21416 21529 I Telemetry: Time aligned, interrupted: 0
09-27 14:01:36.392 21416 21523 I RuntimeIPCClient [RUNTIMEIPC]: InitServerStateBuffer: SUCCESS. 1, Client: com.stereokit.rust_binding.demos:com.stereokit.rust_binding.demos:21416, Server: com.oculus.bodyapiservice:com.oculus.bodyapiservice (BodyApiServiceServer)
09-27 14:01:36.526 21416 21439 D SK_rust_Demos: Initializing Sprites
09-27 14:01:36.526 21416 21439 D SK_rust_Demos: Initializing Lines
09-27 14:01:36.526 21416 21439 D SK_rust_Demos: Initializing UI
09-27 14:01:36.540 21416 21439 D SK_rust_Demos: Initializing Tools
09-27 14:01:36.540 21416 21439 D SK_rust_Demos: Initializing Renderer
09-27 14:01:36.541 21416 21439 D SK_rust_Demos: Initializing World
09-27 14:01:36.541 21416 21439 D SK_rust_Demos: Bounds updated: 3.8x3.8 at (-0.4,-9e-08,-1) (0,0.85,0,0.53)
09-27 14:01:36.541 21416 21439 D SK_rust_Demos: Initializing Input
09-27 14:01:36.541 21416 21439 I OpenXR_Hands: ------------ xrCreateHandTrackerEXT -----------
09-27 14:01:36.541 21416 21439 I OpenXR_Hands: ------------ xrCreateHandTrackerEXT -----------
09-27 14:01:36.541 21416 21439 I SK_rust_Demos: Initialization successful
09-27 14:01:36.541 21416 21439 I SK_rust_Demos: <<< After init
09-27 14:01:36.541 21416 21439 W SK_rust_Demos: Go go go !!!
09-27 14:01:36.541 21416 21439 D SK_rust_Demos: ======================================================================================================================== !!
09-27 14:01:36.544 21416 21439 D SK_rust_Demos: sprite_create: Atlased sprites not implemented yet! All atlased sprites will be switched to single.
09-27 14:01:36.708 21416 21439 D SK_rust_Demos: "mobiles.gltf"
09-27 14:01:36.708 21416 21439 D SK_rust_Demos: "mobiles.gltf/mesh/0_0_Icosphere"
09-27 14:01:36.708 21416 21439 D SK_rust_Demos: "mobiles.gltf/mesh/1_0_Plane"
09-27 14:01:36.708 21416 21439 D SK_rust_Demos: "mobiles.gltf/mesh/2_0_Icosphere.003"
09-27 14:01:36.708 21416 21439 D SK_rust_Demos: "mobiles.gltf/mesh/3_0_Icosphere.004"
09-27 14:01:36.708 21416 21439 D SK_rust_Demos: calcaire_blanc params:
09-27 14:01:36.708 21416 21439 D SK_rust_Demos:  --- color :RGBA : 1.0/1.0/7.317312e28 : 1.0000136
09-27 14:01:36.708 21416 21439 D SK_rust_Demos:  --- emission_factor :RGBA : 0.0/0.0/0.0 : 0.0
09-27 14:01:36.708 21416 21439 D SK_rust_Demos:  --- tex_trans :[x:0, y:0, z:0.0000000006783744, w:0.000950339]
09-27 14:01:36.708 21416 21439 D SK_rust_Demos:  --- metallic :0
09-27 14:01:36.708 21416 21439 D SK_rust_Demos:  --- roughness :0.20000008
09-27 14:01:36.708 21416 21439 D SK_rust_Demos:  --- sk_cubemap :default/tex
09-27 14:01:36.708 21416 21439 D SK_rust_Demos:  --- diffuse :default/tex
09-27 14:01:36.708 21416 21439 D SK_rust_Demos:  --- emission :default/tex
09-27 14:01:36.708 21416 21439 D SK_rust_Demos:  --- metal :mobiles.gltf/tex/1
09-27 14:01:36.708 21416 21439 D SK_rust_Demos:  --- occlusion :default/tex
09-27 14:01:37.009 21416 21529 I ClientSharedTelemetryStats: App memory usage: PSS=128 MiB, PrivateDirty=106 MiB, PrivateClean=13 MiB, GPU=3.5/3.5 MiB (100% allocated)
09-27 14:01:37.009 21416 21529 I VrApi   : FPS=0/72,Prd=0ms,Tear=0,Early=0,Stale=0,Stale2/5/10/max=0/0/0/0,VSnc=1,Lat=0,Fov=0,CPU4/GPU=5/4,2419/525MHz,OC=FF,TA=0/0/70,SP=N/N/N,Mem=2092MHz,Free=2730MB,PLS=0,Temp=25.0C/0.0C,TW=0.00ms,App=0.00ms,GD=0.00ms,CPU&GPU=0.00ms,LCnt=0(DR0,LM0),GPU%=0.66,CPU%=0.97(W1.00),DSF=1.00,CFL=0.00/0.00,ICFLp95=0.00,LD=0,SF=0.00,LP=0,DVFS=0
09-27 14:01:37.620 21416 21439 D SK_rust_Demos: Passthrough Deactived at start !!
09-27 14:01:37.622 21416 21439 D SK_rust_Demos: ===================================================================================================================== !!
09-27 14:01:37.622 21416 21439 D SK_rust_Demos: Thread id : None / ThreadId(2) 
09-27 14:01:37.622 21416 21439 D SK_rust_Demos: Process id : None / 21416 
09-27 14:01:37.624 21416 21439 I RuntimeIPCClient [RUNTIMEIPC]: InitServerStateBuffer: SUCCESS. 3, Client: com.stereokit.rust_binding.demos:com.stereokit.rust_binding.demos:21416, Server: com.oculus.systemdriver:com.oculus.vrruntimeservice (HandInputDataServer)
09-27 14:01:37.625 21416 21439 I RuntimeIPCClient [RUNTIMEIPC]: InitServerStateBuffer: SUCCESS. 4, Client: com.stereokit.rust_binding.demos:com.stereokit.rust_binding.demos:21416, Server: com.oculus.systemdriver:com.oculus.vrruntimeservice (HandInputDataServer)
09-27 14:01:37.625 21416 21439 I Deque   : AddEventToQueue called. eventInfo.type: 52, eventInfo.next: 1
09-27 14:01:37.625 21416 21439 W OsSdk   : Requested historical tracking state too far in the past; oldest: 6957.235400s, requested: 6955.554248s
09-27 14:01:38.000 21416 21529 I VrApi   : FPS=0/72,Prd=0ms,Tear=0,Early=0,Stale=0,Stale2/5/10/max=0/0/0/0,VSnc=1,Lat=0,Fov=0,CPU4/GPU=5/4,2419/525MHz,OC=FF,TA=0/0/70,SP=N/N/N,Mem=2092MHz,Free=2730MB,PLS=0,Temp=25.0C/0.0C,TW=0.00ms,App=0.00ms,GD=0.00ms,CPU&GPU=0.00ms,LCnt=0(DR0,LM0),GPU%=0.66,CPU%=0.97(W1.00),DSF=1.00,CFL=0.00/0.00,ICFLp95=0.00,LD=0,SF=0.00,LP=0,DVFS=0
09-27 14:01:38.299 21416 21439 I OpenXR_Passthrough: ------------ xrCreatePassthroughFB -----------
09-27 14:01:38.299 21416 21439 I ipcLoader [RUNTIMEIPC]: RuntimeIPC: Loader: IPC Service API Loader Version: 69 Jul 11 2024 23:23:48
09-27 14:01:38.299 21416 21439 I ipcLoader [RUNTIMEIPC]: RuntimeIPC: Using android_get_exported_namespace: libripcclient.oculus.so
09-27 14:01:38.300 21416 21439 I ipcLoader [RUNTIMEIPC]: RuntimeIPC: android_get_exported_namespace SUCCESS: libripcclient.oculus.so
09-27 14:01:38.301 21416 21439 W libc    : Access denied finding property "ro.vendor.hw.device_config"
09-27 14:01:38.291 21416 21416 W SK_rust_Demos: type=1400 audit(0.0:548): avc: denied { read } for name="u:object_r:gatekeeper_prop:s0" dev="tmpfs" ino=12353 scontext=u:r:untrusted_app:s0:c153,c256,c512,c768 tcontext=u:object_r:gatekeeper_prop:s0 tclass=file permissive=0 app=com.stereokit.rust_binding.demos
09-27 14:01:38.301 21416 21439 W libc    : Access denied finding property "persist.gk.xrs.enable_camera_encoding"
09-27 14:01:38.303 21416 21439 I ThreadHelpers [RUNTIMEIPC]: RuntimeIPC::ThreadHelpers::SetState: threadName: JobPoolWorker, currentState: STATE_STOPPED, newState: STATE_STARTING
09-27 14:01:38.303 21416 21641 I ThreadHelpers [RUNTIMEIPC]: RuntimeIPC::ThreadHelpers::SetState: threadName: JobPoolWorker, currentState: STATE_STARTING, newState: STATE_RUNNING
09-27 14:01:38.304 21416 21439 I ClientProcessConnector [RUNTIMEIPC]: GetProcessConnection: :
09-27 14:01:38.306 21416 21439 I RuntimeIPCClient [RUNTIMEIPC]: Event buffer size (client): 8192
09-27 14:01:38.306 21416 21439 I RuntimeIPCClient [RUNTIMEIPC]: TryToGetIPCResourcesFromServer: RPC_CONNECTOR_CONNECT_TO_SERVER SUCCESS: Client: com.stereokit.rust_binding.demos:com.stereokit.rust_binding.demos:21416, Server: : (MrServiceIPCServer)
09-27 14:01:38.306 21416 21439 I ThreadHelpers [RUNTIMEIPC]: RuntimeIPC::ThreadHelpers::SetState: threadName: RIPCNotifThread, currentState: STATE_STOPPED, newState: STATE_STARTING
09-27 14:01:38.306 21416 21643 I ThreadHelpers [RUNTIMEIPC]: RuntimeIPC::ThreadHelpers::SetState: threadName: RIPCNotifThread, currentState: STATE_STARTING, newState: STATE_RUNNING
09-27 14:01:38.306 21416 21439 I RuntimeIPCClient [RUNTIMEIPC]: EnsureServerConnection: SUCCESS. Client: com.stereokit.rust_binding.demos:com.stereokit.rust_binding.demos:21416, Server: : (MrServiceIPCServer)
09-27 14:01:38.306 21416 21439 I RuntimeIPCClient [RUNTIMEIPC]: ConnectToServer: SUCCESS: Client: com.stereokit.rust_binding.demos:com.stereokit.rust_binding.demos:21416, Server: : (MrServiceIPCServer)
09-27 14:01:38.309 21416 21439 I OpenXR_Passthrough: xrCreatePassthroughFB: Created Insight MR Passthrough feature
09-27 14:01:38.309 21416 21439 I OpenXR_Passthrough: ------------ xrCreatePassthroughLayerFB -----------
09-27 14:01:38.309 21416 21439 I OpenXR_Passthrough: xrCreatePassthroughLayerFB: Created Insight MR layer
09-27 14:01:38.310 21416 21439 I SK_rust_Demos: App focus changed to : Active
09-27 14:01:38.311 21416 21439 D SK_rust_Demos: WokeUp
09-27 14:01:38.311 21416 21439 D SK_rust_Demos: UserEvent StepperAction::Add(..., type_id: ... , stepper_id:"HandMenuStepper1" )
09-27 14:01:38.357 21416 21439 I OpenXR_GPUMemTrace: OpenXR GPU memory tracing is enabled on heap(oculus.OpenXR) with id(2)
09-27 14:01:38.357 21416 21439 I OpenXR_GPUMemTrace: Swapchain creation, id=304, idx=0, MemoryAllocationSize: 40725 KB
09-27 14:01:38.357 21416 21439 I OpenXR_GPUMemTrace: Swapchain creation, id=304, idx=1, MemoryAllocationSize: 40725 KB
09-27 14:01:38.357 21416 21439 I OpenXR_GPUMemTrace: Swapchain creation, id=304, idx=2, MemoryAllocationSize: 40725 KB
09-27 14:01:38.404 21416 21439 I OpenXR_GPUMemTrace: Swapchain creation, id=305, idx=0, MemoryAllocationSize: 40725 KB
09-27 14:01:38.404 21416 21439 I OpenXR_GPUMemTrace: Swapchain creation, id=305, idx=1, MemoryAllocationSize: 40725 KB
09-27 14:01:38.404 21416 21439 I OpenXR_GPUMemTrace: Swapchain creation, id=305, idx=2, MemoryAllocationSize: 40725 KB
09-27 14:01:38.404 21416 21439 D SK_rust_Demos: Set swapchain: PrimaryStereo to 4320x2376
09-27 14:01:38.406 21416 21439 I AppLoadTimeTelemetryCommon: App load time recorded [packageName=com.stereokit.rust_binding.demos, time=3.308646, method="BeginFrame (1)", launchType="Launch"]
09-27 14:01:38.422 21416 21439 D SK_rust_Demos: Switched left controller profile to khr/simple_controller
09-27 14:01:38.422 21416 21439 D SK_rust_Demos: Switched right controller profile to khr/simple_controller
09-27 14:01:38.515 21416 21439 W [CT]    : HandPoseSampler: Detected non-incrementing timestamp: 6958.466276857001. Skip contribution to prediction filter and use previous pose
09-27 14:01:39.000 21416 21529 I VrApi   : FPS=1/72,Prd=0ms,Tear=0,Early=0,Stale=90,Stale2/5/10/max=0/0/0/0,VSnc=1,Lat=-1,Fov=0,CPU4/GPU=5/2,1862/441MHz,OC=FF,TA=0/0/70,SP=N/N/F,Mem=2092MHz,Free=2730MB,PLS=0,Temp=25.0C/0.0C,TW=2.64ms,App=831456.25ms,GD=0.00ms,CPU&GPU=0.00ms,LCnt=8(DR0,LM0),GPU%=0.36,CPU%=0.90(W0.90),DSF=1.00,CFL=12.68/19.39,ICFLp95=15.64,LD=0,SF=0.00,LP=0,DVFS=0,ShrpLCnt=0,ShrpR=0.000,SSLCnt=0/7
09-27 14:01:40.000 21416 21529 I VrApi   : FPS=1/72,Prd=0ms,Tear=0,Early=18,Stale=43,Stale2/5/10/max=1/0/1/592,VSnc=1,Lat=-1,Fov=0,CPU4/GPU=5/4,1478/525MHz,OC=FF,TA=0/0/70,SP=N/N/F,Mem=1353MHz,Free=2730MB,PLS=0,Temp=25.0C/0.0C,TW=2.44ms,App=0.00ms,GD=0.00ms,CPU&GPU=0.00ms,LCnt=3(DR0,LM2),GPU%=0.92,CPU%=0.13(W0.27),DSF=1.00,CFL=13.52/22.00,ICFLp95=18.42,LD=0,SF=0.00,LP=0,DVFS=0
09-27 14:01:40.286 21416 21439 D SK_rust_Demos: UserEvent StepperAction::Remove( id:"HudNotif1" )
09-27 14:01:41.001 21416 21529 I VrApi   : FPS=57/72,Prd=50ms,Tear=0,Early=5,Stale=5,Stale2/5/10/max=0/0/0/1,VSnc=1,Lat=-1,Fov=0,CPU4/GPU=3/4,1382/525MHz,OC=FF,TA=0/0/70,SP=N/N/F,Mem=1555MHz,Free=2730MB,PLS=0,Temp=25.0C/0.0C,TW=1.70ms,App=10.57ms,GD=0.00ms,CPU&GPU=17.62ms,LCnt=2(DR43,LM2),GPU%=0.95,CPU%=0.16(W0.25),DSF=1.00,CFL=13.95/19.50,ICFLp95=17.66,LD=0,SF=1.50,LP=0,DVFS=0
09-27 14:01:42.001 21416 21529 I VrApi   : FPS=71/72,Prd=43ms,Tear=0,Early=38,Stale=0,Stale2/5/10/max=0/0/0/0,VSnc=1,Lat=-1,Fov=0,CPU4/GPU=2/4,1171/525MHz,OC=FF,TA=0/0/70,SP=N/N/F,Mem=1555MHz,Free=2730MB,PLS=0,Temp=25.0C/0.0C,TW=1.75ms,App=11.29ms,GD=0.00ms,CPU&GPU=13.84ms,LCnt=2(DR72,LM2),GPU%=0.96,CPU%=0.16(W0.30),DSF=1.00,CFL=13.20/18.86,ICFLp95=16.46,LD=0,SF=1.50,LP=0,DVFS=0
09-27 14:01:43.001 21416 21529 I VrApi   : FPS=72/72,Prd=42ms,Tear=0,Early=0,Stale=0,Stale2/5/10/max=0/0/0/0,VSnc=1,Lat=-1,Fov=0,CPU4/GPU=2/4,1171/525MHz,OC=FF,TA=0/0/70,SP=N/N/F,Mem=1555MHz,Free=2730MB,PLS=0,Temp=25.0C/0.0C,TW=1.73ms,App=11.50ms,GD=0.00ms,CPU&GPU=13.93ms,LCnt=2(DR72,LM2),GPU%=0.97,CPU%=0.14(W0.32),DSF=1.00,CFL=12.43/17.65,ICFLp95=15.57,LD=0,SF=1.50,LP=0,DVFS=0
09-27 14:01:44.001 21416 21529 I VrApi   : FPS=72/72,Prd=40ms,Tear=0,Early=0,Stale=0,Stale2/5/10/max=0/0/0/0,VSnc=1,Lat=-1,Fov=0,CPU4/GPU=2/4,1171/525MHz,OC=FF,TA=0/0/70,SP=N/N/F,Mem=1555MHz,Free=2730MB,PLS=0,Temp=25.0C/0.0C,TW=1.69ms,App=11.43ms,GD=0.00ms,CPU&GPU=14.62ms,LCnt=2(DR72,LM2),GPU%=0.96,CPU%=0.17(W0.36),DSF=1.00,CFL=12.14/17.45,ICFLp95=15.22,LD=0,SF=1.50,LP=0,DVFS=0
09-27 14:01:45.001 21416 21529 I VrApi   : FPS=72/72,Prd=39ms,Tear=0,Early=0,Stale=5,Stale2/5/10/max=0/1/0/5,VSnc=1,Lat=-1,Fov=0,CPU4/GPU=2/4,1171/525MHz,OC=FF,TA=0/0/70,SP=N/N/F,Mem=1555MHz,Free=2730MB,PLS=0,Temp=25.2C/0.0C,TW=1.67ms,App=13.00ms,GD=0.00ms,CPU&GPU=14.79ms,LCnt=2(DR72,LM2),GPU%=0.99,CPU%=0.14(W0.32),DSF=1.00,CFL=11.86/17.09,ICFLp95=14.97,LD=0,SF=1.50,LP=0,DVFS=0
09-27 14:01:45.652 21416 21439 E TREX    : Interface 'MrLightingEstimationInterface', version 1 was not found. Check debug build for more information.
09-27 14:01:45.663 21416 21439 I AppLoadTimeTelemetryCommon: App load time recorded [packageName=com.stereokit.rust_binding.demos, time=10.565600, method="BeginFrame (500)", launchType="Launch"]
09-27 14:01:46.001 21416 21529 I VrApi   : FPS=69/72,Prd=38ms,Tear=0,Early=0,Stale=3,Stale2/5/10/max=0/0/0/1,VSnc=1,Lat=-1,Fov=0,CPU4/GPU=2/4,1171/525MHz,OC=FF,TA=0/0/70,SP=N/N/F,Mem=1555MHz,Free=2730MB,PLS=0,Temp=25.2C/0.0C,TW=1.66ms,App=11.75ms,GD=0.00ms,CPU&GPU=16.49ms,LCnt=2(DR72,LM2),GPU%=0.99,CPU%=0.15(W0.33),DSF=1.00,CFL=11.90/16.98,ICFLp95=14.92,LD=0,SF=1.50,LP=0,DVFS=0
09-27 14:01:46.468 21416 21416 I OpenXR  : nativeOnActivityPaused
09-27 14:01:46.468 21416 21416 D STKit-rs: android_activity::activity_impl::glue: Pause: 0xb4000078d23c6780
09-27 14:01:46.474 21416 21439 I OpenXR  : PostSessionStateChange:[pid: 21416] XR_SESSION_STATE_FOCUSED -> XR_SESSION_STATE_VISIBLE
09-27 14:01:46.476 21416 21439 I Deque   : AddEventToQueue called. eventInfo.type: 18, eventInfo.next: 1
09-27 14:01:46.476 21416 21439 I OpenXR  : PostSessionStateChange:[pid: 21416] XR_SESSION_STATE_VISIBLE -> XR_SESSION_STATE_SYNCHRONIZED
09-27 14:01:46.476 21416 21439 I Deque   : AddEventToQueue called. eventInfo.type: 18, eventInfo.next: 1
09-27 14:01:46.476 21416 21439 I OpenXR  : PostSessionStateChange:[pid: 21416] XR_SESSION_STATE_SYNCHRONIZED -> XR_SESSION_STATE_STOPPING
09-27 14:01:46.589 21416 21439 I Deque   : AddEventToQueue called. eventInfo.type: 18, eventInfo.next: 1
09-27 14:01:46.589 21416 21439 D SK_rust_Demos: OpenXR state: focused -> visible
09-27 14:01:46.589 21416 21439 D SK_rust_Demos: OpenXR state: visible -> synchronized
09-27 14:01:46.589 21416 21439 D SK_rust_Demos: OpenXR state: synchronized -> stopping
09-27 14:01:46.589 21416 21439 I OpenXR  : ------------ xrEndSession [start] -----------
09-27 14:01:46.589 21416 21439 I XrRuntimeUtils: XrRuntimeUtils::EndSession
09-27 14:01:46.590 21416 21439 I [CT]    : BodyApiPlugin: EndSession called for BodyApi Plugin
09-27 14:01:46.590 21416 21439 I [CT]    : MIXEDREALITY: TREX: Suspending Insight MR session.
09-27 14:01:46.595 21416 21439 I Sensor  : OSSDKTRACKING Shutdown tracking
09-27 14:01:46.595 21416 21439 I VrRuntimeClient: EndSession. Restore the audio capture policy to default value
09-27 14:01:46.596 21416 21439 W ScreenCaptureHelper: setInhibitAudioCapture: Restore audio capture. Init policy: 1
09-27 14:01:46.602 21416 21439 I LogTimer: CPUTIME: VrRuntimeClient_EndSession took 7.3452 ms
09-27 14:01:46.602 21416 21439 I InputDeviceManager: ovrInputDeviceManager::~ovrInputDeviceManager
09-27 14:01:46.602 21416 21439 I OSHandDataQuerier: OSSDKTRACKING shutting down handsTracker_
09-27 14:01:46.603 21416 21439 I OSHandDataQuerier: OSSDKTRACKING shutting down handsTracker_
09-27 14:01:46.603 21416 21439 I InputHooks_Internal: Disabling Native Input Hooks
09-27 14:01:46.614 21416 21523 I ClientInputThread_Internal: InputThreadRun ShutdownRequest received
09-27 14:01:46.614 21416 21439 I ClientInputTrackedKeyboardManager: TRACKEDKEYBOARD ClearTrackedObjectManager called on client
09-27 14:01:46.626 21416 21532 I FenceChecker: FenceChecker::MainLoop - ended
09-27 14:01:46.626 21416 21439 I VrRuntimeClient: PhaseSync Instance deleted
09-27 14:01:46.626 21416 21439 I OpenXR  : PostSessionStateChange:[pid: 21416] XR_SESSION_STATE_STOPPING -> XR_SESSION_STATE_IDLE
09-27 14:01:46.627 21416 21439 I Deque   : AddEventToQueue called. eventInfo.type: 18, eventInfo.next: 1
09-27 14:01:46.627 21416 21439 I OpenXR  : ------------ xrEndSession [end] -----------
09-27 14:01:46.627 21416 21439 I VrRuntimeClient: Client has gained focus.
09-27 14:01:46.627 21416 21439 D SK_rust_Demos: OpenXR state: stopping -> idle
09-27 14:01:46.628 21416 21439 I SK_rust_Demos: App focus changed to : Hidden
09-27 14:01:46.629 21416 21439 D SK_rust_Demos: Time to sleep
09-27 14:01:46.639 21416 21416 D STKit-rs: android_activity::activity_impl::glue: NativeWindowDestroyed: 0xb4000078d23c6780 -- 0xb4000078b3496810
09-27 14:01:46.829 21416 21439 I SK_rust_Demos: SkClosure Suspended !!
09-27 14:01:46.923 21416 21486 I [CT]    : SlamAnchorClientRuntimeIPC: Handling rebase for 9 anchors.
09-27 14:01:47.065 21416 21416 D STKit-rs: android_activity::activity_impl::glue: Stop: 0xb4000078d23c6780
09-27 14:01:47.305 21416 21416 D STKit-rs: android_activity::activity_impl::glue: SaveInstanceState: 0xb4000078d23c6780
09-27 14:01:47.784 21416 21416 D STKit-rs: android_activity::activity_impl::glue: Saved state = 0x0, len = 0
09-27 14:01:47.787 21416 21416 I Choreographer: Skipped 136 frames!  The application may be doing too much work on its main thread.
09-27 14:01:47.792 21416 21416 D STKit-rs: android_activity::activity_impl::glue: WindowFocusChanged: 0xb4000078d23c6780 -- 0
09-27 14:01:52.570 21416 21439 I SK_rust_Demos: HIDDEN STEP -------> Dreaming 
09-27 14:02:08.614 21416 21439 I SK_rust_Demos: HIDDEN STEP -------> Dreaming 
09-27 14:02:24.624 21416 21439 I SK_rust_Demos: HIDDEN STEP -------> Dreaming 
09-27 14:02:26.561 21416 21416 D STKit-rs: android_activity::activity_impl::glue: Start: 0xb4000078d23c6780
09-27 14:02:26.749 21416 21416 D STKit-rs: android_activity::activity_impl::glue: Resume: 0xb4000078d23c6780
09-27 14:02:26.750 21416 21502 I OpenXR  : nativeOnActivityReady
09-27 14:02:26.950 21416 21416 I Choreographer: Skipped 45 frames!  The application may be doing too much work on its main thread.
09-27 14:02:26.958 21416 21416 D STKit-rs: android_activity::activity_impl::glue: NativeWindowCreated: 0xb4000078d23c6780 -- 0xb4000078b3496810
09-27 14:02:27.148 21416 21416 D STKit-rs: android_activity::activity_impl::glue: NativeWindowResized: 0xb4000078d23c6780 -- 0xb4000078b3496810
09-27 14:02:27.148 21416 21439 I SK_rust_Demos: Resumed !!
09-27 14:02:27.148 21416 21416 D STKit-rs: android_activity::activity_impl::glue: NativeWindowRedrawNeeded: 0xb4000078d23c6780 -- 0xb4000078b3496810
09-27 14:02:27.151 21416 21416 D STKit-rs: android_activity::activity_impl::glue: WindowFocusChanged: 0xb4000078d23c6780 -- 1
09-27 14:02:27.183 21416 21486 I [CT]    : SlamAnchorClientRuntimeIPC: Handling rebase for 9 anchors.
09-27 14:02:27.548 21416 21439 D SK_rust_Demos: RedrawRequested: Time to wake up
09-27 14:02:27.581 21416 21439 D SK_rust_Demos: Sleeping until OpenXR session wakes
09-27 14:02:27.581 21416 21439 W Telemetry: [OpenXR] Unsupported threadType; 2
09-27 14:02:27.682 21416 21439 I VrRuntimeClient: UpdateEvents: Detected local reference space update. Sending reference space update event
09-27 14:02:27.682 21416 21439 I Deque   : AddEventToQueue called. eventInfo.type: 40, eventInfo.next: 1
09-27 14:02:27.682 21416 21439 E TREX    : Interface 'MrLightingEstimationInterface', version 1 was not found. Check debug build for more information.
09-27 14:02:27.682 21416 21439 I OpenXR  : PostSessionStateChange:[pid: 21416] XR_SESSION_STATE_IDLE -> XR_SESSION_STATE_READY
09-27 14:02:27.682 21416 21439 I Deque   : AddEventToQueue called. eventInfo.type: 18, eventInfo.next: 1
09-27 14:02:27.682 21416 21439 D SK_rust_Demos: Created local floor app space at an offset of (0,0,0) (0,0,0,1)
09-27 14:02:27.682 21416 21439 D SK_rust_Demos: Bounds updated: 3.8x3.8 at (-0.6,0,-1) (0,0.88,0,0.48)
09-27 14:02:27.682 21416 21439 D SK_rust_Demos: OpenXR state: idle -> ready
09-27 14:02:27.682 21416 21439 I OpenXR  : ------------ xrBeginSession [start] -----------
09-27 14:02:27.682 21416 21439 I DRR     : DRR is supported: 1
09-27 14:02:27.682 21416 21439 I DRR     : DRR is enabled: 0
09-27 14:02:27.682 21416 21439 I Sensor  : OSSDKTRACKING Initializing controller tracking
09-27 14:02:27.682 21416 21439 I Sensor  : OSSDKTRACKING Controller tracker != nullpointer 0xb4000078587e0000, 1
09-27 14:02:27.684 21416 21439 I DeviceStatus: nativeHeadsetEvent(0)
09-27 14:02:27.685 21416 21439 I VrRuntimeClient: SetCompositorClientFeatureFlag ClientFeatureFlag 0 
09-27 14:02:27.685 21416 21439 I VrRuntimeClient: Mounted state at BeginSession: True
09-27 14:02:27.685 21416 21439 I LogTimer: CPUTIME: VrRuntimeClient_BeginSession took 3.0041 ms
09-27 14:02:27.685 21416 21439 I Distortion: Initializing Mesh Decenter Correction
09-27 14:02:27.686 21416 21439 I Distortion: SetLensPositions - iad=0.0681392, left offset=0.00214849,-0.00139587, right offset=-0.00258985,-0.00141104
09-27 14:02:27.686 21416 21439 I Distortion: Initializing Mesh Decenter Correction
09-27 14:02:27.687 21416 21439 I Distortion: SetLensPositions - iad=0.0681392, left offset=0.00214849,-0.00139587, right offset=-0.00258985,-0.00141104
09-27 14:02:27.688 21416 21439 I ClientInputSettings: HANDTRACKING: enabled input settings, setting hand mode control settings to ControllersOnly
09-27 14:02:27.688 21416 21439 I ClientInputSettings: HANDTRACKING package name is com.stereokit.rust_binding.demos
09-27 14:02:27.688 21416 21439 I ClientInputSettings: HANDTRACKING: Manifest Permission request for com.stereokit.rust_binding.demos
09-27 14:02:27.689 21416 21439 I ClientInputSettings: HANDTRACKING:  'com.stereokit.rust_binding.demos' Is hands or controller.
09-27 14:02:27.689 21416 21439 I ClientInputSettings: HANDTRACKING: feature flag set to 2
09-27 14:02:27.689 21416 21439 I ClientInputInterface: HANDTRACKING sethandmanifest 2
09-27 14:02:27.689 21416 21439 I InputHooks_Internal: Enabling Native Input Hooks
09-27 14:02:27.689 21416 21439 I InputDeviceManager: ovrInputDeviceManager::Initialize
09-27 14:02:27.690 21416 21439 I [CT]    : HandPosePrediction: Set sampler config enum for v59 30 Hz
09-27 14:02:27.690 21416 21439 I [CT]    : HandPosePrediction: Set sampler config enum for v59 30 Hz
09-27 14:02:27.692 21416 21439 I InputDevice_Hand: BodyPoweredHands checkSysPropForBodyAPIOverride 0
09-27 14:02:27.692 21416 21439 I InputDevice_Hand: BodyPoweredHands checkSysPropForBodyAPIOverride 0
09-27 14:02:27.693 21416 21439 I InputDeviceManager: HANDTRACKING Root pose filter profile changed for freq to 17 from 0  inf: 1
09-27 14:02:27.693 21416 21439 I PhaseSync: PhaseSync::PhaseSync PaddingLowerLimit 0.350000 StandardDeviations 2.000000 PaddingUpperLimit 0.750000 on instance 2
09-27 14:02:27.693 21416 21439 I FrameSync: FrameSync Initialized Instance 3
09-27 14:02:27.693 21416 21439 I VrRuntimeClient: PhaseSync Instance created
09-27 14:02:27.700 21416 21439 I XrRuntimeUtils: XrRuntimeUtils::BeginSession
09-27 14:02:27.700 21416 21439 I XrRuntimeSystem_Client: BeginSession
09-27 14:02:27.700 21416 21439 I [CT]    : BodyApiPlugin: BeginSession called for BodyApi Plugin
09-27 14:02:27.700 21416 21439 I [CT]    : MIXEDREALITY: TREX: Resuming Insight MR session.
09-27 14:02:27.702 21416 21439 I OpenXR  : usesManifestForCpuBoost:0
09-27 14:02:27.702 21416 21439 I OpenXR  : ------------ xrBeginSession [end] -----------
09-27 14:02:27.702 21416 21439 D SK_rust_Demos: OpenXR session began.
09-27 14:02:27.702 21416 21439 W OsSdk   : Requested historical tracking state too far in the past; oldest: 7007.314745s, requested: 6966.402641s
09-27 14:02:27.702 21416 21439 D SK_rust_Demos: Resuming from sleep
09-27 14:02:27.703 21416 21873 I JniUtils: ovr_GetCurrentPackageSignature 
09-27 14:02:27.704 21416 21439 D SK_rust_Demos: GainedFocus: Time to wake up
09-27 14:02:27.704 21416 21873 I Metrics : device model = Quest 2
09-27 14:02:27.704 21416 21873 I Telemetry: Aligning telemetry thread time, will wait for: 296 ms...
09-27 14:02:27.713 21416 21875 I FenceChecker: FenceChecker::MainLoop - started
09-27 14:02:27.715 21416 21439 I OpenXR  : PostSessionStateChange:[pid: 21416] XR_SESSION_STATE_READY -> XR_SESSION_STATE_SYNCHRONIZED
09-27 14:02:27.716 21416 21439 I Deque   : AddEventToQueue called. eventInfo.type: 18, eventInfo.next: 1
09-27 14:02:27.716 21416 21439 D SK_rust_Demos: OpenXR state: ready -> synchronized
09-27 14:02:27.716 21416 21439 I OpenXR  : PostSessionStateChange:[pid: 21416] XR_SESSION_STATE_SYNCHRONIZED -> XR_SESSION_STATE_VISIBLE
09-27 14:02:27.719 21416 21439 I Deque   : AddEventToQueue called. eventInfo.type: 18, eventInfo.next: 1
09-27 14:02:27.719 21416 21439 I OpenXR  : PostSessionStateChange:[pid: 21416] XR_SESSION_STATE_VISIBLE -> XR_SESSION_STATE_FOCUSED
09-27 14:02:27.719 21416 21439 I Deque   : AddEventToQueue called. eventInfo.type: 18, eventInfo.next: 1
09-27 14:02:27.719 21416 21439 D SK_rust_Demos: OpenXR state: synchronized -> visible
09-27 14:02:27.719 21416 21439 D SK_rust_Demos: OpenXR state: visible -> focused
09-27 14:02:27.720 21416 21439 I SK_rust_Demos: App focus changed to : Active
09-27 14:02:27.721 21416 21439 D SK_rust_Demos: WokeUp
09-27 14:02:27.721 21416 21439 I AppLoadTimeTelemetryCommon: App load time recorded [packageName=com.stereokit.rust_binding.demos, time=0.698298, method="BeginFrame (1)", launchType="Resume"]
09-27 14:02:27.846 21416 21439 E t_binding.demo: error getting shared memory region, memory type: HAND_TRACKER, failed with requested HAND_TRACKER data without runtime permissions
09-27 14:02:27.847 21416 21439 I Deque   : AddEventToQueue called. eventInfo.type: 52, eventInfo.next: 1
09-27 14:02:27.848 21416 21439 D SK_rust_Demos: Switched left controller profile to oculus/touch_controller
09-27 14:02:27.849 21416 21439 I Deque   : AddEventToQueue called. eventInfo.type: 52, eventInfo.next: 1
09-27 14:02:27.874 21416 21416 D STKit-rs: android_activity::activity_impl::glue: WindowFocusChanged: 0xb4000078d23c6780 -- 0
09-27 14:02:27.885 21416 21439 I VrRuntimeClient: Client has lost focus.
09-27 14:02:27.885 21416 21416 I OpenXR  : nativeOnActivityPaused
09-27 14:02:27.885 21416 21416 D STKit-rs: android_activity::activity_impl::glue: Pause: 0xb4000078d23c6780
09-27 14:02:27.886 21416 21439 I OpenXR  : PostSessionStateChange:[pid: 21416] XR_SESSION_STATE_FOCUSED -> XR_SESSION_STATE_VISIBLE
09-27 14:02:27.887 21416 21439 I Deque   : AddEventToQueue called. eventInfo.type: 18, eventInfo.next: 1
09-27 14:02:27.887 21416 21439 I OpenXR  : PostSessionStateChange:[pid: 21416] XR_SESSION_STATE_VISIBLE -> XR_SESSION_STATE_SYNCHRONIZED
09-27 14:02:27.888 21416 21439 I Deque   : AddEventToQueue called. eventInfo.type: 18, eventInfo.next: 1
09-27 14:02:27.888 21416 21439 I OpenXR  : PostSessionStateChange:[pid: 21416] XR_SESSION_STATE_SYNCHRONIZED -> XR_SESSION_STATE_STOPPING
09-27 14:02:27.889 21416 21439 I Deque   : AddEventToQueue called. eventInfo.type: 18, eventInfo.next: 1
09-27 14:02:27.889 21416 21439 D SK_rust_Demos: OpenXR state: focused -> visible
09-27 14:02:27.889 21416 21439 D SK_rust_Demos: OpenXR state: visible -> synchronized
09-27 14:02:27.889 21416 21439 D SK_rust_Demos: OpenXR state: synchronized -> stopping
09-27 14:02:27.889 21416 21439 I OpenXR  : ------------ xrEndSession [start] -----------
09-27 14:02:27.889 21416 21439 I XrRuntimeUtils: XrRuntimeUtils::EndSession
09-27 14:02:27.889 21416 21439 I [CT]    : BodyApiPlugin: EndSession called for BodyApi Plugin
09-27 14:02:27.889 21416 21439 I [CT]    : MIXEDREALITY: TREX: Suspending Insight MR session.
09-27 14:02:27.900 21416 21439 I Sensor  : OSSDKTRACKING Shutdown tracking
09-27 14:02:27.900 21416 21439 I VrRuntimeClient: EndSession. Restore the audio capture policy to default value
09-27 14:02:27.900 21416 21439 I LogTimer: CPUTIME: VrRuntimeClient_EndSession took 0.6073 ms
09-27 14:02:27.900 21416 21873 I Telemetry: Time aligned, interrupted: 1
09-27 14:02:27.900 21416 21439 I InputDeviceManager: ovrInputDeviceManager::~ovrInputDeviceManager
09-27 14:02:27.900 21416 21439 I OSHandDataQuerier: OSSDKTRACKING shutting down handsTracker_
09-27 14:02:27.900 21416 21439 I OSHandDataQuerier: OSSDKTRACKING shutting down handsTracker_
09-27 14:02:27.900 21416 21439 I InputHooks_Internal: Disabling Native Input Hooks
09-27 14:02:27.902 21416 21872 I ClientInputThread_Internal: InputThreadRun ShutdownRequest received
09-27 14:02:27.902 21416 21439 I ClientInputTrackedKeyboardManager: TRACKEDKEYBOARD ClearTrackedObjectManager called on client
09-27 14:02:27.916 21416 21875 I FenceChecker: FenceChecker::MainLoop - ended
09-27 14:02:27.916 21416 21439 I VrRuntimeClient: PhaseSync Instance deleted
09-27 14:02:27.916 21416 21439 I OpenXR  : PostSessionStateChange:[pid: 21416] XR_SESSION_STATE_STOPPING -> XR_SESSION_STATE_IDLE
09-27 14:02:27.917 21416 21439 I Deque   : AddEventToQueue called. eventInfo.type: 18, eventInfo.next: 1
09-27 14:02:27.917 21416 21439 I OpenXR  : ------------ xrEndSession [end] -----------
09-27 14:02:27.917 21416 21439 D SK_rust_Demos: OpenXR state: stopping -> idle
09-27 14:02:27.918 21416 21439 I SK_rust_Demos: App focus changed to : Hidden
09-27 14:02:27.918 21416 21439 D SK_rust_Demos: Time to sleep
09-27 14:02:28.400 21416 21416 D STKit-rs: android_activity::activity_impl::glue: Resume: 0xb4000078d23c6780
09-27 14:02:28.400 21416 21502 I OpenXR  : nativeOnActivityReady
09-27 14:02:28.519 21416 21416 D STKit-rs: android_activity::activity_impl::glue: WindowFocusChanged: 0xb4000078d23c6780 -- 1
09-27 14:02:28.719 21416 21439 D SK_rust_Demos: GainedFocus: Time to wake up
09-27 14:02:28.752 21416 21439 D SK_rust_Demos: Sleeping until OpenXR session wakes
09-27 14:02:28.752 21416 21439 W Telemetry: [OpenXR] Unsupported threadType; 2
09-27 14:02:28.852 21416 21439 I VrRuntimeClient: UpdateEvents: Detected stage reference space update. Sending reference space update event
09-27 14:02:28.852 21416 21439 I Deque   : AddEventToQueue called. eventInfo.type: 40, eventInfo.next: 1
09-27 14:02:28.852 21416 21439 I OpenXR  : PostSessionStateChange:[pid: 21416] XR_SESSION_STATE_IDLE -> XR_SESSION_STATE_READY
09-27 14:02:28.852 21416 21439 I Deque   : AddEventToQueue called. eventInfo.type: 18, eventInfo.next: 1
09-27 14:02:28.853 21416 21439 D SK_rust_Demos: Created local floor app space at an offset of (0,0,0) (0,0,0,1)
09-27 14:02:28.853 21416 21439 D SK_rust_Demos: Bounds updated: 3.8x3.8 at (-0.6,6e-08,-1) (0,0.88,0,0.48)
09-27 14:02:28.853 21416 21439 D SK_rust_Demos: OpenXR state: idle -> ready
09-27 14:02:28.853 21416 21439 I OpenXR  : ------------ xrBeginSession [start] -----------
09-27 14:02:28.853 21416 21439 I DRR     : DRR is supported: 1
09-27 14:02:28.853 21416 21439 I DRR     : DRR is enabled: 0
09-27 14:02:28.853 21416 21439 I Sensor  : OSSDKTRACKING Initializing controller tracking
09-27 14:02:28.853 21416 21439 I Sensor  : OSSDKTRACKING Controller tracker != nullpointer 0xb4000078587e0000, 1
09-27 14:02:28.855 21416 21439 I DeviceStatus: nativeHeadsetEvent(0)
09-27 14:02:28.855 21416 21439 I VrRuntimeClient: SetCompositorClientFeatureFlag ClientFeatureFlag 0 
09-27 14:02:28.856 21416 21439 I VrRuntimeClient: Mounted state at BeginSession: True
09-27 14:02:28.856 21416 21439 I LogTimer: CPUTIME: VrRuntimeClient_BeginSession took 3.0155 ms
09-27 14:02:28.856 21416 21439 I Distortion: Initializing Mesh Decenter Correction
09-27 14:02:28.857 21416 21439 I Distortion: SetLensPositions - iad=0.0681392, left offset=0.00214849,-0.00139587, right offset=-0.00258985,-0.00141104
09-27 14:02:28.857 21416 21439 I Distortion: Initializing Mesh Decenter Correction
09-27 14:02:28.858 21416 21439 I Distortion: SetLensPositions - iad=0.0681392, left offset=0.00214849,-0.00139587, right offset=-0.00258985,-0.00141104
09-27 14:02:28.858 21416 21439 I ClientInputSettings: HANDTRACKING: enabled input settings, setting hand mode control settings to ControllersOnly
09-27 14:02:28.858 21416 21439 I ClientInputSettings: HANDTRACKING package name is com.stereokit.rust_binding.demos
09-27 14:02:28.859 21416 21439 I ClientInputSettings: HANDTRACKING: Manifest Permission request for com.stereokit.rust_binding.demos
09-27 14:02:28.859 21416 21439 I ClientInputSettings: HANDTRACKING:  'com.stereokit.rust_binding.demos' Is hands or controller.
09-27 14:02:28.859 21416 21439 I ClientInputSettings: HANDTRACKING: feature flag set to 2
09-27 14:02:28.859 21416 21439 I ClientInputInterface: HANDTRACKING sethandmanifest 2
09-27 14:02:28.859 21416 21439 I InputHooks_Internal: Enabling Native Input Hooks
09-27 14:02:28.859 21416 21439 I InputDeviceManager: ovrInputDeviceManager::Initialize
09-27 14:02:28.859 21416 21439 I [CT]    : HandPosePrediction: Set sampler config enum for v59 30 Hz
09-27 14:02:28.859 21416 21439 I [CT]    : HandPosePrediction: Set sampler config enum for v59 30 Hz
09-27 14:02:28.860 21416 21439 I InputDevice_Hand: BodyPoweredHands checkSysPropForBodyAPIOverride 0
09-27 14:02:28.860 21416 21439 I InputDevice_Hand: BodyPoweredHands checkSysPropForBodyAPIOverride 0
09-27 14:02:28.860 21416 21439 I InputDeviceManager: HANDTRACKING Root pose filter profile changed for freq to 17 from 0  inf: 1
09-27 14:02:28.860 21416 21439 I PhaseSync: PhaseSync::PhaseSync PaddingLowerLimit 0.350000 StandardDeviations 2.000000 PaddingUpperLimit 0.750000 on instance 4
09-27 14:02:28.860 21416 21439 I FrameSync: FrameSync Initialized Instance 5
09-27 14:02:28.860 21416 21439 I VrRuntimeClient: PhaseSync Instance created
09-27 14:02:28.865 21416 21439 I XrRuntimeUtils: XrRuntimeUtils::BeginSession
09-27 14:02:28.865 21416 21439 I XrRuntimeSystem_Client: BeginSession
09-27 14:02:28.865 21416 21439 I [CT]    : BodyApiPlugin: BeginSession called for BodyApi Plugin
09-27 14:02:28.865 21416 21439 I [CT]    : MIXEDREALITY: TREX: Resuming Insight MR session.
09-27 14:02:28.866 21416 21439 I OpenXR  : usesManifestForCpuBoost:0
09-27 14:02:28.866 21416 21439 I OpenXR  : ------------ xrBeginSession [end] -----------
09-27 14:02:28.866 21416 21439 D SK_rust_Demos: OpenXR session began.
09-27 14:02:28.866 21416 21439 D SK_rust_Demos: Resuming from sleep
09-27 14:02:28.867 21416 21889 I JniUtils: ovr_GetCurrentPackageSignature 
09-27 14:02:28.868 21416 21889 I Metrics : device model = Quest 2
09-27 14:02:28.868 21416 21889 I Telemetry: Aligning telemetry thread time, will wait for: 132 ms...
09-27 14:02:28.869 21416 21439 I RuntimeIPCClient [RUNTIMEIPC]: InitServerStateBuffer: SUCCESS. 3, Client: com.stereokit.rust_binding.demos:com.stereokit.rust_binding.demos:21416, Server: com.oculus.systemdriver:com.oculus.vrruntimeservice (HandInputDataServer)
09-27 14:02:28.869 21416 21439 I RuntimeIPCClient [RUNTIMEIPC]: InitServerStateBuffer: SUCCESS. 4, Client: com.stereokit.rust_binding.demos:com.stereokit.rust_binding.demos:21416, Server: com.oculus.systemdriver:com.oculus.vrruntimeservice (HandInputDataServer)
09-27 14:02:28.882 21416 21891 I FenceChecker: FenceChecker::MainLoop - started
09-27 14:02:28.884 21416 21439 I OpenXR  : PostSessionStateChange:[pid: 21416] XR_SESSION_STATE_READY -> XR_SESSION_STATE_SYNCHRONIZED
09-27 14:02:28.885 21416 21439 I Deque   : AddEventToQueue called. eventInfo.type: 18, eventInfo.next: 1
09-27 14:02:28.885 21416 21439 D SK_rust_Demos: OpenXR state: ready -> synchronized
09-27 14:02:28.885 21416 21439 I OpenXR  : PostSessionStateChange:[pid: 21416] XR_SESSION_STATE_SYNCHRONIZED -> XR_SESSION_STATE_VISIBLE
09-27 14:02:28.886 21416 21439 I Deque   : AddEventToQueue called. eventInfo.type: 18, eventInfo.next: 1
09-27 14:02:28.886 21416 21439 I OpenXR  : PostSessionStateChange:[pid: 21416] XR_SESSION_STATE_VISIBLE -> XR_SESSION_STATE_FOCUSED
09-27 14:02:28.886 21416 21439 I Deque   : AddEventToQueue called. eventInfo.type: 18, eventInfo.next: 1
09-27 14:02:28.886 21416 21439 D SK_rust_Demos: OpenXR state: synchronized -> visible
09-27 14:02:28.886 21416 21439 D SK_rust_Demos: OpenXR state: visible -> focused
09-27 14:02:28.887 21416 21439 I Deque   : AddEventToQueue called. eventInfo.type: 52, eventInfo.next: 1
09-27 14:02:28.888 21416 21439 I SK_rust_Demos: App focus changed to : Active
09-27 14:02:28.888 21416 21439 D SK_rust_Demos: WokeUp
09-27 14:02:28.893 21416 21439 D SK_rust_Demos: Switched left controller profile to khr/simple_controller
09-27 14:02:28.893 21416 21439 D SK_rust_Demos: Switched right controller profile to khr/simple_controller
09-27 14:02:28.930 21416 21888 I RuntimeIPCClient [RUNTIMEIPC]: InitServerStateBuffer: SUCCESS. 1, Client: com.stereokit.rust_binding.demos:com.stereokit.rust_binding.demos:21416, Server: com.oculus.bodyapiservice:com.oculus.bodyapiservice (BodyApiServiceServer)
09-27 14:02:29.000 21416 21889 I Telemetry: Time aligned, interrupted: 0
09-27 14:02:30.009 21416 21889 I ClientSharedTelemetryStats: App memory usage: PSS=550 MiB, PrivateDirty=527 MiB, PrivateClean=13 MiB, GPU=357.0/357.2 MiB (100% allocated)
09-27 14:02:30.009 21416 21889 I VrApi   : FPS=15/72,Prd=32ms,Tear=0,Early=0,Stale=14,Stale2/5/10/max=0/0/0/0,VSnc=1,Lat=-1,Fov=0,CPU4/GPU=5/4,1478/490MHz,OC=FF,TA=0/0/70,SP=N/N/F,Mem=2092MHz,Free=2223MB,PLS=0,Temp=25.0C/0.0C,TW=1.83ms,App=5.85ms,GD=0.00ms,CPU&GPU=0.00ms,LCnt=4(DR57,LM4),GPU%=0.71,CPU%=0.11(W0.17),DSF=1.00,CFL=13.58/19.74,ICFLp95=17.91,LD=0,SF=1.50,LP=0,DVFS=0
09-27 14:02:30.009 21416 21889 W Telemetry: [OpenXR] Unsupported threadType; 2
09-27 14:02:31.000 21416 21889 I VrApi   : FPS=65/72,Prd=47ms,Tear=0,Early=10,Stale=9,Stale2/5/10/max=0/0/1/307,VSnc=1,Lat=-1,Fov=0,CPU4/GPU=3/4,1478/525MHz,OC=FF,TA=0/0/70,SP=N/N/F,Mem=2092MHz,Free=2223MB,PLS=0,Temp=25.0C/0.0C,TW=2.37ms,App=12.74ms,GD=0.00ms,CPU&GPU=18.55ms,LCnt=4(DR70,LM4),GPU%=0.97,CPU%=0.10(W0.25),DSF=1.00,CFL=14.37/19.90,ICFLp95=17.92,LD=0,SF=1.50,LP=0,DVFS=0
09-27 14:02:32.000 21416 21889 I VrApi   : FPS=66/72,Prd=41ms,Tear=0,Early=0,Stale=7,Stale2/5/10/max=1/0/0/2,VSnc=1,Lat=-1,Fov=0,CPU4/GPU=2/4,1478/525MHz,OC=FF,TA=0/0/70,SP=N/N/F,Mem=2092MHz,Free=2223MB,PLS=0,Temp=25.0C/0.0C,TW=2.29ms,App=12.42ms,GD=0.47ms,CPU&GPU=16.80ms,LCnt=4(DR67,LM4),GPU%=0.99,CPU%=0.08(W0.16),DSF=1.00,CFL=13.38/21.44,ICFLp95=17.84,LD=0,SF=1.50,LP=0,DVFS=0
09-27 14:02:33.000 21416 21889 I VrApi   : FPS=61/72,Prd=43ms,Tear=0,Early=0,Stale=15,Stale2/5/10/max=1/0/0/3,VSnc=1,Lat=-1,Fov=0,CPU4/GPU=2/4,1478/525MHz,OC=FF,TA=0/0/70,SP=N/N/F,Mem=2092MHz,Free=2223MB,PLS=0,Temp=25.0C/0.0C,TW=2.46ms,App=12.79ms,GD=0.47ms,CPU&GPU=17.87ms,LCnt=3(DR70,LM3),GPU%=0.95,CPU%=0.13(W0.24),DSF=1.00,CFL=13.92/20.06,ICFLp95=17.68,LD=0,SF=1.50,LP=0,DVFS=0
09-27 14:02:34.000 21416 21889 I VrApi   : FPS=68/72,Prd=40ms,Tear=0,Early=1,Stale=2,Stale2/5/10/max=0/0/0/1,VSnc=1,Lat=-1,Fov=0,CPU4/GPU=2/4,1171/525MHz,OC=FF,TA=0/0/70,SP=N/N/F,Mem=1804MHz,Free=2223MB,PLS=0,Temp=25.0C/0.0C,TW=2.21ms,App=10.56ms,GD=0.47ms,CPU&GPU=16.02ms,LCnt=3(DR70,LM3),GPU%=0.99,CPU%=0.14(W0.33),DSF=1.00,CFL=13.64/19.54,ICFLp95=17.64,LD=0,SF=1.50,LP=0,DVFS=0
09-27 14:02:35.000 21416 21889 I VrApi   : FPS=73/72,Prd=42ms,Tear=0,Early=0,Stale=0,Stale2/5/10/max=0/0/0/0,VSnc=1,Lat=-1,Fov=0,CPU4/GPU=2/4,1171/525MHz,OC=FF,TA=0/0/70,SP=N/N/F,Mem=1804MHz,Free=2223MB,PLS=0,Temp=25.0C/0.0C,TW=2.23ms,App=11.12ms,GD=0.45ms,CPU&GPU=16.98ms,LCnt=3(DR72,LM3),GPU%=1.00,CPU%=0.12(W0.32),DSF=1.00,CFL=12.93/18.33,ICFLp95=16.22,LD=0,SF=1.50,LP=0,DVFS=0
09-27 14:02:36.000 21416 21889 I VrApi   : FPS=72/72,Prd=41ms,Tear=0,Early=0,Stale=0,Stale2/5/10/max=0/0/0/0,VSnc=1,Lat=-1,Fov=0,CPU4/GPU=2/4,1171/525MHz,OC=FF,TA=0/0/70,SP=N/N/F,Mem=1804MHz,Free=2223MB,PLS=0,Temp=25.0C/0.0C,TW=2.02ms,App=10.76ms,GD=0.31ms,CPU&GPU=15.14ms,LCnt=2(DR72,LM2),GPU%=0.94,CPU%=0.15(W0.30),DSF=1.00,CFL=12.62/19.63,ICFLp95=17.10,LD=0,SF=1.50,LP=0,DVFS=0
09-27 14:02:36.044 21416 21439 I AppLoadTimeTelemetryCommon: App load time recorded [packageName=com.stereokit.rust_binding.demos, time=9.021123, method="BeginFrame (500)", launchType="Resume"]
09-27 14:02:37.000 21416 21889 I VrApi   : FPS=72/72,Prd=40ms,Tear=0,Early=0,Stale=0,Stale2/5/10/max=0/0/0/0,VSnc=1,Lat=-1,Fov=0,CPU4/GPU=2/4,1171/525MHz,OC=FF,TA=0/0/70,SP=N/N/F,Mem=1804MHz,Free=2223MB,PLS=0,Temp=25.0C/0.0C,TW=1.75ms,App=11.03ms,GD=0.00ms,CPU&GPU=14.86ms,LCnt=2(DR72,LM2),GPU%=0.93,CPU%=0.19(W0.38),DSF=1.00,CFL=13.33/19.16,ICFLp95=17.06,LD=0,SF=1.50,LP=0,DVFS=0
09-27 14:02:37.691 21416 21439 E TREX    : Interface 'MrLightingEstimationInterface', version 1 was not found. Check debug build for more information.
09-27 14:02:37.902 21416 21439 D SK_rust_Demos: Closure Thread id : None / ThreadId(2) 
09-27 14:02:37.903 21416 21439 D SK_rust_Demos: Closure Process id : None / 21416 
09-27 14:02:37.915 21416 21439 I SK_rust_Demos: Quit sent by main for reason: Main program call quit
09-27 14:02:37.915 21416 21439 D SK_rust_Demos: Closing HandMenuRadial1
09-27 14:02:37.915 21416 21439 D SK_rust_Demos: Closing LogWindow
09-27 14:02:37.915 21416 21439 D SK_rust_Demos: Closing Screenshoot
09-27 14:02:37.915 21416 21439 D SK_rust_Demos: Closing FlyOver
09-27 14:02:37.915 21416 21439 D SK_rust_Demos: Closing PassthroughFbExt
09-27 14:02:37.915 21416 21439 D SK_rust_Demos: Closing HandMenuStepper1
09-27 14:02:37.917 21416 21439 D SK_rust_Demos: UserEvent StepperAction::Remove( id:"HandMenuStepper1" )
09-27 14:02:37.917 21416 21439 D SK_rust_Demos: UserEvent StepperAction::Remove( id:"Screenshoot_file_browser" )
09-27 14:02:37.928 21416 21439 I SK_rust_Demos: SkClosure LoopExiting !!
09-27 14:02:37.928 21416 21439 I SK_rust_Demos: QuitReason is User
09-27 14:02:37.929 21416 21439 I SK_rust_Demos: SkClosure Exiting !!
09-27 14:02:37.930 21416 21439 I OpenXR_Hands: ------------ xrDestroyHandTrackerEXT -----------
09-27 14:02:37.930 21416 21439 I OpenXR_Hands: ------------ xrDestroyHandTrackerEXT -----------
09-27 14:02:37.932 21416 21439 D AAudio  : AAudioStream_close(s#1) called ---------------
09-27 14:02:37.932 21416 21439 D AAudioStream: setState(s#1) from 4 to 11
09-27 14:02:37.932 21416 21439 D AudioTrack: stop(68): called with 1246944 frames delivered
09-27 14:02:37.932 21416 21439 D AAudioStream: setState(s#1) from 11 to 12
09-27 14:02:37.933 21416 21439 D AAudioStream: ~AudioStream(s#1) mPlayerBase strongCount = 2
09-27 14:02:37.933 21416 21439 D AAudio  : AAudioStream_close(s#1) returned 0 ---------
09-27 14:02:37.940 21416 21439 I OpenXR_GPUMemTrace: Swapchain deletion destroy id=304, idx=0
09-27 14:02:37.940 21416 21439 I OpenXR_GPUMemTrace: Swapchain deletion destroy id=304, idx=1
09-27 14:02:37.940 21416 21439 I OpenXR_GPUMemTrace: Swapchain deletion destroy id=304, idx=2
09-27 14:02:37.941 21416 21439 I OpenXR_GPUMemTrace: Swapchain deletion destroy id=305, idx=0
09-27 14:02:37.941 21416 21439 I OpenXR_GPUMemTrace: Swapchain deletion destroy id=305, idx=1
09-27 14:02:37.941 21416 21439 I OpenXR_GPUMemTrace: Swapchain deletion destroy id=305, idx=2
09-27 14:02:37.942 21416 21439 V OpenXR-Loader: Verbose [GENERAL | xrDestroyDebugUtilsMessengerEXT | OpenXR-Loader] : Entering loader trampoline
09-27 14:02:37.942 21416 21439 V OpenXR-Loader: Verbose [GENERAL | xrDestroyDebugUtilsMessengerEXT | OpenXR-Loader] : Entering loader terminator
09-27 14:02:37.942 21416 21439 V OpenXR-Loader: Verbose [GENERAL | xrDestroyDebugUtilsMessengerEXT | OpenXR-Loader] : Completed loader terminator
09-27 14:02:37.942 21416 21439 V OpenXR-Loader: Verbose [GENERAL | xrDestroyDebugUtilsMessengerEXT | OpenXR-Loader] : Completed loader trampoline
09-27 14:02:37.942 21416 21439 I OpenXR  : ------------ xrDestroySession [start] -----------
09-27 14:02:37.942 21416 21439 W Telemetry: [OpenXR] xrDestroySession: Session is in running state.; 
09-27 14:02:37.942 21416 21439 I XrRuntimeUtils: XrRuntimeUtils::EndSession
09-27 14:02:37.942 21416 21439 I [CT]    : BodyApiPlugin: EndSession called for BodyApi Plugin
09-27 14:02:37.942 21416 21439 I [CT]    : MIXEDREALITY: TREX: Suspending Insight MR session.
09-27 14:02:37.944 21416 21439 I Sensor  : OSSDKTRACKING Shutdown tracking
09-27 14:02:37.944 21416 21439 I VrRuntimeClient: EndSession. Restore the audio capture policy to default value
09-27 14:02:37.944 21416 21439 I LogTimer: CPUTIME: VrRuntimeClient_EndSession took 1.0633 ms
09-27 14:02:37.944 21416 21439 I InputDeviceManager: ovrInputDeviceManager::~ovrInputDeviceManager
09-27 14:02:37.944 21416 21439 I OSHandDataQuerier: OSSDKTRACKING shutting down handsTracker_
09-27 14:02:37.944 21416 21439 I OSHandDataQuerier: OSSDKTRACKING shutting down handsTracker_
09-27 14:02:37.944 21416 21439 I InputHooks_Internal: Disabling Native Input Hooks
09-27 14:02:37.958 21416 21888 I ClientInputThread_Internal: InputThreadRun ShutdownRequest received
09-27 14:02:37.958 21416 21439 I ClientInputTrackedKeyboardManager: TRACKEDKEYBOARD ClearTrackedObjectManager called on client
09-27 14:02:37.969 21416 21891 I FenceChecker: FenceChecker::MainLoop - ended
09-27 14:02:37.969 21416 21439 I VrRuntimeClient: PhaseSync Instance deleted
09-27 14:02:37.969 21416 21439 I XrRuntimeUtils: XrRuntimeUtils::DestroySession
09-27 14:02:37.970 21416 21439 I VulkanLoaderAndroid: ovrVulkanLoader::Unload
09-27 14:02:37.970 21416 21439 I AudioCapture: AudioCapture::Shutdown
09-27 14:02:37.970 21416 21439 I AudioCapture: AudioCapture::StopAudioConsumerThread
09-27 14:02:37.970 21416 21439 I AudioCapture: AudioCapture::StopAudioConsumerThread COMPLETE
09-27 14:02:37.970 21416 21439 I AudioCapture: AudioCapture::Shutdown COMPLETE
09-27 14:02:37.970 21416 21439 I VrGuardianClient: Shutdown
09-27 14:02:37.970 21416 21439 I RuntimeIPCClient [RUNTIMEIPC]: Shutdown: 1, Client: com.stereokit.rust_binding.demos:com.stereokit.rust_binding.demos:21416, Server: com.oculus.guardian:com.oculus.vrguardianservice (guardianserver)
09-27 14:02:37.970 21416 21439 I RuntimeIPCClient [RUNTIMEIPC]: ReleaseRef: Remaining refs: 0, Client: com.stereokit.rust_binding.demos:com.stereokit.rust_binding.demos:21416, Server: com.oculus.guardian:com.oculus.vrguardianservice (guardianserver)
09-27 14:02:37.970 21416 21439 I RuntimeIPCClient [RUNTIMEIPC]: DisconnectFromServer: 0, Client: com.stereokit.rust_binding.demos:com.stereokit.rust_binding.demos:21416, Server: com.oculus.guardian:com.oculus.vrguardianservice (guardianserver)
09-27 14:02:37.971 21416 21512 I ThreadHelpers [RUNTIMEIPC]: RuntimeIPC::ThreadHelpers::SetState: threadName: JobPoolWorker, currentState: STATE_STOPPING, newState: STATE_STOPPED
09-27 14:02:37.971 21416 21439 I FaceEyeTrackingClientManager: [FaceEyeTrackingManager] FaceEyeTrackingClientManager Shutdown.
09-27 14:02:37.971 21416 21439 I VrRuntimeClient: Restore the audio capture policy to default value
09-27 14:02:37.971 21416 21439 I LogTimer: CPUTIME: VrRuntimeClient_Shutdown took 1.0828 ms
09-27 14:02:37.971 21416 21439 I VrRuntimeClient: ServiceDisconnected
09-27 14:02:37.971 21416 21439 I RuntimeIPCClient [RUNTIMEIPC]: Shutdown: 1, Client: com.stereokit.rust_binding.demos:com.stereokit.rust_binding.demos:21416, Server: com.oculus.systemdriver:com.oculus.vrruntimeservice (RuntimeServiceServer)
